Archive member included to satisfy reference by file (symbol)

/usr/lib/gcc/avr/4.9.2/avrxmega4/libgcc.a(_udivmodqi4.o)
                              ./ASF/common/services/gfx_mono/gfx_mono_menu.o (__udivmodqi4)
/usr/lib/gcc/avr/4.9.2/avrxmega4/libgcc.a(_udivmodsi4.o)
                              ./ASF/xmega/drivers/spi/spi.o (__udivmodsi4)
/usr/lib/gcc/avr/4.9.2/avrxmega4/libgcc.a(_divmodsi4.o)
                              ./main.o (__divmodsi4)
/usr/lib/gcc/avr/4.9.2/avrxmega4/libgcc.a(_negsi2.o)
                              /usr/lib/gcc/avr/4.9.2/avrxmega4/libgcc.a(_divmodsi4.o) (__negsi2)
/usr/lib/gcc/avr/4.9.2/avrxmega4/libgcc.a(_exit.o)
                              /usr/lib/gcc/avr/4.9.2/../../../../avr/lib/avrxmega4/crtx64a3u.o (exit)
/usr/lib/gcc/avr/4.9.2/avrxmega4/libgcc.a(_copy_data.o)
                              ./ASF/common/services/sleepmgr/xmega/sleepmgr.o (__do_copy_data)
/usr/lib/gcc/avr/4.9.2/avrxmega4/libgcc.a(_clear_bss.o)
                              ./twi/twi-master.o (__do_clear_bss)
/usr/lib/gcc/avr/4.9.2/../../../../avr/lib/avrxmega4/libm.a(fixsfsi.o)
                              ./main.o (__fixsfsi)
/usr/lib/gcc/avr/4.9.2/../../../../avr/lib/avrxmega4/libm.a(fixunssfsi.o)
                              /usr/lib/gcc/avr/4.9.2/../../../../avr/lib/avrxmega4/libm.a(fixsfsi.o) (__fixunssfsi)
/usr/lib/gcc/avr/4.9.2/../../../../avr/lib/avrxmega4/libm.a(floatsisf.o)
                              ./main.o (__floatsisf)
/usr/lib/gcc/avr/4.9.2/../../../../avr/lib/avrxmega4/libm.a(fp_split3.o)
                              /usr/lib/gcc/avr/4.9.2/../../../../avr/lib/avrxmega4/libm.a(fixunssfsi.o) (__fp_splitA)
/usr/lib/gcc/avr/4.9.2/../../../../avr/lib/avrxmega4/libm.a(fp_zero.o)
                              /usr/lib/gcc/avr/4.9.2/../../../../avr/lib/avrxmega4/libm.a(fixunssfsi.o) (__fp_zero)
/usr/lib/gcc/avr/4.9.2/../../../../avr/lib/avrxmega4/libm.a(mulsf3.o)
                              ./main.o (__mulsf3)
/usr/lib/gcc/avr/4.9.2/../../../../avr/lib/avrxmega4/libm.a(mulsf3x.o)
                              /usr/lib/gcc/avr/4.9.2/../../../../avr/lib/avrxmega4/libm.a(mulsf3.o) (__mulsf3x)
/usr/lib/gcc/avr/4.9.2/../../../../avr/lib/avrxmega4/libm.a(round.o)
                              ./main.o (round)
/usr/lib/gcc/avr/4.9.2/../../../../avr/lib/avrxmega4/libm.a(fp_inf.o)
                              /usr/lib/gcc/avr/4.9.2/../../../../avr/lib/avrxmega4/libm.a(mulsf3x.o) (__fp_inf)
/usr/lib/gcc/avr/4.9.2/../../../../avr/lib/avrxmega4/libm.a(fp_mintl.o)
                              /usr/lib/gcc/avr/4.9.2/../../../../avr/lib/avrxmega4/libm.a(round.o) (__fp_mintl)
/usr/lib/gcc/avr/4.9.2/../../../../avr/lib/avrxmega4/libm.a(fp_mpack.o)
                              /usr/lib/gcc/avr/4.9.2/../../../../avr/lib/avrxmega4/libm.a(round.o) (__fp_mpack)
/usr/lib/gcc/avr/4.9.2/../../../../avr/lib/avrxmega4/libm.a(fp_nan.o)
                              /usr/lib/gcc/avr/4.9.2/../../../../avr/lib/avrxmega4/libm.a(mulsf3x.o) (__fp_nan)
/usr/lib/gcc/avr/4.9.2/../../../../avr/lib/avrxmega4/libm.a(fp_pscA.o)
                              /usr/lib/gcc/avr/4.9.2/../../../../avr/lib/avrxmega4/libm.a(mulsf3x.o) (__fp_pscA)
/usr/lib/gcc/avr/4.9.2/../../../../avr/lib/avrxmega4/libm.a(fp_pscB.o)
                              /usr/lib/gcc/avr/4.9.2/../../../../avr/lib/avrxmega4/libm.a(mulsf3x.o) (__fp_pscB)
/usr/lib/gcc/avr/4.9.2/../../../../avr/lib/avrxmega4/libm.a(fp_round.o)
                              /usr/lib/gcc/avr/4.9.2/../../../../avr/lib/avrxmega4/libm.a(mulsf3.o) (__fp_round)
/usr/lib/gcc/avr/4.9.2/../../../../avr/lib/avrxmega4/libc.a(memcpy.o)
                              ./ASF/xmega/drivers/nvm/nvm.o (memcpy)
/usr/lib/gcc/avr/4.9.2/../../../../avr/lib/avrxmega4/libc.a(strcpy.o)
                              ./main.o (strcpy)
/usr/lib/gcc/avr/4.9.2/../../../../avr/lib/avrxmega4/libc.a(itoa_ncheck.o)
                              ./main.o (__itoa_ncheck)
/usr/lib/gcc/avr/4.9.2/../../../../avr/lib/avrxmega4/libc.a(utoa_ncheck.o)
                              /usr/lib/gcc/avr/4.9.2/../../../../avr/lib/avrxmega4/libc.a(itoa_ncheck.o) (__utoa_common)
/usr/lib/gcc/avr/4.9.2/../../../../avr/lib/avrxmega4/libc.a(strrev.o)
                              /usr/lib/gcc/avr/4.9.2/../../../../avr/lib/avrxmega4/libc.a(utoa_ncheck.o) (strrev)

Allocating common symbols
Common symbol       size              file

powerstring         0x5               ./main.o
currentPower        0x4               ./main.o
power               0x2               ./main.o
currentPackage      0x205             ./twi/twi-master.o
buttenLastStatus    0x1               ./main.o
adcb_callback       0x2               ./ASF/xmega/drivers/adc/adc.o
debug               0x3               ./twi/twi-slave.o
selectButtonStatus  0x1               ./main.o
menuEnable          0x1               ./main.o
isExacuting         0x1               ./twi/twi-master.o
sendIndex           0x2               ./twi/twi-master.o
[...]
Memory Configuration

Name             Origin             Length             Attributes
text             0x0000000000000000 0x0000000000100000 xr
data             0x0000000000802000 0x000000000000ffa0 rw !x
eeprom           0x0000000000810000 0x0000000000010000 rw !x
fuse             0x0000000000820000 0x0000000000000400 rw !x
lock             0x0000000000830000 0x0000000000000400 rw !x
signature        0x0000000000840000 0x0000000000000400 rw !x
*default*        0x0000000000000000 0xffffffffffffffff

Linker script and memory map

LOAD /usr/lib/gcc/avr/4.9.2/../../../../avr/lib/avrxmega4/crtx64a3u.o
LOAD ./twi/eeprom_driver.o
LOAD ./twi/sp_driver.o
LOAD ./twi/twi-master.o
LOAD ./twi/twi-memory.o
LOAD ./twi/twi-slave.o
LOAD ./gfx/testMenu.o
LOAD ./ASF/xmega/drivers/spi/spi.o
LOAD ./ASF/xmega/drivers/nvm/nvm.o
LOAD ./ASF/xmega/drivers/nvm/nvm_asm.o
LOAD ./ASF/xmega/drivers/cpu/ccp.o
LOAD ./ASF/xmega/drivers/adc/xmega_aau/adc_aau.o
LOAD ./ASF/xmega/drivers/adc/adc.o
LOAD ./ASF/xmega/boards/stk600/rc064x/init.o
LOAD ./ASF/common/services/spi/xmega_spi/spi_master.o
LOAD ./ASF/common/services/sleepmgr/xmega/sleepmgr.o
LOAD ./ASF/common/services/ioport/xmega/ioport_compat.o
LOAD ./ASF/common/services/gfx_mono/gfx_mono_framebuffer.o
LOAD ./ASF/common/services/gfx_mono/gfx_mono_generic.o
LOAD ./ASF/common/services/gfx_mono/gfx_mono_menu.o
LOAD ./ASF/common/services/gfx_mono/gfx_mono_text.o
LOAD ./ASF/common/services/gfx_mono/gfx_mono_ug_2832hsweg04.o
LOAD ./ASF/common/services/gfx_mono/sysfont.o
LOAD ./ASF/common/services/clock/xmega/sysclk.o
LOAD ./ASF/common/components/display/ssd1306/font.o
LOAD ./ASF/common/components/display/ssd1306/ssd1306.o
LOAD ./adc.o
LOAD ./main.o
LOAD ./oled-menu.o
START GROUP
LOAD /usr/lib/gcc/avr/4.9.2/avrxmega4/libgcc.a
LOAD /usr/lib/gcc/avr/4.9.2/../../../../avr/lib/avrxmega4/libm.a
LOAD /usr/lib/gcc/avr/4.9.2/../../../../avr/lib/avrxmega4/libc.a
END GROUP

.hash
 *(.hash)

.dynsym
 *(.dynsym)

.dynstr
 *(.dynstr)

.gnu.version
 *(.gnu.version)

.gnu.version_d
 *(.gnu.version_d)

.gnu.version_r
 *(.gnu.version_r)

.rel.init
 *(.rel.init)

.rela.init
 *(.rela.init)

.rel.text
 *(.rel.text)
 *(.rel.text.*)
 *(.rel.gnu.linkonce.t*)

.rela.text
 *(.rela.text)
 *(.rela.text.*)
 *(.rela.gnu.linkonce.t*)

.rel.fini
 *(.rel.fini)

.rela.fini
 *(.rela.fini)

.rel.rodata
 *(.rel.rodata)
 *(.rel.rodata.*)
 *(.rel.gnu.linkonce.r*)

.rela.rodata
 *(.rela.rodata)
 *(.rela.rodata.*)
 *(.rela.gnu.linkonce.r*)

.rel.data
 *(.rel.data)
 *(.rel.data.*)
 *(.rel.gnu.linkonce.d*)

.rela.data
 *(.rela.data)
 *(.rela.data.*)
 *(.rela.gnu.linkonce.d*)

.rel.ctors
 *(.rel.ctors)

.rela.ctors
 *(.rela.ctors)

.rel.dtors
 *(.rel.dtors)

.rela.dtors
 *(.rela.dtors)

.rel.got
 *(.rel.got)

.rela.got
 *(.rela.got)

.rel.bss
 *(.rel.bss)

.rela.bss
 *(.rela.bss)

.rel.plt
 *(.rel.plt)

.rela.plt
 *(.rela.plt)

.text           0x0000000000000000     0x370c
 *(.vectors)
 .vectors       0x0000000000000000      0x1fc /usr/lib/gcc/avr/4.9.2/../../../../avr/lib/avrxmega4/crtx64a3u.o
                0x0000000000000000                __vectors
                0x0000000000000000                __vector_default
 *(.vectors)
 *(.progmem.gcc*)
                0x00000000000001fc                . = ALIGN (0x2)
                0x00000000000001fc                __trampolines_start = .
 *(.trampolines)
 .trampolines   0x00000000000001fc        0x0 linker stubs
 *(.trampolines*)
                0x00000000000001fc                __trampolines_end = .
 *(.progmem*)
 .progmem.data.arrow_right_data
                0x00000000000001fc        0x4 ./ASF/common/services/gfx_mono/gfx_mono_menu.o
                0x00000000000001fc                arrow_right_data
 .progmem.data.sysfont_glyphs
                0x0000000000000200      0x2a0 ./ASF/common/services/gfx_mono/sysfont.o
 .progmem.data.main_menu_6
                0x00000000000004a0        0xd ./main.o
                0x00000000000004a0                main_menu_6
 .progmem.data.main_menu_5
                0x00000000000004ad        0xb ./main.o
                0x00000000000004ad                main_menu_5
 .progmem.data.main_menu_4
                0x00000000000004b8        0xb ./main.o
                0x00000000000004b8                main_menu_4
 .progmem.data.main_menu_3
                0x00000000000004c3        0xb ./main.o
                0x00000000000004c3                main_menu_3
 .progmem.data.main_menu_2
                0x00000000000004ce        0xb ./main.o
                0x00000000000004ce                main_menu_2
 .progmem.data.main_menu_1
                0x00000000000004d9       0x13 ./main.o
                0x00000000000004d9                main_menu_1
 .progmem.data.main_menu_title
                0x00000000000004ec       0x10 ./main.o
                0x00000000000004ec                main_menu_title
                0x00000000000004fc                . = ALIGN (0x2)
 *(.jumptables)
 *(.jumptables*)
 *(.lowtext)
 *(.lowtext*)
                0x00000000000004fc                __ctors_start = .
 *(.ctors)
                0x00000000000004fc                __ctors_end = .
                0x00000000000004fc                __dtors_start = .
 *(.dtors)
                0x00000000000004fc                __dtors_end = .
 SORT(*)(.ctors)
 SORT(*)(.dtors)
 *(.init0)
 .init0         0x00000000000004fc        0x0 /usr/lib/gcc/avr/4.9.2/../../../../avr/lib/avrxmega4/crtx64a3u.o
                0x00000000000004fc                __init
 *(.init0)
 *(.init1)
 *(.init1)
 *(.init2)
 .init2         0x00000000000004fc        0xc /usr/lib/gcc/avr/4.9.2/../../../../avr/lib/avrxmega4/crtx64a3u.o
 *(.init2)
 *(.init3)
 *(.init3)
 *(.init4)
 .init4         0x0000000000000508       0x1a /usr/lib/gcc/avr/4.9.2/avrxmega4/libgcc.a(_copy_data.o)
                0x0000000000000508                __do_copy_data
 .init4         0x0000000000000522       0x10 /usr/lib/gcc/avr/4.9.2/avrxmega4/libgcc.a(_clear_bss.o)
                0x0000000000000522                __do_clear_bss
 *(.init4)
 *(.init5)
 *(.init5)
 *(.init6)
 *(.init6)
 *(.init7)
 *(.init7)
 *(.init8)
 *(.init8)
 *(.init9)
 .init9         0x0000000000000532        0x8 /usr/lib/gcc/avr/4.9.2/../../../../avr/lib/avrxmega4/crtx64a3u.o
 *(.init9)
 *(.text)
 .text          0x000000000000053a        0x4 /usr/lib/gcc/avr/4.9.2/../../../../avr/lib/avrxmega4/crtx64a3u.o
                0x000000000000053a                __vector_38
                0x000000000000053a                __vector_104
                0x000000000000053a                __vector_22
                0x000000000000053a                __vector_63
                0x000000000000053a                __vector_28
                0x000000000000053a                __vector_67
                0x000000000000053a                __vector_1
                0x000000000000053a                __vector_119
                0x000000000000053a                __vector_32
                0x000000000000053a                __vector_75
                0x000000000000053a                __vector_91
                0x000000000000053a                __vector_34
                0x000000000000053a                __vector_62
                0x000000000000053a                __vector_77
                0x000000000000053a                __vector_102
                0x000000000000053a                __vector_24
                0x000000000000053a                __vector_55
                0x000000000000053a                __vector_69
                0x000000000000053a                __vector_81
                0x000000000000053a                __vector_90
                0x000000000000053a                __bad_interrupt
                0x000000000000053a                __vector_122
                0x000000000000053a                __vector_114
                0x000000000000053a                __vector_6
                0x000000000000053a                __vector_110
                0x000000000000053a                __vector_31
                0x000000000000053a                __vector_92
                0x000000000000053a                __vector_35
                0x000000000000053a                __vector_78
                0x000000000000053a                __vector_117
                0x000000000000053a                __vector_107
                0x000000000000053a                __vector_3
                0x000000000000053a                __vector_105
                0x000000000000053a                __vector_98
                0x000000000000053a                __vector_23
                0x000000000000053a                __vector_68
                0x000000000000053a                __vector_30
                0x000000000000053a                __vector_45
                0x000000000000053a                __vector_25
                0x000000000000053a                __vector_93
                0x000000000000053a                __vector_61
                0x000000000000053a                __vector_11
                0x000000000000053a                __vector_54
                0x000000000000053a                __vector_99
                0x000000000000053a                __vector_13
                0x000000000000053a                __vector_17
                0x000000000000053a                __vector_19
                0x000000000000053a                __vector_56
                0x000000000000053a                __vector_7
                0x000000000000053a                __vector_125
                0x000000000000053a                __vector_49
                0x000000000000053a                __vector_123
                0x000000000000053a                __vector_86
                0x000000000000053a                __vector_100
                0x000000000000053a                __vector_101
                0x000000000000053a                __vector_64
                0x000000000000053a                __vector_88
                0x000000000000053a                __vector_109
                0x000000000000053a                __vector_43
                0x000000000000053a                __vector_27
                0x000000000000053a                __vector_5
                0x000000000000053a                __vector_113
                0x000000000000053a                __vector_33
                0x000000000000053a                __vector_76
                0x000000000000053a                __vector_115
                0x000000000000053a                __vector_47
                0x000000000000053a                __vector_52
                0x000000000000053a                __vector_37
                0x000000000000053a                __vector_95
                0x000000000000053a                __vector_103
                0x000000000000053a                __vector_96
                0x000000000000053a                __vector_89
                0x000000000000053a                __vector_108
                0x000000000000053a                __vector_4
                0x000000000000053a                __vector_44
                0x000000000000053a                __vector_82
                0x000000000000053a                __vector_106
                0x000000000000053a                __vector_118
                0x000000000000053a                __vector_51
                0x000000000000053a                __vector_9
                0x000000000000053a                __vector_2
                0x000000000000053a                __vector_21
                0x000000000000053a                __vector_15
                0x000000000000053a                __vector_66
                0x000000000000053a                __vector_36
                0x000000000000053a                __vector_79
                0x000000000000053a                __vector_58
                0x000000000000053a                __vector_70
                0x000000000000053a                __vector_83
                0x000000000000053a                __vector_29
                0x000000000000053a                __vector_60
                0x000000000000053a                __vector_121
                0x000000000000053a                __vector_85
                0x000000000000053a                __vector_94
                0x000000000000053a                __vector_126
                0x000000000000053a                __vector_8
                0x000000000000053a                __vector_26
                0x000000000000053a                __vector_48
                0x000000000000053a                __vector_124
                0x000000000000053a                __vector_116
                0x000000000000053a                __vector_112
                0x000000000000053a                __vector_111
                0x000000000000053a                __vector_80
                0x000000000000053a                __vector_14
                0x000000000000053a                __vector_84
                0x000000000000053a                __vector_57
                0x000000000000053a                __vector_53
                0x000000000000053a                __vector_10
                0x000000000000053a                __vector_50
                0x000000000000053a                __vector_16
                0x000000000000053a                __vector_59
                0x000000000000053a                __vector_18
                0x000000000000053a                __vector_97
                0x000000000000053a                __vector_20
                0x000000000000053a                __vector_87
                0x000000000000053a                __vector_65
                0x000000000000053a                __vector_120
 .text          0x000000000000053e        0x0 ./twi/eeprom_driver.o
 .text          0x000000000000053e      0x12a ./twi/sp_driver.o
                0x000000000000053e                SP_ReadByte
                0x000000000000054a                SP_ReadWord
                0x0000000000000558                SP_ReadCalibrationByte
                0x000000000000055c                SP_ReadUserSignatureByte
                0x0000000000000560                SP_ReadFuseByte
                0x0000000000000576                SP_WriteLockBits
                0x000000000000057e                SP_ReadLockBits
                0x0000000000000584                SP_EraseUserSignatureRow
                0x000000000000058c                SP_WriteUserSignatureRow
                0x0000000000000594                SP_EraseApplicationSection
                0x000000000000059c                SP_EraseApplicationPage
                0x00000000000005a8                SP_LoadFlashWord
                0x00000000000005b2                SP_ReadFlashPage
                0x00000000000005d4                SP_WriteApplicationPage
                0x00000000000005e0                SP_EraseWriteApplicationPage
                0x00000000000005ec                SP_EraseFlashBuffer
                0x00000000000005f4                SP_EraseBootPage
                0x0000000000000600                SP_WriteBootPage
                0x000000000000060c                SP_EraseWriteBootPage
                0x0000000000000618                SP_ApplicationCRC
                0x000000000000061c                SP_BootCRC
                0x0000000000000620                SP_LockSPM
                0x000000000000062e                SP_WaitForSPM
 .text          0x0000000000000668        0x0 ./twi/twi-master.o
 .text          0x0000000000000668        0x0 ./twi/twi-memory.o
 .text          0x0000000000000668        0x0 ./twi/twi-slave.o
 .text          0x0000000000000668        0x0 ./gfx/testMenu.o
 .text          0x0000000000000668        0x0 ./ASF/xmega/drivers/spi/spi.o
 .text          0x0000000000000668        0x0 ./ASF/xmega/drivers/nvm/nvm.o
 .text          0x0000000000000668        0x0 ./ASF/xmega/drivers/nvm/nvm_asm.o
 .text          0x0000000000000668        0x0 ./ASF/xmega/drivers/cpu/ccp.o
 .text          0x0000000000000668        0x0 ./ASF/xmega/drivers/adc/xmega_aau/adc_aau.o
 .text          0x0000000000000668        0x0 ./ASF/xmega/drivers/adc/adc.o
 .text          0x0000000000000668        0x0 ./ASF/xmega/boards/stk600/rc064x/init.o
 .text          0x0000000000000668        0x0 ./ASF/common/services/spi/xmega_spi/spi_master.o
 .text          0x0000000000000668        0x0 ./ASF/common/services/sleepmgr/xmega/sleepmgr.o
 .text          0x0000000000000668        0x0 ./ASF/common/services/ioport/xmega/ioport_compat.o
 .text          0x0000000000000668        0x0 ./ASF/common/services/gfx_mono/gfx_mono_framebuffer.o
 .text          0x0000000000000668        0x0 ./ASF/common/services/gfx_mono/gfx_mono_generic.o
 .text          0x0000000000000668        0x0 ./ASF/common/services/gfx_mono/gfx_mono_menu.o
 .text          0x0000000000000668        0x0 ./ASF/common/services/gfx_mono/gfx_mono_text.o
 .text          0x0000000000000668        0x0 ./ASF/common/services/gfx_mono/gfx_mono_ug_2832hsweg04.o
 .text          0x0000000000000668        0x0 ./ASF/common/services/gfx_mono/sysfont.o
 .text          0x0000000000000668        0x0 ./ASF/common/services/clock/xmega/sysclk.o
 .text          0x0000000000000668        0x0 ./ASF/common/components/display/ssd1306/font.o
 .text          0x0000000000000668        0x0 ./ASF/common/components/display/ssd1306/ssd1306.o
 .text          0x0000000000000668        0x0 ./adc.o
 .text          0x0000000000000668        0x0 ./main.o
 .text          0x0000000000000668        0x0 ./oled-menu.o
 .text          0x0000000000000668        0x0 /usr/lib/gcc/avr/4.9.2/avrxmega4/libgcc.a(_udivmodqi4.o)
 .text          0x0000000000000668        0x0 /usr/lib/gcc/avr/4.9.2/avrxmega4/libgcc.a(_udivmodsi4.o)
 .text          0x0000000000000668        0x0 /usr/lib/gcc/avr/4.9.2/avrxmega4/libgcc.a(_divmodsi4.o)
 .text          0x0000000000000668        0x0 /usr/lib/gcc/avr/4.9.2/avrxmega4/libgcc.a(_negsi2.o)
 .text          0x0000000000000668        0x0 /usr/lib/gcc/avr/4.9.2/avrxmega4/libgcc.a(_exit.o)
 .text          0x0000000000000668        0x0 /usr/lib/gcc/avr/4.9.2/avrxmega4/libgcc.a(_copy_data.o)
 .text          0x0000000000000668        0x0 /usr/lib/gcc/avr/4.9.2/avrxmega4/libgcc.a(_clear_bss.o)
 .text          0x0000000000000668        0x0 /usr/lib/gcc/avr/4.9.2/../../../../avr/lib/avrxmega4/libm.a(fixsfsi.o)
 .text          0x0000000000000668        0x0 /usr/lib/gcc/avr/4.9.2/../../../../avr/lib/avrxmega4/libm.a(fixunssfsi.o)
 .text          0x0000000000000668        0x0 /usr/lib/gcc/avr/4.9.2/../../../../avr/lib/avrxmega4/libm.a(floatsisf.o)
 .text          0x0000000000000668        0x0 /usr/lib/gcc/avr/4.9.2/../../../../avr/lib/avrxmega4/libm.a(fp_split3.o)
 .text          0x0000000000000668        0x0 /usr/lib/gcc/avr/4.9.2/../../../../avr/lib/avrxmega4/libm.a(fp_zero.o)
 .text          0x0000000000000668        0x0 /usr/lib/gcc/avr/4.9.2/../../../../avr/lib/avrxmega4/libm.a(mulsf3.o)
 .text          0x0000000000000668        0x0 /usr/lib/gcc/avr/4.9.2/../../../../avr/lib/avrxmega4/libm.a(mulsf3x.o)
 .text          0x0000000000000668        0x0 /usr/lib/gcc/avr/4.9.2/../../../../avr/lib/avrxmega4/libm.a(round.o)
 .text          0x0000000000000668        0x0 /usr/lib/gcc/avr/4.9.2/../../../../avr/lib/avrxmega4/libm.a(fp_inf.o)
 .text          0x0000000000000668        0x0 /usr/lib/gcc/avr/4.9.2/../../../../avr/lib/avrxmega4/libm.a(fp_mintl.o)
 .text          0x0000000000000668        0x0 /usr/lib/gcc/avr/4.9.2/../../../../avr/lib/avrxmega4/libm.a(fp_mpack.o)
 .text          0x0000000000000668        0x0 /usr/lib/gcc/avr/4.9.2/../../../../avr/lib/avrxmega4/libm.a(fp_nan.o)
 .text          0x0000000000000668        0x0 /usr/lib/gcc/avr/4.9.2/../../../../avr/lib/avrxmega4/libm.a(fp_pscA.o)
 .text          0x0000000000000668        0x0 /usr/lib/gcc/avr/4.9.2/../../../../avr/lib/avrxmega4/libm.a(fp_pscB.o)
 .text          0x0000000000000668        0x0 /usr/lib/gcc/avr/4.9.2/../../../../avr/lib/avrxmega4/libm.a(fp_round.o)
 .text          0x0000000000000668        0x0 /usr/lib/gcc/avr/4.9.2/../../../../avr/lib/avrxmega4/libc.a(memcpy.o)
 .text          0x0000000000000668        0x0 /usr/lib/gcc/avr/4.9.2/../../../../avr/lib/avrxmega4/libc.a(strcpy.o)
 .text          0x0000000000000668        0x0 /usr/lib/gcc/avr/4.9.2/../../../../avr/lib/avrxmega4/libc.a(itoa_ncheck.o)
 .text          0x0000000000000668        0x0 /usr/lib/gcc/avr/4.9.2/../../../../avr/lib/avrxmega4/libc.a(utoa_ncheck.o)
 .text          0x0000000000000668        0x0 /usr/lib/gcc/avr/4.9.2/../../../../avr/lib/avrxmega4/libc.a(strrev.o)
                0x0000000000000668                . = ALIGN (0x2)
 *(.text.*)
 .text.EEPROM_WaitForNVM
                0x0000000000000668        0xa ./twi/eeprom_driver.o
                0x0000000000000668                EEPROM_WaitForNVM
 .text.EEPROM_ReadByte
                0x0000000000000672       0x58 ./twi/eeprom_driver.o
                0x0000000000000672                EEPROM_ReadByte
 .text.EEPROM_FlushBuffer
                0x00000000000006ca       0x30 ./twi/eeprom_driver.o
                0x00000000000006ca                EEPROM_FlushBuffer
 .text.EEPROM_WriteByte
                0x00000000000006fa       0x64 ./twi/eeprom_driver.o
                0x00000000000006fa                EEPROM_WriteByte
 .text.EEPROM_LoadByte
                0x000000000000075e       0x30 ./twi/eeprom_driver.o
                0x000000000000075e                EEPROM_LoadByte
 .text.EEPROM_LoadPage
                0x000000000000078e       0x30 ./twi/eeprom_driver.o
                0x000000000000078e                EEPROM_LoadPage
 .text.EEPROM_AtomicWritePage
                0x00000000000007be       0x4c ./twi/eeprom_driver.o
                0x00000000000007be                EEPROM_AtomicWritePage
 .text.EEPROM_ErasePage
                0x000000000000080a       0x4c ./twi/eeprom_driver.o
                0x000000000000080a                EEPROM_ErasePage
 .text.EEPROM_SplitWritePage
                0x0000000000000856       0x4c ./twi/eeprom_driver.o
                0x0000000000000856                EEPROM_SplitWritePage
 .text.EEPROM_EraseAll
                0x00000000000008a2       0x28 ./twi/eeprom_driver.o
                0x00000000000008a2                EEPROM_EraseAll
 .text.twi_master_init
                0x00000000000008ca       0x16 ./twi/twi-master.o
                0x00000000000008ca                twi_master_init
 .text.reset    0x00000000000008e0       0x16 ./twi/twi-master.o
                0x00000000000008e0                reset
 .text.sendAddress
                0x00000000000008f6       0x12 ./twi/twi-master.o
                0x00000000000008f6                sendAddress
 .text.SendReadPackage
                0x0000000000000908       0x14 ./twi/twi-master.o
                0x0000000000000908                SendReadPackage
 .text.SendPackage
                0x000000000000091c       0x26 ./twi/twi-master.o
                0x000000000000091c                SendPackage
 .text.SendAck  0x0000000000000942        0x8 ./twi/twi-master.o
                0x0000000000000942                SendAck
 .text.SendStop
                0x000000000000094a        0x8 ./twi/twi-master.o
                0x000000000000094a                SendStop
 .text.SendNextData
                0x0000000000000952       0x2a ./twi/twi-master.o
                0x0000000000000952                SendNextData
 .text.handleGetData
                0x000000000000097c       0x1e ./twi/twi-master.o
                0x000000000000097c                handleGetData
 .text.handleSendData
                0x000000000000099a       0x34 ./twi/twi-master.o
                0x000000000000099a                handleSendData
 .text.handleError
                0x00000000000009ce       0x1e ./twi/twi-master.o
                0x00000000000009ce                handleError
 .text.handleBusError
                0x00000000000009ec        0x4 ./twi/twi-master.o
                0x00000000000009ec                handleBusError
 .text.handleArbitrationError
                0x00000000000009f0        0x4 ./twi/twi-master.o
                0x00000000000009f0                handleArbitrationError
 .text.handleAddressNotAcknowledged
                0x00000000000009f4        0x2 ./twi/twi-master.o
                0x00000000000009f4                handleAddressNotAcknowledged
 .text.InterruptHandler
                0x00000000000009f6       0x26 ./twi/twi-master.o
                0x00000000000009f6                InterruptHandler
 .text.twi_EEPROM_WriteByte
                0x0000000000000a1c       0x10 ./twi/twi-memory.o
                0x0000000000000a1c                twi_EEPROM_WriteByte
 .text.twi_EEPROM_ReadByte
                0x0000000000000a2c        0xe ./twi/twi-memory.o
                0x0000000000000a2c                twi_EEPROM_ReadByte
 .text.twi_slave_init
                0x0000000000000a3a       0x12 ./twi/twi-slave.o
                0x0000000000000a3a                twi_slave_init
 .text.clear    0x0000000000000a4c        0xa ./twi/twi-slave.o
                0x0000000000000a4c                clear
 .text.clear_addresses
                0x0000000000000a56        0xa ./twi/twi-slave.o
                0x0000000000000a56                clear_addresses
 .text.TWI_ACK  0x0000000000000a60        0x8 ./twi/twi-slave.o
                0x0000000000000a60                TWI_ACK
 .text.TWI_NACK
                0x0000000000000a68        0x8 ./twi/twi-slave.o
                0x0000000000000a68                TWI_NACK
 .text.TWI_CLEAR_APIF
                0x0000000000000a70        0xc ./twi/twi-slave.o
                0x0000000000000a70                TWI_CLEAR_APIF
 .text.TWI_CLEAR_DIF
                0x0000000000000a7c        0xc ./twi/twi-slave.o
                0x0000000000000a7c                TWI_CLEAR_DIF
 .text.TWI_EndTransmission
                0x0000000000000a88        0xa ./twi/twi-slave.o
                0x0000000000000a88                TWI_EndTransmission
 .text.handleRead
                0x0000000000000a92       0x24 ./twi/twi-slave.o
                0x0000000000000a92                handleRead
 .text.handleWrite
                0x0000000000000ab6       0x1e ./twi/twi-slave.o
                0x0000000000000ab6                handleWrite
 .text.TWI_SlaveAddressMatchHandler
                0x0000000000000ad4       0x38 ./twi/twi-slave.o
                0x0000000000000ad4                TWI_SlaveAddressMatchHandler
 .text.TWI_SlaveStopHandler
                0x0000000000000b0c        0xc ./twi/twi-slave.o
                0x0000000000000b0c                TWI_SlaveStopHandler
 .text.TWI_SlaveReadDataHandler
                0x0000000000000b18       0x30 ./twi/twi-slave.o
                0x0000000000000b18                TWI_SlaveReadDataHandler
 .text.TWI_SlaveWriteDataHandler
                0x0000000000000b48       0x1a ./twi/twi-slave.o
                0x0000000000000b48                TWI_SlaveWriteDataHandler
 .text.TWI_SaveAddress
                0x0000000000000b62       0x20 ./twi/twi-slave.o
                0x0000000000000b62                TWI_SaveAddress
 .text.TWI_interrupt_handler
                0x0000000000000b82       0x3e ./twi/twi-slave.o
                0x0000000000000b82                TWI_interrupt_handler
 .text.spi_xmega_set_baud_div
                0x0000000000000bc0       0x9c ./ASF/xmega/drivers/spi/spi.o
                0x0000000000000bc0                spi_xmega_set_baud_div
 .text.nvm_wait_until_ready
                0x0000000000000c5c        0xa ./ASF/xmega/drivers/nvm/nvm.o
 .text.nvm_read_production_signature_row
                0x0000000000000c66        0xa ./ASF/xmega/drivers/nvm/nvm.o
 .text.nvm_issue_command
                0x0000000000000c70       0x22 ./ASF/xmega/drivers/nvm/nvm.o
 .text.nvm_read_device_serial
                0x0000000000000c92       0x64 ./ASF/xmega/drivers/nvm/nvm.o
                0x0000000000000c92                nvm_read_device_serial
 .text.nvm_eeprom_read_byte
                0x0000000000000cf6       0x24 ./ASF/xmega/drivers/nvm/nvm.o
                0x0000000000000cf6                nvm_eeprom_read_byte
 .text.nvm_eeprom_read_buffer
                0x0000000000000d1a       0x5e ./ASF/xmega/drivers/nvm/nvm.o
                0x0000000000000d1a                nvm_eeprom_read_buffer
 .text.nvm_eeprom_flush_buffer
                0x0000000000000d78       0x1e ./ASF/xmega/drivers/nvm/nvm.o
                0x0000000000000d78                nvm_eeprom_flush_buffer
 .text.nvm_eeprom_load_byte_to_buffer
                0x0000000000000d96       0x38 ./ASF/xmega/drivers/nvm/nvm.o
                0x0000000000000d96                nvm_eeprom_load_byte_to_buffer
 .text.nvm_eeprom_write_byte
                0x0000000000000dce       0x62 ./ASF/xmega/drivers/nvm/nvm.o
                0x0000000000000dce                nvm_eeprom_write_byte
 .text.nvm_eeprom_load_page_to_buffer
                0x0000000000000e30       0x28 ./ASF/xmega/drivers/nvm/nvm.o
                0x0000000000000e30                nvm_eeprom_load_page_to_buffer
 .text.nvm_eeprom_atomic_write_page
                0x0000000000000e58       0x30 ./ASF/xmega/drivers/nvm/nvm.o
                0x0000000000000e58                nvm_eeprom_atomic_write_page
 .text.nvm_eeprom_erase_and_write_buffer
                0x0000000000000e88       0x7e ./ASF/xmega/drivers/nvm/nvm.o
                0x0000000000000e88                nvm_eeprom_erase_and_write_buffer
 .text.nvm_eeprom_split_write_page
                0x0000000000000f06       0x30 ./ASF/xmega/drivers/nvm/nvm.o
                0x0000000000000f06                nvm_eeprom_split_write_page
 .text.nvm_eeprom_fill_buffer_with_value
                0x0000000000000f36       0x24 ./ASF/xmega/drivers/nvm/nvm.o
                0x0000000000000f36                nvm_eeprom_fill_buffer_with_value
 .text.nvm_eeprom_erase_bytes_in_page
                0x0000000000000f5a       0x30 ./ASF/xmega/drivers/nvm/nvm.o
                0x0000000000000f5a                nvm_eeprom_erase_bytes_in_page
 .text.nvm_eeprom_erase_page
                0x0000000000000f8a       0x12 ./ASF/xmega/drivers/nvm/nvm.o
                0x0000000000000f8a                nvm_eeprom_erase_page
 .text.nvm_eeprom_erase_bytes_in_all_pages
                0x0000000000000f9c        0xa ./ASF/xmega/drivers/nvm/nvm.o
                0x0000000000000f9c                nvm_eeprom_erase_bytes_in_all_pages
 .text.nvm_eeprom_erase_all
                0x0000000000000fa6        0xa ./ASF/xmega/drivers/nvm/nvm.o
                0x0000000000000fa6                nvm_eeprom_erase_all
 .text.nvm_issue_flash_range_crc
                0x0000000000000fb0       0x5a ./ASF/xmega/drivers/nvm/nvm.o
                0x0000000000000fb0                nvm_issue_flash_range_crc
 .text.nvm_flash_read_buffer
                0x000000000000100a       0x4c ./ASF/xmega/drivers/nvm/nvm.o
                0x000000000000100a                nvm_flash_read_buffer
 .text.nvm_user_sig_read_buffer
                0x0000000000001056       0x40 ./ASF/xmega/drivers/nvm/nvm.o
                0x0000000000001056                nvm_user_sig_read_buffer
 .text.nvm_user_sig_write_buffer
                0x0000000000001096      0x12c ./ASF/xmega/drivers/nvm/nvm.o
                0x0000000000001096                nvm_user_sig_write_buffer
 .text.nvm_flash_erase_and_write_buffer
                0x00000000000011c2      0x12e ./ASF/xmega/drivers/nvm/nvm.o
                0x00000000000011c2                nvm_flash_erase_and_write_buffer
 .text.nvm_fuses_read
                0x00000000000012f0       0x34 ./ASF/xmega/drivers/nvm/nvm.o
                0x00000000000012f0                nvm_fuses_read
 .text.nvm_read_byte
                0x0000000000001324       0x14 ./ASF/xmega/drivers/nvm/nvm_asm.o
                0x0000000000001324                nvm_read_byte
 .text.ccp_write_io
                0x0000000000001338        0xc ./ASF/xmega/drivers/cpu/ccp.o
                0x0000000000001338                ccp_write_io
 .text.__vector_71
                0x0000000000001344       0x64 ./ASF/xmega/drivers/adc/xmega_aau/adc_aau.o
                0x0000000000001344                __vector_71
 .text.__vector_72
                0x00000000000013a8       0x64 ./ASF/xmega/drivers/adc/xmega_aau/adc_aau.o
                0x00000000000013a8                __vector_72
 .text.__vector_73
                0x000000000000140c       0x64 ./ASF/xmega/drivers/adc/xmega_aau/adc_aau.o
                0x000000000000140c                __vector_73
 .text.__vector_74
                0x0000000000001470       0x64 ./ASF/xmega/drivers/adc/xmega_aau/adc_aau.o
                0x0000000000001470                __vector_74
 .text.__vector_39
                0x00000000000014d4       0x64 ./ASF/xmega/drivers/adc/xmega_aau/adc_aau.o
                0x00000000000014d4                __vector_39
 .text.__vector_40
                0x0000000000001538       0x64 ./ASF/xmega/drivers/adc/xmega_aau/adc_aau.o
                0x0000000000001538                __vector_40
 .text.__vector_41
                0x000000000000159c       0x64 ./ASF/xmega/drivers/adc/xmega_aau/adc_aau.o
                0x000000000000159c                __vector_41
 .text.__vector_42
                0x0000000000001600       0x64 ./ASF/xmega/drivers/adc/xmega_aau/adc_aau.o
                0x0000000000001600                __vector_42
 .text.adc_write_configuration
                0x0000000000001664       0xbc ./ASF/xmega/drivers/adc/xmega_aau/adc_aau.o
                0x0000000000001664                adc_write_configuration
 .text.adc_read_configuration
                0x0000000000001720       0x4a ./ASF/xmega/drivers/adc/xmega_aau/adc_aau.o
                0x0000000000001720                adc_read_configuration
 .text.adcch_write_configuration
                0x000000000000176a       0x96 ./ASF/xmega/drivers/adc/xmega_aau/adc_aau.o
                0x000000000000176a                adcch_write_configuration
 .text.adcch_read_configuration
                0x0000000000001800       0x96 ./ASF/xmega/drivers/adc/xmega_aau/adc_aau.o
                0x0000000000001800                adcch_read_configuration
 .text.adc_set_callback
                0x0000000000001896       0x28 ./ASF/xmega/drivers/adc/adc.o
                0x0000000000001896                adc_set_callback
 .text.adc_enable_clock
                0x00000000000018be       0x3e ./ASF/xmega/drivers/adc/adc.o
                0x00000000000018be                adc_enable_clock
 .text.adc_disable_clock
                0x00000000000018fc       0x3a ./ASF/xmega/drivers/adc/adc.o
                0x00000000000018fc                adc_disable_clock
 .text.adc_enable
                0x0000000000001936       0x30 ./ASF/xmega/drivers/adc/adc.o
                0x0000000000001936                adc_enable
 .text.adc_disable
                0x0000000000001966       0x28 ./ASF/xmega/drivers/adc/adc.o
                0x0000000000001966                adc_disable
 .text.adc_is_enabled
                0x000000000000198e       0x24 ./ASF/xmega/drivers/adc/adc.o
                0x000000000000198e                adc_is_enabled
 .text.ioport_configure_pin
                0x00000000000019b2       0x28 ./ASF/xmega/boards/stk600/rc064x/init.o
 .text.board_init
                0x00000000000019da       0x8c ./ASF/xmega/boards/stk600/rc064x/init.o
                0x00000000000019da                board_init
 .text.spi_master_init
                0x0000000000001a66       0x3e ./ASF/common/services/spi/xmega_spi/spi_master.o
                0x0000000000001a66                spi_master_init
 .text.spi_master_setup_device
                0x0000000000001aa4       0x44 ./ASF/common/services/spi/xmega_spi/spi_master.o
                0x0000000000001aa4                spi_master_setup_device
 .text.spi_write_packet
                0x0000000000001ae8       0x24 ./ASF/common/services/spi/xmega_spi/spi_master.o
                0x0000000000001ae8                spi_write_packet
 .text.spi_read_packet
                0x0000000000001b0c       0x2e ./ASF/common/services/spi/xmega_spi/spi_master.o
                0x0000000000001b0c                spi_read_packet
 .text.spi_select_device
                0x0000000000001b3a       0x2c ./ASF/common/services/spi/xmega_spi/spi_master.o
                0x0000000000001b3a                spi_select_device
 .text.spi_deselect_device
                0x0000000000001b66       0x2c ./ASF/common/services/spi/xmega_spi/spi_master.o
                0x0000000000001b66                spi_deselect_device
 .text.ioport_configure_port_pin
                0x0000000000001b92       0x44 ./ASF/common/services/ioport/xmega/ioport_compat.o
                0x0000000000001b92                ioport_configure_port_pin
 .text.gfx_mono_set_framebuffer
                0x0000000000001bd6        0xa ./ASF/common/services/gfx_mono/gfx_mono_framebuffer.o
                0x0000000000001bd6                gfx_mono_set_framebuffer
 .text.gfx_mono_framebuffer_put_page
                0x0000000000001be0       0x2c ./ASF/common/services/gfx_mono/gfx_mono_framebuffer.o
                0x0000000000001be0                gfx_mono_framebuffer_put_page
 .text.gfx_mono_framebuffer_get_page
                0x0000000000001c0c       0x2a ./ASF/common/services/gfx_mono/gfx_mono_framebuffer.o
                0x0000000000001c0c                gfx_mono_framebuffer_get_page
 .text.gfx_mono_framebuffer_put_byte
                0x0000000000001c36       0x1c ./ASF/common/services/gfx_mono/gfx_mono_framebuffer.o
                0x0000000000001c36                gfx_mono_framebuffer_put_byte
 .text.gfx_mono_framebuffer_get_byte
                0x0000000000001c52       0x1c ./ASF/common/services/gfx_mono/gfx_mono_framebuffer.o
                0x0000000000001c52                gfx_mono_framebuffer_get_byte
 .text.gfx_mono_framebuffer_draw_pixel
                0x0000000000001c6e       0x76 ./ASF/common/services/gfx_mono/gfx_mono_framebuffer.o
                0x0000000000001c6e                gfx_mono_framebuffer_draw_pixel
 .text.gfx_mono_framebuffer_get_pixel
                0x0000000000001ce4       0x44 ./ASF/common/services/gfx_mono/gfx_mono_framebuffer.o
                0x0000000000001ce4                gfx_mono_framebuffer_get_pixel
 .text.gfx_mono_framebuffer_mask_byte
                0x0000000000001d28       0x4c ./ASF/common/services/gfx_mono/gfx_mono_framebuffer.o
                0x0000000000001d28                gfx_mono_framebuffer_mask_byte
 .text.gfx_mono_generic_draw_horizontal_line
                0x0000000000001d74       0xd2 ./ASF/common/services/gfx_mono/gfx_mono_generic.o
                0x0000000000001d74                gfx_mono_generic_draw_horizontal_line
 .text.gfx_mono_generic_draw_vertical_line
                0x0000000000001e46       0xbc ./ASF/common/services/gfx_mono/gfx_mono_generic.o
                0x0000000000001e46                gfx_mono_generic_draw_vertical_line
 .text.gfx_mono_generic_draw_line
                0x0000000000001f02       0xd0 ./ASF/common/services/gfx_mono/gfx_mono_generic.o
                0x0000000000001f02                gfx_mono_generic_draw_line
 .text.gfx_mono_generic_draw_rect
                0x0000000000001fd2       0x4e ./ASF/common/services/gfx_mono/gfx_mono_generic.o
                0x0000000000001fd2                gfx_mono_generic_draw_rect
 .text.gfx_mono_generic_draw_filled_rect
                0x0000000000002020       0x36 ./ASF/common/services/gfx_mono/gfx_mono_generic.o
                0x0000000000002020                gfx_mono_generic_draw_filled_rect
 .text.gfx_mono_generic_draw_circle
                0x0000000000002056      0x172 ./ASF/common/services/gfx_mono/gfx_mono_generic.o
                0x0000000000002056                gfx_mono_generic_draw_circle
 .text.gfx_mono_generic_draw_filled_circle
                0x00000000000021c8      0x150 ./ASF/common/services/gfx_mono/gfx_mono_generic.o
                0x00000000000021c8                gfx_mono_generic_draw_filled_circle
 .text.gfx_mono_generic_put_bitmap
                0x0000000000002318       0xb6 ./ASF/common/services/gfx_mono/gfx_mono_generic.o
                0x0000000000002318                gfx_mono_generic_put_bitmap
 .text.__portable_avr_delay_cycles.constprop.3
                0x00000000000023ce        0x2 ./ASF/common/services/gfx_mono/gfx_mono_menu.o
 .text.ssd1306_write_command
                0x00000000000023d0       0x46 ./ASF/common/services/gfx_mono/gfx_mono_menu.o
 .text.ssd1306_write_data.constprop.1
                0x0000000000002416       0x40 ./ASF/common/services/gfx_mono/gfx_mono_menu.o
 .text.menu_draw
                0x0000000000002456       0xfa ./ASF/common/services/gfx_mono/gfx_mono_menu.o
 .text.gfx_mono_menu_init
                0x0000000000002550       0x54 ./ASF/common/services/gfx_mono/gfx_mono_menu.o
                0x0000000000002550                gfx_mono_menu_init
 .text.gfx_mono_menu_process_key
                0x00000000000025a4       0x52 ./ASF/common/services/gfx_mono/gfx_mono_menu.o
                0x00000000000025a4                gfx_mono_menu_process_key
 .text.gfx_mono_draw_char
                0x00000000000025f6       0xd4 ./ASF/common/services/gfx_mono/gfx_mono_text.o
                0x00000000000025f6                gfx_mono_draw_char
 .text.gfx_mono_draw_string
                0x00000000000026ca       0x5a ./ASF/common/services/gfx_mono/gfx_mono_text.o
                0x00000000000026ca                gfx_mono_draw_string
 .text.gfx_mono_draw_progmem_string
                0x0000000000002724       0x5e ./ASF/common/services/gfx_mono/gfx_mono_text.o
                0x0000000000002724                gfx_mono_draw_progmem_string
 .text.gfx_mono_get_string_bounding_box
                0x0000000000002782       0x3e ./ASF/common/services/gfx_mono/gfx_mono_text.o
                0x0000000000002782                gfx_mono_get_string_bounding_box
 .text.gfx_mono_get_progmem_string_bounding_box
                0x00000000000027c0       0x54 ./ASF/common/services/gfx_mono/gfx_mono_text.o
                0x00000000000027c0                gfx_mono_get_progmem_string_bounding_box
 .text.__portable_avr_delay_cycles.constprop.2
                0x0000000000002814        0x2 ./ASF/common/services/gfx_mono/gfx_mono_ug_2832hsweg04.o
 .text.ssd1306_write_command
                0x0000000000002816       0x46 ./ASF/common/services/gfx_mono/gfx_mono_ug_2832hsweg04.o
 .text.ssd1306_set_page_address
                0x000000000000285c        0x8 ./ASF/common/services/gfx_mono/gfx_mono_ug_2832hsweg04.o
 .text.ssd1306_set_column_address
                0x0000000000002864       0x1e ./ASF/common/services/gfx_mono/gfx_mono_ug_2832hsweg04.o
 .text.ssd1306_write_data
                0x0000000000002882       0x46 ./ASF/common/services/gfx_mono/gfx_mono_ug_2832hsweg04.o
 .text.gfx_mono_ssd1306_get_pixel
                0x00000000000028c8       0x44 ./ASF/common/services/gfx_mono/gfx_mono_ug_2832hsweg04.o
                0x00000000000028c8                gfx_mono_ssd1306_get_pixel
 .text.gfx_mono_ssd1306_put_page
                0x000000000000290c       0x40 ./ASF/common/services/gfx_mono/gfx_mono_ug_2832hsweg04.o
                0x000000000000290c                gfx_mono_ssd1306_put_page
 .text.gfx_mono_ssd1306_put_framebuffer
                0x000000000000294c       0x36 ./ASF/common/services/gfx_mono/gfx_mono_ug_2832hsweg04.o
                0x000000000000294c                gfx_mono_ssd1306_put_framebuffer
 .text.gfx_mono_ssd1306_get_page
                0x0000000000002982        0x4 ./ASF/common/services/gfx_mono/gfx_mono_ug_2832hsweg04.o
                0x0000000000002982                gfx_mono_ssd1306_get_page
 .text.gfx_mono_ssd1306_put_byte
                0x0000000000002986       0x42 ./ASF/common/services/gfx_mono/gfx_mono_ug_2832hsweg04.o
                0x0000000000002986                gfx_mono_ssd1306_put_byte
 .text.gfx_mono_ssd1306_init
                0x00000000000029c8       0x38 ./ASF/common/services/gfx_mono/gfx_mono_ug_2832hsweg04.o
                0x00000000000029c8                gfx_mono_ssd1306_init
 .text.gfx_mono_ssd1306_draw_pixel
                0x0000000000002a00       0x78 ./ASF/common/services/gfx_mono/gfx_mono_ug_2832hsweg04.o
                0x0000000000002a00                gfx_mono_ssd1306_draw_pixel
 .text.gfx_mono_ssd1306_get_byte
                0x0000000000002a78        0x4 ./ASF/common/services/gfx_mono/gfx_mono_ug_2832hsweg04.o
                0x0000000000002a78                gfx_mono_ssd1306_get_byte
 .text.gfx_mono_ssd1306_mask_byte
                0x0000000000002a7c       0x4c ./ASF/common/services/gfx_mono/gfx_mono_ug_2832hsweg04.o
                0x0000000000002a7c                gfx_mono_ssd1306_mask_byte
 .text.sysclk_init
                0x0000000000002ac8       0x20 ./ASF/common/services/clock/xmega/sysclk.o
                0x0000000000002ac8                sysclk_init
 .text.sysclk_enable_module
                0x0000000000002ae8       0x18 ./ASF/common/services/clock/xmega/sysclk.o
                0x0000000000002ae8                sysclk_enable_module
 .text.sysclk_disable_module
                0x0000000000002b00       0x16 ./ASF/common/services/clock/xmega/sysclk.o
                0x0000000000002b00                sysclk_disable_module
 .text.sysclk_enable_usb
                0x0000000000002b16       0x3e ./ASF/common/services/clock/xmega/sysclk.o
                0x0000000000002b16                sysclk_enable_usb
 .text.sysclk_disable_usb
                0x0000000000002b54       0x12 ./ASF/common/services/clock/xmega/sysclk.o
                0x0000000000002b54                sysclk_disable_usb
 .text.__portable_avr_delay_cycles
                0x0000000000002b66        0xc ./ASF/common/components/display/ssd1306/ssd1306.o
 .text.ssd1306_write_command
                0x0000000000002b72       0x4e ./ASF/common/components/display/ssd1306/ssd1306.o
 .text.ssd1306_write_data
                0x0000000000002bc0       0x4e ./ASF/common/components/display/ssd1306/ssd1306.o
 .text.ssd1306_init
                0x0000000000002c0e      0x146 ./ASF/common/components/display/ssd1306/ssd1306.o
                0x0000000000002c0e                ssd1306_init
 .text.ssd1306_write_text
                0x0000000000002d54       0x56 ./ASF/common/components/display/ssd1306/ssd1306.o
                0x0000000000002d54                ssd1306_write_text
 .text.__portable_avr_delay_cycles.constprop.4
                0x0000000000002daa        0x2 ./main.o
 .text.ssd1306_write_command
                0x0000000000002dac       0x46 ./main.o
 .text.ssd1306_set_column_address
                0x0000000000002df2       0x1e ./main.o
 .text.ssd1306_clear
                0x0000000000002e10       0x72 ./main.o
 .text.updateData
                0x0000000000002e82       0x6e ./main.o
                0x0000000000002e82                updateData
 .text.InitGlobalVars
                0x0000000000002ef0       0x28 ./main.o
                0x0000000000002ef0                InitGlobalVars
 .text.printLogo
                0x0000000000002f18       0x30 ./main.o
                0x0000000000002f18                printLogo
 .text.writeText
                0x0000000000002f48       0x34 ./main.o
                0x0000000000002f48                writeText
 .text.adc_avg  0x0000000000002f7c       0x68 ./main.o
                0x0000000000002f7c                adc_avg
 .text.__vector_12
                0x0000000000002fe4       0x50 ./main.o
                0x0000000000002fe4                __vector_12
 .text.enable_interrupts
                0x0000000000003034        0xe ./main.o
                0x0000000000003034                enable_interrupts
 .text.printPower
                0x0000000000003042       0xd2 ./main.o
                0x0000000000003042                printPower
 .text.__vector_46
                0x0000000000003114       0x50 ./main.o
                0x0000000000003114                __vector_46
 .text.sendWritePackage
                0x0000000000003164       0x62 ./main.o
                0x0000000000003164                sendWritePackage
 .text.sendReadPackage
                0x00000000000031c6       0x5a ./main.o
                0x00000000000031c6                sendReadPackage
 .text.startup.main
                0x0000000000003220       0x9a ./main.o
                0x0000000000003220                main
 .text.oled_menu_init
                0x00000000000032ba        0xa ./oled-menu.o
                0x00000000000032ba                oled_menu_init
 .text.oled_menu_process_key
                0x00000000000032c4       0x4a ./oled-menu.o
                0x00000000000032c4                oled_menu_process_key
 .text.libgcc.mul
                0x000000000000330e        0x0 /usr/lib/gcc/avr/4.9.2/avrxmega4/libgcc.a(_udivmodqi4.o)
 .text.libgcc.div
                0x000000000000330e       0x18 /usr/lib/gcc/avr/4.9.2/avrxmega4/libgcc.a(_udivmodqi4.o)
                0x000000000000330e                __udivmodqi4
 .text.libgcc   0x0000000000003326        0x0 /usr/lib/gcc/avr/4.9.2/avrxmega4/libgcc.a(_udivmodqi4.o)
 .text.libgcc.prologue
                0x0000000000003326        0x0 /usr/lib/gcc/avr/4.9.2/avrxmega4/libgcc.a(_udivmodqi4.o)
 .text.libgcc.builtins
                0x0000000000003326        0x0 /usr/lib/gcc/avr/4.9.2/avrxmega4/libgcc.a(_udivmodqi4.o)
 .text.libgcc.fmul
                0x0000000000003326        0x0 /usr/lib/gcc/avr/4.9.2/avrxmega4/libgcc.a(_udivmodqi4.o)
 .text.libgcc.fixed
                0x0000000000003326        0x0 /usr/lib/gcc/avr/4.9.2/avrxmega4/libgcc.a(_udivmodqi4.o)
 .text.libgcc.mul
                0x0000000000003326        0x0 /usr/lib/gcc/avr/4.9.2/avrxmega4/libgcc.a(_udivmodsi4.o)
 .text.libgcc.div
                0x0000000000003326       0x44 /usr/lib/gcc/avr/4.9.2/avrxmega4/libgcc.a(_udivmodsi4.o)
                0x0000000000003326                __udivmodsi4
 .text.libgcc   0x000000000000336a        0x0 /usr/lib/gcc/avr/4.9.2/avrxmega4/libgcc.a(_udivmodsi4.o)
 .text.libgcc.prologue
                0x000000000000336a        0x0 /usr/lib/gcc/avr/4.9.2/avrxmega4/libgcc.a(_udivmodsi4.o)
 .text.libgcc.builtins
                0x000000000000336a        0x0 /usr/lib/gcc/avr/4.9.2/avrxmega4/libgcc.a(_udivmodsi4.o)
 .text.libgcc.fmul
                0x000000000000336a        0x0 /usr/lib/gcc/avr/4.9.2/avrxmega4/libgcc.a(_udivmodsi4.o)
 .text.libgcc.fixed
                0x000000000000336a        0x0 /usr/lib/gcc/avr/4.9.2/avrxmega4/libgcc.a(_udivmodsi4.o)
 .text.libgcc.mul
                0x000000000000336a        0x0 /usr/lib/gcc/avr/4.9.2/avrxmega4/libgcc.a(_divmodsi4.o)
 .text.libgcc.div
                0x000000000000336a       0x2e /usr/lib/gcc/avr/4.9.2/avrxmega4/libgcc.a(_divmodsi4.o)
                0x000000000000336a                __divmodsi4
 .text.libgcc   0x0000000000003398        0x0 /usr/lib/gcc/avr/4.9.2/avrxmega4/libgcc.a(_divmodsi4.o)
 .text.libgcc.prologue
                0x0000000000003398        0x0 /usr/lib/gcc/avr/4.9.2/avrxmega4/libgcc.a(_divmodsi4.o)
 .text.libgcc.builtins
                0x0000000000003398        0x0 /usr/lib/gcc/avr/4.9.2/avrxmega4/libgcc.a(_divmodsi4.o)
 .text.libgcc.fmul
                0x0000000000003398        0x0 /usr/lib/gcc/avr/4.9.2/avrxmega4/libgcc.a(_divmodsi4.o)
 .text.libgcc.fixed
                0x0000000000003398        0x0 /usr/lib/gcc/avr/4.9.2/avrxmega4/libgcc.a(_divmodsi4.o)
 .text.libgcc.mul
                0x0000000000003398        0x0 /usr/lib/gcc/avr/4.9.2/avrxmega4/libgcc.a(_negsi2.o)
 .text.libgcc.div
                0x0000000000003398       0x10 /usr/lib/gcc/avr/4.9.2/avrxmega4/libgcc.a(_negsi2.o)
                0x0000000000003398                __negsi2
 .text.libgcc   0x00000000000033a8        0x0 /usr/lib/gcc/avr/4.9.2/avrxmega4/libgcc.a(_negsi2.o)
 .text.libgcc.prologue
                0x00000000000033a8        0x0 /usr/lib/gcc/avr/4.9.2/avrxmega4/libgcc.a(_negsi2.o)
 .text.libgcc.builtins
                0x00000000000033a8        0x0 /usr/lib/gcc/avr/4.9.2/avrxmega4/libgcc.a(_negsi2.o)
 .text.libgcc.fmul
                0x00000000000033a8        0x0 /usr/lib/gcc/avr/4.9.2/avrxmega4/libgcc.a(_negsi2.o)
 .text.libgcc.fixed
                0x00000000000033a8        0x0 /usr/lib/gcc/avr/4.9.2/avrxmega4/libgcc.a(_negsi2.o)
 .text.libgcc.mul
                0x00000000000033a8        0x0 /usr/lib/gcc/avr/4.9.2/avrxmega4/libgcc.a(_exit.o)
 .text.libgcc.div
                0x00000000000033a8        0x0 /usr/lib/gcc/avr/4.9.2/avrxmega4/libgcc.a(_exit.o)
 .text.libgcc   0x00000000000033a8        0x0 /usr/lib/gcc/avr/4.9.2/avrxmega4/libgcc.a(_exit.o)
 .text.libgcc.prologue
                0x00000000000033a8        0x0 /usr/lib/gcc/avr/4.9.2/avrxmega4/libgcc.a(_exit.o)
 .text.libgcc.builtins
                0x00000000000033a8        0x0 /usr/lib/gcc/avr/4.9.2/avrxmega4/libgcc.a(_exit.o)
 .text.libgcc.fmul
                0x00000000000033a8        0x0 /usr/lib/gcc/avr/4.9.2/avrxmega4/libgcc.a(_exit.o)
 .text.libgcc.fixed
                0x00000000000033a8        0x0 /usr/lib/gcc/avr/4.9.2/avrxmega4/libgcc.a(_exit.o)
 .text.libgcc.mul
                0x00000000000033a8        0x0 /usr/lib/gcc/avr/4.9.2/avrxmega4/libgcc.a(_copy_data.o)
 .text.libgcc.div
                0x00000000000033a8        0x0 /usr/lib/gcc/avr/4.9.2/avrxmega4/libgcc.a(_copy_data.o)
 .text.libgcc   0x00000000000033a8        0x0 /usr/lib/gcc/avr/4.9.2/avrxmega4/libgcc.a(_copy_data.o)
 .text.libgcc.prologue
                0x00000000000033a8        0x0 /usr/lib/gcc/avr/4.9.2/avrxmega4/libgcc.a(_copy_data.o)
 .text.libgcc.builtins
                0x00000000000033a8        0x0 /usr/lib/gcc/avr/4.9.2/avrxmega4/libgcc.a(_copy_data.o)
 .text.libgcc.fmul
                0x00000000000033a8        0x0 /usr/lib/gcc/avr/4.9.2/avrxmega4/libgcc.a(_copy_data.o)
 .text.libgcc.fixed
                0x00000000000033a8        0x0 /usr/lib/gcc/avr/4.9.2/avrxmega4/libgcc.a(_copy_data.o)
 .text.libgcc.mul
                0x00000000000033a8        0x0 /usr/lib/gcc/avr/4.9.2/avrxmega4/libgcc.a(_clear_bss.o)
 .text.libgcc.div
                0x00000000000033a8        0x0 /usr/lib/gcc/avr/4.9.2/avrxmega4/libgcc.a(_clear_bss.o)
 .text.libgcc   0x00000000000033a8        0x0 /usr/lib/gcc/avr/4.9.2/avrxmega4/libgcc.a(_clear_bss.o)
 .text.libgcc.prologue
                0x00000000000033a8        0x0 /usr/lib/gcc/avr/4.9.2/avrxmega4/libgcc.a(_clear_bss.o)
 .text.libgcc.builtins
                0x00000000000033a8        0x0 /usr/lib/gcc/avr/4.9.2/avrxmega4/libgcc.a(_clear_bss.o)
 .text.libgcc.fmul
                0x00000000000033a8        0x0 /usr/lib/gcc/avr/4.9.2/avrxmega4/libgcc.a(_clear_bss.o)
 .text.libgcc.fixed
                0x00000000000033a8        0x0 /usr/lib/gcc/avr/4.9.2/avrxmega4/libgcc.a(_clear_bss.o)
 .text.avr-libc.fplib
                0x00000000000033a8        0xa /usr/lib/gcc/avr/4.9.2/../../../../avr/lib/avrxmega4/libm.a(fixsfsi.o)
                0x00000000000033a8                __fixsfsi
 .text.avr-libc.fplib
                0x00000000000033b2       0x58 /usr/lib/gcc/avr/4.9.2/../../../../avr/lib/avrxmega4/libm.a(fixunssfsi.o)
                0x00000000000033b2                __fixunssfsi
 .text.avr-libc.fplib
                0x000000000000340a       0x7a /usr/lib/gcc/avr/4.9.2/../../../../avr/lib/avrxmega4/libm.a(floatsisf.o)
                0x000000000000340a                __floatunsisf
                0x000000000000340e                __floatsisf
 .text.avr-libc.fplib
                0x0000000000003484       0x44 /usr/lib/gcc/avr/4.9.2/../../../../avr/lib/avrxmega4/libm.a(fp_split3.o)
                0x0000000000003484                __fp_split3
                0x0000000000003494                __fp_splitA
 .text.avr-libc.fplib
                0x00000000000034c8        0xe /usr/lib/gcc/avr/4.9.2/../../../../avr/lib/avrxmega4/libm.a(fp_zero.o)
                0x00000000000034c8                __fp_zero
                0x00000000000034ca                __fp_szero
 .text.avr-libc.fplib
                0x00000000000034d6        0x4 /usr/lib/gcc/avr/4.9.2/../../../../avr/lib/avrxmega4/libm.a(mulsf3.o)
                0x00000000000034d6                __mulsf3
 .text.avr-libc.fplib
                0x00000000000034da       0xc2 /usr/lib/gcc/avr/4.9.2/../../../../avr/lib/avrxmega4/libm.a(mulsf3x.o)
                0x00000000000034ee                __mulsf3x
                0x00000000000034f2                __mulsf3_pse
 .text.avr-libc.fplib
                0x000000000000359c       0x40 /usr/lib/gcc/avr/4.9.2/../../../../avr/lib/avrxmega4/libm.a(round.o)
                0x000000000000359c                round
 .text.avr-libc.fplib
                0x00000000000035dc        0xc /usr/lib/gcc/avr/4.9.2/../../../../avr/lib/avrxmega4/libm.a(fp_inf.o)
                0x00000000000035dc                __fp_inf
 .text.avr-libc.fplib
                0x00000000000035e8       0x36 /usr/lib/gcc/avr/4.9.2/../../../../avr/lib/avrxmega4/libm.a(fp_mintl.o)
                0x00000000000035e8                __fp_mintl
 .text.avr-libc.fplib
                0x000000000000361e       0x1c /usr/lib/gcc/avr/4.9.2/../../../../avr/lib/avrxmega4/libm.a(fp_mpack.o)
                0x000000000000361e                __fp_mpack
                0x0000000000003622                __fp_mpack_finite
 .text.avr-libc.fplib
                0x000000000000363a        0x6 /usr/lib/gcc/avr/4.9.2/../../../../avr/lib/avrxmega4/libm.a(fp_nan.o)
                0x000000000000363a                __fp_nan
 .text.avr-libc.fplib
                0x0000000000003640        0xe /usr/lib/gcc/avr/4.9.2/../../../../avr/lib/avrxmega4/libm.a(fp_pscA.o)
                0x0000000000003640                __fp_pscA
 .text.avr-libc.fplib
                0x000000000000364e        0xe /usr/lib/gcc/avr/4.9.2/../../../../avr/lib/avrxmega4/libm.a(fp_pscB.o)
                0x000000000000364e                __fp_pscB
 .text.avr-libc.fplib
                0x000000000000365c       0x22 /usr/lib/gcc/avr/4.9.2/../../../../avr/lib/avrxmega4/libm.a(fp_round.o)
                0x000000000000365c                __fp_round
 .text.avr-libc
                0x000000000000367e       0x12 /usr/lib/gcc/avr/4.9.2/../../../../avr/lib/avrxmega4/libc.a(memcpy.o)
                0x000000000000367e                memcpy
 .text.avr-libc
                0x0000000000003690        0xe /usr/lib/gcc/avr/4.9.2/../../../../avr/lib/avrxmega4/libc.a(strcpy.o)
                0x0000000000003690                strcpy
 .text.avr-libc
                0x000000000000369e       0x16 /usr/lib/gcc/avr/4.9.2/../../../../avr/lib/avrxmega4/libc.a(itoa_ncheck.o)
                0x000000000000369e                __itoa_ncheck
 .text.avr-libc
                0x00000000000036b4       0x34 /usr/lib/gcc/avr/4.9.2/../../../../avr/lib/avrxmega4/libc.a(utoa_ncheck.o)
                0x00000000000036b4                __utoa_ncheck
                0x00000000000036b6                __utoa_common
 .text.avr-libc
                0x00000000000036e8       0x20 /usr/lib/gcc/avr/4.9.2/../../../../avr/lib/avrxmega4/libc.a(strrev.o)
                0x00000000000036e8                strrev
                0x0000000000003708                . = ALIGN (0x2)
 *(.fini9)
 .fini9         0x0000000000003708        0x0 /usr/lib/gcc/avr/4.9.2/avrxmega4/libgcc.a(_exit.o)
                0x0000000000003708                exit
                0x0000000000003708                _exit
 *(.fini9)
 *(.fini8)
 *(.fini8)
 *(.fini7)
 *(.fini7)
 *(.fini6)
 *(.fini6)
 *(.fini5)
 *(.fini5)
 *(.fini4)
 *(.fini4)
 *(.fini3)
 *(.fini3)
 *(.fini2)
 *(.fini2)
 *(.fini1)
 *(.fini1)
 *(.fini0)
 .fini0         0x0000000000003708        0x4 /usr/lib/gcc/avr/4.9.2/avrxmega4/libgcc.a(_exit.o)
 *(.fini0)
                0x000000000000370c                _etext = .

.BOOT           0x000000000000370c       0x7e
 .BOOT          0x000000000000370c       0x3a ./twi/sp_driver.o
                0x000000000000370c                SP_LoadFlashPage
 .BOOT          0x0000000000003746       0x44 ./ASF/xmega/drivers/nvm/nvm_asm.o
                0x0000000000003746                nvm_common_spm
                0x0000000000003764                nvm_flash_load_word_to_buffer

.data           0x0000000000802000      0x4d4 load address 0x000000000000378a
                0x0000000000802000                PROVIDE (__data_start, .)
 *(.data)
 .data          0x0000000000802000        0x0 /usr/lib/gcc/avr/4.9.2/../../../../avr/lib/avrxmega4/crtx64a3u.o
 .data          0x0000000000802000        0x0 ./twi/eeprom_driver.o
 .data          0x0000000000802000        0x0 ./twi/sp_driver.o
 .data          0x0000000000802000        0x0 ./twi/twi-master.o
 .data          0x0000000000802000        0x0 ./twi/twi-memory.o
 .data          0x0000000000802000        0x0 ./twi/twi-slave.o
 .data          0x0000000000802000        0x0 ./gfx/testMenu.o
 .data          0x0000000000802000        0x0 ./ASF/xmega/drivers/spi/spi.o
 .data          0x0000000000802000        0x0 ./ASF/xmega/drivers/nvm/nvm.o
 .data          0x0000000000802000        0x0 ./ASF/xmega/drivers/nvm/nvm_asm.o
 .data          0x0000000000802000        0x0 ./ASF/xmega/drivers/cpu/ccp.o
 .data          0x0000000000802000        0x0 ./ASF/xmega/drivers/adc/xmega_aau/adc_aau.o
 .data          0x0000000000802000        0x0 ./ASF/xmega/drivers/adc/adc.o
 .data          0x0000000000802000        0x0 ./ASF/xmega/boards/stk600/rc064x/init.o
 .data          0x0000000000802000        0x0 ./ASF/common/services/spi/xmega_spi/spi_master.o
 .data          0x0000000000802000        0x0 ./ASF/common/services/sleepmgr/xmega/sleepmgr.o
 .data          0x0000000000802000        0x0 ./ASF/common/services/ioport/xmega/ioport_compat.o
 .data          0x0000000000802000        0x0 ./ASF/common/services/gfx_mono/gfx_mono_framebuffer.o
 .data          0x0000000000802000        0x0 ./ASF/common/services/gfx_mono/gfx_mono_generic.o
 .data          0x0000000000802000        0x0 ./ASF/common/services/gfx_mono/gfx_mono_menu.o
 .data          0x0000000000802000        0x0 ./ASF/common/services/gfx_mono/gfx_mono_text.o
 .data          0x0000000000802000        0x0 ./ASF/common/services/gfx_mono/gfx_mono_ug_2832hsweg04.o
 .data          0x0000000000802000        0x0 ./ASF/common/services/gfx_mono/sysfont.o
 .data          0x0000000000802000        0x0 ./ASF/common/services/clock/xmega/sysclk.o
 .data          0x0000000000802000        0x0 ./ASF/common/components/display/ssd1306/font.o
 .data          0x0000000000802000        0x0 ./ASF/common/components/display/ssd1306/ssd1306.o
 .data          0x0000000000802000        0x0 ./adc.o
 .data          0x0000000000802000        0x0 ./main.o
 .data          0x0000000000802000        0x0 ./oled-menu.o
 .data          0x0000000000802000        0x0 /usr/lib/gcc/avr/4.9.2/avrxmega4/libgcc.a(_udivmodqi4.o)
 .data          0x0000000000802000        0x0 /usr/lib/gcc/avr/4.9.2/avrxmega4/libgcc.a(_udivmodsi4.o)
 .data          0x0000000000802000        0x0 /usr/lib/gcc/avr/4.9.2/avrxmega4/libgcc.a(_divmodsi4.o)
 .data          0x0000000000802000        0x0 /usr/lib/gcc/avr/4.9.2/avrxmega4/libgcc.a(_negsi2.o)
 .data          0x0000000000802000        0x0 /usr/lib/gcc/avr/4.9.2/avrxmega4/libgcc.a(_exit.o)
 .data          0x0000000000802000        0x0 /usr/lib/gcc/avr/4.9.2/avrxmega4/libgcc.a(_copy_data.o)
 .data          0x0000000000802000        0x0 /usr/lib/gcc/avr/4.9.2/avrxmega4/libgcc.a(_clear_bss.o)
 .data          0x0000000000802000        0x0 /usr/lib/gcc/avr/4.9.2/../../../../avr/lib/avrxmega4/libm.a(fixsfsi.o)
 .data          0x0000000000802000        0x0 /usr/lib/gcc/avr/4.9.2/../../../../avr/lib/avrxmega4/libm.a(fixunssfsi.o)
 .data          0x0000000000802000        0x0 /usr/lib/gcc/avr/4.9.2/../../../../avr/lib/avrxmega4/libm.a(floatsisf.o)
 .data          0x0000000000802000        0x0 /usr/lib/gcc/avr/4.9.2/../../../../avr/lib/avrxmega4/libm.a(fp_split3.o)
 .data          0x0000000000802000        0x0 /usr/lib/gcc/avr/4.9.2/../../../../avr/lib/avrxmega4/libm.a(fp_zero.o)
 .data          0x0000000000802000        0x0 /usr/lib/gcc/avr/4.9.2/../../../../avr/lib/avrxmega4/libm.a(mulsf3.o)
 .data          0x0000000000802000        0x0 /usr/lib/gcc/avr/4.9.2/../../../../avr/lib/avrxmega4/libm.a(mulsf3x.o)
 .data          0x0000000000802000        0x0 /usr/lib/gcc/avr/4.9.2/../../../../avr/lib/avrxmega4/libm.a(round.o)
 .data          0x0000000000802000        0x0 /usr/lib/gcc/avr/4.9.2/../../../../avr/lib/avrxmega4/libm.a(fp_inf.o)
 .data          0x0000000000802000        0x0 /usr/lib/gcc/avr/4.9.2/../../../../avr/lib/avrxmega4/libm.a(fp_mintl.o)
 .data          0x0000000000802000        0x0 /usr/lib/gcc/avr/4.9.2/../../../../avr/lib/avrxmega4/libm.a(fp_mpack.o)
 .data          0x0000000000802000        0x0 /usr/lib/gcc/avr/4.9.2/../../../../avr/lib/avrxmega4/libm.a(fp_nan.o)
 .data          0x0000000000802000        0x0 /usr/lib/gcc/avr/4.9.2/../../../../avr/lib/avrxmega4/libm.a(fp_pscA.o)
 .data          0x0000000000802000        0x0 /usr/lib/gcc/avr/4.9.2/../../../../avr/lib/avrxmega4/libm.a(fp_pscB.o)
 .data          0x0000000000802000        0x0 /usr/lib/gcc/avr/4.9.2/../../../../avr/lib/avrxmega4/libm.a(fp_round.o)
 .data          0x0000000000802000        0x0 /usr/lib/gcc/avr/4.9.2/../../../../avr/lib/avrxmega4/libc.a(memcpy.o)
 .data          0x0000000000802000        0x0 /usr/lib/gcc/avr/4.9.2/../../../../avr/lib/avrxmega4/libc.a(strcpy.o)
 .data          0x0000000000802000        0x0 /usr/lib/gcc/avr/4.9.2/../../../../avr/lib/avrxmega4/libc.a(itoa_ncheck.o)
 .data          0x0000000000802000        0x0 /usr/lib/gcc/avr/4.9.2/../../../../avr/lib/avrxmega4/libc.a(utoa_ncheck.o)
 .data          0x0000000000802000        0x0 /usr/lib/gcc/avr/4.9.2/../../../../avr/lib/avrxmega4/libc.a(strrev.o)
 *(.data*)
 .data.sleepmgr_configs
                0x0000000000802000        0x6 ./ASF/common/services/sleepmgr/xmega/sleepmgr.o
                0x0000000000802000                sleepmgr_configs
 .data.menu_bitmap_indicator
                0x0000000000802006        0x5 ./ASF/common/services/gfx_mono/gfx_mono_menu.o
                0x0000000000802006                menu_bitmap_indicator
 .data.sysfont  0x000000000080200b        0x7 ./ASF/common/services/gfx_mono/sysfont.o
                0x000000000080200b                sysfont
 .data.Font08px_126
                0x0000000000802012        0x6 ./ASF/common/components/display/ssd1306/font.o
                0x0000000000802012                Font08px_126
 .data.Font08px_125
                0x0000000000802018        0x4 ./ASF/common/components/display/ssd1306/font.o
                0x0000000000802018                Font08px_125
 .data.Font08px_124
                0x000000000080201c        0x2 ./ASF/common/components/display/ssd1306/font.o
                0x000000000080201c                Font08px_124
 .data.Font08px_123
                0x000000000080201e        0x4 ./ASF/common/components/display/ssd1306/font.o
                0x000000000080201e                Font08px_123
 .data.Font08px_lz
                0x0000000000802022        0x4 ./ASF/common/components/display/ssd1306/font.o
                0x0000000000802022                Font08px_lz
 .data.Font08px_ly
                0x0000000000802026        0x5 ./ASF/common/components/display/ssd1306/font.o
                0x0000000000802026                Font08px_ly
 .data.Font08px_lx
                0x000000000080202b        0x6 ./ASF/common/components/display/ssd1306/font.o
                0x000000000080202b                Font08px_lx
 .data.Font08px_lw
                0x0000000000802031        0x6 ./ASF/common/components/display/ssd1306/font.o
                0x0000000000802031                Font08px_lw
 .data.Font08px_lv
                0x0000000000802037        0x6 ./ASF/common/components/display/ssd1306/font.o
                0x0000000000802037                Font08px_lv
 .data.Font08px_lu
                0x000000000080203d        0x5 ./ASF/common/components/display/ssd1306/font.o
                0x000000000080203d                Font08px_lu
 .data.Font08px_lt
                0x0000000000802042        0x4 ./ASF/common/components/display/ssd1306/font.o
                0x0000000000802042                Font08px_lt
 .data.Font08px_ls
                0x0000000000802046        0x5 ./ASF/common/components/display/ssd1306/font.o
                0x0000000000802046                Font08px_ls
 .data.Font08px_lr
                0x000000000080204b        0x4 ./ASF/common/components/display/ssd1306/font.o
                0x000000000080204b                Font08px_lr
 .data.Font08px_lq
                0x000000000080204f        0x5 ./ASF/common/components/display/ssd1306/font.o
                0x000000000080204f                Font08px_lq
 .data.Font08px_lp
                0x0000000000802054        0x5 ./ASF/common/components/display/ssd1306/font.o
                0x0000000000802054                Font08px_lp
 .data.Font08px_lo
                0x0000000000802059        0x5 ./ASF/common/components/display/ssd1306/font.o
                0x0000000000802059                Font08px_lo
 .data.Font08px_ln
                0x000000000080205e        0x5 ./ASF/common/components/display/ssd1306/font.o
                0x000000000080205e                Font08px_ln
 .data.Font08px_lm
                0x0000000000802063        0x6 ./ASF/common/components/display/ssd1306/font.o
                0x0000000000802063                Font08px_lm
 .data.Font08px_ll
                0x0000000000802069        0x2 ./ASF/common/components/display/ssd1306/font.o
                0x0000000000802069                Font08px_ll
 .data.Font08px_lk
                0x000000000080206b        0x5 ./ASF/common/components/display/ssd1306/font.o
                0x000000000080206b                Font08px_lk
 .data.Font08px_lj
                0x0000000000802070        0x3 ./ASF/common/components/display/ssd1306/font.o
                0x0000000000802070                Font08px_lj
 .data.Font08px_li
                0x0000000000802073        0x2 ./ASF/common/components/display/ssd1306/font.o
                0x0000000000802073                Font08px_li
 .data.Font08px_lh
                0x0000000000802075        0x5 ./ASF/common/components/display/ssd1306/font.o
                0x0000000000802075                Font08px_lh
 .data.Font08px_lg
                0x000000000080207a        0x5 ./ASF/common/components/display/ssd1306/font.o
                0x000000000080207a                Font08px_lg
 .data.Font08px_lf
                0x000000000080207f        0x4 ./ASF/common/components/display/ssd1306/font.o
                0x000000000080207f                Font08px_lf
 .data.Font08px_le
                0x0000000000802083        0x5 ./ASF/common/components/display/ssd1306/font.o
                0x0000000000802083                Font08px_le
 .data.Font08px_ld
                0x0000000000802088        0x5 ./ASF/common/components/display/ssd1306/font.o
                0x0000000000802088                Font08px_ld
 .data.Font08px_lc
                0x000000000080208d        0x5 ./ASF/common/components/display/ssd1306/font.o
                0x000000000080208d                Font08px_lc
 .data.Font08px_lb
                0x0000000000802092        0x5 ./ASF/common/components/display/ssd1306/font.o
                0x0000000000802092                Font08px_lb
 .data.Font08px_la
                0x0000000000802097        0x5 ./ASF/common/components/display/ssd1306/font.o
                0x0000000000802097                Font08px_la
 .data.Font08px_96
                0x000000000080209c        0x3 ./ASF/common/components/display/ssd1306/font.o
                0x000000000080209c                Font08px_96
 .data.Font08px_95
                0x000000000080209f        0x4 ./ASF/common/components/display/ssd1306/font.o
                0x000000000080209f                Font08px_95
 .data.Font08px_94
                0x00000000008020a3        0x4 ./ASF/common/components/display/ssd1306/font.o
                0x00000000008020a3                Font08px_94
 .data.Font08px_93
                0x00000000008020a7        0x4 ./ASF/common/components/display/ssd1306/font.o
                0x00000000008020a7                Font08px_93
 .data.Font08px_92
                0x00000000008020ab        0x4 ./ASF/common/components/display/ssd1306/font.o
                0x00000000008020ab                Font08px_92
 .data.Font08px_91
                0x00000000008020af        0x4 ./ASF/common/components/display/ssd1306/font.o
                0x00000000008020af                Font08px_91
 .data.Font08px_UZ
                0x00000000008020b3        0x6 ./ASF/common/components/display/ssd1306/font.o
                0x00000000008020b3                Font08px_UZ
 .data.Font08px_UY
                0x00000000008020b9        0x6 ./ASF/common/components/display/ssd1306/font.o
                0x00000000008020b9                Font08px_UY
 .data.Font08px_UX
                0x00000000008020bf        0x6 ./ASF/common/components/display/ssd1306/font.o
                0x00000000008020bf                Font08px_UX
 .data.Font08px_UW
                0x00000000008020c5        0x6 ./ASF/common/components/display/ssd1306/font.o
                0x00000000008020c5                Font08px_UW
 .data.Font08px_UV
                0x00000000008020cb        0x6 ./ASF/common/components/display/ssd1306/font.o
                0x00000000008020cb                Font08px_UV
 .data.Font08px_UU
                0x00000000008020d1        0x5 ./ASF/common/components/display/ssd1306/font.o
                0x00000000008020d1                Font08px_UU
 .data.Font08px_UT
                0x00000000008020d6        0x6 ./ASF/common/components/display/ssd1306/font.o
                0x00000000008020d6                Font08px_UT
 .data.Font08px_US
                0x00000000008020dc        0x5 ./ASF/common/components/display/ssd1306/font.o
                0x00000000008020dc                Font08px_US
 .data.Font08px_UR
                0x00000000008020e1        0x5 ./ASF/common/components/display/ssd1306/font.o
                0x00000000008020e1                Font08px_UR
 .data.Font08px_UQ
                0x00000000008020e6        0x6 ./ASF/common/components/display/ssd1306/font.o
                0x00000000008020e6                Font08px_UQ
 .data.Font08px_UP
                0x00000000008020ec        0x5 ./ASF/common/components/display/ssd1306/font.o
                0x00000000008020ec                Font08px_UP
 .data.Font08px_UO
                0x00000000008020f1        0x5 ./ASF/common/components/display/ssd1306/font.o
                0x00000000008020f1                Font08px_UO
 .data.Font08px_UN
                0x00000000008020f6        0x6 ./ASF/common/components/display/ssd1306/font.o
                0x00000000008020f6                Font08px_UN
 .data.Font08px_UM
                0x00000000008020fc        0x6 ./ASF/common/components/display/ssd1306/font.o
                0x00000000008020fc                Font08px_UM
 .data.Font08px_UL
                0x0000000000802102        0x5 ./ASF/common/components/display/ssd1306/font.o
                0x0000000000802102                Font08px_UL
 .data.Font08px_UK
                0x0000000000802107        0x6 ./ASF/common/components/display/ssd1306/font.o
                0x0000000000802107                Font08px_UK
 .data.Font08px_UJ
                0x000000000080210d        0x5 ./ASF/common/components/display/ssd1306/font.o
                0x000000000080210d                Font08px_UJ
 .data.Font08px_UI
                0x0000000000802112        0x4 ./ASF/common/components/display/ssd1306/font.o
                0x0000000000802112                Font08px_UI
 .data.Font08px_UH
                0x0000000000802116        0x5 ./ASF/common/components/display/ssd1306/font.o
                0x0000000000802116                Font08px_UH
 .data.Font08px_UG
                0x000000000080211b        0x6 ./ASF/common/components/display/ssd1306/font.o
                0x000000000080211b                Font08px_UG
 .data.Font08px_UF
                0x0000000000802121        0x5 ./ASF/common/components/display/ssd1306/font.o
                0x0000000000802121                Font08px_UF
 .data.Font08px_UE
                0x0000000000802126        0x5 ./ASF/common/components/display/ssd1306/font.o
                0x0000000000802126                Font08px_UE
 .data.Font08px_UD
                0x000000000080212b        0x5 ./ASF/common/components/display/ssd1306/font.o
                0x000000000080212b                Font08px_UD
 .data.Font08px_UC
                0x0000000000802130        0x5 ./ASF/common/components/display/ssd1306/font.o
                0x0000000000802130                Font08px_UC
 .data.Font08px_UB
                0x0000000000802135        0x5 ./ASF/common/components/display/ssd1306/font.o
                0x0000000000802135                Font08px_UB
 .data.Font08px_UA
                0x000000000080213a        0x6 ./ASF/common/components/display/ssd1306/font.o
                0x000000000080213a                Font08px_UA
 .data.Font08px_64
                0x0000000000802140        0x9 ./ASF/common/components/display/ssd1306/font.o
                0x0000000000802140                Font08px_64
 .data.Font08px_63
                0x0000000000802149        0x6 ./ASF/common/components/display/ssd1306/font.o
                0x0000000000802149                Font08px_63
 .data.Font08px_62
                0x000000000080214f        0x5 ./ASF/common/components/display/ssd1306/font.o
                0x000000000080214f                Font08px_62
 .data.Font08px_61
                0x0000000000802154        0x5 ./ASF/common/components/display/ssd1306/font.o
                0x0000000000802154                Font08px_61
 .data.Font08px_60
                0x0000000000802159        0x5 ./ASF/common/components/display/ssd1306/font.o
                0x0000000000802159                Font08px_60
 .data.Font08px_59
                0x000000000080215e        0x2 ./ASF/common/components/display/ssd1306/font.o
                0x000000000080215e                Font08px_59
 .data.Font08px_58
                0x0000000000802160        0x2 ./ASF/common/components/display/ssd1306/font.o
                0x0000000000802160                Font08px_58
 .data.Font08px_N9
                0x0000000000802162        0x6 ./ASF/common/components/display/ssd1306/font.o
                0x0000000000802162                Font08px_N9
 .data.Font08px_N8
                0x0000000000802168        0x6 ./ASF/common/components/display/ssd1306/font.o
                0x0000000000802168                Font08px_N8
 .data.Font08px_N7
                0x000000000080216e        0x6 ./ASF/common/components/display/ssd1306/font.o
                0x000000000080216e                Font08px_N7
 .data.Font08px_N6
                0x0000000000802174        0x6 ./ASF/common/components/display/ssd1306/font.o
                0x0000000000802174                Font08px_N6
 .data.Font08px_N5
                0x000000000080217a        0x6 ./ASF/common/components/display/ssd1306/font.o
                0x000000000080217a                Font08px_N5
 .data.Font08px_N4
                0x0000000000802180        0x6 ./ASF/common/components/display/ssd1306/font.o
                0x0000000000802180                Font08px_N4
 .data.Font08px_N3
                0x0000000000802186        0x6 ./ASF/common/components/display/ssd1306/font.o
                0x0000000000802186                Font08px_N3
 .data.Font08px_N2
                0x000000000080218c        0x6 ./ASF/common/components/display/ssd1306/font.o
                0x000000000080218c                Font08px_N2
 .data.Font08px_N1
                0x0000000000802192        0x6 ./ASF/common/components/display/ssd1306/font.o
                0x0000000000802192                Font08px_N1
 .data.Font08px_N0
                0x0000000000802198        0x6 ./ASF/common/components/display/ssd1306/font.o
                0x0000000000802198                Font08px_N0
 .data.Font08px_47
                0x000000000080219e        0x4 ./ASF/common/components/display/ssd1306/font.o
                0x000000000080219e                Font08px_47
 .data.Font08px_46
                0x00000000008021a2        0x2 ./ASF/common/components/display/ssd1306/font.o
                0x00000000008021a2                Font08px_46
 .data.Font08px_45
                0x00000000008021a4        0x4 ./ASF/common/components/display/ssd1306/font.o
                0x00000000008021a4                Font08px_45
 .data.Font08px_44
                0x00000000008021a8        0x2 ./ASF/common/components/display/ssd1306/font.o
                0x00000000008021a8                Font08px_44
 .data.Font08px_43
                0x00000000008021aa        0x4 ./ASF/common/components/display/ssd1306/font.o
                0x00000000008021aa                Font08px_43
 .data.Font08px_42
                0x00000000008021ae        0x4 ./ASF/common/components/display/ssd1306/font.o
                0x00000000008021ae                Font08px_42
 .data.Font08px_41
                0x00000000008021b2        0x4 ./ASF/common/components/display/ssd1306/font.o
                0x00000000008021b2                Font08px_41
 .data.Font08px_40
                0x00000000008021b6        0x4 ./ASF/common/components/display/ssd1306/font.o
                0x00000000008021b6                Font08px_40
 .data.Font08px_39
                0x00000000008021ba        0x2 ./ASF/common/components/display/ssd1306/font.o
                0x00000000008021ba                Font08px_39
 .data.Font08px_38
                0x00000000008021bc        0x6 ./ASF/common/components/display/ssd1306/font.o
                0x00000000008021bc                Font08px_38
 .data.Font08px_37
                0x00000000008021c2        0x6 ./ASF/common/components/display/ssd1306/font.o
                0x00000000008021c2                Font08px_37
 .data.Font08px_36
                0x00000000008021c8        0x6 ./ASF/common/components/display/ssd1306/font.o
                0x00000000008021c8                Font08px_36
 .data.Font08px_35
                0x00000000008021ce        0x6 ./ASF/common/components/display/ssd1306/font.o
                0x00000000008021ce                Font08px_35
 .data.Font08px_34
                0x00000000008021d4        0x4 ./ASF/common/components/display/ssd1306/font.o
                0x00000000008021d4                Font08px_34
 .data.Font08px_33
                0x00000000008021d8        0x2 ./ASF/common/components/display/ssd1306/font.o
                0x00000000008021d8                Font08px_33
 .data.Font08px_32
                0x00000000008021da        0x3 ./ASF/common/components/display/ssd1306/font.o
                0x00000000008021da                Font08px_32
 .data.font_table
                0x00000000008021dd       0xbe ./ASF/common/components/display/ssd1306/font.o
                0x00000000008021dd                font_table
 .data.testMenu
                0x000000000080229b        0x7 ./main.o
                0x000000000080229b                testMenu
 .data.compulab_logo
                0x00000000008022a2        0x5 ./main.o
                0x00000000008022a2                compulab_logo
 .data.main_menu_strings
                0x00000000008022a7        0xc ./main.o
                0x00000000008022a7                main_menu_strings
 .data.compulab_new
                0x00000000008022b3      0x200 ./main.o
                0x00000000008022b3                compulab_new
 *(.rodata)
 *(.rodata*)
 .rodata.str1.1
                0x00000000008024b3       0x20 ./main.o
 *(.gnu.linkonce.d*)
                0x00000000008024d4                . = ALIGN (0x2)
 *fill*         0x00000000008024d3        0x1 
                0x00000000008024d4                _edata = .
                0x00000000008024d4                PROVIDE (__data_end, .)

.bss            0x00000000008024d4      0x634
                0x00000000008024d4                PROVIDE (__bss_start, .)
 *(.bss)
 .bss           0x00000000008024d4        0x0 /usr/lib/gcc/avr/4.9.2/../../../../avr/lib/avrxmega4/crtx64a3u.o
 .bss           0x00000000008024d4        0x0 ./twi/eeprom_driver.o
 .bss           0x00000000008024d4        0x0 ./twi/sp_driver.o
 .bss           0x00000000008024d4        0x0 ./twi/twi-master.o
 .bss           0x00000000008024d4        0x0 ./twi/twi-memory.o
 .bss           0x00000000008024d4        0x0 ./twi/twi-slave.o
 .bss           0x00000000008024d4        0x0 ./gfx/testMenu.o
 .bss           0x00000000008024d4        0x0 ./ASF/xmega/drivers/spi/spi.o
 .bss           0x00000000008024d4        0x0 ./ASF/xmega/drivers/nvm/nvm.o
 .bss           0x00000000008024d4        0x0 ./ASF/xmega/drivers/nvm/nvm_asm.o
 .bss           0x00000000008024d4        0x0 ./ASF/xmega/drivers/cpu/ccp.o
 .bss           0x00000000008024d4        0x0 ./ASF/xmega/drivers/adc/xmega_aau/adc_aau.o
 .bss           0x00000000008024d4        0x0 ./ASF/xmega/drivers/adc/adc.o
 .bss           0x00000000008024d4        0x0 ./ASF/xmega/boards/stk600/rc064x/init.o
 .bss           0x00000000008024d4        0x0 ./ASF/common/services/spi/xmega_spi/spi_master.o
 .bss           0x00000000008024d4        0x0 ./ASF/common/services/sleepmgr/xmega/sleepmgr.o
 .bss           0x00000000008024d4        0x0 ./ASF/common/services/ioport/xmega/ioport_compat.o
 .bss           0x00000000008024d4        0x0 ./ASF/common/services/gfx_mono/gfx_mono_framebuffer.o
 .bss           0x00000000008024d4        0x0 ./ASF/common/services/gfx_mono/gfx_mono_generic.o
 .bss           0x00000000008024d4        0x0 ./ASF/common/services/gfx_mono/gfx_mono_menu.o
 .bss           0x00000000008024d4        0x0 ./ASF/common/services/gfx_mono/gfx_mono_text.o
 .bss           0x00000000008024d4        0x0 ./ASF/common/services/gfx_mono/gfx_mono_ug_2832hsweg04.o
 .bss           0x00000000008024d4        0x0 ./ASF/common/services/gfx_mono/sysfont.o
 .bss           0x00000000008024d4        0x0 ./ASF/common/services/clock/xmega/sysclk.o
 .bss           0x00000000008024d4        0x0 ./ASF/common/components/display/ssd1306/font.o
 .bss           0x00000000008024d4        0x0 ./ASF/common/components/display/ssd1306/ssd1306.o
 .bss           0x00000000008024d4        0x0 ./adc.o
 .bss           0x00000000008024d4        0x0 ./main.o
 .bss           0x00000000008024d4        0x0 ./oled-menu.o
 .bss           0x00000000008024d4        0x0 /usr/lib/gcc/avr/4.9.2/avrxmega4/libgcc.a(_udivmodqi4.o)
 .bss           0x00000000008024d4        0x0 /usr/lib/gcc/avr/4.9.2/avrxmega4/libgcc.a(_udivmodsi4.o)
 .bss           0x00000000008024d4        0x0 /usr/lib/gcc/avr/4.9.2/avrxmega4/libgcc.a(_divmodsi4.o)
 .bss           0x00000000008024d4        0x0 /usr/lib/gcc/avr/4.9.2/avrxmega4/libgcc.a(_negsi2.o)
 .bss           0x00000000008024d4        0x0 /usr/lib/gcc/avr/4.9.2/avrxmega4/libgcc.a(_exit.o)
 .bss           0x00000000008024d4        0x0 /usr/lib/gcc/avr/4.9.2/avrxmega4/libgcc.a(_copy_data.o)
 .bss           0x00000000008024d4        0x0 /usr/lib/gcc/avr/4.9.2/avrxmega4/libgcc.a(_clear_bss.o)
 .bss           0x00000000008024d4        0x0 /usr/lib/gcc/avr/4.9.2/../../../../avr/lib/avrxmega4/libm.a(fixsfsi.o)
 .bss           0x00000000008024d4        0x0 /usr/lib/gcc/avr/4.9.2/../../../../avr/lib/avrxmega4/libm.a(fixunssfsi.o)
 .bss           0x00000000008024d4        0x0 /usr/lib/gcc/avr/4.9.2/../../../../avr/lib/avrxmega4/libm.a(floatsisf.o)
 .bss           0x00000000008024d4        0x0 /usr/lib/gcc/avr/4.9.2/../../../../avr/lib/avrxmega4/libm.a(fp_split3.o)
 .bss           0x00000000008024d4        0x0 /usr/lib/gcc/avr/4.9.2/../../../../avr/lib/avrxmega4/libm.a(fp_zero.o)
 .bss           0x00000000008024d4        0x0 /usr/lib/gcc/avr/4.9.2/../../../../avr/lib/avrxmega4/libm.a(mulsf3.o)
 .bss           0x00000000008024d4        0x0 /usr/lib/gcc/avr/4.9.2/../../../../avr/lib/avrxmega4/libm.a(mulsf3x.o)
 .bss           0x00000000008024d4        0x0 /usr/lib/gcc/avr/4.9.2/../../../../avr/lib/avrxmega4/libm.a(round.o)
 .bss           0x00000000008024d4        0x0 /usr/lib/gcc/avr/4.9.2/../../../../avr/lib/avrxmega4/libm.a(fp_inf.o)
 .bss           0x00000000008024d4        0x0 /usr/lib/gcc/avr/4.9.2/../../../../avr/lib/avrxmega4/libm.a(fp_mintl.o)
 .bss           0x00000000008024d4        0x0 /usr/lib/gcc/avr/4.9.2/../../../../avr/lib/avrxmega4/libm.a(fp_mpack.o)
 .bss           0x00000000008024d4        0x0 /usr/lib/gcc/avr/4.9.2/../../../../avr/lib/avrxmega4/libm.a(fp_nan.o)
 .bss           0x00000000008024d4        0x0 /usr/lib/gcc/avr/4.9.2/../../../../avr/lib/avrxmega4/libm.a(fp_pscA.o)
 .bss           0x00000000008024d4        0x0 /usr/lib/gcc/avr/4.9.2/../../../../avr/lib/avrxmega4/libm.a(fp_pscB.o)
 .bss           0x00000000008024d4        0x0 /usr/lib/gcc/avr/4.9.2/../../../../avr/lib/avrxmega4/libm.a(fp_round.o)
 .bss           0x00000000008024d4        0x0 /usr/lib/gcc/avr/4.9.2/../../../../avr/lib/avrxmega4/libc.a(memcpy.o)
 .bss           0x00000000008024d4        0x0 /usr/lib/gcc/avr/4.9.2/../../../../avr/lib/avrxmega4/libc.a(strcpy.o)
 .bss           0x00000000008024d4        0x0 /usr/lib/gcc/avr/4.9.2/../../../../avr/lib/avrxmega4/libc.a(itoa_ncheck.o)
 .bss           0x00000000008024d4        0x0 /usr/lib/gcc/avr/4.9.2/../../../../avr/lib/avrxmega4/libc.a(utoa_ncheck.o)
 .bss           0x00000000008024d4        0x0 /usr/lib/gcc/avr/4.9.2/../../../../avr/lib/avrxmega4/libc.a(strrev.o)
 *(.bss*)
 .bss.isReadRequest
                0x00000000008024d4        0x1 ./twi/twi-slave.o
 .bss.data_sent
                0x00000000008024d5        0x1 ./twi/twi-slave.o
 .bss.reg_address
                0x00000000008024d6        0x1 ./twi/twi-slave.o
 .bss.slave_address
                0x00000000008024d7        0x1 ./twi/twi-slave.o
 .bss.index     0x00000000008024d8        0x2 ./twi/twi-slave.o
 .bss.adcb_enable_count
                0x00000000008024da        0x1 ./ASF/xmega/drivers/adc/adc.o
 .bss.adca_enable_count
                0x00000000008024db        0x1 ./ASF/xmega/drivers/adc/adc.o
 .bss.fbpointer
                0x00000000008024dc        0x2 ./ASF/common/services/gfx_mono/gfx_mono_framebuffer.o
 .bss.redraw_state.5006
                0x00000000008024de        0x1 ./ASF/common/services/gfx_mono/gfx_mono_menu.o
 .bss.framebuffer
                0x00000000008024df      0x400 ./ASF/common/services/gfx_mono/gfx_mono_ug_2832hsweg04.o
 *(COMMON)
 COMMON         0x00000000008028df      0x20a ./twi/twi-master.o
                0x00000000008028df                currentPackage
                0x0000000000802ae4                isExacuting
                0x0000000000802ae5                sendIndex
                0x0000000000802ae7                retryingCount
 COMMON         0x0000000000802ae9        0x3 ./twi/twi-slave.o
                0x0000000000802ae9                debug
 COMMON         0x0000000000802aec        0x4 ./ASF/xmega/drivers/adc/adc.o
                0x0000000000802aec                adcb_callback
                0x0000000000802aee                adca_callback
 COMMON         0x0000000000802af0        0x6 ./ASF/common/services/sleepmgr/xmega/sleepmgr.o
                0x0000000000802af0                sleepmgr_locks
 COMMON         0x0000000000802af6       0x12 ./main.o
                0x0000000000802af6                powerstring
                0x0000000000802afb                currentPower
                0x0000000000802aff                power
                0x0000000000802b01                buttenLastStatus
                0x0000000000802b02                selectButtonStatus
                0x0000000000802b03                menuEnable
                0x0000000000802b04                leftButtonStatus
                0x0000000000802b05                rightButtonStatus
                0x0000000000802b06                screen_changed
                0x0000000000802b07                buttonStatus
                0x0000000000802b08                PROVIDE (__bss_end, .)
                0x000000000000378a                __data_load_start = LOADADDR (.data)
                0x0000000000003c5e                __data_load_end = (__data_load_start + SIZEOF (.data))

.noinit         0x0000000000802b08        0x0
                0x0000000000802b08                PROVIDE (__noinit_start, .)
 *(.noinit*)
                0x0000000000802b08                PROVIDE (__noinit_end, .)
                0x0000000000802b08                _end = .
                0x0000000000802b08                PROVIDE (__heap_start, .)

.eeprom         0x0000000000810000        0x0
 *(.eeprom*)
                0x0000000000810000                __eeprom_end = .

.fuse
 *(.fuse)
 *(.lfuse)
 *(.hfuse)
 *(.efuse)

.lock
 *(.lock*)

.signature
 *(.signature*)

.stab
 *(.stab)

.stabstr
 *(.stabstr)

.stab.excl
 *(.stab.excl)

.stab.exclstr
 *(.stab.exclstr)

.stab.index
 *(.stab.index)

.stab.indexstr
 *(.stab.indexstr)

.comment        0x0000000000000000       0x27
 *(.comment)
 .comment       0x0000000000000000       0x27 ./twi/eeprom_driver.o
                                         0x28 (size before relaxing)
 .comment       0x0000000000000027       0x28 ./twi/twi-master.o
 .comment       0x0000000000000027       0x28 ./twi/twi-memory.o
 .comment       0x0000000000000027       0x28 ./twi/twi-slave.o
 .comment       0x0000000000000027       0x28 ./gfx/testMenu.o
 .comment       0x0000000000000027       0x28 ./ASF/xmega/drivers/spi/spi.o
 .comment       0x0000000000000027       0x28 ./ASF/xmega/drivers/nvm/nvm.o
 .comment       0x0000000000000027       0x28 ./ASF/xmega/drivers/adc/xmega_aau/adc_aau.o
 .comment       0x0000000000000027       0x28 ./ASF/xmega/drivers/adc/adc.o
 .comment       0x0000000000000027       0x28 ./ASF/xmega/boards/stk600/rc064x/init.o
 .comment       0x0000000000000027       0x28 ./ASF/common/services/spi/xmega_spi/spi_master.o
 .comment       0x0000000000000027       0x28 ./ASF/common/services/sleepmgr/xmega/sleepmgr.o
 .comment       0x0000000000000027       0x28 ./ASF/common/services/ioport/xmega/ioport_compat.o
 .comment       0x0000000000000027       0x28 ./ASF/common/services/gfx_mono/gfx_mono_framebuffer.o
 .comment       0x0000000000000027       0x28 ./ASF/common/services/gfx_mono/gfx_mono_generic.o
 .comment       0x0000000000000027       0x28 ./ASF/common/services/gfx_mono/gfx_mono_menu.o
 .comment       0x0000000000000027       0x28 ./ASF/common/services/gfx_mono/gfx_mono_text.o
 .comment       0x0000000000000027       0x28 ./ASF/common/services/gfx_mono/gfx_mono_ug_2832hsweg04.o
 .comment       0x0000000000000027       0x28 ./ASF/common/services/gfx_mono/sysfont.o
 .comment       0x0000000000000027       0x28 ./ASF/common/services/clock/xmega/sysclk.o
 .comment       0x0000000000000027       0x28 ./ASF/common/components/display/ssd1306/font.o
 .comment       0x0000000000000027       0x28 ./ASF/common/components/display/ssd1306/ssd1306.o
 .comment       0x0000000000000027       0x28 ./adc.o
 .comment       0x0000000000000027       0x28 ./main.o