Archive member included to satisfy reference by file (symbol)

/usr/lib/gcc/avr/5.2.0/avrxmega4/libgcc.a(_udivmodqi4.o)
                              ./ASF/common/services/gfx_mono/gfx_mono_menu.o (__udivmodqi4)
/usr/lib/gcc/avr/5.2.0/avrxmega4/libgcc.a(_udivmodsi4.o)
                              ./ASF/xmega/drivers/spi/spi.o (__udivmodsi4)
/usr/lib/gcc/avr/5.2.0/avrxmega4/libgcc.a(_divmodsi4.o)
                              ./adc/adc.o (__divmodsi4)
/usr/lib/gcc/avr/5.2.0/avrxmega4/libgcc.a(_negsi2.o)
                              /usr/lib/gcc/avr/5.2.0/avrxmega4/libgcc.a(_divmodsi4.o) (__negsi2)
/usr/lib/gcc/avr/5.2.0/avrxmega4/libgcc.a(_exit.o)
                              /usr/lib/gcc/avr/5.2.0/../../../../avr/lib/avrxmega4/crtatxmega64a3u.o (exit)
/usr/lib/gcc/avr/5.2.0/avrxmega4/libgcc.a(_copy_data.o)
                              ./gfx/test/sampleMainMenu.o (__do_copy_data)
/usr/lib/gcc/avr/5.2.0/avrxmega4/libgcc.a(_clear_bss.o)
                              ./twi/twi-master.o (__do_clear_bss)
/usr/lib/gcc/avr/5.2.0/../../../../avr/lib/avrxmega4/libm.a(fixsfsi.o)
                              ./adc/adc.o (__fixsfsi)
/usr/lib/gcc/avr/5.2.0/../../../../avr/lib/avrxmega4/libm.a(fixunssfsi.o)
                              /usr/lib/gcc/avr/5.2.0/../../../../avr/lib/avrxmega4/libm.a(fixsfsi.o) (__fixunssfsi)
/usr/lib/gcc/avr/5.2.0/../../../../avr/lib/avrxmega4/libm.a(floatsisf.o)
                              ./adc/adc.o (__floatsisf)
/usr/lib/gcc/avr/5.2.0/../../../../avr/lib/avrxmega4/libm.a(fp_split3.o)
                              /usr/lib/gcc/avr/5.2.0/../../../../avr/lib/avrxmega4/libm.a(fixunssfsi.o) (__fp_splitA)
/usr/lib/gcc/avr/5.2.0/../../../../avr/lib/avrxmega4/libm.a(fp_zero.o)
                              /usr/lib/gcc/avr/5.2.0/../../../../avr/lib/avrxmega4/libm.a(fixunssfsi.o) (__fp_zero)
/usr/lib/gcc/avr/5.2.0/../../../../avr/lib/avrxmega4/libm.a(mulsf3.o)
                              ./adc/adc.o (__mulsf3)
/usr/lib/gcc/avr/5.2.0/../../../../avr/lib/avrxmega4/libm.a(mulsf3x.o)
                              /usr/lib/gcc/avr/5.2.0/../../../../avr/lib/avrxmega4/libm.a(mulsf3.o) (__mulsf3x)
/usr/lib/gcc/avr/5.2.0/../../../../avr/lib/avrxmega4/libm.a(round.o)
                              ./adc/adc.o (round)
/usr/lib/gcc/avr/5.2.0/../../../../avr/lib/avrxmega4/libm.a(fp_inf.o)
                              /usr/lib/gcc/avr/5.2.0/../../../../avr/lib/avrxmega4/libm.a(mulsf3x.o) (__fp_inf)
/usr/lib/gcc/avr/5.2.0/../../../../avr/lib/avrxmega4/libm.a(fp_mintl.o)
                              /usr/lib/gcc/avr/5.2.0/../../../../avr/lib/avrxmega4/libm.a(round.o) (__fp_mintl)
/usr/lib/gcc/avr/5.2.0/../../../../avr/lib/avrxmega4/libm.a(fp_mpack.o)
                              /usr/lib/gcc/avr/5.2.0/../../../../avr/lib/avrxmega4/libm.a(round.o) (__fp_mpack)
/usr/lib/gcc/avr/5.2.0/../../../../avr/lib/avrxmega4/libm.a(fp_nan.o)
                              /usr/lib/gcc/avr/5.2.0/../../../../avr/lib/avrxmega4/libm.a(mulsf3x.o) (__fp_nan)
/usr/lib/gcc/avr/5.2.0/../../../../avr/lib/avrxmega4/libm.a(fp_pscA.o)
                              /usr/lib/gcc/avr/5.2.0/../../../../avr/lib/avrxmega4/libm.a(mulsf3x.o) (__fp_pscA)
/usr/lib/gcc/avr/5.2.0/../../../../avr/lib/avrxmega4/libm.a(fp_pscB.o)
                              /usr/lib/gcc/avr/5.2.0/../../../../avr/lib/avrxmega4/libm.a(mulsf3x.o) (__fp_pscB)
/usr/lib/gcc/avr/5.2.0/../../../../avr/lib/avrxmega4/libm.a(fp_round.o)
                              /usr/lib/gcc/avr/5.2.0/../../../../avr/lib/avrxmega4/libm.a(mulsf3.o) (__fp_round)
/usr/lib/gcc/avr/5.2.0/../../../../avr/lib/avrxmega4/libc.a(malloc.o)
                              ./gfx/test/sampleMainMenu.o (malloc)
/usr/lib/gcc/avr/5.2.0/../../../../avr/lib/avrxmega4/libc.a(memcpy.o)
                              ./ASF/xmega/drivers/nvm/nvm.o (memcpy)
/usr/lib/gcc/avr/5.2.0/../../../../avr/lib/avrxmega4/libc.a(itoa_ncheck.o)
                              ./adc/adc.o (__itoa_ncheck)
/usr/lib/gcc/avr/5.2.0/../../../../avr/lib/avrxmega4/libc.a(utoa_ncheck.o)
                              /usr/lib/gcc/avr/5.2.0/../../../../avr/lib/avrxmega4/libc.a(itoa_ncheck.o) (__utoa_common)
/usr/lib/gcc/avr/5.2.0/../../../../avr/lib/avrxmega4/libc.a(strrev.o)
                              /usr/lib/gcc/avr/5.2.0/../../../../avr/lib/avrxmega4/libc.a(utoa_ncheck.o) (strrev)

Allocating common symbols
Common symbol       size              file

currentPower        0x4               ./adc/adc.o
currentPackage      0x205             ./twi/twi-master.o
adcb_callback       0x2               ./ASF/xmega/drivers/adc/adc.o
debug               0x3               ./twi/twi-slave.o
__brkval            0x2               /usr/lib/gcc/avr/5.2.0/../../../../avr/lib/avrxmega4/libc.a(malloc.o)
isExacuting         0x1               ./twi/twi-master.o
presentMenu         0x2               ./gfx/test/sampleMainMenu.o
sendIndex           0x2               ./twi/twi-master.o
retryingCount       0x2               ./twi/twi-master.o
[...]
Memory Configuration

Name             Origin             Length             Attributes
text             0x0000000000000000 0x0000000000100000 xr
data             0x0000000000802000 0x000000000000ffa0 rw !x
eeprom           0x0000000000810000 0x0000000000010000 rw !x
fuse             0x0000000000820000 0x0000000000000400 rw !x
lock             0x0000000000830000 0x0000000000000400 rw !x
signature        0x0000000000840000 0x0000000000000400 rw !x
*default*        0x0000000000000000 0xffffffffffffffff

Linker script and memory map

LOAD /usr/lib/gcc/avr/5.2.0/../../../../avr/lib/avrxmega4/crtatxmega64a3u.o
LOAD ./twi/eeprom_driver.o
LOAD ./twi/sp_driver.o
LOAD ./twi/testTwi.o
LOAD ./twi/twi-master.o
LOAD ./twi/twi-memory.o
LOAD ./twi/twi-slave.o
LOAD ./timer/tc.o
LOAD ./gfx/test/sampleMainMenu.o
LOAD ./gfx/test/sampleSubMenu.o
LOAD ./gfx/keypad.o
LOAD ./gfx/logos.o
LOAD ./gfx/menu-handler.o
LOAD ./adc/adc.o
LOAD ./action_menu/action_menu_factory.o
LOAD ./action_menu/gfx_action_menu.o
LOAD ./ASF/xmega/drivers/spi/spi.o
LOAD ./ASF/xmega/drivers/nvm/nvm.o
LOAD ./ASF/xmega/drivers/nvm/nvm_asm.o
LOAD ./ASF/xmega/drivers/cpu/ccp.o
LOAD ./ASF/xmega/drivers/adc/xmega_aau/adc_aau.o
LOAD ./ASF/xmega/drivers/adc/adc.o
LOAD ./ASF/xmega/boards/stk600/rc064x/init.o
LOAD ./ASF/common/services/spi/xmega_spi/spi_master.o
LOAD ./ASF/common/services/sleepmgr/xmega/sleepmgr.o
LOAD ./ASF/common/services/ioport/xmega/ioport_compat.o
LOAD ./ASF/common/services/gfx_mono/gfx_mono_framebuffer.o
LOAD ./ASF/common/services/gfx_mono/gfx_mono_generic.o
LOAD ./ASF/common/services/gfx_mono/gfx_mono_menu.o
LOAD ./ASF/common/services/gfx_mono/gfx_mono_text.o
LOAD ./ASF/common/services/gfx_mono/gfx_mono_ug_2832hsweg04.o
LOAD ./ASF/common/services/gfx_mono/sysfont.o
LOAD ./ASF/common/services/clock/xmega/sysclk.o
LOAD ./ASF/common/components/display/ssd1306/font.o
LOAD ./ASF/common/components/display/ssd1306/ssd1306.o
LOAD ./main.o
LOAD ./power-state.o
START GROUP
LOAD /usr/lib/gcc/avr/5.2.0/avrxmega4/libgcc.a
LOAD /usr/lib/gcc/avr/5.2.0/../../../../avr/lib/avrxmega4/libm.a
LOAD /usr/lib/gcc/avr/5.2.0/../../../../avr/lib/avrxmega4/libc.a
LOAD /usr/lib/gcc/avr/5.2.0/../../../../avr/lib/avrxmega4/libatxmega64a3u.a
END GROUP

.hash
 *(.hash)

.dynsym
 *(.dynsym)

.dynstr
 *(.dynstr)

.gnu.version
 *(.gnu.version)

.gnu.version_d
 *(.gnu.version_d)

.gnu.version_r
 *(.gnu.version_r)

.rel.init
 *(.rel.init)

.rela.init
 *(.rela.init)

.rel.text
 *(.rel.text)
 *(.rel.text.*)
 *(.rel.gnu.linkonce.t*)

.rela.text
 *(.rela.text)
 *(.rela.text.*)
 *(.rela.gnu.linkonce.t*)

.rel.fini
 *(.rel.fini)

.rela.fini
 *(.rela.fini)

.rel.rodata
 *(.rel.rodata)
 *(.rel.rodata.*)
 *(.rel.gnu.linkonce.r*)

.rela.rodata
 *(.rela.rodata)
 *(.rela.rodata.*)
 *(.rela.gnu.linkonce.r*)

.rel.data
 *(.rel.data)
 *(.rel.data.*)
 *(.rel.gnu.linkonce.d*)

.rela.data
 *(.rela.data)
 *(.rela.data.*)
 *(.rela.gnu.linkonce.d*)

.rel.ctors
 *(.rel.ctors)

.rela.ctors
 *(.rela.ctors)

.rel.dtors
 *(.rel.dtors)

.rela.dtors
 *(.rela.dtors)

.rel.got
 *(.rel.got)

.rela.got
 *(.rela.got)

.rel.bss
 *(.rel.bss)

.rela.bss
 *(.rela.bss)

.rel.plt
 *(.rel.plt)

.rela.plt
 *(.rela.plt)

.text           0x0000000000000000     0x4090
 *(.vectors)
 .vectors       0x0000000000000000      0x1fc /usr/lib/gcc/avr/5.2.0/../../../../avr/lib/avrxmega4/crtatxmega64a3u.o
                0x0000000000000000                __vectors
                0x0000000000000000                __vector_default
 *(.vectors)
 *(.progmem.gcc*)
                0x00000000000001fc                . = ALIGN (0x2)
                0x00000000000001fc                __trampolines_start = .
 *(.trampolines)
 .trampolines   0x00000000000001fc        0x0 linker stubs
 *(.trampolines*)
                0x00000000000001fc                __trampolines_end = .
 *(.progmem*)
 .progmem.data.main_menu_6
                0x00000000000001fc        0xd ./gfx/test/sampleMainMenu.o
                0x00000000000001fc                main_menu_6
 .progmem.data.main_menu_5
                0x0000000000000209        0xb ./gfx/test/sampleMainMenu.o
                0x0000000000000209                main_menu_5
 .progmem.data.main_menu_4
                0x0000000000000214        0xf ./gfx/test/sampleMainMenu.o
                0x0000000000000214                main_menu_4
 .progmem.data.main_menu_3
                0x0000000000000223        0xa ./gfx/test/sampleMainMenu.o
                0x0000000000000223                main_menu_3
 .progmem.data.main_menu_2
                0x000000000000022d       0x14 ./gfx/test/sampleMainMenu.o
                0x000000000000022d                main_menu_2
 .progmem.data.main_menu_1
                0x0000000000000241       0x13 ./gfx/test/sampleMainMenu.o
                0x0000000000000241                main_menu_1
 .progmem.data.main_menu_title
                0x0000000000000254       0x10 ./gfx/test/sampleMainMenu.o
                0x0000000000000254                main_menu_title
 .progmem.data.sub_menu_3
                0x0000000000000264       0x13 ./gfx/test/sampleSubMenu.o
                0x0000000000000264                sub_menu_3
 .progmem.data.sub_menu_2
                0x0000000000000277        0xd ./gfx/test/sampleSubMenu.o
                0x0000000000000277                sub_menu_2
 .progmem.data.sub_menu_1
                0x0000000000000284        0xa ./gfx/test/sampleSubMenu.o
                0x0000000000000284                sub_menu_1
 .progmem.data.sub_menu_title
                0x000000000000028e       0x14 ./gfx/test/sampleSubMenu.o
                0x000000000000028e                sub_menu_title
 .progmem.data.arrow_right_data
                0x00000000000002a2        0x4 ./ASF/common/services/gfx_mono/gfx_mono_menu.o
                0x00000000000002a2                arrow_right_data
 .progmem.data.sysfont_glyphs
                0x00000000000002a6      0x2a0 ./ASF/common/services/gfx_mono/sysfont.o
                0x0000000000000546                . = ALIGN (0x2)
 *(.jumptables)
 *(.jumptables*)
 *(.lowtext)
 *(.lowtext*)
                0x0000000000000546                __ctors_start = .
 *(.ctors)
                0x0000000000000546                __ctors_end = .
                0x0000000000000546                __dtors_start = .
 *(.dtors)
                0x0000000000000546                __dtors_end = .
 SORT(*)(.ctors)
 SORT(*)(.dtors)
 *(.init0)
 .init0         0x0000000000000546        0x0 /usr/lib/gcc/avr/5.2.0/../../../../avr/lib/avrxmega4/crtatxmega64a3u.o
                0x0000000000000546                __init
 *(.init0)
 *(.init1)
 *(.init1)
 *(.init2)
 .init2         0x0000000000000546        0xc /usr/lib/gcc/avr/5.2.0/../../../../avr/lib/avrxmega4/crtatxmega64a3u.o
 *(.init2)
 *(.init3)
 *(.init3)
 *(.init4)
 .init4         0x0000000000000552       0x1a /usr/lib/gcc/avr/5.2.0/avrxmega4/libgcc.a(_copy_data.o)
                0x0000000000000552                __do_copy_data
 .init4         0x000000000000056c       0x10 /usr/lib/gcc/avr/5.2.0/avrxmega4/libgcc.a(_clear_bss.o)
                0x000000000000056c                __do_clear_bss
 *(.init4)
 *(.init5)
 *(.init5)
 *(.init6)
 *(.init6)
 *(.init7)
 *(.init7)
 *(.init8)
 *(.init8)
 *(.init9)
 .init9         0x000000000000057c        0x8 /usr/lib/gcc/avr/5.2.0/../../../../avr/lib/avrxmega4/crtatxmega64a3u.o
 *(.init9)
 *(.text)
 .text          0x0000000000000584        0x4 /usr/lib/gcc/avr/5.2.0/../../../../avr/lib/avrxmega4/crtatxmega64a3u.o
                0x0000000000000584                __vector_38
                0x0000000000000584                __vector_22
                0x0000000000000584                __vector_63
                0x0000000000000584                __vector_28
                0x0000000000000584                __vector_67
                0x0000000000000584                __vector_1
                0x0000000000000584                __vector_119
                0x0000000000000584                __vector_32
                0x0000000000000584                __vector_75
                0x0000000000000584                __vector_91
                0x0000000000000584                __vector_34
                0x0000000000000584                __vector_62
                0x0000000000000584                __vector_77
                0x0000000000000584                __vector_102
                0x0000000000000584                __vector_24
                0x0000000000000584                __vector_12
                0x0000000000000584                __vector_55
                0x0000000000000584                __vector_69
                0x0000000000000584                __vector_81
                0x0000000000000584                __vector_90
                0x0000000000000584                __vector_46
                0x0000000000000584                __bad_interrupt
                0x0000000000000584                __vector_122
                0x0000000000000584                __vector_114
                0x0000000000000584                __vector_6
                0x0000000000000584                __vector_110
                0x0000000000000584                __vector_31
                0x0000000000000584                __vector_92
                0x0000000000000584                __vector_35
                0x0000000000000584                __vector_78
                0x0000000000000584                __vector_117
                0x0000000000000584                __vector_107
                0x0000000000000584                __vector_3
                0x0000000000000584                __vector_105
                0x0000000000000584                __vector_98
                0x0000000000000584                __vector_23
                0x0000000000000584                __vector_68
                0x0000000000000584                __vector_30
                0x0000000000000584                __vector_25
                0x0000000000000584                __vector_93
                0x0000000000000584                __vector_61
                0x0000000000000584                __vector_11
                0x0000000000000584                __vector_54
                0x0000000000000584                __vector_99
                0x0000000000000584                __vector_17
                0x0000000000000584                __vector_19
                0x0000000000000584                __vector_56
                0x0000000000000584                __vector_7
                0x0000000000000584                __vector_125
                0x0000000000000584                __vector_49
                0x0000000000000584                __vector_123
                0x0000000000000584                __vector_86
                0x0000000000000584                __vector_100
                0x0000000000000584                __vector_101
                0x0000000000000584                __vector_64
                0x0000000000000584                __vector_88
                0x0000000000000584                __vector_109
                0x0000000000000584                __vector_43
                0x0000000000000584                __vector_27
                0x0000000000000584                __vector_5
                0x0000000000000584                __vector_113
                0x0000000000000584                __vector_33
                0x0000000000000584                __vector_76
                0x0000000000000584                __vector_115
                0x0000000000000584                __vector_47
                0x0000000000000584                __vector_52
                0x0000000000000584                __vector_37
                0x0000000000000584                __vector_95
                0x0000000000000584                __vector_103
                0x0000000000000584                __vector_96
                0x0000000000000584                __vector_89
                0x0000000000000584                __vector_108
                0x0000000000000584                __vector_4
                0x0000000000000584                __vector_44
                0x0000000000000584                __vector_82
                0x0000000000000584                __vector_106
                0x0000000000000584                __vector_118
                0x0000000000000584                __vector_51
                0x0000000000000584                __vector_9
                0x0000000000000584                __vector_2
                0x0000000000000584                __vector_21
                0x0000000000000584                __vector_15
                0x0000000000000584                __vector_66
                0x0000000000000584                __vector_36
                0x0000000000000584                __vector_79
                0x0000000000000584                __vector_58
                0x0000000000000584                __vector_70
                0x0000000000000584                __vector_83
                0x0000000000000584                __vector_29
                0x0000000000000584                __vector_60
                0x0000000000000584                __vector_121
                0x0000000000000584                __vector_85
                0x0000000000000584                __vector_94
                0x0000000000000584                __vector_126
                0x0000000000000584                __vector_8
                0x0000000000000584                __vector_26
                0x0000000000000584                __vector_48
                0x0000000000000584                __vector_124
                0x0000000000000584                __vector_116
                0x0000000000000584                __vector_112
                0x0000000000000584                __vector_111
                0x0000000000000584                __vector_80
                0x0000000000000584                __vector_14
                0x0000000000000584                __vector_84
                0x0000000000000584                __vector_57
                0x0000000000000584                __vector_53
                0x0000000000000584                __vector_10
                0x0000000000000584                __vector_50
                0x0000000000000584                __vector_16
                0x0000000000000584                __vector_59
                0x0000000000000584                __vector_18
                0x0000000000000584                __vector_97
                0x0000000000000584                __vector_20
                0x0000000000000584                __vector_87
                0x0000000000000584                __vector_65
                0x0000000000000584                __vector_120
 .text          0x0000000000000588        0x0 ./twi/eeprom_driver.o
 .text          0x0000000000000588      0x12a ./twi/sp_driver.o
                0x0000000000000588                SP_ReadByte
                0x0000000000000594                SP_ReadWord
                0x00000000000005a2                SP_ReadCalibrationByte
                0x00000000000005a6                SP_ReadUserSignatureByte
                0x00000000000005aa                SP_ReadFuseByte
                0x00000000000005c0                SP_WriteLockBits
                0x00000000000005c8                SP_ReadLockBits
                0x00000000000005ce                SP_EraseUserSignatureRow
                0x00000000000005d6                SP_WriteUserSignatureRow
                0x00000000000005de                SP_EraseApplicationSection
                0x00000000000005e6                SP_EraseApplicationPage
                0x00000000000005f2                SP_LoadFlashWord
                0x00000000000005fc                SP_ReadFlashPage
                0x000000000000061e                SP_WriteApplicationPage
                0x000000000000062a                SP_EraseWriteApplicationPage
                0x0000000000000636                SP_EraseFlashBuffer
                0x000000000000063e                SP_EraseBootPage
                0x000000000000064a                SP_WriteBootPage
                0x0000000000000656                SP_EraseWriteBootPage
                0x0000000000000662                SP_ApplicationCRC
                0x0000000000000666                SP_BootCRC
                0x000000000000066a                SP_LockSPM
                0x0000000000000678                SP_WaitForSPM
 .text          0x00000000000006b2        0x0 ./twi/testTwi.o
 .text          0x00000000000006b2        0x0 ./twi/twi-master.o
 .text          0x00000000000006b2        0x0 ./twi/twi-memory.o
 .text          0x00000000000006b2        0x0 ./twi/twi-slave.o
 .text          0x00000000000006b2        0x0 ./timer/tc.o
 .text          0x00000000000006b2        0x0 ./gfx/test/sampleMainMenu.o
 .text          0x00000000000006b2        0x0 ./gfx/test/sampleSubMenu.o
 .text          0x00000000000006b2        0x0 ./gfx/keypad.o
 .text          0x00000000000006b2        0x0 ./gfx/logos.o
 .text          0x00000000000006b2        0x0 ./gfx/menu-handler.o
 .text          0x00000000000006b2        0x0 ./adc/adc.o
 .text          0x00000000000006b2        0x0 ./action_menu/action_menu_factory.o
 .text          0x00000000000006b2        0x0 ./action_menu/gfx_action_menu.o
 .text          0x00000000000006b2        0x0 ./ASF/xmega/drivers/spi/spi.o
 .text          0x00000000000006b2        0x0 ./ASF/xmega/drivers/nvm/nvm.o
 .text          0x00000000000006b2        0x0 ./ASF/xmega/drivers/nvm/nvm_asm.o
 .text          0x00000000000006b2        0x0 ./ASF/xmega/drivers/cpu/ccp.o
 .text          0x00000000000006b2        0x0 ./ASF/xmega/drivers/adc/xmega_aau/adc_aau.o
 .text          0x00000000000006b2        0x0 ./ASF/xmega/drivers/adc/adc.o
 .text          0x00000000000006b2        0x0 ./ASF/xmega/boards/stk600/rc064x/init.o
 .text          0x00000000000006b2        0x0 ./ASF/common/services/spi/xmega_spi/spi_master.o
 .text          0x00000000000006b2        0x0 ./ASF/common/services/sleepmgr/xmega/sleepmgr.o
 .text          0x00000000000006b2        0x0 ./ASF/common/services/ioport/xmega/ioport_compat.o
 .text          0x00000000000006b2        0x0 ./ASF/common/services/gfx_mono/gfx_mono_framebuffer.o
 .text          0x00000000000006b2        0x0 ./ASF/common/services/gfx_mono/gfx_mono_generic.o
 .text          0x00000000000006b2        0x0 ./ASF/common/services/gfx_mono/gfx_mono_menu.o
 .text          0x00000000000006b2        0x0 ./ASF/common/services/gfx_mono/gfx_mono_text.o
 .text          0x00000000000006b2        0x0 ./ASF/common/services/gfx_mono/gfx_mono_ug_2832hsweg04.o
 .text          0x00000000000006b2        0x0 ./ASF/common/services/gfx_mono/sysfont.o
 .text          0x00000000000006b2        0x0 ./ASF/common/services/clock/xmega/sysclk.o
 .text          0x00000000000006b2        0x0 ./ASF/common/components/display/ssd1306/font.o
 .text          0x00000000000006b2        0x0 ./ASF/common/components/display/ssd1306/ssd1306.o
 .text          0x00000000000006b2        0x0 ./main.o
 .text          0x00000000000006b2        0x0 ./power-state.o
 .text          0x00000000000006b2        0x0 /usr/lib/gcc/avr/5.2.0/avrxmega4/libgcc.a(_udivmodqi4.o)
 .text          0x00000000000006b2        0x0 /usr/lib/gcc/avr/5.2.0/avrxmega4/libgcc.a(_udivmodsi4.o)
 .text          0x00000000000006b2        0x0 /usr/lib/gcc/avr/5.2.0/avrxmega4/libgcc.a(_divmodsi4.o)
 .text          0x00000000000006b2        0x0 /usr/lib/gcc/avr/5.2.0/avrxmega4/libgcc.a(_negsi2.o)
 .text          0x00000000000006b2        0x0 /usr/lib/gcc/avr/5.2.0/avrxmega4/libgcc.a(_exit.o)
 .text          0x00000000000006b2        0x0 /usr/lib/gcc/avr/5.2.0/avrxmega4/libgcc.a(_copy_data.o)
 .text          0x00000000000006b2        0x0 /usr/lib/gcc/avr/5.2.0/avrxmega4/libgcc.a(_clear_bss.o)
 .text          0x00000000000006b2        0x0 /usr/lib/gcc/avr/5.2.0/../../../../avr/lib/avrxmega4/libm.a(fixsfsi.o)
 .text          0x00000000000006b2        0x0 /usr/lib/gcc/avr/5.2.0/../../../../avr/lib/avrxmega4/libm.a(fixunssfsi.o)
 .text          0x00000000000006b2        0x0 /usr/lib/gcc/avr/5.2.0/../../../../avr/lib/avrxmega4/libm.a(floatsisf.o)
 .text          0x00000000000006b2        0x0 /usr/lib/gcc/avr/5.2.0/../../../../avr/lib/avrxmega4/libm.a(fp_split3.o)
 .text          0x00000000000006b2        0x0 /usr/lib/gcc/avr/5.2.0/../../../../avr/lib/avrxmega4/libm.a(fp_zero.o)
 .text          0x00000000000006b2        0x0 /usr/lib/gcc/avr/5.2.0/../../../../avr/lib/avrxmega4/libm.a(mulsf3.o)
 .text          0x00000000000006b2        0x0 /usr/lib/gcc/avr/5.2.0/../../../../avr/lib/avrxmega4/libm.a(mulsf3x.o)
 .text          0x00000000000006b2        0x0 /usr/lib/gcc/avr/5.2.0/../../../../avr/lib/avrxmega4/libm.a(round.o)
 .text          0x00000000000006b2        0x0 /usr/lib/gcc/avr/5.2.0/../../../../avr/lib/avrxmega4/libm.a(fp_inf.o)
 .text          0x00000000000006b2        0x0 /usr/lib/gcc/avr/5.2.0/../../../../avr/lib/avrxmega4/libm.a(fp_mintl.o)
 .text          0x00000000000006b2        0x0 /usr/lib/gcc/avr/5.2.0/../../../../avr/lib/avrxmega4/libm.a(fp_mpack.o)
 .text          0x00000000000006b2        0x0 /usr/lib/gcc/avr/5.2.0/../../../../avr/lib/avrxmega4/libm.a(fp_nan.o)
 .text          0x00000000000006b2        0x0 /usr/lib/gcc/avr/5.2.0/../../../../avr/lib/avrxmega4/libm.a(fp_pscA.o)
 .text          0x00000000000006b2        0x0 /usr/lib/gcc/avr/5.2.0/../../../../avr/lib/avrxmega4/libm.a(fp_pscB.o)
 .text          0x00000000000006b2        0x0 /usr/lib/gcc/avr/5.2.0/../../../../avr/lib/avrxmega4/libm.a(fp_round.o)
 .text          0x00000000000006b2        0x0 /usr/lib/gcc/avr/5.2.0/../../../../avr/lib/avrxmega4/libc.a(malloc.o)
 .text          0x00000000000006b2        0x0 /usr/lib/gcc/avr/5.2.0/../../../../avr/lib/avrxmega4/libc.a(memcpy.o)
 .text          0x00000000000006b2        0x0 /usr/lib/gcc/avr/5.2.0/../../../../avr/lib/avrxmega4/libc.a(itoa_ncheck.o)
 .text          0x00000000000006b2        0x0 /usr/lib/gcc/avr/5.2.0/../../../../avr/lib/avrxmega4/libc.a(utoa_ncheck.o)
 .text          0x00000000000006b2        0x0 /usr/lib/gcc/avr/5.2.0/../../../../avr/lib/avrxmega4/libc.a(strrev.o)
                0x00000000000006b2                . = ALIGN (0x2)
 *(.text.*)
 .text.EEPROM_WaitForNVM
                0x00000000000006b2        0xa ./twi/eeprom_driver.o
                0x00000000000006b2                EEPROM_WaitForNVM
 .text.EEPROM_ReadByte
                0x00000000000006bc       0x58 ./twi/eeprom_driver.o
                0x00000000000006bc                EEPROM_ReadByte
 .text.EEPROM_FlushBuffer
                0x0000000000000714       0x30 ./twi/eeprom_driver.o
                0x0000000000000714                EEPROM_FlushBuffer
 .text.EEPROM_WriteByte
                0x0000000000000744       0x64 ./twi/eeprom_driver.o
                0x0000000000000744                EEPROM_WriteByte
 .text.EEPROM_LoadByte
                0x00000000000007a8       0x30 ./twi/eeprom_driver.o
                0x00000000000007a8                EEPROM_LoadByte
 .text.EEPROM_LoadPage
                0x00000000000007d8       0x30 ./twi/eeprom_driver.o
                0x00000000000007d8                EEPROM_LoadPage
 .text.EEPROM_AtomicWritePage
                0x0000000000000808       0x4c ./twi/eeprom_driver.o
                0x0000000000000808                EEPROM_AtomicWritePage
 .text.EEPROM_ErasePage
                0x0000000000000854       0x4c ./twi/eeprom_driver.o
                0x0000000000000854                EEPROM_ErasePage
 .text.EEPROM_SplitWritePage
                0x00000000000008a0       0x4c ./twi/eeprom_driver.o
                0x00000000000008a0                EEPROM_SplitWritePage
 .text.EEPROM_EraseAll
                0x00000000000008ec       0x28 ./twi/eeprom_driver.o
                0x00000000000008ec                EEPROM_EraseAll
 .text.sendWritePackage
                0x0000000000000914       0x62 ./twi/testTwi.o
                0x0000000000000914                sendWritePackage
 .text.sendReadPackage
                0x0000000000000976       0x58 ./twi/testTwi.o
                0x0000000000000976                sendReadPackage
 .text.twi_master_init
                0x00000000000009ce       0x16 ./twi/twi-master.o
                0x00000000000009ce                twi_master_init
 .text.reset    0x00000000000009e4       0x16 ./twi/twi-master.o
                0x00000000000009e4                reset
 .text.sendAddress
                0x00000000000009fa       0x12 ./twi/twi-master.o
                0x00000000000009fa                sendAddress
 .text.SendReadRequest
                0x0000000000000a0c       0x14 ./twi/twi-master.o
                0x0000000000000a0c                SendReadRequest
 .text.SendPackage
                0x0000000000000a20       0x26 ./twi/twi-master.o
                0x0000000000000a20                SendPackage
 .text.SendAck  0x0000000000000a46        0x8 ./twi/twi-master.o
                0x0000000000000a46                SendAck
 .text.SendStop
                0x0000000000000a4e        0x8 ./twi/twi-master.o
                0x0000000000000a4e                SendStop
 .text.SendNextData
                0x0000000000000a56       0x2a ./twi/twi-master.o
                0x0000000000000a56                SendNextData
 .text.handleGetData
                0x0000000000000a80       0x1e ./twi/twi-master.o
                0x0000000000000a80                handleGetData
 .text.handleSendData
                0x0000000000000a9e       0x34 ./twi/twi-master.o
                0x0000000000000a9e                handleSendData
 .text.handleError
                0x0000000000000ad2       0x1e ./twi/twi-master.o
                0x0000000000000ad2                handleError
 .text.handleBusError
                0x0000000000000af0        0x4 ./twi/twi-master.o
                0x0000000000000af0                handleBusError
 .text.handleArbitrationError
                0x0000000000000af4        0x4 ./twi/twi-master.o
                0x0000000000000af4                handleArbitrationError
 .text.handleAddressNotAcknowledged
                0x0000000000000af8        0x2 ./twi/twi-master.o
                0x0000000000000af8                handleAddressNotAcknowledged
 .text.InterruptHandler
                0x0000000000000afa       0x26 ./twi/twi-master.o
                0x0000000000000afa                InterruptHandler
 .text.twi_EEPROM_WriteByte
                0x0000000000000b20       0x10 ./twi/twi-memory.o
                0x0000000000000b20                twi_EEPROM_WriteByte
 .text.twi_EEPROM_ReadByte
                0x0000000000000b30        0xe ./twi/twi-memory.o
                0x0000000000000b30                twi_EEPROM_ReadByte
 .text.twi_slave_init
                0x0000000000000b3e       0x12 ./twi/twi-slave.o
                0x0000000000000b3e                twi_slave_init
 .text.clear    0x0000000000000b50        0x2 ./twi/twi-slave.o
                0x0000000000000b50                clear
 .text.clear_addresses
                0x0000000000000b52        0xa ./twi/twi-slave.o
                0x0000000000000b52                clear_addresses
 .text.TWI_ACK  0x0000000000000b5c        0x8 ./twi/twi-slave.o
                0x0000000000000b5c                TWI_ACK
 .text.TWI_NACK
                0x0000000000000b64        0x8 ./twi/twi-slave.o
                0x0000000000000b64                TWI_NACK
 .text.TWI_CLEAR_APIF
                0x0000000000000b6c        0xc ./twi/twi-slave.o
                0x0000000000000b6c                TWI_CLEAR_APIF
 .text.TWI_CLEAR_DIF
                0x0000000000000b78        0xc ./twi/twi-slave.o
                0x0000000000000b78                TWI_CLEAR_DIF
 .text.TWI_EndTransmission
                0x0000000000000b84        0x2 ./twi/twi-slave.o
                0x0000000000000b84                TWI_EndTransmission
 .text.handleRead
                0x0000000000000b86       0x24 ./twi/twi-slave.o
                0x0000000000000b86                handleRead
 .text.handleWrite
                0x0000000000000baa       0x1e ./twi/twi-slave.o
                0x0000000000000baa                handleWrite
 .text.TWI_SlaveAddressMatchHandler
                0x0000000000000bc8       0x3e ./twi/twi-slave.o
                0x0000000000000bc8                TWI_SlaveAddressMatchHandler
 .text.TWI_SlaveStopHandler
                0x0000000000000c06        0x4 ./twi/twi-slave.o
                0x0000000000000c06                TWI_SlaveStopHandler
 .text.TWI_SlaveReadDataHandler
                0x0000000000000c0a       0x30 ./twi/twi-slave.o
                0x0000000000000c0a                TWI_SlaveReadDataHandler
 .text.TWI_SlaveWriteDataHandler
                0x0000000000000c3a       0x1a ./twi/twi-slave.o
                0x0000000000000c3a                TWI_SlaveWriteDataHandler
 .text.TWI_SaveAddress
                0x0000000000000c54       0x20 ./twi/twi-slave.o
                0x0000000000000c54                TWI_SaveAddress
 .text.TWI_interrupt_handler
                0x0000000000000c74       0x34 ./twi/twi-slave.o
                0x0000000000000c74                TWI_interrupt_handler
 .text.tc_init  0x0000000000000ca8       0x26 ./timer/tc.o
                0x0000000000000ca8                tc_init
 .text.TC0_ConfigClockSource
                0x0000000000000cce        0xc ./timer/tc.o
                0x0000000000000cce                TC0_ConfigClockSource
 .text.TC1_ConfigClockSource
                0x0000000000000cda        0xc ./timer/tc.o
                0x0000000000000cda                TC1_ConfigClockSource
 .text.TC0_ConfigWGM
                0x0000000000000ce6        0xc ./timer/tc.o
                0x0000000000000ce6                TC0_ConfigWGM
 .text.TC1_ConfigWGM
                0x0000000000000cf2        0xc ./timer/tc.o
                0x0000000000000cf2                TC1_ConfigWGM
 .text.TC0_ConfigInputCapture
                0x0000000000000cfe        0xe ./timer/tc.o
                0x0000000000000cfe                TC0_ConfigInputCapture
 .text.TC1_ConfigInputCapture
                0x0000000000000d0c        0xe ./timer/tc.o
                0x0000000000000d0c                TC1_ConfigInputCapture
 .text.TC0_EnableCCChannels
                0x0000000000000d1a        0xc ./timer/tc.o
                0x0000000000000d1a                TC0_EnableCCChannels
 .text.TC1_EnableCCChannels
                0x0000000000000d26        0xc ./timer/tc.o
                0x0000000000000d26                TC1_EnableCCChannels
 .text.TC0_DisableCCChannels
                0x0000000000000d32        0xe ./timer/tc.o
                0x0000000000000d32                TC0_DisableCCChannels
 .text.TC1_DisableCCChannels
                0x0000000000000d40        0xe ./timer/tc.o
                0x0000000000000d40                TC1_DisableCCChannels
 .text.TC0_SetOverflowIntLevel
                0x0000000000000d4e        0xc ./timer/tc.o
                0x0000000000000d4e                TC0_SetOverflowIntLevel
 .text.TC1_SetOverflowIntLevel
                0x0000000000000d5a        0xc ./timer/tc.o
                0x0000000000000d5a                TC1_SetOverflowIntLevel
 .text.TC0_SetErrorIntLevel
                0x0000000000000d66        0xc ./timer/tc.o
                0x0000000000000d66                TC0_SetErrorIntLevel
 .text.TC1_SetErrorIntLevel
                0x0000000000000d72        0xc ./timer/tc.o
                0x0000000000000d72                TC1_SetErrorIntLevel
 .text.TC0_SetCCAIntLevel
                0x0000000000000d7e        0xc ./timer/tc.o
                0x0000000000000d7e                TC0_SetCCAIntLevel
 .text.TC1_SetCCAIntLevel
                0x0000000000000d8a        0xc ./timer/tc.o
                0x0000000000000d8a                TC1_SetCCAIntLevel
 .text.TC0_SetCCBIntLevel
                0x0000000000000d96        0xc ./timer/tc.o
                0x0000000000000d96                TC0_SetCCBIntLevel
 .text.TC1_SetCCBIntLevel
                0x0000000000000da2        0xc ./timer/tc.o
                0x0000000000000da2                TC1_SetCCBIntLevel
 .text.TC0_SetCCCIntLevel
                0x0000000000000dae        0xc ./timer/tc.o
                0x0000000000000dae                TC0_SetCCCIntLevel
 .text.TC0_SetCCDIntLevel
                0x0000000000000dba        0xc ./timer/tc.o
                0x0000000000000dba                TC0_SetCCDIntLevel
 .text.TC0_Reset
                0x0000000000000dc6        0xe ./timer/tc.o
                0x0000000000000dc6                TC0_Reset
 .text.TC1_Reset
                0x0000000000000dd4        0xe ./timer/tc.o
                0x0000000000000dd4                TC1_Reset
 .text.sampleDataFunc
                0x0000000000000de2        0xc ./gfx/test/sampleMainMenu.o
                0x0000000000000de2                sampleDataFunc
 .text.showState
                0x0000000000000dee       0x24 ./gfx/test/sampleMainMenu.o
                0x0000000000000dee                showState
 .text.getSampleMenu
                0x0000000000000e12       0xb0 ./gfx/test/sampleMainMenu.o
                0x0000000000000e12                getSampleMenu
 .text.sampleDataFunc2
                0x0000000000000ec2        0xc ./gfx/test/sampleSubMenu.o
                0x0000000000000ec2                sampleDataFunc2
 .text.getSampleSubMenu
                0x0000000000000ece       0x82 ./gfx/test/sampleSubMenu.o
                0x0000000000000ece                getSampleSubMenu
 .text.getButtonStatus
                0x0000000000000f50       0x3a ./gfx/keypad.o
                0x0000000000000f50                getButtonStatus
 .text.getLeftButtonStatus
                0x0000000000000f8a        0xa ./gfx/keypad.o
                0x0000000000000f8a                getLeftButtonStatus
 .text.getRightButtonStatus
                0x0000000000000f94        0xa ./gfx/keypad.o
                0x0000000000000f94                getRightButtonStatus
 .text.getHoldStatus
                0x0000000000000f9e       0x16 ./gfx/keypad.o
                0x0000000000000f9e                getHoldStatus
 .text.getSelectButtonStatus
                0x0000000000000fb4       0x16 ./gfx/keypad.o
                0x0000000000000fb4                getSelectButtonStatus
 .text.getPressedKey
                0x0000000000000fca       0x4e ./gfx/keypad.o
                0x0000000000000fca                getPressedKey
 .text.__portable_avr_delay_cycles.constprop.0
                0x0000000000001018       0x10 ./gfx/menu-handler.o
 .text.menu_handler
                0x0000000000001028       0x4a ./gfx/menu-handler.o
                0x0000000000001028                menu_handler
 .text.delay    0x0000000000001072        0x4 ./gfx/menu-handler.o
                0x0000000000001072                delay
 .text.isBootloaderState
                0x0000000000001076        0x8 ./gfx/menu-handler.o
                0x0000000000001076                isBootloaderState
 .text.enterBootloaderMode
                0x000000000000107e        0x6 ./gfx/menu-handler.o
                0x000000000000107e                enterBootloaderMode
 .text.rightButtonPressed
                0x0000000000001084       0x12 ./gfx/menu-handler.o
                0x0000000000001084                rightButtonPressed
 .text.handleBack
                0x0000000000001096       0x1e ./gfx/menu-handler.o
                0x0000000000001096                handleBack
 .text.selectButtonPressed
                0x00000000000010b4       0x1c ./gfx/menu-handler.o
                0x00000000000010b4                selectButtonPressed
 .text.leftButtonPressed
                0x00000000000010d0       0x12 ./gfx/menu-handler.o
                0x00000000000010d0                leftButtonPressed
 .text.adc_init
                0x00000000000010e2       0x7e ./adc/adc.o
                0x00000000000010e2                adc_init
 .text.adc_avg  0x0000000000001160       0x68 ./adc/adc.o
                0x0000000000001160                adc_avg
 .text.setPowerString
                0x00000000000011c8       0xae ./adc/adc.o
                0x00000000000011c8                setPowerString
 .text.item_data_init
                0x0000000000001276       0x28 ./action_menu/action_menu_factory.o
                0x0000000000001276                item_data_init
 .text.reset_item_action
                0x000000000000129e       0x26 ./action_menu/action_menu_factory.o
                0x000000000000129e                reset_item_action
 .text.item_none_action_init
                0x00000000000012c4        0x6 ./action_menu/action_menu_factory.o
                0x00000000000012c4                item_none_action_init
 .text.item_menu_action_init
                0x00000000000012ca        0xc ./action_menu/action_menu_factory.o
                0x00000000000012ca                item_menu_action_init
 .text.item_data_action_init
                0x00000000000012d6       0x1c ./action_menu/action_menu_factory.o
                0x00000000000012d6                item_data_action_init
 .text.item_data_function_action_init
                0x00000000000012f2       0x2c ./action_menu/action_menu_factory.o
                0x00000000000012f2                item_data_function_action_init
 .text.item_splash_action_init
                0x000000000000131e        0xc ./action_menu/action_menu_factory.o
                0x000000000000131e                item_splash_action_init
 .text.__portable_avr_delay_cycles.constprop.1
                0x000000000000132a        0x2 ./action_menu/gfx_action_menu.o
 .text.ssd1306_write_command
                0x000000000000132c       0x46 ./action_menu/gfx_action_menu.o
 .text.gfx_action_menu_init
                0x0000000000001372       0x16 ./action_menu/gfx_action_menu.o
                0x0000000000001372                gfx_action_menu_init
 .text.showMenu
                0x0000000000001388       0x16 ./action_menu/gfx_action_menu.o
                0x0000000000001388                showMenu
 .text.showThisMenu
                0x000000000000139e        0xc ./action_menu/gfx_action_menu.o
                0x000000000000139e                showThisMenu
 .text.writeText
                0x00000000000013aa       0x36 ./action_menu/gfx_action_menu.o
                0x00000000000013aa                writeText
 .text.showData
                0x00000000000013e0       0x2a ./action_menu/gfx_action_menu.o
                0x00000000000013e0                showData
 .text.showSplash
                0x000000000000140a        0x8 ./action_menu/gfx_action_menu.o
                0x000000000000140a                showSplash
 .text.gfx_action_menu_process_key
                0x0000000000001412      0x160 ./action_menu/gfx_action_menu.o
                0x0000000000001412                gfx_action_menu_process_key
 .text.spi_xmega_set_baud_div
                0x0000000000001572       0x9c ./ASF/xmega/drivers/spi/spi.o
                0x0000000000001572                spi_xmega_set_baud_div
 .text.nvm_wait_until_ready
                0x000000000000160e        0xa ./ASF/xmega/drivers/nvm/nvm.o
 .text.nvm_read_production_signature_row
                0x0000000000001618        0xa ./ASF/xmega/drivers/nvm/nvm.o
 .text.nvm_issue_command
                0x0000000000001622       0x22 ./ASF/xmega/drivers/nvm/nvm.o
 .text.nvm_read_device_serial
                0x0000000000001644       0x64 ./ASF/xmega/drivers/nvm/nvm.o
                0x0000000000001644                nvm_read_device_serial
 .text.nvm_eeprom_read_byte
                0x00000000000016a8       0x24 ./ASF/xmega/drivers/nvm/nvm.o
                0x00000000000016a8                nvm_eeprom_read_byte
 .text.nvm_eeprom_read_buffer
                0x00000000000016cc       0x5e ./ASF/xmega/drivers/nvm/nvm.o
                0x00000000000016cc                nvm_eeprom_read_buffer
 .text.nvm_eeprom_flush_buffer
                0x000000000000172a       0x1e ./ASF/xmega/drivers/nvm/nvm.o
                0x000000000000172a                nvm_eeprom_flush_buffer
 .text.nvm_eeprom_load_byte_to_buffer
                0x0000000000001748       0x38 ./ASF/xmega/drivers/nvm/nvm.o
                0x0000000000001748                nvm_eeprom_load_byte_to_buffer
 .text.nvm_eeprom_write_byte
                0x0000000000001780       0x62 ./ASF/xmega/drivers/nvm/nvm.o
                0x0000000000001780                nvm_eeprom_write_byte
 .text.nvm_eeprom_load_page_to_buffer
                0x00000000000017e2       0x28 ./ASF/xmega/drivers/nvm/nvm.o
                0x00000000000017e2                nvm_eeprom_load_page_to_buffer
 .text.nvm_eeprom_atomic_write_page
                0x000000000000180a       0x30 ./ASF/xmega/drivers/nvm/nvm.o
                0x000000000000180a                nvm_eeprom_atomic_write_page
 .text.nvm_eeprom_erase_and_write_buffer
                0x000000000000183a       0x7e ./ASF/xmega/drivers/nvm/nvm.o
                0x000000000000183a                nvm_eeprom_erase_and_write_buffer
 .text.nvm_eeprom_split_write_page
                0x00000000000018b8       0x30 ./ASF/xmega/drivers/nvm/nvm.o
                0x00000000000018b8                nvm_eeprom_split_write_page
 .text.nvm_eeprom_fill_buffer_with_value
                0x00000000000018e8       0x24 ./ASF/xmega/drivers/nvm/nvm.o
                0x00000000000018e8                nvm_eeprom_fill_buffer_with_value
 .text.nvm_eeprom_erase_bytes_in_page
                0x000000000000190c       0x30 ./ASF/xmega/drivers/nvm/nvm.o
                0x000000000000190c                nvm_eeprom_erase_bytes_in_page
 .text.nvm_eeprom_erase_page
                0x000000000000193c       0x12 ./ASF/xmega/drivers/nvm/nvm.o
                0x000000000000193c                nvm_eeprom_erase_page
 .text.nvm_eeprom_erase_bytes_in_all_pages
                0x000000000000194e        0xa ./ASF/xmega/drivers/nvm/nvm.o
                0x000000000000194e                nvm_eeprom_erase_bytes_in_all_pages
 .text.nvm_eeprom_erase_all
                0x0000000000001958        0xa ./ASF/xmega/drivers/nvm/nvm.o
                0x0000000000001958                nvm_eeprom_erase_all
 .text.nvm_issue_flash_range_crc
                0x0000000000001962       0x5a ./ASF/xmega/drivers/nvm/nvm.o
                0x0000000000001962                nvm_issue_flash_range_crc
 .text.nvm_flash_read_buffer
                0x00000000000019bc       0x4c ./ASF/xmega/drivers/nvm/nvm.o
                0x00000000000019bc                nvm_flash_read_buffer
 .text.nvm_user_sig_read_buffer
                0x0000000000001a08       0x40 ./ASF/xmega/drivers/nvm/nvm.o
                0x0000000000001a08                nvm_user_sig_read_buffer
 .text.nvm_user_sig_write_buffer
                0x0000000000001a48      0x134 ./ASF/xmega/drivers/nvm/nvm.o
                0x0000000000001a48                nvm_user_sig_write_buffer
 .text.nvm_flash_erase_and_write_buffer
                0x0000000000001b7c      0x128 ./ASF/xmega/drivers/nvm/nvm.o
                0x0000000000001b7c                nvm_flash_erase_and_write_buffer
 .text.nvm_fuses_read
                0x0000000000001ca4       0x34 ./ASF/xmega/drivers/nvm/nvm.o
                0x0000000000001ca4                nvm_fuses_read
 .text.nvm_read_byte
                0x0000000000001cd8       0x14 ./ASF/xmega/drivers/nvm/nvm_asm.o
                0x0000000000001cd8                nvm_read_byte
 .text.ccp_write_io
                0x0000000000001cec        0xc ./ASF/xmega/drivers/cpu/ccp.o
                0x0000000000001cec                ccp_write_io
 .text.__vector_71
                0x0000000000001cf8       0x64 ./ASF/xmega/drivers/adc/xmega_aau/adc_aau.o
                0x0000000000001cf8                __vector_71
 .text.__vector_72
                0x0000000000001d5c       0x64 ./ASF/xmega/drivers/adc/xmega_aau/adc_aau.o
                0x0000000000001d5c                __vector_72
 .text.__vector_73
                0x0000000000001dc0       0x64 ./ASF/xmega/drivers/adc/xmega_aau/adc_aau.o
                0x0000000000001dc0                __vector_73
 .text.__vector_74
                0x0000000000001e24       0x64 ./ASF/xmega/drivers/adc/xmega_aau/adc_aau.o
                0x0000000000001e24                __vector_74
 .text.__vector_39
                0x0000000000001e88       0x64 ./ASF/xmega/drivers/adc/xmega_aau/adc_aau.o
                0x0000000000001e88                __vector_39
 .text.__vector_40
                0x0000000000001eec       0x64 ./ASF/xmega/drivers/adc/xmega_aau/adc_aau.o
                0x0000000000001eec                __vector_40
 .text.__vector_41
                0x0000000000001f50       0x64 ./ASF/xmega/drivers/adc/xmega_aau/adc_aau.o
                0x0000000000001f50                __vector_41
 .text.__vector_42
                0x0000000000001fb4       0x64 ./ASF/xmega/drivers/adc/xmega_aau/adc_aau.o
                0x0000000000001fb4                __vector_42
 .text.adc_write_configuration
                0x0000000000002018       0xbc ./ASF/xmega/drivers/adc/xmega_aau/adc_aau.o
                0x0000000000002018                adc_write_configuration
 .text.adc_read_configuration
                0x00000000000020d4       0x4a ./ASF/xmega/drivers/adc/xmega_aau/adc_aau.o
                0x00000000000020d4                adc_read_configuration
 .text.adcch_write_configuration
                0x000000000000211e       0x94 ./ASF/xmega/drivers/adc/xmega_aau/adc_aau.o
                0x000000000000211e                adcch_write_configuration
 .text.adcch_read_configuration
                0x00000000000021b2       0x94 ./ASF/xmega/drivers/adc/xmega_aau/adc_aau.o
                0x00000000000021b2                adcch_read_configuration
 .text.adc_set_callback
                0x0000000000002246       0x28 ./ASF/xmega/drivers/adc/adc.o
                0x0000000000002246                adc_set_callback
 .text.adc_enable_clock
                0x000000000000226e       0x3e ./ASF/xmega/drivers/adc/adc.o
                0x000000000000226e                adc_enable_clock
 .text.adc_disable_clock
                0x00000000000022ac       0x3a ./ASF/xmega/drivers/adc/adc.o
                0x00000000000022ac                adc_disable_clock
 .text.adc_enable
                0x00000000000022e6       0x30 ./ASF/xmega/drivers/adc/adc.o
                0x00000000000022e6                adc_enable
 .text.adc_disable
                0x0000000000002316       0x28 ./ASF/xmega/drivers/adc/adc.o
                0x0000000000002316                adc_disable
 .text.adc_is_enabled
                0x000000000000233e       0x24 ./ASF/xmega/drivers/adc/adc.o
                0x000000000000233e                adc_is_enabled
 .text.ioport_configure_pin
                0x0000000000002362       0x28 ./ASF/xmega/boards/stk600/rc064x/init.o
 .text.board_init
                0x000000000000238a       0xaa ./ASF/xmega/boards/stk600/rc064x/init.o
                0x000000000000238a                board_init
 .text.spi_master_init
                0x0000000000002434       0x3e ./ASF/common/services/spi/xmega_spi/spi_master.o
                0x0000000000002434                spi_master_init
 .text.spi_master_setup_device
                0x0000000000002472       0x44 ./ASF/common/services/spi/xmega_spi/spi_master.o
                0x0000000000002472                spi_master_setup_device
 .text.spi_write_packet
                0x00000000000024b6       0x24 ./ASF/common/services/spi/xmega_spi/spi_master.o
                0x00000000000024b6                spi_write_packet
 .text.spi_read_packet
                0x00000000000024da       0x24 ./ASF/common/services/spi/xmega_spi/spi_master.o
                0x00000000000024da                spi_read_packet
 .text.spi_select_device
                0x00000000000024fe       0x2c ./ASF/common/services/spi/xmega_spi/spi_master.o
                0x00000000000024fe                spi_select_device
 .text.spi_deselect_device
                0x000000000000252a       0x2c ./ASF/common/services/spi/xmega_spi/spi_master.o
                0x000000000000252a                spi_deselect_device
 .text.ioport_configure_port_pin
                0x0000000000002556       0x48 ./ASF/common/services/ioport/xmega/ioport_compat.o
                0x0000000000002556                ioport_configure_port_pin
 .text.gfx_mono_set_framebuffer
                0x000000000000259e        0xa ./ASF/common/services/gfx_mono/gfx_mono_framebuffer.o
                0x000000000000259e                gfx_mono_set_framebuffer
 .text.gfx_mono_framebuffer_put_page
                0x00000000000025a8       0x2a ./ASF/common/services/gfx_mono/gfx_mono_framebuffer.o
                0x00000000000025a8                gfx_mono_framebuffer_put_page
 .text.gfx_mono_framebuffer_get_page
                0x00000000000025d2       0x2a ./ASF/common/services/gfx_mono/gfx_mono_framebuffer.o
                0x00000000000025d2                gfx_mono_framebuffer_get_page
 .text.gfx_mono_framebuffer_put_byte
                0x00000000000025fc       0x1c ./ASF/common/services/gfx_mono/gfx_mono_framebuffer.o
                0x00000000000025fc                gfx_mono_framebuffer_put_byte
 .text.gfx_mono_framebuffer_get_byte
                0x0000000000002618       0x1c ./ASF/common/services/gfx_mono/gfx_mono_framebuffer.o
                0x0000000000002618                gfx_mono_framebuffer_get_byte
 .text.gfx_mono_framebuffer_draw_pixel
                0x0000000000002634       0x88 ./ASF/common/services/gfx_mono/gfx_mono_framebuffer.o
                0x0000000000002634                gfx_mono_framebuffer_draw_pixel
 .text.gfx_mono_framebuffer_get_pixel
                0x00000000000026bc       0x44 ./ASF/common/services/gfx_mono/gfx_mono_framebuffer.o
                0x00000000000026bc                gfx_mono_framebuffer_get_pixel
 .text.gfx_mono_framebuffer_mask_byte
                0x0000000000002700       0x4c ./ASF/common/services/gfx_mono/gfx_mono_framebuffer.o
                0x0000000000002700                gfx_mono_framebuffer_mask_byte
 .text.gfx_mono_generic_draw_horizontal_line
                0x000000000000274c       0xd0 ./ASF/common/services/gfx_mono/gfx_mono_generic.o
                0x000000000000274c                gfx_mono_generic_draw_horizontal_line
 .text.gfx_mono_generic_draw_vertical_line
                0x000000000000281c       0xc0 ./ASF/common/services/gfx_mono/gfx_mono_generic.o
                0x000000000000281c                gfx_mono_generic_draw_vertical_line
 .text.gfx_mono_generic_draw_line
                0x00000000000028dc       0xd0 ./ASF/common/services/gfx_mono/gfx_mono_generic.o
                0x00000000000028dc                gfx_mono_generic_draw_line
 .text.gfx_mono_generic_draw_rect
                0x00000000000029ac       0x4e ./ASF/common/services/gfx_mono/gfx_mono_generic.o
                0x00000000000029ac                gfx_mono_generic_draw_rect
 .text.gfx_mono_generic_draw_filled_rect
                0x00000000000029fa       0x36 ./ASF/common/services/gfx_mono/gfx_mono_generic.o
                0x00000000000029fa                gfx_mono_generic_draw_filled_rect
 .text.gfx_mono_generic_draw_circle
                0x0000000000002a30      0x172 ./ASF/common/services/gfx_mono/gfx_mono_generic.o
                0x0000000000002a30                gfx_mono_generic_draw_circle
 .text.gfx_mono_generic_draw_filled_circle
                0x0000000000002ba2      0x150 ./ASF/common/services/gfx_mono/gfx_mono_generic.o
                0x0000000000002ba2                gfx_mono_generic_draw_filled_circle
 .text.gfx_mono_generic_put_bitmap
                0x0000000000002cf2       0xb6 ./ASF/common/services/gfx_mono/gfx_mono_generic.o
                0x0000000000002cf2                gfx_mono_generic_put_bitmap
 .text.__portable_avr_delay_cycles.constprop.2
                0x0000000000002da8        0x2 ./ASF/common/services/gfx_mono/gfx_mono_menu.o
 .text.ssd1306_write_data.constprop.1
                0x0000000000002daa       0x40 ./ASF/common/services/gfx_mono/gfx_mono_menu.o
 .text.ssd1306_write_command
                0x0000000000002dea       0x46 ./ASF/common/services/gfx_mono/gfx_mono_menu.o
 .text.menu_draw
                0x0000000000002e30       0xf8 ./ASF/common/services/gfx_mono/gfx_mono_menu.o
 .text.gfx_mono_menu_init
                0x0000000000002f28       0x54 ./ASF/common/services/gfx_mono/gfx_mono_menu.o
                0x0000000000002f28                gfx_mono_menu_init
 .text.gfx_mono_menu_process_key
                0x0000000000002f7c       0x52 ./ASF/common/services/gfx_mono/gfx_mono_menu.o
                0x0000000000002f7c                gfx_mono_menu_process_key
 .text.gfx_mono_draw_char
                0x0000000000002fce       0xc2 ./ASF/common/services/gfx_mono/gfx_mono_text.o
                0x0000000000002fce                gfx_mono_draw_char
 .text.gfx_mono_draw_string
                0x0000000000003090       0x5a ./ASF/common/services/gfx_mono/gfx_mono_text.o
                0x0000000000003090                gfx_mono_draw_string
 .text.gfx_mono_draw_progmem_string
                0x00000000000030ea       0x5e ./ASF/common/services/gfx_mono/gfx_mono_text.o
                0x00000000000030ea                gfx_mono_draw_progmem_string
 .text.gfx_mono_get_string_bounding_box
                0x0000000000003148       0x3e ./ASF/common/services/gfx_mono/gfx_mono_text.o
                0x0000000000003148                gfx_mono_get_string_bounding_box
 .text.gfx_mono_get_progmem_string_bounding_box
                0x0000000000003186       0x54 ./ASF/common/services/gfx_mono/gfx_mono_text.o
                0x0000000000003186                gfx_mono_get_progmem_string_bounding_box
 .text.__portable_avr_delay_cycles.constprop.0
                0x00000000000031da        0x2 ./ASF/common/services/gfx_mono/gfx_mono_ug_2832hsweg04.o
 .text.ssd1306_write_data
                0x00000000000031dc       0x46 ./ASF/common/services/gfx_mono/gfx_mono_ug_2832hsweg04.o
 .text.ssd1306_write_command
                0x0000000000003222       0x46 ./ASF/common/services/gfx_mono/gfx_mono_ug_2832hsweg04.o
 .text.ssd1306_set_page_address
                0x0000000000003268        0x8 ./ASF/common/services/gfx_mono/gfx_mono_ug_2832hsweg04.o
 .text.ssd1306_set_column_address
                0x0000000000003270       0x1a ./ASF/common/services/gfx_mono/gfx_mono_ug_2832hsweg04.o
 .text.gfx_mono_ssd1306_get_pixel
                0x000000000000328a       0x44 ./ASF/common/services/gfx_mono/gfx_mono_ug_2832hsweg04.o
                0x000000000000328a                gfx_mono_ssd1306_get_pixel
 .text.gfx_mono_ssd1306_put_page
                0x00000000000032ce       0x42 ./ASF/common/services/gfx_mono/gfx_mono_ug_2832hsweg04.o
                0x00000000000032ce                gfx_mono_ssd1306_put_page
 .text.gfx_mono_ssd1306_put_framebuffer
                0x0000000000003310       0x36 ./ASF/common/services/gfx_mono/gfx_mono_ug_2832hsweg04.o
                0x0000000000003310                gfx_mono_ssd1306_put_framebuffer
 .text.gfx_mono_ssd1306_get_page
                0x0000000000003346        0x4 ./ASF/common/services/gfx_mono/gfx_mono_ug_2832hsweg04.o
                0x0000000000003346                gfx_mono_ssd1306_get_page
 .text.gfx_mono_ssd1306_put_byte
                0x000000000000334a       0x42 ./ASF/common/services/gfx_mono/gfx_mono_ug_2832hsweg04.o
                0x000000000000334a                gfx_mono_ssd1306_put_byte
 .text.gfx_mono_ssd1306_init
                0x000000000000338c       0x38 ./ASF/common/services/gfx_mono/gfx_mono_ug_2832hsweg04.o
                0x000000000000338c                gfx_mono_ssd1306_init
 .text.gfx_mono_ssd1306_draw_pixel
                0x00000000000033c4       0x8a ./ASF/common/services/gfx_mono/gfx_mono_ug_2832hsweg04.o
                0x00000000000033c4                gfx_mono_ssd1306_draw_pixel
 .text.gfx_mono_ssd1306_get_byte
                0x000000000000344e        0x4 ./ASF/common/services/gfx_mono/gfx_mono_ug_2832hsweg04.o
                0x000000000000344e                gfx_mono_ssd1306_get_byte
 .text.gfx_mono_ssd1306_mask_byte
                0x0000000000003452       0x4c ./ASF/common/services/gfx_mono/gfx_mono_ug_2832hsweg04.o
                0x0000000000003452                gfx_mono_ssd1306_mask_byte
 .text.sysclk_init
                0x000000000000349e        0x2 ./ASF/common/services/clock/xmega/sysclk.o
                0x000000000000349e                sysclk_init
 .text.sysclk_enable_module
                0x00000000000034a0       0x18 ./ASF/common/services/clock/xmega/sysclk.o
                0x00000000000034a0                sysclk_enable_module
 .text.sysclk_disable_module
                0x00000000000034b8       0x16 ./ASF/common/services/clock/xmega/sysclk.o
                0x00000000000034b8                sysclk_disable_module
 .text.sysclk_enable_usb
                0x00000000000034ce       0x3e ./ASF/common/services/clock/xmega/sysclk.o
                0x00000000000034ce                sysclk_enable_usb
 .text.sysclk_disable_usb
                0x000000000000350c       0x12 ./ASF/common/services/clock/xmega/sysclk.o
                0x000000000000350c                sysclk_disable_usb
 .text.__portable_avr_delay_cycles
                0x000000000000351e        0xc ./ASF/common/components/display/ssd1306/ssd1306.o
 .text.ssd1306_write_command
                0x000000000000352a       0x4e ./ASF/common/components/display/ssd1306/ssd1306.o
 .text.ssd1306_write_data
                0x0000000000003578       0x4e ./ASF/common/components/display/ssd1306/ssd1306.o
 .text.ssd1306_init
                0x00000000000035c6      0x146 ./ASF/common/components/display/ssd1306/ssd1306.o
                0x00000000000035c6                ssd1306_init
 .text.ssd1306_write_text
                0x000000000000370c       0x56 ./ASF/common/components/display/ssd1306/ssd1306.o
                0x000000000000370c                ssd1306_write_text
 .text.__portable_avr_delay_cycles
                0x0000000000003762        0xc ./main.o
 .text.ssd1306_write_command
                0x000000000000376e       0x4e ./main.o
 .text.updateData
                0x00000000000037bc       0xd0 ./main.o
                0x00000000000037bc                updateData
 .text.__vector_45
                0x000000000000388c       0x50 ./main.o
                0x000000000000388c                __vector_45
 .text.__vector_13
                0x00000000000038dc       0x50 ./main.o
                0x00000000000038dc                __vector_13
 .text.__vector_104
                0x000000000000392c       0x50 ./main.o
                0x000000000000392c                __vector_104
 .text.powerState_interrupts_init
                0x000000000000397c       0x10 ./main.o
                0x000000000000397c                powerState_interrupts_init
 .text.enable_interrupts
                0x000000000000398c       0x12 ./main.o
                0x000000000000398c                enable_interrupts
 .text.power_state_init
                0x000000000000399e       0x14 ./main.o
                0x000000000000399e                power_state_init
 .text.init     0x00000000000039b2       0x22 ./main.o
                0x00000000000039b2                init
 .text.testTWI  0x00000000000039d4        0xc ./main.o
                0x00000000000039d4                testTWI
 .text.initMenu
                0x00000000000039e0        0x8 ./main.o
                0x00000000000039e0                initMenu
 .text.startup.main
                0x00000000000039e8       0x1a ./main.o
                0x00000000000039e8                main
 .text.changePowerState
                0x0000000000003a02       0x36 ./power-state.o
                0x0000000000003a02                changePowerState
 .text.libgcc.mul
                0x0000000000003a38        0x0 /usr/lib/gcc/avr/5.2.0/avrxmega4/libgcc.a(_udivmodqi4.o)
 .text.libgcc.div
                0x0000000000003a38       0x18 /usr/lib/gcc/avr/5.2.0/avrxmega4/libgcc.a(_udivmodqi4.o)
                0x0000000000003a38                __udivmodqi4
 .text.libgcc   0x0000000000003a50        0x0 /usr/lib/gcc/avr/5.2.0/avrxmega4/libgcc.a(_udivmodqi4.o)
 .text.libgcc.prologue
                0x0000000000003a50        0x0 /usr/lib/gcc/avr/5.2.0/avrxmega4/libgcc.a(_udivmodqi4.o)
 .text.libgcc.builtins
                0x0000000000003a50        0x0 /usr/lib/gcc/avr/5.2.0/avrxmega4/libgcc.a(_udivmodqi4.o)
 .text.libgcc.fmul
                0x0000000000003a50        0x0 /usr/lib/gcc/avr/5.2.0/avrxmega4/libgcc.a(_udivmodqi4.o)
 .text.libgcc.fixed
                0x0000000000003a50        0x0 /usr/lib/gcc/avr/5.2.0/avrxmega4/libgcc.a(_udivmodqi4.o)
 .text.libgcc.mul
                0x0000000000003a50        0x0 /usr/lib/gcc/avr/5.2.0/avrxmega4/libgcc.a(_udivmodsi4.o)
 .text.libgcc.div
                0x0000000000003a50       0x44 /usr/lib/gcc/avr/5.2.0/avrxmega4/libgcc.a(_udivmodsi4.o)
                0x0000000000003a50                __udivmodsi4
 .text.libgcc   0x0000000000003a94        0x0 /usr/lib/gcc/avr/5.2.0/avrxmega4/libgcc.a(_udivmodsi4.o)
 .text.libgcc.prologue
                0x0000000000003a94        0x0 /usr/lib/gcc/avr/5.2.0/avrxmega4/libgcc.a(_udivmodsi4.o)
 .text.libgcc.builtins
                0x0000000000003a94        0x0 /usr/lib/gcc/avr/5.2.0/avrxmega4/libgcc.a(_udivmodsi4.o)
 .text.libgcc.fmul
                0x0000000000003a94        0x0 /usr/lib/gcc/avr/5.2.0/avrxmega4/libgcc.a(_udivmodsi4.o)
 .text.libgcc.fixed
                0x0000000000003a94        0x0 /usr/lib/gcc/avr/5.2.0/avrxmega4/libgcc.a(_udivmodsi4.o)
 .text.libgcc.mul
                0x0000000000003a94        0x0 /usr/lib/gcc/avr/5.2.0/avrxmega4/libgcc.a(_divmodsi4.o)
 .text.libgcc.div
                0x0000000000003a94       0x2e /usr/lib/gcc/avr/5.2.0/avrxmega4/libgcc.a(_divmodsi4.o)
                0x0000000000003a94                __divmodsi4
 .text.libgcc   0x0000000000003ac2        0x0 /usr/lib/gcc/avr/5.2.0/avrxmega4/libgcc.a(_divmodsi4.o)
 .text.libgcc.prologue
                0x0000000000003ac2        0x0 /usr/lib/gcc/avr/5.2.0/avrxmega4/libgcc.a(_divmodsi4.o)
 .text.libgcc.builtins
                0x0000000000003ac2        0x0 /usr/lib/gcc/avr/5.2.0/avrxmega4/libgcc.a(_divmodsi4.o)
 .text.libgcc.fmul
                0x0000000000003ac2        0x0 /usr/lib/gcc/avr/5.2.0/avrxmega4/libgcc.a(_divmodsi4.o)
 .text.libgcc.fixed
                0x0000000000003ac2        0x0 /usr/lib/gcc/avr/5.2.0/avrxmega4/libgcc.a(_divmodsi4.o)
 .text.libgcc.mul
                0x0000000000003ac2        0x0 /usr/lib/gcc/avr/5.2.0/avrxmega4/libgcc.a(_negsi2.o)
 .text.libgcc.div
                0x0000000000003ac2       0x10 /usr/lib/gcc/avr/5.2.0/avrxmega4/libgcc.a(_negsi2.o)
                0x0000000000003ac2                __negsi2
 .text.libgcc   0x0000000000003ad2        0x0 /usr/lib/gcc/avr/5.2.0/avrxmega4/libgcc.a(_negsi2.o)
 .text.libgcc.prologue
                0x0000000000003ad2        0x0 /usr/lib/gcc/avr/5.2.0/avrxmega4/libgcc.a(_negsi2.o)
 .text.libgcc.builtins
                0x0000000000003ad2        0x0 /usr/lib/gcc/avr/5.2.0/avrxmega4/libgcc.a(_negsi2.o)
 .text.libgcc.fmul
                0x0000000000003ad2        0x0 /usr/lib/gcc/avr/5.2.0/avrxmega4/libgcc.a(_negsi2.o)
 .text.libgcc.fixed
                0x0000000000003ad2        0x0 /usr/lib/gcc/avr/5.2.0/avrxmega4/libgcc.a(_negsi2.o)
 .text.libgcc.mul
                0x0000000000003ad2        0x0 /usr/lib/gcc/avr/5.2.0/avrxmega4/libgcc.a(_exit.o)
 .text.libgcc.div
                0x0000000000003ad2        0x0 /usr/lib/gcc/avr/5.2.0/avrxmega4/libgcc.a(_exit.o)
 .text.libgcc   0x0000000000003ad2        0x0 /usr/lib/gcc/avr/5.2.0/avrxmega4/libgcc.a(_exit.o)
 .text.libgcc.prologue
                0x0000000000003ad2        0x0 /usr/lib/gcc/avr/5.2.0/avrxmega4/libgcc.a(_exit.o)
 .text.libgcc.builtins
                0x0000000000003ad2        0x0 /usr/lib/gcc/avr/5.2.0/avrxmega4/libgcc.a(_exit.o)
 .text.libgcc.fmul
                0x0000000000003ad2        0x0 /usr/lib/gcc/avr/5.2.0/avrxmega4/libgcc.a(_exit.o)
 .text.libgcc.fixed
                0x0000000000003ad2        0x0 /usr/lib/gcc/avr/5.2.0/avrxmega4/libgcc.a(_exit.o)
 .text.libgcc.mul
                0x0000000000003ad2        0x0 /usr/lib/gcc/avr/5.2.0/avrxmega4/libgcc.a(_copy_data.o)
 .text.libgcc.div
                0x0000000000003ad2        0x0 /usr/lib/gcc/avr/5.2.0/avrxmega4/libgcc.a(_copy_data.o)
 .text.libgcc   0x0000000000003ad2        0x0 /usr/lib/gcc/avr/5.2.0/avrxmega4/libgcc.a(_copy_data.o)
 .text.libgcc.prologue
                0x0000000000003ad2        0x0 /usr/lib/gcc/avr/5.2.0/avrxmega4/libgcc.a(_copy_data.o)
 .text.libgcc.builtins
                0x0000000000003ad2        0x0 /usr/lib/gcc/avr/5.2.0/avrxmega4/libgcc.a(_copy_data.o)
 .text.libgcc.fmul
                0x0000000000003ad2        0x0 /usr/lib/gcc/avr/5.2.0/avrxmega4/libgcc.a(_copy_data.o)
 .text.libgcc.fixed
                0x0000000000003ad2        0x0 /usr/lib/gcc/avr/5.2.0/avrxmega4/libgcc.a(_copy_data.o)
 .text.libgcc.mul
                0x0000000000003ad2        0x0 /usr/lib/gcc/avr/5.2.0/avrxmega4/libgcc.a(_clear_bss.o)
 .text.libgcc.div
                0x0000000000003ad2        0x0 /usr/lib/gcc/avr/5.2.0/avrxmega4/libgcc.a(_clear_bss.o)
 .text.libgcc   0x0000000000003ad2        0x0 /usr/lib/gcc/avr/5.2.0/avrxmega4/libgcc.a(_clear_bss.o)
 .text.libgcc.prologue
                0x0000000000003ad2        0x0 /usr/lib/gcc/avr/5.2.0/avrxmega4/libgcc.a(_clear_bss.o)
 .text.libgcc.builtins
                0x0000000000003ad2        0x0 /usr/lib/gcc/avr/5.2.0/avrxmega4/libgcc.a(_clear_bss.o)
 .text.libgcc.fmul
                0x0000000000003ad2        0x0 /usr/lib/gcc/avr/5.2.0/avrxmega4/libgcc.a(_clear_bss.o)
 .text.libgcc.fixed
                0x0000000000003ad2        0x0 /usr/lib/gcc/avr/5.2.0/avrxmega4/libgcc.a(_clear_bss.o)
 .text.avr-libc.fplib
                0x0000000000003ad2        0xe /usr/lib/gcc/avr/5.2.0/../../../../avr/lib/avrxmega4/libm.a(fixsfsi.o)
                0x0000000000003ad2                __fixsfsi
 .text.avr-libc.fplib
                0x0000000000003ae0       0x5e /usr/lib/gcc/avr/5.2.0/../../../../avr/lib/avrxmega4/libm.a(fixunssfsi.o)
                0x0000000000003ae0                __fixunssfsi
 .text.avr-libc.fplib
                0x0000000000003b3e       0x7a /usr/lib/gcc/avr/5.2.0/../../../../avr/lib/avrxmega4/libm.a(floatsisf.o)
                0x0000000000003b3e                __floatunsisf
                0x0000000000003b42                __floatsisf
 .text.avr-libc.fplib
                0x0000000000003bb8       0x44 /usr/lib/gcc/avr/5.2.0/../../../../avr/lib/avrxmega4/libm.a(fp_split3.o)
                0x0000000000003bb8                __fp_split3
                0x0000000000003bc8                __fp_splitA
 .text.avr-libc.fplib
                0x0000000000003bfc        0xe /usr/lib/gcc/avr/5.2.0/../../../../avr/lib/avrxmega4/libm.a(fp_zero.o)
                0x0000000000003bfc                __fp_zero
                0x0000000000003bfe                __fp_szero
 .text.avr-libc.fplib
                0x0000000000003c0a        0x8 /usr/lib/gcc/avr/5.2.0/../../../../avr/lib/avrxmega4/libm.a(mulsf3.o)
                0x0000000000003c0a                __mulsf3
 .text.avr-libc.fplib
                0x0000000000003c12       0xd2 /usr/lib/gcc/avr/5.2.0/../../../../avr/lib/avrxmega4/libm.a(mulsf3x.o)
                0x0000000000003c30                __mulsf3x
                0x0000000000003c36                __mulsf3_pse
 .text.avr-libc.fplib
                0x0000000000003ce4       0x48 /usr/lib/gcc/avr/5.2.0/../../../../avr/lib/avrxmega4/libm.a(round.o)
                0x0000000000003ce4                round
 .text.avr-libc.fplib
                0x0000000000003d2c        0xc /usr/lib/gcc/avr/5.2.0/../../../../avr/lib/avrxmega4/libm.a(fp_inf.o)
                0x0000000000003d2c                __fp_inf
 .text.avr-libc.fplib
                0x0000000000003d38       0x36 /usr/lib/gcc/avr/5.2.0/../../../../avr/lib/avrxmega4/libm.a(fp_mintl.o)
                0x0000000000003d38                __fp_mintl
 .text.avr-libc.fplib
                0x0000000000003d6e       0x1c /usr/lib/gcc/avr/5.2.0/../../../../avr/lib/avrxmega4/libm.a(fp_mpack.o)
                0x0000000000003d6e                __fp_mpack
                0x0000000000003d72                __fp_mpack_finite
 .text.avr-libc.fplib
                0x0000000000003d8a        0x6 /usr/lib/gcc/avr/5.2.0/../../../../avr/lib/avrxmega4/libm.a(fp_nan.o)
                0x0000000000003d8a                __fp_nan
 .text.avr-libc.fplib
                0x0000000000003d90        0xe /usr/lib/gcc/avr/5.2.0/../../../../avr/lib/avrxmega4/libm.a(fp_pscA.o)
                0x0000000000003d90                __fp_pscA
 .text.avr-libc.fplib
                0x0000000000003d9e        0xe /usr/lib/gcc/avr/5.2.0/../../../../avr/lib/avrxmega4/libm.a(fp_pscB.o)
                0x0000000000003d9e                __fp_pscB
 .text.avr-libc.fplib
                0x0000000000003dac       0x22 /usr/lib/gcc/avr/5.2.0/../../../../avr/lib/avrxmega4/libm.a(fp_round.o)
                0x0000000000003dac                __fp_round
 .text.avr-libc
                0x0000000000003dce      0x242 /usr/lib/gcc/avr/5.2.0/../../../../avr/lib/avrxmega4/libc.a(malloc.o)
                0x0000000000003dce                malloc
                0x0000000000003efe                free
 .text.avr-libc
                0x0000000000004010       0x12 /usr/lib/gcc/avr/5.2.0/../../../../avr/lib/avrxmega4/libc.a(memcpy.o)
                0x0000000000004010                memcpy
 .text.avr-libc
                0x0000000000004022       0x16 /usr/lib/gcc/avr/5.2.0/../../../../avr/lib/avrxmega4/libc.a(itoa_ncheck.o)
                0x0000000000004022                __itoa_ncheck
 .text.avr-libc
                0x0000000000004038       0x34 /usr/lib/gcc/avr/5.2.0/../../../../avr/lib/avrxmega4/libc.a(utoa_ncheck.o)
                0x0000000000004038                __utoa_ncheck
                0x000000000000403a                __utoa_common
 .text.avr-libc
                0x000000000000406c       0x20 /usr/lib/gcc/avr/5.2.0/../../../../avr/lib/avrxmega4/libc.a(strrev.o)
                0x000000000000406c                strrev
                0x000000000000408c                . = ALIGN (0x2)
 *(.fini9)
 .fini9         0x000000000000408c        0x0 /usr/lib/gcc/avr/5.2.0/avrxmega4/libgcc.a(_exit.o)
                0x000000000000408c                exit
                0x000000000000408c                _exit
 *(.fini9)
 *(.fini8)
 *(.fini8)
 *(.fini7)
 *(.fini7)
 *(.fini6)
 *(.fini6)
 *(.fini5)
 *(.fini5)
 *(.fini4)
 *(.fini4)
 *(.fini3)
 *(.fini3)
 *(.fini2)
 *(.fini2)
 *(.fini1)
 *(.fini1)
 *(.fini0)
 .fini0         0x000000000000408c        0x4 /usr/lib/gcc/avr/5.2.0/avrxmega4/libgcc.a(_exit.o)
 *(.fini0)
                0x0000000000004090                _etext = .

.BOOT           0x0000000000004090       0x7e
 .BOOT          0x0000000000004090       0x3a ./twi/sp_driver.o
                0x0000000000004090                SP_LoadFlashPage
 .BOOT          0x00000000000040ca       0x44 ./ASF/xmega/drivers/nvm/nvm_asm.o
                0x00000000000040ca                nvm_common_spm
                0x00000000000040e8                nvm_flash_load_word_to_buffer

.data           0x0000000000802000      0x540 load address 0x000000000000410e
                0x0000000000802000                PROVIDE (__data_start, .)
 *(.data)
 .data          0x0000000000802000        0x0 /usr/lib/gcc/avr/5.2.0/../../../../avr/lib/avrxmega4/crtatxmega64a3u.o
 .data          0x0000000000802000        0x0 ./twi/eeprom_driver.o
 .data          0x0000000000802000        0x0 ./twi/sp_driver.o
 .data          0x0000000000802000        0x0 ./twi/testTwi.o
 .data          0x0000000000802000        0x0 ./twi/twi-master.o
 .data          0x0000000000802000        0x0 ./twi/twi-memory.o
 .data          0x0000000000802000        0x0 ./twi/twi-slave.o
 .data          0x0000000000802000        0x0 ./timer/tc.o
 .data          0x0000000000802000        0x0 ./gfx/test/sampleMainMenu.o
 .data          0x0000000000802000        0x0 ./gfx/test/sampleSubMenu.o
 .data          0x0000000000802000        0x0 ./gfx/keypad.o
 .data          0x0000000000802000        0x0 ./gfx/logos.o
 .data          0x0000000000802000        0x0 ./gfx/menu-handler.o
 .data          0x0000000000802000        0x0 ./adc/adc.o
 .data          0x0000000000802000        0x0 ./action_menu/action_menu_factory.o
 .data          0x0000000000802000        0x0 ./action_menu/gfx_action_menu.o
 .data          0x0000000000802000        0x0 ./ASF/xmega/drivers/spi/spi.o
 .data          0x0000000000802000        0x0 ./ASF/xmega/drivers/nvm/nvm.o
 .data          0x0000000000802000        0x0 ./ASF/xmega/drivers/nvm/nvm_asm.o
 .data          0x0000000000802000        0x0 ./ASF/xmega/drivers/cpu/ccp.o
 .data          0x0000000000802000        0x0 ./ASF/xmega/drivers/adc/xmega_aau/adc_aau.o
 .data          0x0000000000802000        0x0 ./ASF/xmega/drivers/adc/adc.o
 .data          0x0000000000802000        0x0 ./ASF/xmega/boards/stk600/rc064x/init.o
 .data          0x0000000000802000        0x0 ./ASF/common/services/spi/xmega_spi/spi_master.o
 .data          0x0000000000802000        0x0 ./ASF/common/services/sleepmgr/xmega/sleepmgr.o
 .data          0x0000000000802000        0x0 ./ASF/common/services/ioport/xmega/ioport_compat.o
 .data          0x0000000000802000        0x0 ./ASF/common/services/gfx_mono/gfx_mono_framebuffer.o
 .data          0x0000000000802000        0x0 ./ASF/common/services/gfx_mono/gfx_mono_generic.o
 .data          0x0000000000802000        0x0 ./ASF/common/services/gfx_mono/gfx_mono_menu.o
 .data          0x0000000000802000        0x0 ./ASF/common/services/gfx_mono/gfx_mono_text.o
 .data          0x0000000000802000        0x0 ./ASF/common/services/gfx_mono/gfx_mono_ug_2832hsweg04.o
 .data          0x0000000000802000        0x0 ./ASF/common/services/gfx_mono/sysfont.o
 .data          0x0000000000802000        0x0 ./ASF/common/services/clock/xmega/sysclk.o
 .data          0x0000000000802000        0x0 ./ASF/common/components/display/ssd1306/font.o
 .data          0x0000000000802000        0x0 ./ASF/common/components/display/ssd1306/ssd1306.o
 .data          0x0000000000802000        0x0 ./main.o
 .data          0x0000000000802000        0x0 ./power-state.o
 .data          0x0000000000802000        0x0 /usr/lib/gcc/avr/5.2.0/avrxmega4/libgcc.a(_udivmodqi4.o)
 .data          0x0000000000802000        0x0 /usr/lib/gcc/avr/5.2.0/avrxmega4/libgcc.a(_udivmodsi4.o)
 .data          0x0000000000802000        0x0 /usr/lib/gcc/avr/5.2.0/avrxmega4/libgcc.a(_divmodsi4.o)
 .data          0x0000000000802000        0x0 /usr/lib/gcc/avr/5.2.0/avrxmega4/libgcc.a(_negsi2.o)
 .data          0x0000000000802000        0x0 /usr/lib/gcc/avr/5.2.0/avrxmega4/libgcc.a(_exit.o)
 .data          0x0000000000802000        0x0 /usr/lib/gcc/avr/5.2.0/avrxmega4/libgcc.a(_copy_data.o)
 .data          0x0000000000802000        0x0 /usr/lib/gcc/avr/5.2.0/avrxmega4/libgcc.a(_clear_bss.o)
 .data          0x0000000000802000        0x0 /usr/lib/gcc/avr/5.2.0/../../../../avr/lib/avrxmega4/libm.a(fixsfsi.o)
 .data          0x0000000000802000        0x0 /usr/lib/gcc/avr/5.2.0/../../../../avr/lib/avrxmega4/libm.a(fixunssfsi.o)
 .data          0x0000000000802000        0x0 /usr/lib/gcc/avr/5.2.0/../../../../avr/lib/avrxmega4/libm.a(floatsisf.o)
 .data          0x0000000000802000        0x0 /usr/lib/gcc/avr/5.2.0/../../../../avr/lib/avrxmega4/libm.a(fp_split3.o)
 .data          0x0000000000802000        0x0 /usr/lib/gcc/avr/5.2.0/../../../../avr/lib/avrxmega4/libm.a(fp_zero.o)
 .data          0x0000000000802000        0x0 /usr/lib/gcc/avr/5.2.0/../../../../avr/lib/avrxmega4/libm.a(mulsf3.o)
 .data          0x0000000000802000        0x0 /usr/lib/gcc/avr/5.2.0/../../../../avr/lib/avrxmega4/libm.a(mulsf3x.o)
 .data          0x0000000000802000        0x0 /usr/lib/gcc/avr/5.2.0/../../../../avr/lib/avrxmega4/libm.a(round.o)
 .data          0x0000000000802000        0x0 /usr/lib/gcc/avr/5.2.0/../../../../avr/lib/avrxmega4/libm.a(fp_inf.o)
 .data          0x0000000000802000        0x0 /usr/lib/gcc/avr/5.2.0/../../../../avr/lib/avrxmega4/libm.a(fp_mintl.o)
 .data          0x0000000000802000        0x0 /usr/lib/gcc/avr/5.2.0/../../../../avr/lib/avrxmega4/libm.a(fp_mpack.o)
 .data          0x0000000000802000        0x0 /usr/lib/gcc/avr/5.2.0/../../../../avr/lib/avrxmega4/libm.a(fp_nan.o)
 .data          0x0000000000802000        0x0 /usr/lib/gcc/avr/5.2.0/../../../../avr/lib/avrxmega4/libm.a(fp_pscA.o)
 .data          0x0000000000802000        0x0 /usr/lib/gcc/avr/5.2.0/../../../../avr/lib/avrxmega4/libm.a(fp_pscB.o)
 .data          0x0000000000802000        0x0 /usr/lib/gcc/avr/5.2.0/../../../../avr/lib/avrxmega4/libm.a(fp_round.o)
 .data          0x0000000000802000        0x6 /usr/lib/gcc/avr/5.2.0/../../../../avr/lib/avrxmega4/libc.a(malloc.o)
                0x0000000000802000                __malloc_heap_end
                0x0000000000802002                __malloc_heap_start
                0x0000000000802004                __malloc_margin
 .data          0x0000000000802006        0x0 /usr/lib/gcc/avr/5.2.0/../../../../avr/lib/avrxmega4/libc.a(memcpy.o)
 .data          0x0000000000802006        0x0 /usr/lib/gcc/avr/5.2.0/../../../../avr/lib/avrxmega4/libc.a(itoa_ncheck.o)
 .data          0x0000000000802006        0x0 /usr/lib/gcc/avr/5.2.0/../../../../avr/lib/avrxmega4/libc.a(utoa_ncheck.o)
 .data          0x0000000000802006        0x0 /usr/lib/gcc/avr/5.2.0/../../../../avr/lib/avrxmega4/libc.a(strrev.o)
 *(.data*)
 .data.testMenu
                0x0000000000802006        0x7 ./gfx/test/sampleMainMenu.o
                0x0000000000802006                testMenu
 .data.compulab_logo
                0x000000000080200d        0x5 ./gfx/test/sampleMainMenu.o
                0x000000000080200d                compulab_logo
 .data.main_menu_strings
                0x0000000000802012        0xc ./gfx/test/sampleMainMenu.o
                0x0000000000802012                main_menu_strings
 .data.subTestMenu
                0x000000000080201e        0x7 ./gfx/test/sampleSubMenu.o
                0x000000000080201e                subTestMenu
 .data.sub_menu_strings
                0x0000000000802025        0x6 ./gfx/test/sampleSubMenu.o
                0x0000000000802025                sub_menu_strings
 .data.debugButtonStatus
                0x000000000080202b        0x1 ./gfx/keypad.o
                0x000000000080202b                debugButtonStatus
 .data.selectButtonStatus
                0x000000000080202c        0x1 ./gfx/keypad.o
                0x000000000080202c                selectButtonStatus
 .data.rightButtonStatus
                0x000000000080202d        0x1 ./gfx/keypad.o
                0x000000000080202d                rightButtonStatus
 .data.leftButtonStatus
                0x000000000080202e        0x1 ./gfx/keypad.o
                0x000000000080202e                leftButtonStatus
 .data.compulab_new
                0x000000000080202f      0x200 ./gfx/logos.o
                0x000000000080202f                compulab_new
 .data.sleepmgr_configs
                0x000000000080222f        0x6 ./ASF/common/services/sleepmgr/xmega/sleepmgr.o
                0x000000000080222f                sleepmgr_configs
 .data.menu_bitmap_indicator
                0x0000000000802235        0x5 ./ASF/common/services/gfx_mono/gfx_mono_menu.o
                0x0000000000802235                menu_bitmap_indicator
 .data.sysfont  0x000000000080223a        0x7 ./ASF/common/services/gfx_mono/sysfont.o
                0x000000000080223a                sysfont
 .data.Font08px_126
                0x0000000000802241        0x6 ./ASF/common/components/display/ssd1306/font.o
                0x0000000000802241                Font08px_126
 .data.Font08px_125
                0x0000000000802247        0x4 ./ASF/common/components/display/ssd1306/font.o
                0x0000000000802247                Font08px_125
 .data.Font08px_124
                0x000000000080224b        0x2 ./ASF/common/components/display/ssd1306/font.o
                0x000000000080224b                Font08px_124
 .data.Font08px_123
                0x000000000080224d        0x4 ./ASF/common/components/display/ssd1306/font.o
                0x000000000080224d                Font08px_123
 .data.Font08px_lz
                0x0000000000802251        0x4 ./ASF/common/components/display/ssd1306/font.o
                0x0000000000802251                Font08px_lz
 .data.Font08px_ly
                0x0000000000802255        0x5 ./ASF/common/components/display/ssd1306/font.o
                0x0000000000802255                Font08px_ly
 .data.Font08px_lx
                0x000000000080225a        0x6 ./ASF/common/components/display/ssd1306/font.o
                0x000000000080225a                Font08px_lx
 .data.Font08px_lw
                0x0000000000802260        0x6 ./ASF/common/components/display/ssd1306/font.o
                0x0000000000802260                Font08px_lw
 .data.Font08px_lv
                0x0000000000802266        0x6 ./ASF/common/components/display/ssd1306/font.o
                0x0000000000802266                Font08px_lv
 .data.Font08px_lu
                0x000000000080226c        0x5 ./ASF/common/components/display/ssd1306/font.o
                0x000000000080226c                Font08px_lu
 .data.Font08px_lt
                0x0000000000802271        0x4 ./ASF/common/components/display/ssd1306/font.o
                0x0000000000802271                Font08px_lt
 .data.Font08px_ls
                0x0000000000802275        0x5 ./ASF/common/components/display/ssd1306/font.o
                0x0000000000802275                Font08px_ls
 .data.Font08px_lr
                0x000000000080227a        0x4 ./ASF/common/components/display/ssd1306/font.o
                0x000000000080227a                Font08px_lr
 .data.Font08px_lq
                0x000000000080227e        0x5 ./ASF/common/components/display/ssd1306/font.o
                0x000000000080227e                Font08px_lq
 .data.Font08px_lp
                0x0000000000802283        0x5 ./ASF/common/components/display/ssd1306/font.o
                0x0000000000802283                Font08px_lp
 .data.Font08px_lo
                0x0000000000802288        0x5 ./ASF/common/components/display/ssd1306/font.o
                0x0000000000802288                Font08px_lo
 .data.Font08px_ln
                0x000000000080228d        0x5 ./ASF/common/components/display/ssd1306/font.o
                0x000000000080228d                Font08px_ln
 .data.Font08px_lm
                0x0000000000802292        0x6 ./ASF/common/components/display/ssd1306/font.o
                0x0000000000802292                Font08px_lm
 .data.Font08px_ll
                0x0000000000802298        0x2 ./ASF/common/components/display/ssd1306/font.o
                0x0000000000802298                Font08px_ll
 .data.Font08px_lk
                0x000000000080229a        0x5 ./ASF/common/components/display/ssd1306/font.o
                0x000000000080229a                Font08px_lk
 .data.Font08px_lj
                0x000000000080229f        0x3 ./ASF/common/components/display/ssd1306/font.o
                0x000000000080229f                Font08px_lj
 .data.Font08px_li
                0x00000000008022a2        0x2 ./ASF/common/components/display/ssd1306/font.o
                0x00000000008022a2                Font08px_li
 .data.Font08px_lh
                0x00000000008022a4        0x5 ./ASF/common/components/display/ssd1306/font.o
                0x00000000008022a4                Font08px_lh
 .data.Font08px_lg
                0x00000000008022a9        0x5 ./ASF/common/components/display/ssd1306/font.o
                0x00000000008022a9                Font08px_lg
 .data.Font08px_lf
                0x00000000008022ae        0x4 ./ASF/common/components/display/ssd1306/font.o
                0x00000000008022ae                Font08px_lf
 .data.Font08px_le
                0x00000000008022b2        0x5 ./ASF/common/components/display/ssd1306/font.o
                0x00000000008022b2                Font08px_le
 .data.Font08px_ld
                0x00000000008022b7        0x5 ./ASF/common/components/display/ssd1306/font.o
                0x00000000008022b7                Font08px_ld
 .data.Font08px_lc
                0x00000000008022bc        0x5 ./ASF/common/components/display/ssd1306/font.o
                0x00000000008022bc                Font08px_lc
 .data.Font08px_lb
                0x00000000008022c1        0x5 ./ASF/common/components/display/ssd1306/font.o
                0x00000000008022c1                Font08px_lb
 .data.Font08px_la
                0x00000000008022c6        0x5 ./ASF/common/components/display/ssd1306/font.o
                0x00000000008022c6                Font08px_la
 .data.Font08px_96
                0x00000000008022cb        0x3 ./ASF/common/components/display/ssd1306/font.o
                0x00000000008022cb                Font08px_96
 .data.Font08px_95
                0x00000000008022ce        0x4 ./ASF/common/components/display/ssd1306/font.o
                0x00000000008022ce                Font08px_95
 .data.Font08px_94
                0x00000000008022d2        0x4 ./ASF/common/components/display/ssd1306/font.o
                0x00000000008022d2                Font08px_94
 .data.Font08px_93
                0x00000000008022d6        0x4 ./ASF/common/components/display/ssd1306/font.o
                0x00000000008022d6                Font08px_93
 .data.Font08px_92
                0x00000000008022da        0x4 ./ASF/common/components/display/ssd1306/font.o
                0x00000000008022da                Font08px_92
 .data.Font08px_91
                0x00000000008022de        0x4 ./ASF/common/components/display/ssd1306/font.o
                0x00000000008022de                Font08px_91
 .data.Font08px_UZ
                0x00000000008022e2        0x6 ./ASF/common/components/display/ssd1306/font.o
                0x00000000008022e2                Font08px_UZ
 .data.Font08px_UY
                0x00000000008022e8        0x6 ./ASF/common/components/display/ssd1306/font.o
                0x00000000008022e8                Font08px_UY
 .data.Font08px_UX
                0x00000000008022ee        0x6 ./ASF/common/components/display/ssd1306/font.o
                0x00000000008022ee                Font08px_UX
 .data.Font08px_UW
                0x00000000008022f4        0x6 ./ASF/common/components/display/ssd1306/font.o
                0x00000000008022f4                Font08px_UW
 .data.Font08px_UV
                0x00000000008022fa        0x6 ./ASF/common/components/display/ssd1306/font.o
                0x00000000008022fa                Font08px_UV
 .data.Font08px_UU
                0x0000000000802300        0x5 ./ASF/common/components/display/ssd1306/font.o
                0x0000000000802300                Font08px_UU
 .data.Font08px_UT
                0x0000000000802305        0x6 ./ASF/common/components/display/ssd1306/font.o
                0x0000000000802305                Font08px_UT
 .data.Font08px_US
                0x000000000080230b        0x5 ./ASF/common/components/display/ssd1306/font.o
                0x000000000080230b                Font08px_US
 .data.Font08px_UR
                0x0000000000802310        0x5 ./ASF/common/components/display/ssd1306/font.o
                0x0000000000802310                Font08px_UR
 .data.Font08px_UQ
                0x0000000000802315        0x6 ./ASF/common/components/display/ssd1306/font.o
                0x0000000000802315                Font08px_UQ
 .data.Font08px_UP
                0x000000000080231b        0x5 ./ASF/common/components/display/ssd1306/font.o
                0x000000000080231b                Font08px_UP
 .data.Font08px_UO
                0x0000000000802320        0x5 ./ASF/common/components/display/ssd1306/font.o
                0x0000000000802320                Font08px_UO
 .data.Font08px_UN
                0x0000000000802325        0x6 ./ASF/common/components/display/ssd1306/font.o
                0x0000000000802325                Font08px_UN
 .data.Font08px_UM
                0x000000000080232b        0x6 ./ASF/common/components/display/ssd1306/font.o
                0x000000000080232b                Font08px_UM
 .data.Font08px_UL
                0x0000000000802331        0x5 ./ASF/common/components/display/ssd1306/font.o
                0x0000000000802331                Font08px_UL
 .data.Font08px_UK
                0x0000000000802336        0x6 ./ASF/common/components/display/ssd1306/font.o
                0x0000000000802336                Font08px_UK
 .data.Font08px_UJ
                0x000000000080233c        0x5 ./ASF/common/components/display/ssd1306/font.o
                0x000000000080233c                Font08px_UJ
 .data.Font08px_UI
                0x0000000000802341        0x4 ./ASF/common/components/display/ssd1306/font.o
                0x0000000000802341                Font08px_UI
 .data.Font08px_UH
                0x0000000000802345        0x5 ./ASF/common/components/display/ssd1306/font.o
                0x0000000000802345                Font08px_UH
 .data.Font08px_UG
                0x000000000080234a        0x6 ./ASF/common/components/display/ssd1306/font.o
                0x000000000080234a                Font08px_UG
 .data.Font08px_UF
                0x0000000000802350        0x5 ./ASF/common/components/display/ssd1306/font.o
                0x0000000000802350                Font08px_UF
 .data.Font08px_UE
                0x0000000000802355        0x5 ./ASF/common/components/display/ssd1306/font.o
                0x0000000000802355                Font08px_UE
 .data.Font08px_UD
                0x000000000080235a        0x5 ./ASF/common/components/display/ssd1306/font.o
                0x000000000080235a                Font08px_UD
 .data.Font08px_UC
                0x000000000080235f        0x5 ./ASF/common/components/display/ssd1306/font.o
                0x000000000080235f                Font08px_UC
 .data.Font08px_UB
                0x0000000000802364        0x5 ./ASF/common/components/display/ssd1306/font.o
                0x0000000000802364                Font08px_UB
 .data.Font08px_UA
                0x0000000000802369        0x6 ./ASF/common/components/display/ssd1306/font.o
                0x0000000000802369                Font08px_UA
 .data.Font08px_64
                0x000000000080236f        0x9 ./ASF/common/components/display/ssd1306/font.o
                0x000000000080236f                Font08px_64
 .data.Font08px_63
                0x0000000000802378        0x6 ./ASF/common/components/display/ssd1306/font.o
                0x0000000000802378                Font08px_63
 .data.Font08px_62
                0x000000000080237e        0x5 ./ASF/common/components/display/ssd1306/font.o
                0x000000000080237e                Font08px_62
 .data.Font08px_61
                0x0000000000802383        0x5 ./ASF/common/components/display/ssd1306/font.o
                0x0000000000802383                Font08px_61
 .data.Font08px_60
                0x0000000000802388        0x5 ./ASF/common/components/display/ssd1306/font.o
                0x0000000000802388                Font08px_60
 .data.Font08px_59
                0x000000000080238d        0x2 ./ASF/common/components/display/ssd1306/font.o
                0x000000000080238d                Font08px_59
 .data.Font08px_58
                0x000000000080238f        0x2 ./ASF/common/components/display/ssd1306/font.o
                0x000000000080238f                Font08px_58
 .data.Font08px_N9
                0x0000000000802391        0x6 ./ASF/common/components/display/ssd1306/font.o
                0x0000000000802391                Font08px_N9
 .data.Font08px_N8
                0x0000000000802397        0x6 ./ASF/common/components/display/ssd1306/font.o
                0x0000000000802397                Font08px_N8
 .data.Font08px_N7
                0x000000000080239d        0x6 ./ASF/common/components/display/ssd1306/font.o
                0x000000000080239d                Font08px_N7
 .data.Font08px_N6
                0x00000000008023a3        0x6 ./ASF/common/components/display/ssd1306/font.o
                0x00000000008023a3                Font08px_N6
 .data.Font08px_N5
                0x00000000008023a9        0x6 ./ASF/common/components/display/ssd1306/font.o
                0x00000000008023a9                Font08px_N5
 .data.Font08px_N4
                0x00000000008023af        0x6 ./ASF/common/components/display/ssd1306/font.o
                0x00000000008023af                Font08px_N4
 .data.Font08px_N3
                0x00000000008023b5        0x6 ./ASF/common/components/display/ssd1306/font.o
                0x00000000008023b5                Font08px_N3
 .data.Font08px_N2
                0x00000000008023bb        0x6 ./ASF/common/components/display/ssd1306/font.o
                0x00000000008023bb                Font08px_N2
 .data.Font08px_N1
                0x00000000008023c1        0x6 ./ASF/common/components/display/ssd1306/font.o
                0x00000000008023c1                Font08px_N1
 .data.Font08px_N0
                0x00000000008023c7        0x6 ./ASF/common/components/display/ssd1306/font.o
                0x00000000008023c7                Font08px_N0
 .data.Font08px_47
                0x00000000008023cd        0x4 ./ASF/common/components/display/ssd1306/font.o
                0x00000000008023cd                Font08px_47
 .data.Font08px_46
                0x00000000008023d1        0x2 ./ASF/common/components/display/ssd1306/font.o
                0x00000000008023d1                Font08px_46
 .data.Font08px_45
                0x00000000008023d3        0x4 ./ASF/common/components/display/ssd1306/font.o
                0x00000000008023d3                Font08px_45
 .data.Font08px_44
                0x00000000008023d7        0x2 ./ASF/common/components/display/ssd1306/font.o
                0x00000000008023d7                Font08px_44
 .data.Font08px_43
                0x00000000008023d9        0x4 ./ASF/common/components/display/ssd1306/font.o
                0x00000000008023d9                Font08px_43
 .data.Font08px_42
                0x00000000008023dd        0x4 ./ASF/common/components/display/ssd1306/font.o
                0x00000000008023dd                Font08px_42
 .data.Font08px_41
                0x00000000008023e1        0x4 ./ASF/common/components/display/ssd1306/font.o
                0x00000000008023e1                Font08px_41
 .data.Font08px_40
                0x00000000008023e5        0x4 ./ASF/common/components/display/ssd1306/font.o
                0x00000000008023e5                Font08px_40
 .data.Font08px_39
                0x00000000008023e9        0x2 ./ASF/common/components/display/ssd1306/font.o
                0x00000000008023e9                Font08px_39