Archive member included to satisfy reference by file (symbol)

/usr/lib/gcc/avr/5.2.0/avrxmega4/libgcc.a(_udivmodqi4.o)
                              ./ASF/common/services/gfx_mono/gfx_mono_menu.o (__udivmodqi4)
/usr/lib/gcc/avr/5.2.0/avrxmega4/libgcc.a(_udivmodsi4.o)
                              ./ASF/xmega/drivers/spi/spi.o (__udivmodsi4)
/usr/lib/gcc/avr/5.2.0/avrxmega4/libgcc.a(_divmodsi4.o)
                              ./adc/adc.o (__divmodsi4)
/usr/lib/gcc/avr/5.2.0/avrxmega4/libgcc.a(_negsi2.o)
                              /usr/lib/gcc/avr/5.2.0/avrxmega4/libgcc.a(_divmodsi4.o) (__negsi2)
/usr/lib/gcc/avr/5.2.0/avrxmega4/libgcc.a(_exit.o)
                              /usr/lib/gcc/avr/5.2.0/../../../../avr/lib/avrxmega4/crtatxmega64a3u.o (exit)
/usr/lib/gcc/avr/5.2.0/avrxmega4/libgcc.a(_copy_data.o)
                              ./gfx/keypad.o (__do_copy_data)
/usr/lib/gcc/avr/5.2.0/avrxmega4/libgcc.a(_clear_bss.o)
                              ./twi/twi-master.o (__do_clear_bss)
/usr/lib/gcc/avr/5.2.0/../../../../avr/lib/avrxmega4/libm.a(fixsfsi.o)
                              ./adc/adc.o (__fixsfsi)
/usr/lib/gcc/avr/5.2.0/../../../../avr/lib/avrxmega4/libm.a(fixunssfsi.o)
                              /usr/lib/gcc/avr/5.2.0/../../../../avr/lib/avrxmega4/libm.a(fixsfsi.o) (__fixunssfsi)
/usr/lib/gcc/avr/5.2.0/../../../../avr/lib/avrxmega4/libm.a(floatsisf.o)
                              ./adc/adc.o (__floatsisf)
/usr/lib/gcc/avr/5.2.0/../../../../avr/lib/avrxmega4/libm.a(fp_split3.o)
                              /usr/lib/gcc/avr/5.2.0/../../../../avr/lib/avrxmega4/libm.a(fixunssfsi.o) (__fp_splitA)
/usr/lib/gcc/avr/5.2.0/../../../../avr/lib/avrxmega4/libm.a(fp_zero.o)
                              /usr/lib/gcc/avr/5.2.0/../../../../avr/lib/avrxmega4/libm.a(fixunssfsi.o) (__fp_zero)
/usr/lib/gcc/avr/5.2.0/../../../../avr/lib/avrxmega4/libm.a(mulsf3.o)
                              ./adc/adc.o (__mulsf3)
/usr/lib/gcc/avr/5.2.0/../../../../avr/lib/avrxmega4/libm.a(mulsf3x.o)
                              /usr/lib/gcc/avr/5.2.0/../../../../avr/lib/avrxmega4/libm.a(mulsf3.o) (__mulsf3x)
/usr/lib/gcc/avr/5.2.0/../../../../avr/lib/avrxmega4/libm.a(round.o)
                              ./adc/adc.o (round)
/usr/lib/gcc/avr/5.2.0/../../../../avr/lib/avrxmega4/libm.a(fp_inf.o)
                              /usr/lib/gcc/avr/5.2.0/../../../../avr/lib/avrxmega4/libm.a(mulsf3x.o) (__fp_inf)
/usr/lib/gcc/avr/5.2.0/../../../../avr/lib/avrxmega4/libm.a(fp_mintl.o)
                              /usr/lib/gcc/avr/5.2.0/../../../../avr/lib/avrxmega4/libm.a(round.o) (__fp_mintl)
/usr/lib/gcc/avr/5.2.0/../../../../avr/lib/avrxmega4/libm.a(fp_mpack.o)
                              /usr/lib/gcc/avr/5.2.0/../../../../avr/lib/avrxmega4/libm.a(round.o) (__fp_mpack)
/usr/lib/gcc/avr/5.2.0/../../../../avr/lib/avrxmega4/libm.a(fp_nan.o)
                              /usr/lib/gcc/avr/5.2.0/../../../../avr/lib/avrxmega4/libm.a(mulsf3x.o) (__fp_nan)
/usr/lib/gcc/avr/5.2.0/../../../../avr/lib/avrxmega4/libm.a(fp_pscA.o)
                              /usr/lib/gcc/avr/5.2.0/../../../../avr/lib/avrxmega4/libm.a(mulsf3x.o) (__fp_pscA)
/usr/lib/gcc/avr/5.2.0/../../../../avr/lib/avrxmega4/libm.a(fp_pscB.o)
                              /usr/lib/gcc/avr/5.2.0/../../../../avr/lib/avrxmega4/libm.a(mulsf3x.o) (__fp_pscB)
/usr/lib/gcc/avr/5.2.0/../../../../avr/lib/avrxmega4/libm.a(fp_round.o)
                              /usr/lib/gcc/avr/5.2.0/../../../../avr/lib/avrxmega4/libm.a(mulsf3.o) (__fp_round)
/usr/lib/gcc/avr/5.2.0/../../../../avr/lib/avrxmega4/libc.a(memcpy.o)
                              ./ASF/xmega/drivers/nvm/nvm.o (memcpy)
/usr/lib/gcc/avr/5.2.0/../../../../avr/lib/avrxmega4/libc.a(itoa_ncheck.o)
                              ./adc/adc.o (__itoa_ncheck)
/usr/lib/gcc/avr/5.2.0/../../../../avr/lib/avrxmega4/libc.a(utoa_ncheck.o)
                              /usr/lib/gcc/avr/5.2.0/../../../../avr/lib/avrxmega4/libc.a(itoa_ncheck.o) (__utoa_common)
/usr/lib/gcc/avr/5.2.0/../../../../avr/lib/avrxmega4/libc.a(strrev.o)
                              /usr/lib/gcc/avr/5.2.0/../../../../avr/lib/avrxmega4/libc.a(utoa_ncheck.o) (strrev)

Allocating common symbols
Common symbol       size              file

currentPower        0x4               ./adc/adc.o
currentPackage      0x205             ./twi/twi-master.o
adcb_callback       0x2               ./ASF/xmega/drivers/adc/adc.o
debug               0x3               ./twi/twi-slave.o
isExacuting         0x1               ./twi/twi-master.o
presentMenu         0x2               ./gfx/menu-handler.o
sendIndex           0x2               ./twi/twi-master.o
retryingCount       0x2               ./twi/twi-master.o
sleepmgr_locks      0x6               ./ASF/common/services/sleepmgr/xmega/sleepmgr.o
selectedKey         0x1               ./gfx/menu-handler.o
resString           0x7               ./adc/adc.o
adca_callback       0x2               ./ASF/xmega/drivers/adc/adc.o
[...]
Memory Configuration

Name             Origin             Length             Attributes
text             0x0000000000000000 0x0000000000100000 xr
data             0x0000000000802000 0x000000000000ffa0 rw !x
eeprom           0x0000000000810000 0x0000000000010000 rw !x
fuse             0x0000000000820000 0x0000000000000400 rw !x
lock             0x0000000000830000 0x0000000000000400 rw !x
signature        0x0000000000840000 0x0000000000000400 rw !x
*default*        0x0000000000000000 0xffffffffffffffff

Linker script and memory map

LOAD /usr/lib/gcc/avr/5.2.0/../../../../avr/lib/avrxmega4/crtatxmega64a3u.o
LOAD ./twi/eeprom_driver.o
LOAD ./twi/sp_driver.o
LOAD ./twi/testTwi.o
LOAD ./twi/twi-master.o
LOAD ./twi/twi-memory.o
LOAD ./twi/twi-slave.o
LOAD ./timer/tc.o
LOAD ./gfx/gfx_utils.o
LOAD ./gfx/keypad.o
LOAD ./gfx/logos.o
LOAD ./gfx/menu-handler.o
LOAD ./adc/adc.o
LOAD ./action_menu/action_menu_factory.o
LOAD ./action_menu/gfx_action_menu.o
LOAD ./ASF/xmega/drivers/spi/spi.o
LOAD ./ASF/xmega/drivers/nvm/nvm.o
LOAD ./ASF/xmega/drivers/nvm/nvm_asm.o
LOAD ./ASF/xmega/drivers/cpu/ccp.o
LOAD ./ASF/xmega/drivers/adc/xmega_aau/adc_aau.o
LOAD ./ASF/xmega/drivers/adc/adc.o
LOAD ./ASF/xmega/boards/stk600/rc064x/init.o
LOAD ./ASF/common/services/spi/xmega_spi/spi_master.o
LOAD ./ASF/common/services/sleepmgr/xmega/sleepmgr.o
LOAD ./ASF/common/services/ioport/xmega/ioport_compat.o
LOAD ./ASF/common/services/gfx_mono/gfx_mono_framebuffer.o
LOAD ./ASF/common/services/gfx_mono/gfx_mono_generic.o
LOAD ./ASF/common/services/gfx_mono/gfx_mono_menu.o
LOAD ./ASF/common/services/gfx_mono/gfx_mono_text.o
LOAD ./ASF/common/services/gfx_mono/gfx_mono_ug_2832hsweg04.o
LOAD ./ASF/common/services/gfx_mono/sysfont.o
LOAD ./ASF/common/services/clock/xmega/sysclk.o
LOAD ./ASF/common/components/display/ssd1306/font.o
LOAD ./ASF/common/components/display/ssd1306/ssd1306.o
LOAD ./main.o
LOAD ./power-state.o
START GROUP
LOAD /usr/lib/gcc/avr/5.2.0/avrxmega4/libgcc.a
LOAD /usr/lib/gcc/avr/5.2.0/../../../../avr/lib/avrxmega4/libm.a
LOAD /usr/lib/gcc/avr/5.2.0/../../../../avr/lib/avrxmega4/libc.a
LOAD /usr/lib/gcc/avr/5.2.0/../../../../avr/lib/avrxmega4/libatxmega64a3u.a
END GROUP

.hash
 *(.hash)

.dynsym
 *(.dynsym)

.dynstr
 *(.dynstr)

.gnu.version
 *(.gnu.version)

.gnu.version_d
 *(.gnu.version_d)

.gnu.version_r
 *(.gnu.version_r)

.rel.init
 *(.rel.init)

.rela.init
 *(.rela.init)

.rel.text
 *(.rel.text)
 *(.rel.text.*)
 *(.rel.gnu.linkonce.t*)

.rela.text
 *(.rela.text)
 *(.rela.text.*)
 *(.rela.gnu.linkonce.t*)

.rel.fini
 *(.rel.fini)

.rela.fini
 *(.rela.fini)

.rel.rodata
 *(.rel.rodata)
 *(.rel.rodata.*)
 *(.rel.gnu.linkonce.r*)

.rela.rodata
 *(.rela.rodata)
 *(.rela.rodata.*)
 *(.rela.gnu.linkonce.r*)

.rel.data
 *(.rel.data)
 *(.rel.data.*)
 *(.rel.gnu.linkonce.d*)

.rela.data
 *(.rela.data)
 *(.rela.data.*)
 *(.rela.gnu.linkonce.d*)

.rel.ctors
 *(.rel.ctors)

.rela.ctors
 *(.rela.ctors)

.rel.dtors
 *(.rel.dtors)

.rela.dtors
 *(.rela.dtors)

.rel.got
 *(.rel.got)

.rela.got
 *(.rela.got)

.rel.bss
 *(.rel.bss)

.rela.bss
 *(.rela.bss)

.rel.plt
 *(.rel.plt)

.rela.plt
 *(.rela.plt)

.text           0x0000000000000000     0x3c70
 *(.vectors)
 .vectors       0x0000000000000000      0x1fc /usr/lib/gcc/avr/5.2.0/../../../../avr/lib/avrxmega4/crtatxmega64a3u.o
                0x0000000000000000                __vectors
                0x0000000000000000                __vector_default
 *(.vectors)
 *(.progmem.gcc*)
                0x00000000000001fc                . = ALIGN (0x2)
                0x00000000000001fc                __trampolines_start = .
 *(.trampolines)
 .trampolines   0x00000000000001fc        0x0 linker stubs
 *(.trampolines*)
                0x00000000000001fc                __trampolines_end = .
 *(.progmem*)
 .progmem.data.arrow_right_data
                0x00000000000001fc        0x4 ./ASF/common/services/gfx_mono/gfx_mono_menu.o
                0x00000000000001fc                arrow_right_data
 .progmem.data.sysfont_glyphs
                0x0000000000000200      0x2a0 ./ASF/common/services/gfx_mono/sysfont.o
 .progmem.data.main_menu_title6
                0x00000000000004a0        0x8 ./main.o
                0x00000000000004a0                main_menu_title6
 .progmem.data.main_menu_title3
                0x00000000000004a8        0xb ./main.o
                0x00000000000004a8                main_menu_title3
 .progmem.data.main_menu_title2
                0x00000000000004b3       0x15 ./main.o
                0x00000000000004b3                main_menu_title2
 .progmem.data.main_menu_6
                0x00000000000004c8        0xd ./main.o
                0x00000000000004c8                main_menu_6
 .progmem.data.main_menu_5
                0x00000000000004d5        0xb ./main.o
                0x00000000000004d5                main_menu_5
 .progmem.data.main_menu_4
                0x00000000000004e0        0xf ./main.o
                0x00000000000004e0                main_menu_4
 .progmem.data.main_menu_3
                0x00000000000004ef        0xa ./main.o
                0x00000000000004ef                main_menu_3
 .progmem.data.main_menu_2
                0x00000000000004f9       0x14 ./main.o
                0x00000000000004f9                main_menu_2
 .progmem.data.main_menu_1
                0x000000000000050d       0x13 ./main.o
                0x000000000000050d                main_menu_1
 .progmem.data.main_menu_title
                0x0000000000000520       0x10 ./main.o
                0x0000000000000520                main_menu_title
 .progmem.data.sub_menu_title1
                0x0000000000000530        0xb ./main.o
                0x0000000000000530                sub_menu_title1
 .progmem.data.sub_menu_2
                0x000000000000053b        0xd ./main.o
                0x000000000000053b                sub_menu_2
 .progmem.data.sub_menu_1
                0x0000000000000548        0xa ./main.o
                0x0000000000000548                sub_menu_1
 .progmem.data.sub_menu_title
                0x0000000000000552       0x14 ./main.o
                0x0000000000000552                sub_menu_title
                0x0000000000000566                . = ALIGN (0x2)
 *(.jumptables)
 *(.jumptables*)
 *(.lowtext)
 *(.lowtext*)
                0x0000000000000566                __ctors_start = .
 *(.ctors)
                0x0000000000000566                __ctors_end = .
                0x0000000000000566                __dtors_start = .
 *(.dtors)
                0x0000000000000566                __dtors_end = .
 SORT(*)(.ctors)
 SORT(*)(.dtors)
 *(.init0)
 .init0         0x0000000000000566        0x0 /usr/lib/gcc/avr/5.2.0/../../../../avr/lib/avrxmega4/crtatxmega64a3u.o
                0x0000000000000566                __init
 *(.init0)
 *(.init1)
 *(.init1)
 *(.init2)
 .init2         0x0000000000000566        0xc /usr/lib/gcc/avr/5.2.0/../../../../avr/lib/avrxmega4/crtatxmega64a3u.o
 *(.init2)
 *(.init3)
 *(.init3)
 *(.init4)
 .init4         0x0000000000000572       0x1a /usr/lib/gcc/avr/5.2.0/avrxmega4/libgcc.a(_copy_data.o)
                0x0000000000000572                __do_copy_data
 .init4         0x000000000000058c       0x10 /usr/lib/gcc/avr/5.2.0/avrxmega4/libgcc.a(_clear_bss.o)
                0x000000000000058c                __do_clear_bss
 *(.init4)
 *(.init5)
 *(.init5)
 *(.init6)
 *(.init6)
 *(.init7)
 *(.init7)
 *(.init8)
 *(.init8)
 *(.init9)
 .init9         0x000000000000059c        0x8 /usr/lib/gcc/avr/5.2.0/../../../../avr/lib/avrxmega4/crtatxmega64a3u.o
 *(.init9)
 *(.text)
 .text          0x00000000000005a4        0x4 /usr/lib/gcc/avr/5.2.0/../../../../avr/lib/avrxmega4/crtatxmega64a3u.o
                0x00000000000005a4                __vector_38
                0x00000000000005a4                __vector_22
                0x00000000000005a4                __vector_63
                0x00000000000005a4                __vector_28
                0x00000000000005a4                __vector_67
                0x00000000000005a4                __vector_1
                0x00000000000005a4                __vector_119
                0x00000000000005a4                __vector_32
                0x00000000000005a4                __vector_75
                0x00000000000005a4                __vector_91
                0x00000000000005a4                __vector_34
                0x00000000000005a4                __vector_62
                0x00000000000005a4                __vector_77
                0x00000000000005a4                __vector_102
                0x00000000000005a4                __vector_24
                0x00000000000005a4                __vector_12
                0x00000000000005a4                __vector_55
                0x00000000000005a4                __vector_69
                0x00000000000005a4                __vector_81
                0x00000000000005a4                __vector_90
                0x00000000000005a4                __vector_46
                0x00000000000005a4                __bad_interrupt
                0x00000000000005a4                __vector_122
                0x00000000000005a4                __vector_114
                0x00000000000005a4                __vector_6
                0x00000000000005a4                __vector_110
                0x00000000000005a4                __vector_31
                0x00000000000005a4                __vector_92
                0x00000000000005a4                __vector_35
                0x00000000000005a4                __vector_78
                0x00000000000005a4                __vector_117
                0x00000000000005a4                __vector_107
                0x00000000000005a4                __vector_3
                0x00000000000005a4                __vector_105
                0x00000000000005a4                __vector_98
                0x00000000000005a4                __vector_23
                0x00000000000005a4                __vector_68
                0x00000000000005a4                __vector_30
                0x00000000000005a4                __vector_25
                0x00000000000005a4                __vector_93
                0x00000000000005a4                __vector_61
                0x00000000000005a4                __vector_11
                0x00000000000005a4                __vector_54
                0x00000000000005a4                __vector_99
                0x00000000000005a4                __vector_17
                0x00000000000005a4                __vector_19
                0x00000000000005a4                __vector_56
                0x00000000000005a4                __vector_7
                0x00000000000005a4                __vector_125
                0x00000000000005a4                __vector_49
                0x00000000000005a4                __vector_123
                0x00000000000005a4                __vector_86
                0x00000000000005a4                __vector_100
                0x00000000000005a4                __vector_101
                0x00000000000005a4                __vector_64
                0x00000000000005a4                __vector_88
                0x00000000000005a4                __vector_109
                0x00000000000005a4                __vector_43
                0x00000000000005a4                __vector_27
                0x00000000000005a4                __vector_5
                0x00000000000005a4                __vector_113
                0x00000000000005a4                __vector_33
                0x00000000000005a4                __vector_76
                0x00000000000005a4                __vector_115
                0x00000000000005a4                __vector_47
                0x00000000000005a4                __vector_52
                0x00000000000005a4                __vector_37
                0x00000000000005a4                __vector_95
                0x00000000000005a4                __vector_103
                0x00000000000005a4                __vector_96
                0x00000000000005a4                __vector_89
                0x00000000000005a4                __vector_108
                0x00000000000005a4                __vector_4
                0x00000000000005a4                __vector_44
                0x00000000000005a4                __vector_82
                0x00000000000005a4                __vector_106
                0x00000000000005a4                __vector_118
                0x00000000000005a4                __vector_51
                0x00000000000005a4                __vector_9
                0x00000000000005a4                __vector_2
                0x00000000000005a4                __vector_21
                0x00000000000005a4                __vector_15
                0x00000000000005a4                __vector_66
                0x00000000000005a4                __vector_36
                0x00000000000005a4                __vector_79
                0x00000000000005a4                __vector_58
                0x00000000000005a4                __vector_70
                0x00000000000005a4                __vector_83
                0x00000000000005a4                __vector_29
                0x00000000000005a4                __vector_60
                0x00000000000005a4                __vector_121
                0x00000000000005a4                __vector_85
                0x00000000000005a4                __vector_94
                0x00000000000005a4                __vector_126
                0x00000000000005a4                __vector_8
                0x00000000000005a4                __vector_26
                0x00000000000005a4                __vector_48
                0x00000000000005a4                __vector_124
                0x00000000000005a4                __vector_116
                0x00000000000005a4                __vector_112
                0x00000000000005a4                __vector_111
                0x00000000000005a4                __vector_80
                0x00000000000005a4                __vector_84
                0x00000000000005a4                __vector_57
                0x00000000000005a4                __vector_53
                0x00000000000005a4                __vector_10
                0x00000000000005a4                __vector_50
                0x00000000000005a4                __vector_16
                0x00000000000005a4                __vector_59
                0x00000000000005a4                __vector_18
                0x00000000000005a4                __vector_97
                0x00000000000005a4                __vector_20
                0x00000000000005a4                __vector_87
                0x00000000000005a4                __vector_65
                0x00000000000005a4                __vector_120
 .text          0x00000000000005a8        0x0 ./twi/eeprom_driver.o
 .text          0x00000000000005a8      0x12a ./twi/sp_driver.o
                0x00000000000005a8                SP_ReadByte
                0x00000000000005b4                SP_ReadWord
                0x00000000000005c2                SP_ReadCalibrationByte
                0x00000000000005c6                SP_ReadUserSignatureByte
                0x00000000000005ca                SP_ReadFuseByte
                0x00000000000005e0                SP_WriteLockBits
                0x00000000000005e8                SP_ReadLockBits
                0x00000000000005ee                SP_EraseUserSignatureRow
                0x00000000000005f6                SP_WriteUserSignatureRow
                0x00000000000005fe                SP_EraseApplicationSection
                0x0000000000000606                SP_EraseApplicationPage
                0x0000000000000612                SP_LoadFlashWord
                0x000000000000061c                SP_ReadFlashPage
                0x000000000000063e                SP_WriteApplicationPage
                0x000000000000064a                SP_EraseWriteApplicationPage
                0x0000000000000656                SP_EraseFlashBuffer
                0x000000000000065e                SP_EraseBootPage
                0x000000000000066a                SP_WriteBootPage
                0x0000000000000676                SP_EraseWriteBootPage
                0x0000000000000682                SP_ApplicationCRC
                0x0000000000000686                SP_BootCRC
                0x000000000000068a                SP_LockSPM
                0x0000000000000698                SP_WaitForSPM
 .text          0x00000000000006d2        0x0 ./twi/testTwi.o
 .text          0x00000000000006d2        0x0 ./twi/twi-master.o
 .text          0x00000000000006d2        0x0 ./twi/twi-memory.o
 .text          0x00000000000006d2        0x0 ./twi/twi-slave.o
 .text          0x00000000000006d2        0x0 ./timer/tc.o
 .text          0x00000000000006d2        0x0 ./gfx/gfx_utils.o
 .text          0x00000000000006d2        0x0 ./gfx/keypad.o
 .text          0x00000000000006d2        0x0 ./gfx/logos.o
 .text          0x00000000000006d2        0x0 ./gfx/menu-handler.o
 .text          0x00000000000006d2        0x0 ./adc/adc.o
 .text          0x00000000000006d2        0x0 ./action_menu/action_menu_factory.o
 .text          0x00000000000006d2        0x0 ./action_menu/gfx_action_menu.o
 .text          0x00000000000006d2        0x0 ./ASF/xmega/drivers/spi/spi.o
 .text          0x00000000000006d2        0x0 ./ASF/xmega/drivers/nvm/nvm.o
 .text          0x00000000000006d2        0x0 ./ASF/xmega/drivers/nvm/nvm_asm.o
 .text          0x00000000000006d2        0x0 ./ASF/xmega/drivers/cpu/ccp.o
 .text          0x00000000000006d2        0x0 ./ASF/xmega/drivers/adc/xmega_aau/adc_aau.o
 .text          0x00000000000006d2        0x0 ./ASF/xmega/drivers/adc/adc.o
 .text          0x00000000000006d2        0x0 ./ASF/xmega/boards/stk600/rc064x/init.o
 .text          0x00000000000006d2        0x0 ./ASF/common/services/spi/xmega_spi/spi_master.o
 .text          0x00000000000006d2        0x0 ./ASF/common/services/sleepmgr/xmega/sleepmgr.o
 .text          0x00000000000006d2        0x0 ./ASF/common/services/ioport/xmega/ioport_compat.o
 .text          0x00000000000006d2        0x0 ./ASF/common/services/gfx_mono/gfx_mono_framebuffer.o
 .text          0x00000000000006d2        0x0 ./ASF/common/services/gfx_mono/gfx_mono_generic.o
 .text          0x00000000000006d2        0x0 ./ASF/common/services/gfx_mono/gfx_mono_menu.o
 .text          0x00000000000006d2        0x0 ./ASF/common/services/gfx_mono/gfx_mono_text.o
 .text          0x00000000000006d2        0x0 ./ASF/common/services/gfx_mono/gfx_mono_ug_2832hsweg04.o
 .text          0x00000000000006d2        0x0 ./ASF/common/services/gfx_mono/sysfont.o
 .text          0x00000000000006d2        0x0 ./ASF/common/services/clock/xmega/sysclk.o
 .text          0x00000000000006d2        0x0 ./ASF/common/components/display/ssd1306/font.o
 .text          0x00000000000006d2        0x0 ./ASF/common/components/display/ssd1306/ssd1306.o
 .text          0x00000000000006d2        0x0 ./main.o
 .text          0x00000000000006d2        0x0 ./power-state.o
 .text          0x00000000000006d2        0x0 /usr/lib/gcc/avr/5.2.0/avrxmega4/libgcc.a(_udivmodqi4.o)
 .text          0x00000000000006d2        0x0 /usr/lib/gcc/avr/5.2.0/avrxmega4/libgcc.a(_udivmodsi4.o)
 .text          0x00000000000006d2        0x0 /usr/lib/gcc/avr/5.2.0/avrxmega4/libgcc.a(_divmodsi4.o)
 .text          0x00000000000006d2        0x0 /usr/lib/gcc/avr/5.2.0/avrxmega4/libgcc.a(_negsi2.o)
 .text          0x00000000000006d2        0x0 /usr/lib/gcc/avr/5.2.0/avrxmega4/libgcc.a(_exit.o)
 .text          0x00000000000006d2        0x0 /usr/lib/gcc/avr/5.2.0/avrxmega4/libgcc.a(_copy_data.o)
 .text          0x00000000000006d2        0x0 /usr/lib/gcc/avr/5.2.0/avrxmega4/libgcc.a(_clear_bss.o)
 .text          0x00000000000006d2        0x0 /usr/lib/gcc/avr/5.2.0/../../../../avr/lib/avrxmega4/libm.a(fixsfsi.o)
 .text          0x00000000000006d2        0x0 /usr/lib/gcc/avr/5.2.0/../../../../avr/lib/avrxmega4/libm.a(fixunssfsi.o)
 .text          0x00000000000006d2        0x0 /usr/lib/gcc/avr/5.2.0/../../../../avr/lib/avrxmega4/libm.a(floatsisf.o)
 .text          0x00000000000006d2        0x0 /usr/lib/gcc/avr/5.2.0/../../../../avr/lib/avrxmega4/libm.a(fp_split3.o)
 .text          0x00000000000006d2        0x0 /usr/lib/gcc/avr/5.2.0/../../../../avr/lib/avrxmega4/libm.a(fp_zero.o)
 .text          0x00000000000006d2        0x0 /usr/lib/gcc/avr/5.2.0/../../../../avr/lib/avrxmega4/libm.a(mulsf3.o)
 .text          0x00000000000006d2        0x0 /usr/lib/gcc/avr/5.2.0/../../../../avr/lib/avrxmega4/libm.a(mulsf3x.o)
 .text          0x00000000000006d2        0x0 /usr/lib/gcc/avr/5.2.0/../../../../avr/lib/avrxmega4/libm.a(round.o)
 .text          0x00000000000006d2        0x0 /usr/lib/gcc/avr/5.2.0/../../../../avr/lib/avrxmega4/libm.a(fp_inf.o)
 .text          0x00000000000006d2        0x0 /usr/lib/gcc/avr/5.2.0/../../../../avr/lib/avrxmega4/libm.a(fp_mintl.o)
 .text          0x00000000000006d2        0x0 /usr/lib/gcc/avr/5.2.0/../../../../avr/lib/avrxmega4/libm.a(fp_mpack.o)
 .text          0x00000000000006d2        0x0 /usr/lib/gcc/avr/5.2.0/../../../../avr/lib/avrxmega4/libm.a(fp_nan.o)
 .text          0x00000000000006d2        0x0 /usr/lib/gcc/avr/5.2.0/../../../../avr/lib/avrxmega4/libm.a(fp_pscA.o)
 .text          0x00000000000006d2        0x0 /usr/lib/gcc/avr/5.2.0/../../../../avr/lib/avrxmega4/libm.a(fp_pscB.o)
 .text          0x00000000000006d2        0x0 /usr/lib/gcc/avr/5.2.0/../../../../avr/lib/avrxmega4/libm.a(fp_round.o)
 .text          0x00000000000006d2        0x0 /usr/lib/gcc/avr/5.2.0/../../../../avr/lib/avrxmega4/libc.a(memcpy.o)
 .text          0x00000000000006d2        0x0 /usr/lib/gcc/avr/5.2.0/../../../../avr/lib/avrxmega4/libc.a(itoa_ncheck.o)
 .text          0x00000000000006d2        0x0 /usr/lib/gcc/avr/5.2.0/../../../../avr/lib/avrxmega4/libc.a(utoa_ncheck.o)
 .text          0x00000000000006d2        0x0 /usr/lib/gcc/avr/5.2.0/../../../../avr/lib/avrxmega4/libc.a(strrev.o)
                0x00000000000006d2                . = ALIGN (0x2)
 *(.text.*)
 .text.EEPROM_WaitForNVM
                0x00000000000006d2        0xa ./twi/eeprom_driver.o
                0x00000000000006d2                EEPROM_WaitForNVM
 .text.EEPROM_ReadByte
                0x00000000000006dc       0x58 ./twi/eeprom_driver.o
                0x00000000000006dc                EEPROM_ReadByte
 .text.EEPROM_FlushBuffer
                0x0000000000000734       0x30 ./twi/eeprom_driver.o
                0x0000000000000734                EEPROM_FlushBuffer
 .text.EEPROM_WriteByte
                0x0000000000000764       0x64 ./twi/eeprom_driver.o
                0x0000000000000764                EEPROM_WriteByte
 .text.EEPROM_LoadByte
                0x00000000000007c8       0x30 ./twi/eeprom_driver.o
                0x00000000000007c8                EEPROM_LoadByte
 .text.EEPROM_LoadPage
                0x00000000000007f8       0x30 ./twi/eeprom_driver.o
                0x00000000000007f8                EEPROM_LoadPage
 .text.EEPROM_AtomicWritePage
                0x0000000000000828       0x4c ./twi/eeprom_driver.o
                0x0000000000000828                EEPROM_AtomicWritePage
 .text.EEPROM_ErasePage
                0x0000000000000874       0x4c ./twi/eeprom_driver.o
                0x0000000000000874                EEPROM_ErasePage
 .text.EEPROM_SplitWritePage
                0x00000000000008c0       0x4c ./twi/eeprom_driver.o
                0x00000000000008c0                EEPROM_SplitWritePage
 .text.EEPROM_EraseAll
                0x000000000000090c       0x28 ./twi/eeprom_driver.o
                0x000000000000090c                EEPROM_EraseAll
 .text.sendWritePackage
                0x0000000000000934       0x62 ./twi/testTwi.o
                0x0000000000000934                sendWritePackage
 .text.sendReadPackage
                0x0000000000000996       0x58 ./twi/testTwi.o
                0x0000000000000996                sendReadPackage
 .text.twi_master_init
                0x00000000000009ee       0x16 ./twi/twi-master.o
                0x00000000000009ee                twi_master_init
 .text.reset    0x0000000000000a04       0x16 ./twi/twi-master.o
                0x0000000000000a04                reset
 .text.sendAddress
                0x0000000000000a1a       0x12 ./twi/twi-master.o
                0x0000000000000a1a                sendAddress
 .text.SendReadRequest
                0x0000000000000a2c       0x14 ./twi/twi-master.o
                0x0000000000000a2c                SendReadRequest
 .text.SendPackage
                0x0000000000000a40       0x26 ./twi/twi-master.o
                0x0000000000000a40                SendPackage
 .text.SendAck  0x0000000000000a66        0x8 ./twi/twi-master.o
                0x0000000000000a66                SendAck
 .text.SendStop
                0x0000000000000a6e        0x8 ./twi/twi-master.o
                0x0000000000000a6e                SendStop
 .text.SendNextData
                0x0000000000000a76       0x2a ./twi/twi-master.o
                0x0000000000000a76                SendNextData
 .text.handleGetData
                0x0000000000000aa0       0x1e ./twi/twi-master.o
                0x0000000000000aa0                handleGetData
 .text.handleSendData
                0x0000000000000abe       0x34 ./twi/twi-master.o
                0x0000000000000abe                handleSendData
 .text.handleError
                0x0000000000000af2       0x1e ./twi/twi-master.o
                0x0000000000000af2                handleError
 .text.handleBusError
                0x0000000000000b10        0x4 ./twi/twi-master.o
                0x0000000000000b10                handleBusError
 .text.handleArbitrationError
                0x0000000000000b14        0x4 ./twi/twi-master.o
                0x0000000000000b14                handleArbitrationError
 .text.handleAddressNotAcknowledged
                0x0000000000000b18        0x2 ./twi/twi-master.o
                0x0000000000000b18                handleAddressNotAcknowledged
 .text.InterruptHandler
                0x0000000000000b1a       0x26 ./twi/twi-master.o
                0x0000000000000b1a                InterruptHandler
 .text.twi_EEPROM_WriteByte
                0x0000000000000b40       0x10 ./twi/twi-memory.o
                0x0000000000000b40                twi_EEPROM_WriteByte
 .text.twi_EEPROM_ReadByte
                0x0000000000000b50        0xe ./twi/twi-memory.o
                0x0000000000000b50                twi_EEPROM_ReadByte
 .text.twi_slave_init
                0x0000000000000b5e       0x12 ./twi/twi-slave.o
                0x0000000000000b5e                twi_slave_init
 .text.clear    0x0000000000000b70        0x2 ./twi/twi-slave.o
                0x0000000000000b70                clear
 .text.clear_addresses
                0x0000000000000b72        0xa ./twi/twi-slave.o
                0x0000000000000b72                clear_addresses
 .text.TWI_ACK  0x0000000000000b7c        0x8 ./twi/twi-slave.o
                0x0000000000000b7c                TWI_ACK
 .text.TWI_NACK
                0x0000000000000b84        0x8 ./twi/twi-slave.o
                0x0000000000000b84                TWI_NACK
 .text.TWI_CLEAR_APIF
                0x0000000000000b8c        0xc ./twi/twi-slave.o
                0x0000000000000b8c                TWI_CLEAR_APIF
 .text.TWI_CLEAR_DIF
                0x0000000000000b98        0xc ./twi/twi-slave.o
                0x0000000000000b98                TWI_CLEAR_DIF
 .text.TWI_EndTransmission
                0x0000000000000ba4        0x2 ./twi/twi-slave.o
                0x0000000000000ba4                TWI_EndTransmission
 .text.handleRead
                0x0000000000000ba6       0x24 ./twi/twi-slave.o
                0x0000000000000ba6                handleRead
 .text.handleWrite
                0x0000000000000bca       0x1e ./twi/twi-slave.o
                0x0000000000000bca                handleWrite
 .text.TWI_SlaveAddressMatchHandler
                0x0000000000000be8       0x3e ./twi/twi-slave.o
                0x0000000000000be8                TWI_SlaveAddressMatchHandler
 .text.TWI_SlaveStopHandler
                0x0000000000000c26        0x4 ./twi/twi-slave.o
                0x0000000000000c26                TWI_SlaveStopHandler
 .text.TWI_SlaveReadDataHandler
                0x0000000000000c2a       0x30 ./twi/twi-slave.o
                0x0000000000000c2a                TWI_SlaveReadDataHandler
 .text.TWI_SlaveWriteDataHandler
                0x0000000000000c5a       0x1a ./twi/twi-slave.o
                0x0000000000000c5a                TWI_SlaveWriteDataHandler
 .text.TWI_SaveAddress
                0x0000000000000c74       0x20 ./twi/twi-slave.o
                0x0000000000000c74                TWI_SaveAddress
 .text.TWI_interrupt_handler
                0x0000000000000c94       0x34 ./twi/twi-slave.o
                0x0000000000000c94                TWI_interrupt_handler
 .text.tc_init  0x0000000000000cc8       0x26 ./timer/tc.o
                0x0000000000000cc8                tc_init
 .text.TC0_ConfigClockSource
                0x0000000000000cee        0xc ./timer/tc.o
                0x0000000000000cee                TC0_ConfigClockSource
 .text.TC1_ConfigClockSource
                0x0000000000000cfa        0xc ./timer/tc.o
                0x0000000000000cfa                TC1_ConfigClockSource
 .text.TC0_ConfigWGM
                0x0000000000000d06        0xc ./timer/tc.o
                0x0000000000000d06                TC0_ConfigWGM
 .text.TC1_ConfigWGM
                0x0000000000000d12        0xc ./timer/tc.o
                0x0000000000000d12                TC1_ConfigWGM
 .text.TC0_ConfigInputCapture
                0x0000000000000d1e        0xe ./timer/tc.o
                0x0000000000000d1e                TC0_ConfigInputCapture
 .text.TC1_ConfigInputCapture
                0x0000000000000d2c        0xe ./timer/tc.o
                0x0000000000000d2c                TC1_ConfigInputCapture
 .text.TC0_EnableCCChannels
                0x0000000000000d3a        0xc ./timer/tc.o
                0x0000000000000d3a                TC0_EnableCCChannels
 .text.TC1_EnableCCChannels
                0x0000000000000d46        0xc ./timer/tc.o
                0x0000000000000d46                TC1_EnableCCChannels
 .text.TC0_DisableCCChannels
                0x0000000000000d52        0xe ./timer/tc.o
                0x0000000000000d52                TC0_DisableCCChannels
 .text.TC1_DisableCCChannels
                0x0000000000000d60        0xe ./timer/tc.o
                0x0000000000000d60                TC1_DisableCCChannels
 .text.TC0_SetOverflowIntLevel
                0x0000000000000d6e        0xc ./timer/tc.o
                0x0000000000000d6e                TC0_SetOverflowIntLevel
 .text.TC1_SetOverflowIntLevel
                0x0000000000000d7a        0xc ./timer/tc.o
                0x0000000000000d7a                TC1_SetOverflowIntLevel
 .text.TC0_SetErrorIntLevel
                0x0000000000000d86        0xc ./timer/tc.o
                0x0000000000000d86                TC0_SetErrorIntLevel
 .text.TC1_SetErrorIntLevel
                0x0000000000000d92        0xc ./timer/tc.o
                0x0000000000000d92                TC1_SetErrorIntLevel
 .text.TC0_SetCCAIntLevel
                0x0000000000000d9e        0xc ./timer/tc.o
                0x0000000000000d9e                TC0_SetCCAIntLevel
 .text.TC1_SetCCAIntLevel
                0x0000000000000daa        0xc ./timer/tc.o
                0x0000000000000daa                TC1_SetCCAIntLevel
 .text.TC0_SetCCBIntLevel
                0x0000000000000db6        0xc ./timer/tc.o
                0x0000000000000db6                TC0_SetCCBIntLevel
 .text.TC1_SetCCBIntLevel
                0x0000000000000dc2        0xc ./timer/tc.o
                0x0000000000000dc2                TC1_SetCCBIntLevel
 .text.TC0_SetCCCIntLevel
                0x0000000000000dce        0xc ./timer/tc.o
                0x0000000000000dce                TC0_SetCCCIntLevel
 .text.TC0_SetCCDIntLevel
                0x0000000000000dda        0xc ./timer/tc.o
                0x0000000000000dda                TC0_SetCCDIntLevel
 .text.TC0_Reset
                0x0000000000000de6        0xe ./timer/tc.o
                0x0000000000000de6                TC0_Reset
 .text.TC1_Reset
                0x0000000000000df4        0xe ./timer/tc.o
                0x0000000000000df4                TC1_Reset
 .text.printHorizontalLine
                0x0000000000000e02       0x10 ./gfx/gfx_utils.o
                0x0000000000000e02                printHorizontalLine
 .text.printVerticalLine
                0x0000000000000e12       0x12 ./gfx/gfx_utils.o
                0x0000000000000e12                printVerticalLine
 .text.gfx_window_draw
                0x0000000000000e24       0x4c ./gfx/gfx_utils.o
                0x0000000000000e24                gfx_window_draw
 .text.gfx_window_init
                0x0000000000000e70       0x1c ./gfx/gfx_utils.o
                0x0000000000000e70                gfx_window_init
 .text.getButtonStatus
                0x0000000000000e8c       0x3a ./gfx/keypad.o
                0x0000000000000e8c                getButtonStatus
 .text.getLeftButtonStatus
                0x0000000000000ec6        0xa ./gfx/keypad.o
                0x0000000000000ec6                getLeftButtonStatus
 .text.getRightButtonStatus
                0x0000000000000ed0        0xa ./gfx/keypad.o
                0x0000000000000ed0                getRightButtonStatus
 .text.getHoldStatus
                0x0000000000000eda       0x16 ./gfx/keypad.o
                0x0000000000000eda                getHoldStatus
 .text.getSelectButtonStatus
                0x0000000000000ef0       0x16 ./gfx/keypad.o
                0x0000000000000ef0                getSelectButtonStatus
 .text.getPressedKey
                0x0000000000000f06       0x4e ./gfx/keypad.o
                0x0000000000000f06                getPressedKey
 .text.__portable_avr_delay_cycles.constprop.0
                0x0000000000000f54       0x10 ./gfx/menu-handler.o
 .text.enterBootloaderMode
                0x0000000000000f64        0xc ./gfx/menu-handler.o
                0x0000000000000f64                enterBootloaderMode
 .text.menu_handler
                0x0000000000000f70       0x4a ./gfx/menu-handler.o
                0x0000000000000f70                menu_handler
 .text.delay    0x0000000000000fba        0x4 ./gfx/menu-handler.o
                0x0000000000000fba                delay
 .text.isBootloaderState
                0x0000000000000fbe        0x8 ./gfx/menu-handler.o
                0x0000000000000fbe                isBootloaderState
 .text.rightButtonPressed
                0x0000000000000fc6       0x12 ./gfx/menu-handler.o
                0x0000000000000fc6                rightButtonPressed
 .text.handleBack
                0x0000000000000fd8       0x22 ./gfx/menu-handler.o
                0x0000000000000fd8                handleBack
 .text.selectButtonPressed
                0x0000000000000ffa       0x1c ./gfx/menu-handler.o
                0x0000000000000ffa                selectButtonPressed
 .text.leftButtonPressed
                0x0000000000001016       0x12 ./gfx/menu-handler.o
                0x0000000000001016                leftButtonPressed
 .text.adc_init
                0x0000000000001028       0x7e ./adc/adc.o
                0x0000000000001028                adc_init
 .text.adc_avg  0x00000000000010a6       0x68 ./adc/adc.o
                0x00000000000010a6                adc_avg
 .text.setPowerString
                0x000000000000110e       0xae ./adc/adc.o
                0x000000000000110e                setPowerString
 .text.__portable_avr_delay_cycles.constprop.1
                0x00000000000011bc        0x2 ./action_menu/gfx_action_menu.o
 .text.ssd1306_write_command
                0x00000000000011be       0x46 ./action_menu/gfx_action_menu.o
 .text.gfx_action_menu_init
                0x0000000000001204       0x16 ./action_menu/gfx_action_menu.o
                0x0000000000001204                gfx_action_menu_init
 .text.showMenu
                0x000000000000121a       0x1a ./action_menu/gfx_action_menu.o
                0x000000000000121a                showMenu
 .text.showThisMenu
                0x0000000000001234        0xc ./action_menu/gfx_action_menu.o
                0x0000000000001234                showThisMenu
 .text.writeText
                0x0000000000001240       0x36 ./action_menu/gfx_action_menu.o
                0x0000000000001240                writeText
 .text.showData
                0x0000000000001276       0x2a ./action_menu/gfx_action_menu.o
                0x0000000000001276                showData
 .text.showSplash
                0x00000000000012a0        0x8 ./action_menu/gfx_action_menu.o
                0x00000000000012a0                showSplash
 .text.updateDataByType
                0x00000000000012a8       0x1e ./action_menu/gfx_action_menu.o
                0x00000000000012a8                updateDataByType
 .text.gfx_action_menu_process_key
                0x00000000000012c6      0x148 ./action_menu/gfx_action_menu.o
                0x00000000000012c6                gfx_action_menu_process_key
 .text.spi_xmega_set_baud_div
                0x000000000000140e       0x9c ./ASF/xmega/drivers/spi/spi.o
                0x000000000000140e                spi_xmega_set_baud_div
 .text.nvm_wait_until_ready
                0x00000000000014aa        0xa ./ASF/xmega/drivers/nvm/nvm.o
 .text.nvm_read_production_signature_row
                0x00000000000014b4        0xa ./ASF/xmega/drivers/nvm/nvm.o
 .text.nvm_issue_command
                0x00000000000014be       0x22 ./ASF/xmega/drivers/nvm/nvm.o
 .text.nvm_read_device_serial
                0x00000000000014e0       0x64 ./ASF/xmega/drivers/nvm/nvm.o
                0x00000000000014e0                nvm_read_device_serial
 .text.nvm_eeprom_read_byte
                0x0000000000001544       0x24 ./ASF/xmega/drivers/nvm/nvm.o
                0x0000000000001544                nvm_eeprom_read_byte
 .text.nvm_eeprom_read_buffer
                0x0000000000001568       0x5e ./ASF/xmega/drivers/nvm/nvm.o
                0x0000000000001568                nvm_eeprom_read_buffer
 .text.nvm_eeprom_flush_buffer
                0x00000000000015c6       0x1e ./ASF/xmega/drivers/nvm/nvm.o
                0x00000000000015c6                nvm_eeprom_flush_buffer
 .text.nvm_eeprom_load_byte_to_buffer
                0x00000000000015e4       0x38 ./ASF/xmega/drivers/nvm/nvm.o
                0x00000000000015e4                nvm_eeprom_load_byte_to_buffer
 .text.nvm_eeprom_write_byte
                0x000000000000161c       0x62 ./ASF/xmega/drivers/nvm/nvm.o
                0x000000000000161c                nvm_eeprom_write_byte
 .text.nvm_eeprom_load_page_to_buffer
                0x000000000000167e       0x28 ./ASF/xmega/drivers/nvm/nvm.o
                0x000000000000167e                nvm_eeprom_load_page_to_buffer
 .text.nvm_eeprom_atomic_write_page
                0x00000000000016a6       0x30 ./ASF/xmega/drivers/nvm/nvm.o
                0x00000000000016a6                nvm_eeprom_atomic_write_page
 .text.nvm_eeprom_erase_and_write_buffer
                0x00000000000016d6       0x7e ./ASF/xmega/drivers/nvm/nvm.o
                0x00000000000016d6                nvm_eeprom_erase_and_write_buffer
 .text.nvm_eeprom_split_write_page
                0x0000000000001754       0x30 ./ASF/xmega/drivers/nvm/nvm.o
                0x0000000000001754                nvm_eeprom_split_write_page
 .text.nvm_eeprom_fill_buffer_with_value
                0x0000000000001784       0x24 ./ASF/xmega/drivers/nvm/nvm.o
                0x0000000000001784                nvm_eeprom_fill_buffer_with_value
 .text.nvm_eeprom_erase_bytes_in_page
                0x00000000000017a8       0x30 ./ASF/xmega/drivers/nvm/nvm.o
                0x00000000000017a8                nvm_eeprom_erase_bytes_in_page
 .text.nvm_eeprom_erase_page
                0x00000000000017d8       0x12 ./ASF/xmega/drivers/nvm/nvm.o
                0x00000000000017d8                nvm_eeprom_erase_page
 .text.nvm_eeprom_erase_bytes_in_all_pages
                0x00000000000017ea        0xa ./ASF/xmega/drivers/nvm/nvm.o
                0x00000000000017ea                nvm_eeprom_erase_bytes_in_all_pages
 .text.nvm_eeprom_erase_all
                0x00000000000017f4        0xa ./ASF/xmega/drivers/nvm/nvm.o
                0x00000000000017f4                nvm_eeprom_erase_all
 .text.nvm_issue_flash_range_crc
                0x00000000000017fe       0x5a ./ASF/xmega/drivers/nvm/nvm.o
                0x00000000000017fe                nvm_issue_flash_range_crc
 .text.nvm_flash_read_buffer
                0x0000000000001858       0x4c ./ASF/xmega/drivers/nvm/nvm.o
                0x0000000000001858                nvm_flash_read_buffer
 .text.nvm_user_sig_read_buffer
                0x00000000000018a4       0x40 ./ASF/xmega/drivers/nvm/nvm.o
                0x00000000000018a4                nvm_user_sig_read_buffer
 .text.nvm_user_sig_write_buffer
                0x00000000000018e4      0x134 ./ASF/xmega/drivers/nvm/nvm.o
                0x00000000000018e4                nvm_user_sig_write_buffer
 .text.nvm_flash_erase_and_write_buffer
                0x0000000000001a18      0x128 ./ASF/xmega/drivers/nvm/nvm.o
                0x0000000000001a18                nvm_flash_erase_and_write_buffer
 .text.nvm_fuses_read
                0x0000000000001b40       0x34 ./ASF/xmega/drivers/nvm/nvm.o
                0x0000000000001b40                nvm_fuses_read
 .text.nvm_read_byte
                0x0000000000001b74       0x14 ./ASF/xmega/drivers/nvm/nvm_asm.o
                0x0000000000001b74                nvm_read_byte
 .text.ccp_write_io
                0x0000000000001b88        0xc ./ASF/xmega/drivers/cpu/ccp.o
                0x0000000000001b88                ccp_write_io
 .text.__vector_71
                0x0000000000001b94       0x64 ./ASF/xmega/drivers/adc/xmega_aau/adc_aau.o
                0x0000000000001b94                __vector_71
 .text.__vector_72
                0x0000000000001bf8       0x64 ./ASF/xmega/drivers/adc/xmega_aau/adc_aau.o
                0x0000000000001bf8                __vector_72
 .text.__vector_73
                0x0000000000001c5c       0x64 ./ASF/xmega/drivers/adc/xmega_aau/adc_aau.o
                0x0000000000001c5c                __vector_73
 .text.__vector_74
                0x0000000000001cc0       0x64 ./ASF/xmega/drivers/adc/xmega_aau/adc_aau.o
                0x0000000000001cc0                __vector_74
 .text.__vector_39
                0x0000000000001d24       0x64 ./ASF/xmega/drivers/adc/xmega_aau/adc_aau.o
                0x0000000000001d24                __vector_39
 .text.__vector_40
                0x0000000000001d88       0x64 ./ASF/xmega/drivers/adc/xmega_aau/adc_aau.o
                0x0000000000001d88                __vector_40
 .text.__vector_41
                0x0000000000001dec       0x64 ./ASF/xmega/drivers/adc/xmega_aau/adc_aau.o
                0x0000000000001dec                __vector_41
 .text.__vector_42
                0x0000000000001e50       0x64 ./ASF/xmega/drivers/adc/xmega_aau/adc_aau.o
                0x0000000000001e50                __vector_42
 .text.adc_write_configuration
                0x0000000000001eb4       0xbc ./ASF/xmega/drivers/adc/xmega_aau/adc_aau.o
                0x0000000000001eb4                adc_write_configuration
 .text.adc_read_configuration
                0x0000000000001f70       0x4a ./ASF/xmega/drivers/adc/xmega_aau/adc_aau.o
                0x0000000000001f70                adc_read_configuration
 .text.adcch_write_configuration
                0x0000000000001fba       0x94 ./ASF/xmega/drivers/adc/xmega_aau/adc_aau.o
                0x0000000000001fba                adcch_write_configuration
 .text.adcch_read_configuration
                0x000000000000204e       0x94 ./ASF/xmega/drivers/adc/xmega_aau/adc_aau.o
                0x000000000000204e                adcch_read_configuration
 .text.adc_set_callback
                0x00000000000020e2       0x28 ./ASF/xmega/drivers/adc/adc.o
                0x00000000000020e2                adc_set_callback
 .text.adc_enable_clock
                0x000000000000210a       0x3e ./ASF/xmega/drivers/adc/adc.o
                0x000000000000210a                adc_enable_clock
 .text.adc_disable_clock
                0x0000000000002148       0x3a ./ASF/xmega/drivers/adc/adc.o
                0x0000000000002148                adc_disable_clock
 .text.adc_enable
                0x0000000000002182       0x30 ./ASF/xmega/drivers/adc/adc.o
                0x0000000000002182                adc_enable
 .text.adc_disable
                0x00000000000021b2       0x28 ./ASF/xmega/drivers/adc/adc.o
                0x00000000000021b2                adc_disable
 .text.adc_is_enabled
                0x00000000000021da       0x24 ./ASF/xmega/drivers/adc/adc.o
                0x00000000000021da                adc_is_enabled
 .text.ioport_configure_pin
                0x00000000000021fe       0x28 ./ASF/xmega/boards/stk600/rc064x/init.o
 .text.board_init
                0x0000000000002226       0xaa ./ASF/xmega/boards/stk600/rc064x/init.o
                0x0000000000002226                board_init
 .text.spi_master_init
                0x00000000000022d0       0x3e ./ASF/common/services/spi/xmega_spi/spi_master.o
                0x00000000000022d0                spi_master_init
 .text.spi_master_setup_device
                0x000000000000230e       0x44 ./ASF/common/services/spi/xmega_spi/spi_master.o
                0x000000000000230e                spi_master_setup_device
 .text.spi_write_packet
                0x0000000000002352       0x24 ./ASF/common/services/spi/xmega_spi/spi_master.o
                0x0000000000002352                spi_write_packet
 .text.spi_read_packet
                0x0000000000002376       0x24 ./ASF/common/services/spi/xmega_spi/spi_master.o
                0x0000000000002376                spi_read_packet
 .text.spi_select_device
                0x000000000000239a       0x2c ./ASF/common/services/spi/xmega_spi/spi_master.o
                0x000000000000239a                spi_select_device
 .text.spi_deselect_device
                0x00000000000023c6       0x2c ./ASF/common/services/spi/xmega_spi/spi_master.o
                0x00000000000023c6                spi_deselect_device
 .text.ioport_configure_port_pin
                0x00000000000023f2       0x48 ./ASF/common/services/ioport/xmega/ioport_compat.o
                0x00000000000023f2                ioport_configure_port_pin
 .text.gfx_mono_set_framebuffer
                0x000000000000243a        0xa ./ASF/common/services/gfx_mono/gfx_mono_framebuffer.o
                0x000000000000243a                gfx_mono_set_framebuffer
 .text.gfx_mono_framebuffer_put_page
                0x0000000000002444       0x2a ./ASF/common/services/gfx_mono/gfx_mono_framebuffer.o
                0x0000000000002444                gfx_mono_framebuffer_put_page
 .text.gfx_mono_framebuffer_get_page
                0x000000000000246e       0x2a ./ASF/common/services/gfx_mono/gfx_mono_framebuffer.o
                0x000000000000246e                gfx_mono_framebuffer_get_page
 .text.gfx_mono_framebuffer_put_byte
                0x0000000000002498       0x1c ./ASF/common/services/gfx_mono/gfx_mono_framebuffer.o
                0x0000000000002498                gfx_mono_framebuffer_put_byte
 .text.gfx_mono_framebuffer_get_byte
                0x00000000000024b4       0x1c ./ASF/common/services/gfx_mono/gfx_mono_framebuffer.o
                0x00000000000024b4                gfx_mono_framebuffer_get_byte
 .text.gfx_mono_framebuffer_draw_pixel
                0x00000000000024d0       0x88 ./ASF/common/services/gfx_mono/gfx_mono_framebuffer.o
                0x00000000000024d0                gfx_mono_framebuffer_draw_pixel
 .text.gfx_mono_framebuffer_get_pixel
                0x0000000000002558       0x44 ./ASF/common/services/gfx_mono/gfx_mono_framebuffer.o
                0x0000000000002558                gfx_mono_framebuffer_get_pixel
 .text.gfx_mono_framebuffer_mask_byte
                0x000000000000259c       0x4c ./ASF/common/services/gfx_mono/gfx_mono_framebuffer.o
                0x000000000000259c                gfx_mono_framebuffer_mask_byte
 .text.gfx_mono_generic_draw_horizontal_line
                0x00000000000025e8       0xd0 ./ASF/common/services/gfx_mono/gfx_mono_generic.o
                0x00000000000025e8                gfx_mono_generic_draw_horizontal_line
 .text.gfx_mono_generic_draw_vertical_line
                0x00000000000026b8       0xc0 ./ASF/common/services/gfx_mono/gfx_mono_generic.o
                0x00000000000026b8                gfx_mono_generic_draw_vertical_line
 .text.gfx_mono_generic_draw_line
                0x0000000000002778       0xd0 ./ASF/common/services/gfx_mono/gfx_mono_generic.o
                0x0000000000002778                gfx_mono_generic_draw_line
 .text.gfx_mono_generic_draw_rect
                0x0000000000002848       0x4e ./ASF/common/services/gfx_mono/gfx_mono_generic.o
                0x0000000000002848                gfx_mono_generic_draw_rect
 .text.gfx_mono_generic_draw_filled_rect
                0x0000000000002896       0x36 ./ASF/common/services/gfx_mono/gfx_mono_generic.o
                0x0000000000002896                gfx_mono_generic_draw_filled_rect
 .text.gfx_mono_generic_draw_circle
                0x00000000000028cc      0x172 ./ASF/common/services/gfx_mono/gfx_mono_generic.o
                0x00000000000028cc                gfx_mono_generic_draw_circle
 .text.gfx_mono_generic_draw_filled_circle
                0x0000000000002a3e      0x150 ./ASF/common/services/gfx_mono/gfx_mono_generic.o
                0x0000000000002a3e                gfx_mono_generic_draw_filled_circle
 .text.gfx_mono_generic_put_bitmap
                0x0000000000002b8e       0xb6 ./ASF/common/services/gfx_mono/gfx_mono_generic.o
                0x0000000000002b8e                gfx_mono_generic_put_bitmap
 .text.__portable_avr_delay_cycles.constprop.2
                0x0000000000002c44        0x2 ./ASF/common/services/gfx_mono/gfx_mono_menu.o
 .text.ssd1306_write_data.constprop.1
                0x0000000000002c46       0x40 ./ASF/common/services/gfx_mono/gfx_mono_menu.o
 .text.ssd1306_write_command
                0x0000000000002c86       0x46 ./ASF/common/services/gfx_mono/gfx_mono_menu.o
 .text.menu_draw
                0x0000000000002ccc       0xf8 ./ASF/common/services/gfx_mono/gfx_mono_menu.o
 .text.gfx_mono_menu_init
                0x0000000000002dc4       0x54 ./ASF/common/services/gfx_mono/gfx_mono_menu.o
                0x0000000000002dc4                gfx_mono_menu_init
 .text.gfx_mono_menu_process_key
                0x0000000000002e18       0x52 ./ASF/common/services/gfx_mono/gfx_mono_menu.o
                0x0000000000002e18                gfx_mono_menu_process_key
 .text.gfx_mono_draw_char
                0x0000000000002e6a       0xc2 ./ASF/common/services/gfx_mono/gfx_mono_text.o
                0x0000000000002e6a                gfx_mono_draw_char
 .text.gfx_mono_draw_string
                0x0000000000002f2c       0x5a ./ASF/common/services/gfx_mono/gfx_mono_text.o
                0x0000000000002f2c                gfx_mono_draw_string
 .text.gfx_mono_draw_progmem_string
                0x0000000000002f86       0x5e ./ASF/common/services/gfx_mono/gfx_mono_text.o
                0x0000000000002f86                gfx_mono_draw_progmem_string
 .text.gfx_mono_get_string_bounding_box
                0x0000000000002fe4       0x3e ./ASF/common/services/gfx_mono/gfx_mono_text.o
                0x0000000000002fe4                gfx_mono_get_string_bounding_box
 .text.gfx_mono_get_progmem_string_bounding_box
                0x0000000000003022       0x54 ./ASF/common/services/gfx_mono/gfx_mono_text.o
                0x0000000000003022                gfx_mono_get_progmem_string_bounding_box
 .text.__portable_avr_delay_cycles.constprop.0
                0x0000000000003076        0x2 ./ASF/common/services/gfx_mono/gfx_mono_ug_2832hsweg04.o
 .text.ssd1306_write_data
                0x0000000000003078       0x46 ./ASF/common/services/gfx_mono/gfx_mono_ug_2832hsweg04.o
 .text.ssd1306_write_command
                0x00000000000030be       0x46 ./ASF/common/services/gfx_mono/gfx_mono_ug_2832hsweg04.o
 .text.ssd1306_set_page_address
                0x0000000000003104        0x8 ./ASF/common/services/gfx_mono/gfx_mono_ug_2832hsweg04.o
 .text.ssd1306_set_column_address
                0x000000000000310c       0x1a ./ASF/common/services/gfx_mono/gfx_mono_ug_2832hsweg04.o
 .text.gfx_mono_ssd1306_get_pixel
                0x0000000000003126       0x44 ./ASF/common/services/gfx_mono/gfx_mono_ug_2832hsweg04.o
                0x0000000000003126                gfx_mono_ssd1306_get_pixel
 .text.gfx_mono_ssd1306_put_page
                0x000000000000316a       0x42 ./ASF/common/services/gfx_mono/gfx_mono_ug_2832hsweg04.o
                0x000000000000316a                gfx_mono_ssd1306_put_page
 .text.gfx_mono_ssd1306_put_framebuffer
                0x00000000000031ac       0x36 ./ASF/common/services/gfx_mono/gfx_mono_ug_2832hsweg04.o
                0x00000000000031ac                gfx_mono_ssd1306_put_framebuffer
 .text.gfx_mono_ssd1306_get_page
                0x00000000000031e2        0x4 ./ASF/common/services/gfx_mono/gfx_mono_ug_2832hsweg04.o
                0x00000000000031e2                gfx_mono_ssd1306_get_page
 .text.gfx_mono_ssd1306_put_byte
                0x00000000000031e6       0x42 ./ASF/common/services/gfx_mono/gfx_mono_ug_2832hsweg04.o
                0x00000000000031e6                gfx_mono_ssd1306_put_byte
 .text.gfx_mono_ssd1306_init
                0x0000000000003228       0x38 ./ASF/common/services/gfx_mono/gfx_mono_ug_2832hsweg04.o
                0x0000000000003228                gfx_mono_ssd1306_init
 .text.gfx_mono_ssd1306_draw_pixel
                0x0000000000003260       0x8a ./ASF/common/services/gfx_mono/gfx_mono_ug_2832hsweg04.o
                0x0000000000003260                gfx_mono_ssd1306_draw_pixel
 .text.gfx_mono_ssd1306_get_byte
                0x00000000000032ea        0x4 ./ASF/common/services/gfx_mono/gfx_mono_ug_2832hsweg04.o
                0x00000000000032ea                gfx_mono_ssd1306_get_byte
 .text.gfx_mono_ssd1306_mask_byte
                0x00000000000032ee       0x4c ./ASF/common/services/gfx_mono/gfx_mono_ug_2832hsweg04.o
                0x00000000000032ee                gfx_mono_ssd1306_mask_byte
 .text.sysclk_init
                0x000000000000333a        0x2 ./ASF/common/services/clock/xmega/sysclk.o
                0x000000000000333a                sysclk_init
 .text.sysclk_enable_module
                0x000000000000333c       0x18 ./ASF/common/services/clock/xmega/sysclk.o
                0x000000000000333c                sysclk_enable_module
 .text.sysclk_disable_module
                0x0000000000003354       0x16 ./ASF/common/services/clock/xmega/sysclk.o
                0x0000000000003354                sysclk_disable_module
 .text.sysclk_enable_usb
                0x000000000000336a       0x3e ./ASF/common/services/clock/xmega/sysclk.o
                0x000000000000336a                sysclk_enable_usb
 .text.sysclk_disable_usb
                0x00000000000033a8       0x12 ./ASF/common/services/clock/xmega/sysclk.o
                0x00000000000033a8                sysclk_disable_usb
 .text.__portable_avr_delay_cycles
                0x00000000000033ba        0xc ./ASF/common/components/display/ssd1306/ssd1306.o
 .text.ssd1306_write_command
                0x00000000000033c6       0x4e ./ASF/common/components/display/ssd1306/ssd1306.o
 .text.ssd1306_write_data
                0x0000000000003414       0x4e ./ASF/common/components/display/ssd1306/ssd1306.o
 .text.ssd1306_init
                0x0000000000003462      0x146 ./ASF/common/components/display/ssd1306/ssd1306.o
                0x0000000000003462                ssd1306_init
 .text.ssd1306_write_text
                0x00000000000035a8       0x56 ./ASF/common/components/display/ssd1306/ssd1306.o
                0x00000000000035a8                ssd1306_write_text
 .text.updateData
                0x00000000000035fe        0x2 ./main.o
                0x00000000000035fe                updateData
 .text.__vector_45
                0x0000000000003600       0x50 ./main.o
                0x0000000000003600                __vector_45
 .text.__vector_13
                0x0000000000003650       0x50 ./main.o
                0x0000000000003650                __vector_13
 .text.__vector_104
                0x00000000000036a0       0x50 ./main.o
                0x00000000000036a0                __vector_104
 .text.__vector_14
                0x00000000000036f0       0x50 ./main.o
                0x00000000000036f0                __vector_14
 .text.powerState_interrupts_init
                0x0000000000003740       0x10 ./main.o
                0x0000000000003740                powerState_interrupts_init
 .text.enable_interrupts
                0x0000000000003750       0x12 ./main.o
                0x0000000000003750                enable_interrupts
 .text.printWindow
                0x0000000000003762       0x46 ./main.o
                0x0000000000003762                printWindow
 .text.power_state_init
                0x00000000000037a8       0x14 ./main.o
                0x00000000000037a8                power_state_init
 .text.init     0x00000000000037bc       0x26 ./main.o
                0x00000000000037bc                init
 .text.testTWI  0x00000000000037e2        0xc ./main.o
                0x00000000000037e2                testTWI
 .text.initMenu
                0x00000000000037ee        0x8 ./main.o
                0x00000000000037ee                initMenu
 .text.startup.main
                0x00000000000037f6        0xa ./main.o
                0x00000000000037f6                main
 .text.changePowerState
                0x0000000000003800       0x36 ./power-state.o
                0x0000000000003800                changePowerState
 .text.showState
                0x0000000000003836       0x24 ./power-state.o
                0x0000000000003836                showState
 .text.libgcc.mul
                0x000000000000385a        0x0 /usr/lib/gcc/avr/5.2.0/avrxmega4/libgcc.a(_udivmodqi4.o)
 .text.libgcc.div
                0x000000000000385a       0x18 /usr/lib/gcc/avr/5.2.0/avrxmega4/libgcc.a(_udivmodqi4.o)
                0x000000000000385a                __udivmodqi4
 .text.libgcc   0x0000000000003872        0x0 /usr/lib/gcc/avr/5.2.0/avrxmega4/libgcc.a(_udivmodqi4.o)
 .text.libgcc.prologue
                0x0000000000003872        0x0 /usr/lib/gcc/avr/5.2.0/avrxmega4/libgcc.a(_udivmodqi4.o)
 .text.libgcc.builtins
                0x0000000000003872        0x0 /usr/lib/gcc/avr/5.2.0/avrxmega4/libgcc.a(_udivmodqi4.o)
 .text.libgcc.fmul
                0x0000000000003872        0x0 /usr/lib/gcc/avr/5.2.0/avrxmega4/libgcc.a(_udivmodqi4.o)
 .text.libgcc.fixed
                0x0000000000003872        0x0 /usr/lib/gcc/avr/5.2.0/avrxmega4/libgcc.a(_udivmodqi4.o)
 .text.libgcc.mul
                0x0000000000003872        0x0 /usr/lib/gcc/avr/5.2.0/avrxmega4/libgcc.a(_udivmodsi4.o)
 .text.libgcc.div
                0x0000000000003872       0x44 /usr/lib/gcc/avr/5.2.0/avrxmega4/libgcc.a(_udivmodsi4.o)
                0x0000000000003872                __udivmodsi4
 .text.libgcc   0x00000000000038b6        0x0 /usr/lib/gcc/avr/5.2.0/avrxmega4/libgcc.a(_udivmodsi4.o)
 .text.libgcc.prologue
                0x00000000000038b6        0x0 /usr/lib/gcc/avr/5.2.0/avrxmega4/libgcc.a(_udivmodsi4.o)
 .text.libgcc.builtins
                0x00000000000038b6        0x0 /usr/lib/gcc/avr/5.2.0/avrxmega4/libgcc.a(_udivmodsi4.o)
 .text.libgcc.fmul
                0x00000000000038b6        0x0 /usr/lib/gcc/avr/5.2.0/avrxmega4/libgcc.a(_udivmodsi4.o)
 .text.libgcc.fixed
                0x00000000000038b6        0x0 /usr/lib/gcc/avr/5.2.0/avrxmega4/libgcc.a(_udivmodsi4.o)
 .text.libgcc.mul
                0x00000000000038b6        0x0 /usr/lib/gcc/avr/5.2.0/avrxmega4/libgcc.a(_divmodsi4.o)
 .text.libgcc.div
                0x00000000000038b6       0x2e /usr/lib/gcc/avr/5.2.0/avrxmega4/libgcc.a(_divmodsi4.o)
                0x00000000000038b6                __divmodsi4
 .text.libgcc   0x00000000000038e4        0x0 /usr/lib/gcc/avr/5.2.0/avrxmega4/libgcc.a(_divmodsi4.o)
 .text.libgcc.prologue
                0x00000000000038e4        0x0 /usr/lib/gcc/avr/5.2.0/avrxmega4/libgcc.a(_divmodsi4.o)
 .text.libgcc.builtins
                0x00000000000038e4        0x0 /usr/lib/gcc/avr/5.2.0/avrxmega4/libgcc.a(_divmodsi4.o)
 .text.libgcc.fmul
                0x00000000000038e4        0x0 /usr/lib/gcc/avr/5.2.0/avrxmega4/libgcc.a(_divmodsi4.o)
 .text.libgcc.fixed
                0x00000000000038e4        0x0 /usr/lib/gcc/avr/5.2.0/avrxmega4/libgcc.a(_divmodsi4.o)
 .text.libgcc.mul
                0x00000000000038e4        0x0 /usr/lib/gcc/avr/5.2.0/avrxmega4/libgcc.a(_negsi2.o)
 .text.libgcc.div
                0x00000000000038e4       0x10 /usr/lib/gcc/avr/5.2.0/avrxmega4/libgcc.a(_negsi2.o)
                0x00000000000038e4                __negsi2
 .text.libgcc   0x00000000000038f4        0x0 /usr/lib/gcc/avr/5.2.0/avrxmega4/libgcc.a(_negsi2.o)
 .text.libgcc.prologue
                0x00000000000038f4        0x0 /usr/lib/gcc/avr/5.2.0/avrxmega4/libgcc.a(_negsi2.o)
 .text.libgcc.builtins
                0x00000000000038f4        0x0 /usr/lib/gcc/avr/5.2.0/avrxmega4/libgcc.a(_negsi2.o)
 .text.libgcc.fmul
                0x00000000000038f4        0x0 /usr/lib/gcc/avr/5.2.0/avrxmega4/libgcc.a(_negsi2.o)
 .text.libgcc.fixed
                0x00000000000038f4        0x0 /usr/lib/gcc/avr/5.2.0/avrxmega4/libgcc.a(_negsi2.o)
 .text.libgcc.mul
                0x00000000000038f4        0x0 /usr/lib/gcc/avr/5.2.0/avrxmega4/libgcc.a(_exit.o)
 .text.libgcc.div
                0x00000000000038f4        0x0 /usr/lib/gcc/avr/5.2.0/avrxmega4/libgcc.a(_exit.o)
 .text.libgcc   0x00000000000038f4        0x0 /usr/lib/gcc/avr/5.2.0/avrxmega4/libgcc.a(_exit.o)
 .text.libgcc.prologue
                0x00000000000038f4        0x0 /usr/lib/gcc/avr/5.2.0/avrxmega4/libgcc.a(_exit.o)
 .text.libgcc.builtins
                0x00000000000038f4        0x0 /usr/lib/gcc/avr/5.2.0/avrxmega4/libgcc.a(_exit.o)
 .text.libgcc.fmul
                0x00000000000038f4        0x0 /usr/lib/gcc/avr/5.2.0/avrxmega4/libgcc.a(_exit.o)
 .text.libgcc.fixed
                0x00000000000038f4        0x0 /usr/lib/gcc/avr/5.2.0/avrxmega4/libgcc.a(_exit.o)
 .text.libgcc.mul
                0x00000000000038f4        0x0 /usr/lib/gcc/avr/5.2.0/avrxmega4/libgcc.a(_copy_data.o)
 .text.libgcc.div
                0x00000000000038f4        0x0 /usr/lib/gcc/avr/5.2.0/avrxmega4/libgcc.a(_copy_data.o)
 .text.libgcc   0x00000000000038f4        0x0 /usr/lib/gcc/avr/5.2.0/avrxmega4/libgcc.a(_copy_data.o)
 .text.libgcc.prologue
                0x00000000000038f4        0x0 /usr/lib/gcc/avr/5.2.0/avrxmega4/libgcc.a(_copy_data.o)
 .text.libgcc.builtins
                0x00000000000038f4        0x0 /usr/lib/gcc/avr/5.2.0/avrxmega4/libgcc.a(_copy_data.o)
 .text.libgcc.fmul
                0x00000000000038f4        0x0 /usr/lib/gcc/avr/5.2.0/avrxmega4/libgcc.a(_copy_data.o)
 .text.libgcc.fixed
                0x00000000000038f4        0x0 /usr/lib/gcc/avr/5.2.0/avrxmega4/libgcc.a(_copy_data.o)
 .text.libgcc.mul
                0x00000000000038f4        0x0 /usr/lib/gcc/avr/5.2.0/avrxmega4/libgcc.a(_clear_bss.o)
 .text.libgcc.div
                0x00000000000038f4        0x0 /usr/lib/gcc/avr/5.2.0/avrxmega4/libgcc.a(_clear_bss.o)
 .text.libgcc   0x00000000000038f4        0x0 /usr/lib/gcc/avr/5.2.0/avrxmega4/libgcc.a(_clear_bss.o)
 .text.libgcc.prologue
                0x00000000000038f4        0x0 /usr/lib/gcc/avr/5.2.0/avrxmega4/libgcc.a(_clear_bss.o)
 .text.libgcc.builtins
                0x00000000000038f4        0x0 /usr/lib/gcc/avr/5.2.0/avrxmega4/libgcc.a(_clear_bss.o)
 .text.libgcc.fmul
                0x00000000000038f4        0x0 /usr/lib/gcc/avr/5.2.0/avrxmega4/libgcc.a(_clear_bss.o)
 .text.libgcc.fixed
                0x00000000000038f4        0x0 /usr/lib/gcc/avr/5.2.0/avrxmega4/libgcc.a(_clear_bss.o)
 .text.avr-libc.fplib
                0x00000000000038f4        0xe /usr/lib/gcc/avr/5.2.0/../../../../avr/lib/avrxmega4/libm.a(fixsfsi.o)
                0x00000000000038f4                __fixsfsi
 .text.avr-libc.fplib
                0x0000000000003902       0x5e /usr/lib/gcc/avr/5.2.0/../../../../avr/lib/avrxmega4/libm.a(fixunssfsi.o)
                0x0000000000003902                __fixunssfsi
 .text.avr-libc.fplib
                0x0000000000003960       0x7a /usr/lib/gcc/avr/5.2.0/../../../../avr/lib/avrxmega4/libm.a(floatsisf.o)
                0x0000000000003960                __floatunsisf
                0x0000000000003964                __floatsisf
 .text.avr-libc.fplib
                0x00000000000039da       0x44 /usr/lib/gcc/avr/5.2.0/../../../../avr/lib/avrxmega4/libm.a(fp_split3.o)
                0x00000000000039da                __fp_split3
                0x00000000000039ea                __fp_splitA
 .text.avr-libc.fplib
                0x0000000000003a1e        0xe /usr/lib/gcc/avr/5.2.0/../../../../avr/lib/avrxmega4/libm.a(fp_zero.o)
                0x0000000000003a1e                __fp_zero
                0x0000000000003a20                __fp_szero
 .text.avr-libc.fplib
                0x0000000000003a2c        0x8 /usr/lib/gcc/avr/5.2.0/../../../../avr/lib/avrxmega4/libm.a(mulsf3.o)
                0x0000000000003a2c                __mulsf3
 .text.avr-libc.fplib
                0x0000000000003a34       0xd2 /usr/lib/gcc/avr/5.2.0/../../../../avr/lib/avrxmega4/libm.a(mulsf3x.o)
                0x0000000000003a52                __mulsf3x
                0x0000000000003a58                __mulsf3_pse
 .text.avr-libc.fplib
                0x0000000000003b06       0x48 /usr/lib/gcc/avr/5.2.0/../../../../avr/lib/avrxmega4/libm.a(round.o)
                0x0000000000003b06                round
 .text.avr-libc.fplib
                0x0000000000003b4e        0xc /usr/lib/gcc/avr/5.2.0/../../../../avr/lib/avrxmega4/libm.a(fp_inf.o)
                0x0000000000003b4e                __fp_inf
 .text.avr-libc.fplib
                0x0000000000003b5a       0x36 /usr/lib/gcc/avr/5.2.0/../../../../avr/lib/avrxmega4/libm.a(fp_mintl.o)
                0x0000000000003b5a                __fp_mintl
 .text.avr-libc.fplib
                0x0000000000003b90       0x1c /usr/lib/gcc/avr/5.2.0/../../../../avr/lib/avrxmega4/libm.a(fp_mpack.o)
                0x0000000000003b90                __fp_mpack
                0x0000000000003b94                __fp_mpack_finite
 .text.avr-libc.fplib
                0x0000000000003bac        0x6 /usr/lib/gcc/avr/5.2.0/../../../../avr/lib/avrxmega4/libm.a(fp_nan.o)
                0x0000000000003bac                __fp_nan
 .text.avr-libc.fplib
                0x0000000000003bb2        0xe /usr/lib/gcc/avr/5.2.0/../../../../avr/lib/avrxmega4/libm.a(fp_pscA.o)
                0x0000000000003bb2                __fp_pscA
 .text.avr-libc.fplib
                0x0000000000003bc0        0xe /usr/lib/gcc/avr/5.2.0/../../../../avr/lib/avrxmega4/libm.a(fp_pscB.o)
                0x0000000000003bc0                __fp_pscB
 .text.avr-libc.fplib
                0x0000000000003bce       0x22 /usr/lib/gcc/avr/5.2.0/../../../../avr/lib/avrxmega4/libm.a(fp_round.o)
                0x0000000000003bce                __fp_round
 .text.avr-libc
                0x0000000000003bf0       0x12 /usr/lib/gcc/avr/5.2.0/../../../../avr/lib/avrxmega4/libc.a(memcpy.o)
                0x0000000000003bf0                memcpy
 .text.avr-libc
                0x0000000000003c02       0x16 /usr/lib/gcc/avr/5.2.0/../../../../avr/lib/avrxmega4/libc.a(itoa_ncheck.o)
                0x0000000000003c02                __itoa_ncheck
 .text.avr-libc
                0x0000000000003c18       0x34 /usr/lib/gcc/avr/5.2.0/../../../../avr/lib/avrxmega4/libc.a(utoa_ncheck.o)
                0x0000000000003c18                __utoa_ncheck
                0x0000000000003c1a                __utoa_common
 .text.avr-libc
                0x0000000000003c4c       0x20 /usr/lib/gcc/avr/5.2.0/../../../../avr/lib/avrxmega4/libc.a(strrev.o)
                0x0000000000003c4c                strrev
                0x0000000000003c6c                . = ALIGN (0x2)
 *(.fini9)
 .fini9         0x0000000000003c6c        0x0 /usr/lib/gcc/avr/5.2.0/avrxmega4/libgcc.a(_exit.o)
                0x0000000000003c6c                exit
                0x0000000000003c6c                _exit
 *(.fini9)
 *(.fini8)
 *(.fini8)
 *(.fini7)
 *(.fini7)
 *(.fini6)
 *(.fini6)
 *(.fini5)
 *(.fini5)
 *(.fini4)
 *(.fini4)
 *(.fini3)
 *(.fini3)
 *(.fini2)
 *(.fini2)
 *(.fini1)
 *(.fini1)
 *(.fini0)
 .fini0         0x0000000000003c6c        0x4 /usr/lib/gcc/avr/5.2.0/avrxmega4/libgcc.a(_exit.o)
 *(.fini0)
                0x0000000000003c70                _etext = .

.BOOT           0x0000000000003c70       0x7e
 .BOOT          0x0000000000003c70       0x3a ./twi/sp_driver.o
                0x0000000000003c70                SP_LoadFlashPage
 .BOOT          0x0000000000003caa       0x44 ./ASF/xmega/drivers/nvm/nvm_asm.o
                0x0000000000003caa                nvm_common_spm
                0x0000000000003cc8                nvm_flash_load_word_to_buffer

.data           0x0000000000802000      0x5ac load address 0x0000000000003cee
                0x0000000000802000                PROVIDE (__data_start, .)
 *(.data)
 .data          0x0000000000802000        0x0 /usr/lib/gcc/avr/5.2.0/../../../../avr/lib/avrxmega4/crtatxmega64a3u.o
 .data          0x0000000000802000        0x0 ./twi/eeprom_driver.o
 .data          0x0000000000802000        0x0 ./twi/sp_driver.o
 .data          0x0000000000802000        0x0 ./twi/testTwi.o
 .data          0x0000000000802000        0x0 ./twi/twi-master.o
 .data          0x0000000000802000        0x0 ./twi/twi-memory.o
 .data          0x0000000000802000        0x0 ./twi/twi-slave.o
 .data          0x0000000000802000        0x0 ./timer/tc.o
 .data          0x0000000000802000        0x0 ./gfx/gfx_utils.o
 .data          0x0000000000802000        0x0 ./gfx/keypad.o
 .data          0x0000000000802000        0x0 ./gfx/logos.o
 .data          0x0000000000802000        0x0 ./gfx/menu-handler.o
 .data          0x0000000000802000        0x0 ./adc/adc.o
 .data          0x0000000000802000        0x0 ./action_menu/action_menu_factory.o
 .data          0x0000000000802000        0x0 ./action_menu/gfx_action_menu.o
 .data          0x0000000000802000        0x0 ./ASF/xmega/drivers/spi/spi.o
 .data          0x0000000000802000        0x0 ./ASF/xmega/drivers/nvm/nvm.o
 .data          0x0000000000802000        0x0 ./ASF/xmega/drivers/nvm/nvm_asm.o
 .data          0x0000000000802000        0x0 ./ASF/xmega/drivers/cpu/ccp.o
 .data          0x0000000000802000        0x0 ./ASF/xmega/drivers/adc/xmega_aau/adc_aau.o
 .data          0x0000000000802000        0x0 ./ASF/xmega/drivers/adc/adc.o
 .data          0x0000000000802000        0x0 ./ASF/xmega/boards/stk600/rc064x/init.o
 .data          0x0000000000802000        0x0 ./ASF/common/services/spi/xmega_spi/spi_master.o
 .data          0x0000000000802000        0x0 ./ASF/common/services/sleepmgr/xmega/sleepmgr.o
 .data          0x0000000000802000        0x0 ./ASF/common/services/ioport/xmega/ioport_compat.o
 .data          0x0000000000802000        0x0 ./ASF/common/services/gfx_mono/gfx_mono_framebuffer.o
 .data          0x0000000000802000        0x0 ./ASF/common/services/gfx_mono/gfx_mono_generic.o
 .data          0x0000000000802000        0x0 ./ASF/common/services/gfx_mono/gfx_mono_menu.o
 .data          0x0000000000802000        0x0 ./ASF/common/services/gfx_mono/gfx_mono_text.o
 .data          0x0000000000802000        0x0 ./ASF/common/services/gfx_mono/gfx_mono_ug_2832hsweg04.o
 .data          0x0000000000802000        0x0 ./ASF/common/services/gfx_mono/sysfont.o
 .data          0x0000000000802000        0x0 ./ASF/common/services/clock/xmega/sysclk.o
 .data          0x0000000000802000        0x0 ./ASF/common/components/display/ssd1306/font.o
 .data          0x0000000000802000        0x0 ./ASF/common/components/display/ssd1306/ssd1306.o
 .data          0x0000000000802000        0x0 ./main.o
 .data          0x0000000000802000        0x0 ./power-state.o
 .data          0x0000000000802000        0x0 /usr/lib/gcc/avr/5.2.0/avrxmega4/libgcc.a(_udivmodqi4.o)
 .data          0x0000000000802000        0x0 /usr/lib/gcc/avr/5.2.0/avrxmega4/libgcc.a(_udivmodsi4.o)
 .data          0x0000000000802000        0x0 /usr/lib/gcc/avr/5.2.0/avrxmega4/libgcc.a(_divmodsi4.o)
 .data          0x0000000000802000        0x0 /usr/lib/gcc/avr/5.2.0/avrxmega4/libgcc.a(_negsi2.o)
 .data          0x0000000000802000        0x0 /usr/lib/gcc/avr/5.2.0/avrxmega4/libgcc.a(_exit.o)
 .data          0x0000000000802000        0x0 /usr/lib/gcc/avr/5.2.0/avrxmega4/libgcc.a(_copy_data.o)
 .data          0x0000000000802000        0x0 /usr/lib/gcc/avr/5.2.0/avrxmega4/libgcc.a(_clear_bss.o)
 .data          0x0000000000802000        0x0 /usr/lib/gcc/avr/5.2.0/../../../../avr/lib/avrxmega4/libm.a(fixsfsi.o)
 .data          0x0000000000802000        0x0 /usr/lib/gcc/avr/5.2.0/../../../../avr/lib/avrxmega4/libm.a(fixunssfsi.o)
 .data          0x0000000000802000        0x0 /usr/lib/gcc/avr/5.2.0/../../../../avr/lib/avrxmega4/libm.a(floatsisf.o)
 .data          0x0000000000802000        0x0 /usr/lib/gcc/avr/5.2.0/../../../../avr/lib/avrxmega4/libm.a(fp_split3.o)
 .data          0x0000000000802000        0x0 /usr/lib/gcc/avr/5.2.0/../../../../avr/lib/avrxmega4/libm.a(fp_zero.o)
 .data          0x0000000000802000        0x0 /usr/lib/gcc/avr/5.2.0/../../../../avr/lib/avrxmega4/libm.a(mulsf3.o)
 .data          0x0000000000802000        0x0 /usr/lib/gcc/avr/5.2.0/../../../../avr/lib/avrxmega4/libm.a(mulsf3x.o)
 .data          0x0000000000802000        0x0 /usr/lib/gcc/avr/5.2.0/../../../../avr/lib/avrxmega4/libm.a(round.o)
 .data          0x0000000000802000        0x0 /usr/lib/gcc/avr/5.2.0/../../../../avr/lib/avrxmega4/libm.a(fp_inf.o)
 .data          0x0000000000802000        0x0 /usr/lib/gcc/avr/5.2.0/../../../../avr/lib/avrxmega4/libm.a(fp_mintl.o)
 .data          0x0000000000802000        0x0 /usr/lib/gcc/avr/5.2.0/../../../../avr/lib/avrxmega4/libm.a(fp_mpack.o)
 .data          0x0000000000802000        0x0 /usr/lib/gcc/avr/5.2.0/../../../../avr/lib/avrxmega4/libm.a(fp_nan.o)
 .data          0x0000000000802000        0x0 /usr/lib/gcc/avr/5.2.0/../../../../avr/lib/avrxmega4/libm.a(fp_pscA.o)
 .data          0x0000000000802000        0x0 /usr/lib/gcc/avr/5.2.0/../../../../avr/lib/avrxmega4/libm.a(fp_pscB.o)
 .data          0x0000000000802000        0x0 /usr/lib/gcc/avr/5.2.0/../../../../avr/lib/avrxmega4/libm.a(fp_round.o)
 .data          0x0000000000802000        0x0 /usr/lib/gcc/avr/5.2.0/../../../../avr/lib/avrxmega4/libc.a(memcpy.o)
 .data          0x0000000000802000        0x0 /usr/lib/gcc/avr/5.2.0/../../../../avr/lib/avrxmega4/libc.a(itoa_ncheck.o)
 .data          0x0000000000802000        0x0 /usr/lib/gcc/avr/5.2.0/../../../../avr/lib/avrxmega4/libc.a(utoa_ncheck.o)
 .data          0x0000000000802000        0x0 /usr/lib/gcc/avr/5.2.0/../../../../avr/lib/avrxmega4/libc.a(strrev.o)
 *(.data*)
 .data.debugButtonStatus
                0x0000000000802000        0x1 ./gfx/keypad.o
                0x0000000000802000                debugButtonStatus
 .data.selectButtonStatus
                0x0000000000802001        0x1 ./gfx/keypad.o
                0x0000000000802001                selectButtonStatus
 .data.rightButtonStatus
                0x0000000000802002        0x1 ./gfx/keypad.o
                0x0000000000802002                rightButtonStatus
 .data.leftButtonStatus
                0x0000000000802003        0x1 ./gfx/keypad.o
                0x0000000000802003                leftButtonStatus
 .data.compulab_new
                0x0000000000802004      0x200 ./gfx/logos.o
                0x0000000000802004                compulab_new
 .data.sleepmgr_configs
                0x0000000000802204        0x6 ./ASF/common/services/sleepmgr/xmega/sleepmgr.o
                0x0000000000802204                sleepmgr_configs
 .data.menu_bitmap_indicator
                0x000000000080220a        0x5 ./ASF/common/services/gfx_mono/gfx_mono_menu.o
                0x000000000080220a                menu_bitmap_indicator
 .data.sysfont  0x000000000080220f        0x7 ./ASF/common/services/gfx_mono/sysfont.o
                0x000000000080220f                sysfont
 .data.Font08px_126
                0x0000000000802216        0x6 ./ASF/common/components/display/ssd1306/font.o
                0x0000000000802216                Font08px_126
 .data.Font08px_125
                0x000000000080221c        0x4 ./ASF/common/components/display/ssd1306/font.o
                0x000000000080221c                Font08px_125
 .data.Font08px_124
                0x0000000000802220        0x2 ./ASF/common/components/display/ssd1306/font.o
                0x0000000000802220                Font08px_124
 .data.Font08px_123
                0x0000000000802222        0x4 ./ASF/common/components/display/ssd1306/font.o
                0x0000000000802222                Font08px_123
 .data.Font08px_lz
                0x0000000000802226        0x4 ./ASF/common/components/display/ssd1306/font.o
                0x0000000000802226                Font08px_lz
 .data.Font08px_ly
                0x000000000080222a        0x5 ./ASF/common/components/display/ssd1306/font.o
                0x000000000080222a                Font08px_ly
 .data.Font08px_lx
                0x000000000080222f        0x6 ./ASF/common/components/display/ssd1306/font.o
                0x000000000080222f                Font08px_lx
 .data.Font08px_lw
                0x0000000000802235        0x6 ./ASF/common/components/display/ssd1306/font.o
                0x0000000000802235                Font08px_lw
 .data.Font08px_lv
                0x000000000080223b        0x6 ./ASF/common/components/display/ssd1306/font.o
                0x000000000080223b                Font08px_lv
 .data.Font08px_lu
                0x0000000000802241        0x5 ./ASF/common/components/display/ssd1306/font.o
                0x0000000000802241                Font08px_lu
 .data.Font08px_lt
                0x0000000000802246        0x4 ./ASF/common/components/display/ssd1306/font.o
                0x0000000000802246                Font08px_lt
 .data.Font08px_ls
                0x000000000080224a        0x5 ./ASF/common/components/display/ssd1306/font.o
                0x000000000080224a                Font08px_ls
 .data.Font08px_lr
                0x000000000080224f        0x4 ./ASF/common/components/display/ssd1306/font.o
                0x000000000080224f                Font08px_lr
 .data.Font08px_lq
                0x0000000000802253        0x5 ./ASF/common/components/display/ssd1306/font.o
                0x0000000000802253                Font08px_lq
 .data.Font08px_lp
                0x0000000000802258        0x5 ./ASF/common/components/display/ssd1306/font.o
                0x0000000000802258                Font08px_lp
 .data.Font08px_lo
                0x000000000080225d        0x5 ./ASF/common/components/display/ssd1306/font.o
                0x000000000080225d                Font08px_lo
 .data.Font08px_ln
                0x0000000000802262        0x5 ./ASF/common/components/display/ssd1306/font.o
                0x0000000000802262                Font08px_ln
 .data.Font08px_lm
                0x0000000000802267        0x6 ./ASF/common/components/display/ssd1306/font.o
                0x0000000000802267                Font08px_lm
 .data.Font08px_ll
                0x000000000080226d        0x2 ./ASF/common/components/display/ssd1306/font.o
                0x000000000080226d                Font08px_ll
 .data.Font08px_lk
                0x000000000080226f        0x5 ./ASF/common/components/display/ssd1306/font.o
                0x000000000080226f                Font08px_lk
 .data.Font08px_lj
                0x0000000000802274        0x3 ./ASF/common/components/display/ssd1306/font.o
                0x0000000000802274                Font08px_lj
 .data.Font08px_li
                0x0000000000802277        0x2 ./ASF/common/components/display/ssd1306/font.o
                0x0000000000802277                Font08px_li
 .data.Font08px_lh
                0x0000000000802279        0x5 ./ASF/common/components/display/ssd1306/font.o
                0x0000000000802279                Font08px_lh
 .data.Font08px_lg
                0x000000000080227e        0x5 ./ASF/common/components/display/ssd1306/font.o
                0x000000000080227e                Font08px_lg
 .data.Font08px_lf
                0x0000000000802283        0x4 ./ASF/common/components/display/ssd1306/font.o
                0x0000000000802283                Font08px_lf
 .data.Font08px_le
                0x0000000000802287        0x5 ./ASF/common/components/display/ssd1306/font.o
                0x0000000000802287                Font08px_le
 .data.Font08px_ld
                0x000000000080228c        0x5 ./ASF/common/components/display/ssd1306/font.o
                0x000000000080228c                Font08px_ld
 .data.Font08px_lc
                0x0000000000802291        0x5 ./ASF/common/components/display/ssd1306/font.o
                0x0000000000802291                Font08px_lc
 .data.Font08px_lb
                0x0000000000802296        0x5 ./ASF/common/components/display/ssd1306/font.o
                0x0000000000802296                Font08px_lb
 .data.Font08px_la
                0x000000000080229b        0x5 ./ASF/common/components/display/ssd1306/font.o
                0x000000000080229b                Font08px_la
 .data.Font08px_96
                0x00000000008022a0        0x3 ./ASF/common/components/display/ssd1306/font.o
                0x00000000008022a0                Font08px_96
 .data.Font08px_95
                0x00000000008022a3        0x4 ./ASF/common/components/display/ssd1306/font.o
                0x00000000008022a3                Font08px_95
 .data.Font08px_94
                0x00000000008022a7        0x4 ./ASF/common/components/display/ssd1306/font.o
                0x00000000008022a7                Font08px_94
 .data.Font08px_93
                0x00000000008022ab        0x4 ./ASF/common/components/display/ssd1306/font.o
                0x00000000008022ab                Font08px_93
 .data.Font08px_92
                0x00000000008022af        0x4 ./ASF/common/components/display/ssd1306/font.o
                0x00000000008022af                Font08px_92
 .data.Font08px_91
                0x00000000008022b3        0x4 ./ASF/common/components/display/ssd1306/font.o
                0x00000000008022b3                Font08px_91
 .data.Font08px_UZ
                0x00000000008022b7        0x6 ./ASF/common/components/display/ssd1306/font.o
                0x00000000008022b7                Font08px_UZ
 .data.Font08px_UY
                0x00000000008022bd        0x6 ./ASF/common/components/display/ssd1306/font.o
                0x00000000008022bd                Font08px_UY
 .data.Font08px_UX
                0x00000000008022c3        0x6 ./ASF/common/components/display/ssd1306/font.o
                0x00000000008022c3                Font08px_UX
 .data.Font08px_UW
                0x00000000008022c9        0x6 ./ASF/common/components/display/ssd1306/font.o
                0x00000000008022c9                Font08px_UW
 .data.Font08px_UV
                0x00000000008022cf        0x6 ./ASF/common/components/display/ssd1306/font.o
                0x00000000008022cf                Font08px_UV
 .data.Font08px_UU
                0x00000000008022d5        0x5 ./ASF/common/components/display/ssd1306/font.o
                0x00000000008022d5                Font08px_UU
 .data.Font08px_UT
                0x00000000008022da        0x6 ./ASF/common/components/display/ssd1306/font.o
                0x00000000008022da                Font08px_UT
 .data.Font08px_US
                0x00000000008022e0        0x5 ./ASF/common/components/display/ssd1306/font.o
                0x00000000008022e0                Font08px_US
 .data.Font08px_UR
                0x00000000008022e5        0x5 ./ASF/common/components/display/ssd1306/font.o
                0x00000000008022e5                Font08px_UR
 .data.Font08px_UQ
                0x00000000008022ea        0x6 ./ASF/common/components/display/ssd1306/font.o
                0x00000000008022ea                Font08px_UQ
 .data.Font08px_UP
                0x00000000008022f0        0x5 ./ASF/common/components/display/ssd1306/font.o
                0x00000000008022f0                Font08px_UP
 .data.Font08px_UO
                0x00000000008022f5        0x5 ./ASF/common/components/display/ssd1306/font.o
                0x00000000008022f5                Font08px_UO
 .data.Font08px_UN
                0x00000000008022fa        0x6 ./ASF/common/components/display/ssd1306/font.o
                0x00000000008022fa                Font08px_UN
 .data.Font08px_UM
                0x0000000000802300        0x6 ./ASF/common/components/display/ssd1306/font.o
                0x0000000000802300                Font08px_UM
 .data.Font08px_UL
                0x0000000000802306        0x5 ./ASF/common/components/display/ssd1306/font.o
                0x0000000000802306                Font08px_UL
 .data.Font08px_UK
                0x000000000080230b        0x6 ./ASF/common/components/display/ssd1306/font.o
                0x000000000080230b                Font08px_UK
 .data.Font08px_UJ
                0x0000000000802311        0x5 ./ASF/common/components/display/ssd1306/font.o
                0x0000000000802311                Font08px_UJ
 .data.Font08px_UI
                0x0000000000802316        0x4 ./ASF/common/components/display/ssd1306/font.o
                0x0000000000802316                Font08px_UI
 .data.Font08px_UH
                0x000000000080231a        0x5 ./ASF/common/components/display/ssd1306/font.o
                0x000000000080231a                Font08px_UH
 .data.Font08px_UG
                0x000000000080231f        0x6 ./ASF/common/components/display/ssd1306/font.o
                0x000000000080231f                Font08px_UG
 .data.Font08px_UF
                0x0000000000802325        0x5 ./ASF/common/components/display/ssd1306/font.o
                0x0000000000802325                Font08px_UF
 .data.Font08px_UE
                0x000000000080232a        0x5 ./ASF/common/components/display/ssd1306/font.o
                0x000000000080232a                Font08px_UE
 .data.Font08px_UD
                0x000000000080232f        0x5 ./ASF/common/components/display/ssd1306/font.o
                0x000000000080232f                Font08px_UD
 .data.Font08px_UC
                0x0000000000802334        0x5 ./ASF/common/components/display/ssd1306/font.o
                0x0000000000802334                Font08px_UC
 .data.Font08px_UB
                0x0000000000802339        0x5 ./ASF/common/components/display/ssd1306/font.o
                0x0000000000802339                Font08px_UB
 .data.Font08px_UA
                0x000000000080233e        0x6 ./ASF/common/components/display/ssd1306/font.o
                0x000000000080233e                Font08px_UA
 .data.Font08px_64
                0x0000000000802344        0x9 ./ASF/common/components/display/ssd1306/font.o
                0x0000000000802344                Font08px_64
 .data.Font08px_63
                0x000000000080234d        0x6 ./ASF/common/components/display/ssd1306/font.o
                0x000000000080234d                Font08px_63
 .data.Font08px_62
                0x0000000000802353        0x5 ./ASF/common/components/display/ssd1306/font.o
                0x0000000000802353                Font08px_62
 .data.Font08px_61
                0x0000000000802358        0x5 ./ASF/common/components/display/ssd1306/font.o
                0x0000000000802358                Font08px_61
 .data.Font08px_60
                0x000000000080235d        0x5 ./ASF/common/components/display/ssd1306/font.o
                0x000000000080235d                Font08px_60
 .data.Font08px_59
                0x0000000000802362        0x2 ./ASF/common/components/display/ssd1306/font.o
                0x0000000000802362                Font08px_59
 .data.Font08px_58
                0x0000000000802364        0x2 ./ASF/common/components/display/ssd1306/font.o
                0x0000000000802364                Font08px_58
 .data.Font08px_N9
                0x0000000000802366        0x6 ./ASF/common/components/display/ssd1306/font.o
                0x0000000000802366                Font08px_N9
 .data.Font08px_N8
                0x000000000080236c        0x6 ./ASF/common/components/display/ssd1306/font.o
                0x000000000080236c                Font08px_N8
 .data.Font08px_N7
                0x0000000000802372        0x6 ./ASF/common/components/display/ssd1306/font.o
                0x0000000000802372                Font08px_N7
 .data.Font08px_N6
                0x0000000000802378        0x6 ./ASF/common/components/display/ssd1306/font.o
                0x0000000000802378                Font08px_N6
 .data.Font08px_N5
                0x000000000080237e        0x6 ./ASF/common/components/display/ssd1306/font.o
                0x000000000080237e                Font08px_N5
 .data.Font08px_N4
                0x0000000000802384        0x6 ./ASF/common/components/display/ssd1306/font.o
                0x0000000000802384                Font08px_N4
 .data.Font08px_N3
                0x000000000080238a        0x6 ./ASF/common/components/display/ssd1306/font.o
                0x000000000080238a                Font08px_N3
 .data.Font08px_N2
                0x0000000000802390        0x6 ./ASF/common/components/display/ssd1306/font.o
                0x0000000000802390                Font08px_N2
 .data.Font08px_N1
                0x0000000000802396        0x6 ./ASF/common/components/display/ssd1306/font.o
                0x0000000000802396                Font08px_N1
 .data.Font08px_N0
                0x000000000080239c        0x6 ./ASF/common/components/display/ssd1306/font.o
                0x000000000080239c                Font08px_N0
 .data.Font08px_47
                0x00000000008023a2        0x4 ./ASF/common/components/display/ssd1306/font.o
                0x00000000008023a2                Font08px_47
 .data.Font08px_46
                0x00000000008023a6        0x2 ./ASF/common/components/display/ssd1306/font.o
                0x00000000008023a6                Font08px_46
 .data.Font08px_45
                0x00000000008023a8        0x4 ./ASF/common/components/display/ssd1306/font.o
                0x00000000008023a8                Font08px_45
 .data.Font08px_44
                0x00000000008023ac        0x2 ./ASF/common/components/display/ssd1306/font.o
                0x00000000008023ac                Font08px_44
 .data.Font08px_43
                0x00000000008023ae        0x4 ./ASF/common/components/display/ssd1306/font.o
                0x00000000008023ae                Font08px_43
 .data.Font08px_42
                0x00000000008023b2        0x4 ./ASF/common/components/display/ssd1306/font.o
                0x00000000008023b2                Font08px_42
 .data.Font08px_41
                0x00000000008023b6        0x4 ./ASF/common/components/display/ssd1306/font.o
                0x00000000008023b6                Font08px_41
 .data.Font08px_40
                0x00000000008023ba        0x4 ./ASF/common/components/display/ssd1306/font.o
                0x00000000008023ba                Font08px_40
 .data.Font08px_39
                0x00000000008023be        0x2 ./ASF/common/components/display/ssd1306/font.o
                0x00000000008023be                Font08px_39
 .data.Font08px_38
                0x00000000008023c0        0x6 ./ASF/common/components/display/ssd1306/font.o
                0x00000000008023c0                Font08px_38
 .data.Font08px_37
                0x00000000008023c6        0x6 ./ASF/common/components/display/ssd1306/font.o
                0x00000000008023c6                Font08px_37
 .data.Font08px_36
                0x00000000008023cc        0x6 ./ASF/common/components/display/ssd1306/font.o
                0x00000000008023cc                Font08px_36
 .data.Font08px_35
                0x00000000008023d2        0x6 ./ASF/common/components/display/ssd1306/font.o
                0x00000000008023d2                Font08px_35
 .data.Font08px_34
                0x00000000008023d8        0x4 ./ASF/common/components/display/ssd1306/font.o
                0x00000000008023d8                Font08px_34
 .data.Font08px_33
                0x00000000008023dc        0x2 ./ASF/common/components/display/ssd1306/font.o
                0x00000000008023dc                Font08px_33
 .data.Font08px_32
                0x00000000008023de        0x3 ./ASF/common/components/display/ssd1306/font.o
                0x00000000008023de                Font08px_32
 .data.font_table
                0x00000000008023e1       0xbe ./ASF/common/components/display/ssd1306/font.o
                0x00000000008023e1                font_table
 .data.mainMenu
                0x000000000080249f       0x4b ./main.o
                0x000000000080249f                mainMenu
 .data.testMenu
                0x00000000008024ea        0x7 ./main.o
                0x00000000008024ea                testMenu
 .data.compulab_logo
                0x00000000008024f1        0x5 ./main.o
                0x00000000008024f1                compulab_logo
 .data.main_menu_strings
                0x00000000008024f6        0xc ./main.o
                0x00000000008024f6                main_menu_strings
 .data.subMenu  0x0000000000802502       0x4b ./main.o
                0x0000000000802502                subMenu
 .data.subTestMenu
                0x000000000080254d        0x7 ./main.o
                0x000000000080254d                subTestMenu
 .data.sub_menu_strings
                0x0000000000802554        0x4 ./main.o
                0x0000000000802554                sub_menu_strings
 *(.rodata)
 *(.rodata*)
 .rodata.str1.1
                0x0000000000802558       0x16 ./main.o
 .rodata.str1.1
                0x000000000080256e       0x36 ./power-state.o