Archive member included to satisfy reference by file (symbol)

/usr/lib/gcc/avr/4.9.2/avrxmega4/libgcc.a(_udivmodqi4.o)
                              ./ASF/common/services/gfx_mono/gfx_mono_menu.o (__udivmodqi4)
/usr/lib/gcc/avr/4.9.2/avrxmega4/libgcc.a(_udivmodsi4.o)
                              ./ASF/xmega/drivers/spi/spi.o (__udivmodsi4)
/usr/lib/gcc/avr/4.9.2/avrxmega4/libgcc.a(_divmodsi4.o)
                              ./main.o (__divmodsi4)
/usr/lib/gcc/avr/4.9.2/avrxmega4/libgcc.a(_negsi2.o)
                              /usr/lib/gcc/avr/4.9.2/avrxmega4/libgcc.a(_divmodsi4.o) (__negsi2)
/usr/lib/gcc/avr/4.9.2/avrxmega4/libgcc.a(_exit.o)
                              /usr/lib/gcc/avr/4.9.2/../../../../avr/lib/avrxmega4/crtx64a3u.o (exit)
/usr/lib/gcc/avr/4.9.2/avrxmega4/libgcc.a(_copy_data.o)
                              ./ASF/common/services/sleepmgr/xmega/sleepmgr.o (__do_copy_data)
/usr/lib/gcc/avr/4.9.2/avrxmega4/libgcc.a(_clear_bss.o)
                              ./ASF/xmega/drivers/adc/adc.o (__do_clear_bss)
/usr/lib/gcc/avr/4.9.2/../../../../avr/lib/avrxmega4/libm.a(fixsfsi.o)
                              ./main.o (__fixsfsi)
/usr/lib/gcc/avr/4.9.2/../../../../avr/lib/avrxmega4/libm.a(fixunssfsi.o)
                              /usr/lib/gcc/avr/4.9.2/../../../../avr/lib/avrxmega4/libm.a(fixsfsi.o) (__fixunssfsi)
/usr/lib/gcc/avr/4.9.2/../../../../avr/lib/avrxmega4/libm.a(floatsisf.o)
                              ./main.o (__floatsisf)
/usr/lib/gcc/avr/4.9.2/../../../../avr/lib/avrxmega4/libm.a(fp_split3.o)
                              /usr/lib/gcc/avr/4.9.2/../../../../avr/lib/avrxmega4/libm.a(fixunssfsi.o) (__fp_splitA)
/usr/lib/gcc/avr/4.9.2/../../../../avr/lib/avrxmega4/libm.a(fp_zero.o)
                              /usr/lib/gcc/avr/4.9.2/../../../../avr/lib/avrxmega4/libm.a(fixunssfsi.o) (__fp_zero)
/usr/lib/gcc/avr/4.9.2/../../../../avr/lib/avrxmega4/libm.a(mulsf3.o)
                              ./main.o (__mulsf3)
/usr/lib/gcc/avr/4.9.2/../../../../avr/lib/avrxmega4/libm.a(mulsf3x.o)
                              /usr/lib/gcc/avr/4.9.2/../../../../avr/lib/avrxmega4/libm.a(mulsf3.o) (__mulsf3x)
/usr/lib/gcc/avr/4.9.2/../../../../avr/lib/avrxmega4/libm.a(round.o)
                              ./main.o (round)
/usr/lib/gcc/avr/4.9.2/../../../../avr/lib/avrxmega4/libm.a(fp_inf.o)
                              /usr/lib/gcc/avr/4.9.2/../../../../avr/lib/avrxmega4/libm.a(mulsf3x.o) (__fp_inf)
/usr/lib/gcc/avr/4.9.2/../../../../avr/lib/avrxmega4/libm.a(fp_mintl.o)
                              /usr/lib/gcc/avr/4.9.2/../../../../avr/lib/avrxmega4/libm.a(round.o) (__fp_mintl)
/usr/lib/gcc/avr/4.9.2/../../../../avr/lib/avrxmega4/libm.a(fp_mpack.o)
                              /usr/lib/gcc/avr/4.9.2/../../../../avr/lib/avrxmega4/libm.a(round.o) (__fp_mpack)
/usr/lib/gcc/avr/4.9.2/../../../../avr/lib/avrxmega4/libm.a(fp_nan.o)
                              /usr/lib/gcc/avr/4.9.2/../../../../avr/lib/avrxmega4/libm.a(mulsf3x.o) (__fp_nan)
/usr/lib/gcc/avr/4.9.2/../../../../avr/lib/avrxmega4/libm.a(fp_pscA.o)
                              /usr/lib/gcc/avr/4.9.2/../../../../avr/lib/avrxmega4/libm.a(mulsf3x.o) (__fp_pscA)
/usr/lib/gcc/avr/4.9.2/../../../../avr/lib/avrxmega4/libm.a(fp_pscB.o)
                              /usr/lib/gcc/avr/4.9.2/../../../../avr/lib/avrxmega4/libm.a(mulsf3x.o) (__fp_pscB)
/usr/lib/gcc/avr/4.9.2/../../../../avr/lib/avrxmega4/libm.a(fp_round.o)
                              /usr/lib/gcc/avr/4.9.2/../../../../avr/lib/avrxmega4/libm.a(mulsf3.o) (__fp_round)
/usr/lib/gcc/avr/4.9.2/../../../../avr/lib/avrxmega4/libc.a(memcpy.o)
                              ./ASF/xmega/drivers/nvm/nvm.o (memcpy)
/usr/lib/gcc/avr/4.9.2/../../../../avr/lib/avrxmega4/libc.a(strcpy.o)
                              ./main.o (strcpy)
/usr/lib/gcc/avr/4.9.2/../../../../avr/lib/avrxmega4/libc.a(itoa_ncheck.o)
                              ./main.o (__itoa_ncheck)
/usr/lib/gcc/avr/4.9.2/../../../../avr/lib/avrxmega4/libc.a(utoa_ncheck.o)
                              /usr/lib/gcc/avr/4.9.2/../../../../avr/lib/avrxmega4/libc.a(itoa_ncheck.o) (__utoa_common)
/usr/lib/gcc/avr/4.9.2/../../../../avr/lib/avrxmega4/libc.a(strrev.o)
                              /usr/lib/gcc/avr/4.9.2/../../../../avr/lib/avrxmega4/libc.a(utoa_ncheck.o) (strrev)

Allocating common symbols
Common symbol       size              file

powerstring         0x5               ./main.o
currentPower        0x4               ./main.o
power               0x2               ./main.o
buttenLastStatus    0x1               ./main.o
adcb_callback       0x2               ./ASF/xmega/drivers/adc/adc.o
selectButtonStatus  0x1               ./main.o
menuEnable          0x1               ./main.o
leftButtonStatus    0x1               ./main.o
sleepmgr_locks      0x6               ./ASF/common/services/sleepmgr/xmega/sleepmgr.o
rightButtonStatus   0x1               ./main.o
screen_changed      0x1               ./main.o
adca_callback       0x2               ./ASF/xmega/drivers/adc/adc.o
buttonStatus        0x1               ./main.o

Memory Configuration

Name             Origin             Length             Attributes
text             0x0000000000000000 0x0000000000100000 xr
data             0x0000000000802000 0x000000000000ffa0 rw !x
eeprom           0x0000000000810000 0x0000000000010000 rw !x
fuse             0x0000000000820000 0x0000000000000400 rw !x
lock             0x0000000000830000 0x0000000000000400 rw !x
signature        0x0000000000840000 0x0000000000000400 rw !x
*default*        0x0000000000000000 0xffffffffffffffff

Linker script and memory map

LOAD /usr/lib/gcc/avr/4.9.2/../../../../avr/lib/avrxmega4/crtx64a3u.o
LOAD ./ASF/xmega/drivers/spi/spi.o
LOAD ./ASF/xmega/drivers/nvm/nvm.o
LOAD ./ASF/xmega/drivers/nvm/nvm_asm.o
LOAD ./ASF/xmega/drivers/cpu/ccp.o
LOAD ./ASF/xmega/drivers/adc/xmega_aau/adc_aau.o
LOAD ./ASF/xmega/drivers/adc/adc.o
LOAD ./ASF/xmega/boards/stk600/rc064x/init.o
LOAD ./ASF/common/services/spi/xmega_spi/spi_master.o
LOAD ./ASF/common/services/sleepmgr/xmega/sleepmgr.o
LOAD ./ASF/common/services/ioport/xmega/ioport_compat.o
LOAD ./ASF/common/services/gfx_mono/gfx_mono_framebuffer.o
LOAD ./ASF/common/services/gfx_mono/gfx_mono_generic.o
LOAD ./ASF/common/services/gfx_mono/gfx_mono_menu.o
LOAD ./ASF/common/services/gfx_mono/gfx_mono_text.o
LOAD ./ASF/common/services/gfx_mono/gfx_mono_ug_2832hsweg04.o
LOAD ./ASF/common/services/gfx_mono/sysfont.o
LOAD ./ASF/common/services/clock/xmega/sysclk.o
LOAD ./ASF/common/components/display/ssd1306/font.o
LOAD ./ASF/common/components/display/ssd1306/ssd1306.o
LOAD ./main.o
START GROUP
LOAD /usr/lib/gcc/avr/4.9.2/avrxmega4/libgcc.a
LOAD /usr/lib/gcc/avr/4.9.2/../../../../avr/lib/avrxmega4/libm.a
LOAD /usr/lib/gcc/avr/4.9.2/../../../../avr/lib/avrxmega4/libc.a
END GROUP

.hash
 *(.hash)

.dynsym
 *(.dynsym)

.dynstr
 *(.dynstr)

.gnu.version
 *(.gnu.version)

.gnu.version_d
 *(.gnu.version_d)

.gnu.version_r
 *(.gnu.version_r)

.rel.init
 *(.rel.init)

.rela.init
 *(.rela.init)

.rel.text
 *(.rel.text)
 *(.rel.text.*)
 *(.rel.gnu.linkonce.t*)

.rela.text
 *(.rela.text)
 *(.rela.text.*)
 *(.rela.gnu.linkonce.t*)

.rel.fini
 *(.rel.fini)

.rela.fini
 *(.rela.fini)

.rel.rodata
 *(.rel.rodata)
 *(.rel.rodata.*)
 *(.rel.gnu.linkonce.r*)

.rela.rodata
 *(.rela.rodata)
 *(.rela.rodata.*)
 *(.rela.gnu.linkonce.r*)

.rel.data
 *(.rel.data)
 *(.rel.data.*)
 *(.rel.gnu.linkonce.d*)

.rela.data
 *(.rela.data)
 *(.rela.data.*)
 *(.rela.gnu.linkonce.d*)

.rel.ctors
 *(.rel.ctors)

.rela.ctors
 *(.rela.ctors)

.rel.dtors
 *(.rel.dtors)

.rela.dtors
 *(.rela.dtors)

.rel.got
 *(.rel.got)

.rela.got
 *(.rela.got)

.rel.bss
 *(.rel.bss)

.rela.bss
 *(.rela.bss)

.rel.plt
 *(.rel.plt)

.rela.plt
 *(.rela.plt)

.text           0x0000000000000000     0x2ef2
 *(.vectors)
 .vectors       0x0000000000000000      0x1fc /usr/lib/gcc/avr/4.9.2/../../../../avr/lib/avrxmega4/crtx64a3u.o
                0x0000000000000000                __vectors
                0x0000000000000000                __vector_default
 *(.vectors)
 *(.progmem.gcc*)
                0x00000000000001fc                . = ALIGN (0x2)
                0x00000000000001fc                __trampolines_start = .
 *(.trampolines)
 .trampolines   0x00000000000001fc        0x0 linker stubs
 *(.trampolines*)
                0x00000000000001fc                __trampolines_end = .
 *(.progmem*)
 .progmem.data.arrow_right_data
                0x00000000000001fc        0x4 ./ASF/common/services/gfx_mono/gfx_mono_menu.o
                0x00000000000001fc                arrow_right_data
 .progmem.data.sysfont_glyphs
                0x0000000000000200      0x2a0 ./ASF/common/services/gfx_mono/sysfont.o
 .progmem.data.main_menu_6
                0x00000000000004a0        0xd ./main.o
                0x00000000000004a0                main_menu_6
 .progmem.data.main_menu_5
                0x00000000000004ad        0xb ./main.o
                0x00000000000004ad                main_menu_5
 .progmem.data.main_menu_4
                0x00000000000004b8        0xb ./main.o
                0x00000000000004b8                main_menu_4
 .progmem.data.main_menu_3
                0x00000000000004c3        0xb ./main.o
                0x00000000000004c3                main_menu_3
 .progmem.data.main_menu_2
                0x00000000000004ce        0xb ./main.o
                0x00000000000004ce                main_menu_2
 .progmem.data.main_menu_1
                0x00000000000004d9       0x13 ./main.o
                0x00000000000004d9                main_menu_1
 .progmem.data.main_menu_title
                0x00000000000004ec       0x10 ./main.o
                0x00000000000004ec                main_menu_title
                0x00000000000004fc                . = ALIGN (0x2)
 *(.jumptables)
 *(.jumptables*)
 *(.lowtext)
 *(.lowtext*)
                0x00000000000004fc                __ctors_start = .
 *(.ctors)
                0x00000000000004fc                __ctors_end = .
                0x00000000000004fc                __dtors_start = .
 *(.dtors)
                0x00000000000004fc                __dtors_end = .
 SORT(*)(.ctors)
 SORT(*)(.dtors)
 *(.init0)
 .init0         0x00000000000004fc        0x0 /usr/lib/gcc/avr/4.9.2/../../../../avr/lib/avrxmega4/crtx64a3u.o
                0x00000000000004fc                __init
 *(.init0)
 *(.init1)
 *(.init1)
 *(.init2)
 .init2         0x00000000000004fc        0xc /usr/lib/gcc/avr/4.9.2/../../../../avr/lib/avrxmega4/crtx64a3u.o
 *(.init2)
 *(.init3)
 *(.init3)
 *(.init4)
 .init4         0x0000000000000508       0x1a /usr/lib/gcc/avr/4.9.2/avrxmega4/libgcc.a(_copy_data.o)
                0x0000000000000508                __do_copy_data
 .init4         0x0000000000000522       0x10 /usr/lib/gcc/avr/4.9.2/avrxmega4/libgcc.a(_clear_bss.o)
                0x0000000000000522                __do_clear_bss
 *(.init4)
 *(.init5)
 *(.init5)
 *(.init6)
 *(.init6)
 *(.init7)
 *(.init7)
 *(.init8)
 *(.init8)
 *(.init9)
 .init9         0x0000000000000532        0x8 /usr/lib/gcc/avr/4.9.2/../../../../avr/lib/avrxmega4/crtx64a3u.o
 *(.init9)
 *(.text)
 .text          0x000000000000053a        0x4 /usr/lib/gcc/avr/4.9.2/../../../../avr/lib/avrxmega4/crtx64a3u.o
                0x000000000000053a                __vector_38
                0x000000000000053a                __vector_104
                0x000000000000053a                __vector_22
                0x000000000000053a                __vector_63
                0x000000000000053a                __vector_28
                0x000000000000053a                __vector_67
                0x000000000000053a                __vector_1
                0x000000000000053a                __vector_119
                0x000000000000053a                __vector_32
                0x000000000000053a                __vector_75
                0x000000000000053a                __vector_91
                0x000000000000053a                __vector_34
                0x000000000000053a                __vector_62
                0x000000000000053a                __vector_77
                0x000000000000053a                __vector_102
                0x000000000000053a                __vector_24
                0x000000000000053a                __vector_12
                0x000000000000053a                __vector_55
                0x000000000000053a                __vector_69
                0x000000000000053a                __vector_81
                0x000000000000053a                __vector_90
                0x000000000000053a                __vector_46
                0x000000000000053a                __bad_interrupt
                0x000000000000053a                __vector_122
                0x000000000000053a                __vector_114
                0x000000000000053a                __vector_6
                0x000000000000053a                __vector_110
                0x000000000000053a                __vector_31
                0x000000000000053a                __vector_92
                0x000000000000053a                __vector_35
                0x000000000000053a                __vector_78
                0x000000000000053a                __vector_117
                0x000000000000053a                __vector_107
                0x000000000000053a                __vector_3
                0x000000000000053a                __vector_105
                0x000000000000053a                __vector_98
                0x000000000000053a                __vector_23
                0x000000000000053a                __vector_68
                0x000000000000053a                __vector_30
                0x000000000000053a                __vector_45
                0x000000000000053a                __vector_25
                0x000000000000053a                __vector_93
                0x000000000000053a                __vector_61
                0x000000000000053a                __vector_11
                0x000000000000053a                __vector_54
                0x000000000000053a                __vector_99
                0x000000000000053a                __vector_13
                0x000000000000053a                __vector_17
                0x000000000000053a                __vector_19
                0x000000000000053a                __vector_56
                0x000000000000053a                __vector_7
                0x000000000000053a                __vector_125
                0x000000000000053a                __vector_49
                0x000000000000053a                __vector_123
                0x000000000000053a                __vector_86
                0x000000000000053a                __vector_100
                0x000000000000053a                __vector_101
                0x000000000000053a                __vector_64
                0x000000000000053a                __vector_88
                0x000000000000053a                __vector_109
                0x000000000000053a                __vector_43
                0x000000000000053a                __vector_27
                0x000000000000053a                __vector_5
                0x000000000000053a                __vector_113
                0x000000000000053a                __vector_33
                0x000000000000053a                __vector_76
                0x000000000000053a                __vector_115
                0x000000000000053a                __vector_47
                0x000000000000053a                __vector_52
                0x000000000000053a                __vector_37
                0x000000000000053a                __vector_95
                0x000000000000053a                __vector_103
                0x000000000000053a                __vector_96
                0x000000000000053a                __vector_89
                0x000000000000053a                __vector_108
                0x000000000000053a                __vector_4
                0x000000000000053a                __vector_44
                0x000000000000053a                __vector_82
                0x000000000000053a                __vector_106
                0x000000000000053a                __vector_118
                0x000000000000053a                __vector_51
                0x000000000000053a                __vector_9
                0x000000000000053a                __vector_2
                0x000000000000053a                __vector_21
                0x000000000000053a                __vector_15
                0x000000000000053a                __vector_66
                0x000000000000053a                __vector_36
                0x000000000000053a                __vector_79
                0x000000000000053a                __vector_58
                0x000000000000053a                __vector_70
                0x000000000000053a                __vector_83
                0x000000000000053a                __vector_29
                0x000000000000053a                __vector_60
                0x000000000000053a                __vector_121
                0x000000000000053a                __vector_85
                0x000000000000053a                __vector_94
                0x000000000000053a                __vector_126
                0x000000000000053a                __vector_8
                0x000000000000053a                __vector_26
                0x000000000000053a                __vector_48
                0x000000000000053a                __vector_124
                0x000000000000053a                __vector_116
                0x000000000000053a                __vector_112
                0x000000000000053a                __vector_111
                0x000000000000053a                __vector_80
                0x000000000000053a                __vector_14
                0x000000000000053a                __vector_84
                0x000000000000053a                __vector_57
                0x000000000000053a                __vector_53
                0x000000000000053a                __vector_10
                0x000000000000053a                __vector_50
                0x000000000000053a                __vector_16
                0x000000000000053a                __vector_59
                0x000000000000053a                __vector_18
                0x000000000000053a                __vector_97
                0x000000000000053a                __vector_20
                0x000000000000053a                __vector_87
                0x000000000000053a                __vector_65
                0x000000000000053a                __vector_120
 .text          0x000000000000053e        0x0 ./ASF/xmega/drivers/spi/spi.o
 .text          0x000000000000053e        0x0 ./ASF/xmega/drivers/nvm/nvm.o
 .text          0x000000000000053e        0x0 ./ASF/xmega/drivers/nvm/nvm_asm.o
 .text          0x000000000000053e        0x0 ./ASF/xmega/drivers/cpu/ccp.o
 .text          0x000000000000053e        0x0 ./ASF/xmega/drivers/adc/xmega_aau/adc_aau.o
 .text          0x000000000000053e        0x0 ./ASF/xmega/drivers/adc/adc.o
 .text          0x000000000000053e        0x0 ./ASF/xmega/boards/stk600/rc064x/init.o
 .text          0x000000000000053e        0x0 ./ASF/common/services/spi/xmega_spi/spi_master.o
 .text          0x000000000000053e        0x0 ./ASF/common/services/sleepmgr/xmega/sleepmgr.o
 .text          0x000000000000053e        0x0 ./ASF/common/services/ioport/xmega/ioport_compat.o
 .text          0x000000000000053e        0x0 ./ASF/common/services/gfx_mono/gfx_mono_framebuffer.o
 .text          0x000000000000053e        0x0 ./ASF/common/services/gfx_mono/gfx_mono_generic.o
 .text          0x000000000000053e        0x0 ./ASF/common/services/gfx_mono/gfx_mono_menu.o
 .text          0x000000000000053e        0x0 ./ASF/common/services/gfx_mono/gfx_mono_text.o
 .text          0x000000000000053e        0x0 ./ASF/common/services/gfx_mono/gfx_mono_ug_2832hsweg04.o
 .text          0x000000000000053e        0x0 ./ASF/common/services/gfx_mono/sysfont.o
 .text          0x000000000000053e        0x0 ./ASF/common/services/clock/xmega/sysclk.o
 .text          0x000000000000053e        0x0 ./ASF/common/components/display/ssd1306/font.o
 .text          0x000000000000053e        0x0 ./ASF/common/components/display/ssd1306/ssd1306.o
 .text          0x000000000000053e        0x0 ./main.o
 .text          0x000000000000053e        0x0 /usr/lib/gcc/avr/4.9.2/avrxmega4/libgcc.a(_udivmodqi4.o)
 .text          0x000000000000053e        0x0 /usr/lib/gcc/avr/4.9.2/avrxmega4/libgcc.a(_udivmodsi4.o)
 .text          0x000000000000053e        0x0 /usr/lib/gcc/avr/4.9.2/avrxmega4/libgcc.a(_divmodsi4.o)
 .text          0x000000000000053e        0x0 /usr/lib/gcc/avr/4.9.2/avrxmega4/libgcc.a(_negsi2.o)
 .text          0x000000000000053e        0x0 /usr/lib/gcc/avr/4.9.2/avrxmega4/libgcc.a(_exit.o)
 .text          0x000000000000053e        0x0 /usr/lib/gcc/avr/4.9.2/avrxmega4/libgcc.a(_copy_data.o)
 .text          0x000000000000053e        0x0 /usr/lib/gcc/avr/4.9.2/avrxmega4/libgcc.a(_clear_bss.o)
 .text          0x000000000000053e        0x0 /usr/lib/gcc/avr/4.9.2/../../../../avr/lib/avrxmega4/libm.a(fixsfsi.o)
 .text          0x000000000000053e        0x0 /usr/lib/gcc/avr/4.9.2/../../../../avr/lib/avrxmega4/libm.a(fixunssfsi.o)
 .text          0x000000000000053e        0x0 /usr/lib/gcc/avr/4.9.2/../../../../avr/lib/avrxmega4/libm.a(floatsisf.o)
 .text          0x000000000000053e        0x0 /usr/lib/gcc/avr/4.9.2/../../../../avr/lib/avrxmega4/libm.a(fp_split3.o)
 .text          0x000000000000053e        0x0 /usr/lib/gcc/avr/4.9.2/../../../../avr/lib/avrxmega4/libm.a(fp_zero.o)
 .text          0x000000000000053e        0x0 /usr/lib/gcc/avr/4.9.2/../../../../avr/lib/avrxmega4/libm.a(mulsf3.o)
 .text          0x000000000000053e        0x0 /usr/lib/gcc/avr/4.9.2/../../../../avr/lib/avrxmega4/libm.a(mulsf3x.o)
 .text          0x000000000000053e        0x0 /usr/lib/gcc/avr/4.9.2/../../../../avr/lib/avrxmega4/libm.a(round.o)
 .text          0x000000000000053e        0x0 /usr/lib/gcc/avr/4.9.2/../../../../avr/lib/avrxmega4/libm.a(fp_inf.o)
 .text          0x000000000000053e        0x0 /usr/lib/gcc/avr/4.9.2/../../../../avr/lib/avrxmega4/libm.a(fp_mintl.o)
 .text          0x000000000000053e        0x0 /usr/lib/gcc/avr/4.9.2/../../../../avr/lib/avrxmega4/libm.a(fp_mpack.o)
 .text          0x000000000000053e        0x0 /usr/lib/gcc/avr/4.9.2/../../../../avr/lib/avrxmega4/libm.a(fp_nan.o)
 .text          0x000000000000053e        0x0 /usr/lib/gcc/avr/4.9.2/../../../../avr/lib/avrxmega4/libm.a(fp_pscA.o)
 .text          0x000000000000053e        0x0 /usr/lib/gcc/avr/4.9.2/../../../../avr/lib/avrxmega4/libm.a(fp_pscB.o)
 .text          0x000000000000053e        0x0 /usr/lib/gcc/avr/4.9.2/../../../../avr/lib/avrxmega4/libm.a(fp_round.o)
 .text          0x000000000000053e        0x0 /usr/lib/gcc/avr/4.9.2/../../../../avr/lib/avrxmega4/libc.a(memcpy.o)
 .text          0x000000000000053e        0x0 /usr/lib/gcc/avr/4.9.2/../../../../avr/lib/avrxmega4/libc.a(strcpy.o)
 .text          0x000000000000053e        0x0 /usr/lib/gcc/avr/4.9.2/../../../../avr/lib/avrxmega4/libc.a(itoa_ncheck.o)
 .text          0x000000000000053e        0x0 /usr/lib/gcc/avr/4.9.2/../../../../avr/lib/avrxmega4/libc.a(utoa_ncheck.o)
 .text          0x000000000000053e        0x0 /usr/lib/gcc/avr/4.9.2/../../../../avr/lib/avrxmega4/libc.a(strrev.o)
                0x000000000000053e                . = ALIGN (0x2)
 *(.text.*)
 .text.spi_xmega_set_baud_div
                0x000000000000053e       0x9c ./ASF/xmega/drivers/spi/spi.o
                0x000000000000053e                spi_xmega_set_baud_div
 .text.nvm_wait_until_ready
                0x00000000000005da        0xa ./ASF/xmega/drivers/nvm/nvm.o
 .text.nvm_read_production_signature_row
                0x00000000000005e4        0xa ./ASF/xmega/drivers/nvm/nvm.o
 .text.nvm_issue_command
                0x00000000000005ee       0x22 ./ASF/xmega/drivers/nvm/nvm.o
 .text.nvm_read_device_serial
                0x0000000000000610       0x64 ./ASF/xmega/drivers/nvm/nvm.o
                0x0000000000000610                nvm_read_device_serial
 .text.nvm_eeprom_read_byte
                0x0000000000000674       0x24 ./ASF/xmega/drivers/nvm/nvm.o
                0x0000000000000674                nvm_eeprom_read_byte
 .text.nvm_eeprom_read_buffer
                0x0000000000000698       0x5e ./ASF/xmega/drivers/nvm/nvm.o
                0x0000000000000698                nvm_eeprom_read_buffer
 .text.nvm_eeprom_flush_buffer
                0x00000000000006f6       0x1e ./ASF/xmega/drivers/nvm/nvm.o
                0x00000000000006f6                nvm_eeprom_flush_buffer
 .text.nvm_eeprom_load_byte_to_buffer
                0x0000000000000714       0x38 ./ASF/xmega/drivers/nvm/nvm.o
                0x0000000000000714                nvm_eeprom_load_byte_to_buffer
 .text.nvm_eeprom_write_byte
                0x000000000000074c       0x62 ./ASF/xmega/drivers/nvm/nvm.o
                0x000000000000074c                nvm_eeprom_write_byte
 .text.nvm_eeprom_load_page_to_buffer
                0x00000000000007ae       0x28 ./ASF/xmega/drivers/nvm/nvm.o
                0x00000000000007ae                nvm_eeprom_load_page_to_buffer
 .text.nvm_eeprom_atomic_write_page
                0x00000000000007d6       0x30 ./ASF/xmega/drivers/nvm/nvm.o
                0x00000000000007d6                nvm_eeprom_atomic_write_page
 .text.nvm_eeprom_erase_and_write_buffer
                0x0000000000000806       0x7e ./ASF/xmega/drivers/nvm/nvm.o
                0x0000000000000806                nvm_eeprom_erase_and_write_buffer
 .text.nvm_eeprom_split_write_page
                0x0000000000000884       0x30 ./ASF/xmega/drivers/nvm/nvm.o
                0x0000000000000884                nvm_eeprom_split_write_page
 .text.nvm_eeprom_fill_buffer_with_value
                0x00000000000008b4       0x24 ./ASF/xmega/drivers/nvm/nvm.o
                0x00000000000008b4                nvm_eeprom_fill_buffer_with_value
 .text.nvm_eeprom_erase_bytes_in_page
                0x00000000000008d8       0x30 ./ASF/xmega/drivers/nvm/nvm.o
                0x00000000000008d8                nvm_eeprom_erase_bytes_in_page
 .text.nvm_eeprom_erase_page
                0x0000000000000908       0x12 ./ASF/xmega/drivers/nvm/nvm.o
                0x0000000000000908                nvm_eeprom_erase_page
 .text.nvm_eeprom_erase_bytes_in_all_pages
                0x000000000000091a        0xa ./ASF/xmega/drivers/nvm/nvm.o
                0x000000000000091a                nvm_eeprom_erase_bytes_in_all_pages
 .text.nvm_eeprom_erase_all
                0x0000000000000924        0xa ./ASF/xmega/drivers/nvm/nvm.o
                0x0000000000000924                nvm_eeprom_erase_all
 .text.nvm_issue_flash_range_crc
                0x000000000000092e       0x5a ./ASF/xmega/drivers/nvm/nvm.o
                0x000000000000092e                nvm_issue_flash_range_crc
 .text.nvm_flash_read_buffer
                0x0000000000000988       0x4c ./ASF/xmega/drivers/nvm/nvm.o
                0x0000000000000988                nvm_flash_read_buffer
 .text.nvm_user_sig_read_buffer
                0x00000000000009d4       0x40 ./ASF/xmega/drivers/nvm/nvm.o
                0x00000000000009d4                nvm_user_sig_read_buffer
 .text.nvm_user_sig_write_buffer
                0x0000000000000a14      0x12c ./ASF/xmega/drivers/nvm/nvm.o
                0x0000000000000a14                nvm_user_sig_write_buffer
 .text.nvm_flash_erase_and_write_buffer
                0x0000000000000b40      0x12e ./ASF/xmega/drivers/nvm/nvm.o
                0x0000000000000b40                nvm_flash_erase_and_write_buffer
 .text.nvm_fuses_read
                0x0000000000000c6e       0x34 ./ASF/xmega/drivers/nvm/nvm.o
                0x0000000000000c6e                nvm_fuses_read
 .text.nvm_read_byte
                0x0000000000000ca2       0x14 ./ASF/xmega/drivers/nvm/nvm_asm.o
                0x0000000000000ca2                nvm_read_byte
 .text.ccp_write_io
                0x0000000000000cb6        0xc ./ASF/xmega/drivers/cpu/ccp.o
                0x0000000000000cb6                ccp_write_io
 .text.__vector_71
                0x0000000000000cc2       0x64 ./ASF/xmega/drivers/adc/xmega_aau/adc_aau.o
                0x0000000000000cc2                __vector_71
 .text.__vector_72
                0x0000000000000d26       0x64 ./ASF/xmega/drivers/adc/xmega_aau/adc_aau.o
                0x0000000000000d26                __vector_72
 .text.__vector_73
                0x0000000000000d8a       0x64 ./ASF/xmega/drivers/adc/xmega_aau/adc_aau.o
                0x0000000000000d8a                __vector_73
 .text.__vector_74
                0x0000000000000dee       0x64 ./ASF/xmega/drivers/adc/xmega_aau/adc_aau.o
                0x0000000000000dee                __vector_74
 .text.__vector_39
                0x0000000000000e52       0x64 ./ASF/xmega/drivers/adc/xmega_aau/adc_aau.o
                0x0000000000000e52                __vector_39
 .text.__vector_40
                0x0000000000000eb6       0x64 ./ASF/xmega/drivers/adc/xmega_aau/adc_aau.o
                0x0000000000000eb6                __vector_40
 .text.__vector_41
                0x0000000000000f1a       0x64 ./ASF/xmega/drivers/adc/xmega_aau/adc_aau.o
                0x0000000000000f1a                __vector_41
 .text.__vector_42
                0x0000000000000f7e       0x64 ./ASF/xmega/drivers/adc/xmega_aau/adc_aau.o
                0x0000000000000f7e                __vector_42
 .text.adc_write_configuration
                0x0000000000000fe2       0xbc ./ASF/xmega/drivers/adc/xmega_aau/adc_aau.o
                0x0000000000000fe2                adc_write_configuration
 .text.adc_read_configuration
                0x000000000000109e       0x4a ./ASF/xmega/drivers/adc/xmega_aau/adc_aau.o
                0x000000000000109e                adc_read_configuration
 .text.adcch_write_configuration
                0x00000000000010e8       0x96 ./ASF/xmega/drivers/adc/xmega_aau/adc_aau.o
                0x00000000000010e8                adcch_write_configuration
 .text.adcch_read_configuration
                0x000000000000117e       0x96 ./ASF/xmega/drivers/adc/xmega_aau/adc_aau.o
                0x000000000000117e                adcch_read_configuration
 .text.adc_set_callback
                0x0000000000001214       0x28 ./ASF/xmega/drivers/adc/adc.o
                0x0000000000001214                adc_set_callback
 .text.adc_enable_clock
                0x000000000000123c       0x3e ./ASF/xmega/drivers/adc/adc.o
                0x000000000000123c                adc_enable_clock
 .text.adc_disable_clock
                0x000000000000127a       0x3a ./ASF/xmega/drivers/adc/adc.o
                0x000000000000127a                adc_disable_clock
 .text.adc_enable
                0x00000000000012b4       0x30 ./ASF/xmega/drivers/adc/adc.o
                0x00000000000012b4                adc_enable
 .text.adc_disable
                0x00000000000012e4       0x28 ./ASF/xmega/drivers/adc/adc.o
                0x00000000000012e4                adc_disable
 .text.adc_is_enabled
                0x000000000000130c       0x24 ./ASF/xmega/drivers/adc/adc.o
                0x000000000000130c                adc_is_enabled
 .text.ioport_configure_pin
                0x0000000000001330       0x28 ./ASF/xmega/boards/stk600/rc064x/init.o
 .text.board_init
                0x0000000000001358       0x8c ./ASF/xmega/boards/stk600/rc064x/init.o
                0x0000000000001358                board_init
 .text.spi_master_init
                0x00000000000013e4       0x3e ./ASF/common/services/spi/xmega_spi/spi_master.o
                0x00000000000013e4                spi_master_init
 .text.spi_master_setup_device
                0x0000000000001422       0x44 ./ASF/common/services/spi/xmega_spi/spi_master.o
                0x0000000000001422                spi_master_setup_device
 .text.spi_write_packet
                0x0000000000001466       0x24 ./ASF/common/services/spi/xmega_spi/spi_master.o
                0x0000000000001466                spi_write_packet
 .text.spi_read_packet
                0x000000000000148a       0x2e ./ASF/common/services/spi/xmega_spi/spi_master.o
                0x000000000000148a                spi_read_packet
 .text.spi_select_device
                0x00000000000014b8       0x2c ./ASF/common/services/spi/xmega_spi/spi_master.o
                0x00000000000014b8                spi_select_device
 .text.spi_deselect_device
                0x00000000000014e4       0x2c ./ASF/common/services/spi/xmega_spi/spi_master.o
                0x00000000000014e4                spi_deselect_device
 .text.ioport_configure_port_pin
                0x0000000000001510       0x44 ./ASF/common/services/ioport/xmega/ioport_compat.o
                0x0000000000001510                ioport_configure_port_pin
 .text.gfx_mono_set_framebuffer
                0x0000000000001554        0xa ./ASF/common/services/gfx_mono/gfx_mono_framebuffer.o
                0x0000000000001554                gfx_mono_set_framebuffer
 .text.gfx_mono_framebuffer_put_page
                0x000000000000155e       0x2c ./ASF/common/services/gfx_mono/gfx_mono_framebuffer.o
                0x000000000000155e                gfx_mono_framebuffer_put_page
 .text.gfx_mono_framebuffer_get_page
                0x000000000000158a       0x2a ./ASF/common/services/gfx_mono/gfx_mono_framebuffer.o
                0x000000000000158a                gfx_mono_framebuffer_get_page
 .text.gfx_mono_framebuffer_put_byte
                0x00000000000015b4       0x1c ./ASF/common/services/gfx_mono/gfx_mono_framebuffer.o
                0x00000000000015b4                gfx_mono_framebuffer_put_byte
 .text.gfx_mono_framebuffer_get_byte
                0x00000000000015d0       0x1c ./ASF/common/services/gfx_mono/gfx_mono_framebuffer.o
                0x00000000000015d0                gfx_mono_framebuffer_get_byte
 .text.gfx_mono_framebuffer_draw_pixel
                0x00000000000015ec       0x76 ./ASF/common/services/gfx_mono/gfx_mono_framebuffer.o
                0x00000000000015ec                gfx_mono_framebuffer_draw_pixel
 .text.gfx_mono_framebuffer_get_pixel
                0x0000000000001662       0x44 ./ASF/common/services/gfx_mono/gfx_mono_framebuffer.o
                0x0000000000001662                gfx_mono_framebuffer_get_pixel
 .text.gfx_mono_framebuffer_mask_byte
                0x00000000000016a6       0x4c ./ASF/common/services/gfx_mono/gfx_mono_framebuffer.o
                0x00000000000016a6                gfx_mono_framebuffer_mask_byte
 .text.gfx_mono_generic_draw_horizontal_line
                0x00000000000016f2       0xd2 ./ASF/common/services/gfx_mono/gfx_mono_generic.o
                0x00000000000016f2                gfx_mono_generic_draw_horizontal_line
 .text.gfx_mono_generic_draw_vertical_line
                0x00000000000017c4       0xbc ./ASF/common/services/gfx_mono/gfx_mono_generic.o
                0x00000000000017c4                gfx_mono_generic_draw_vertical_line
 .text.gfx_mono_generic_draw_line
                0x0000000000001880       0xd0 ./ASF/common/services/gfx_mono/gfx_mono_generic.o
                0x0000000000001880                gfx_mono_generic_draw_line
 .text.gfx_mono_generic_draw_rect
                0x0000000000001950       0x4e ./ASF/common/services/gfx_mono/gfx_mono_generic.o
                0x0000000000001950                gfx_mono_generic_draw_rect
 .text.gfx_mono_generic_draw_filled_rect
                0x000000000000199e       0x36 ./ASF/common/services/gfx_mono/gfx_mono_generic.o
                0x000000000000199e                gfx_mono_generic_draw_filled_rect
 .text.gfx_mono_generic_draw_circle
                0x00000000000019d4      0x172 ./ASF/common/services/gfx_mono/gfx_mono_generic.o
                0x00000000000019d4                gfx_mono_generic_draw_circle
 .text.gfx_mono_generic_draw_filled_circle
                0x0000000000001b46      0x150 ./ASF/common/services/gfx_mono/gfx_mono_generic.o
                0x0000000000001b46                gfx_mono_generic_draw_filled_circle
 .text.gfx_mono_generic_put_bitmap
                0x0000000000001c96       0xb6 ./ASF/common/services/gfx_mono/gfx_mono_generic.o
                0x0000000000001c96                gfx_mono_generic_put_bitmap
 .text.menu_draw
                0x0000000000001d4c       0xe8 ./ASF/common/services/gfx_mono/gfx_mono_menu.o
 .text.gfx_mono_menu_init
                0x0000000000001e34       0x34 ./ASF/common/services/gfx_mono/gfx_mono_menu.o
                0x0000000000001e34                gfx_mono_menu_init
 .text.gfx_mono_menu_process_key
                0x0000000000001e68       0x52 ./ASF/common/services/gfx_mono/gfx_mono_menu.o
                0x0000000000001e68                gfx_mono_menu_process_key
 .text.gfx_mono_draw_char
                0x0000000000001eba       0xd4 ./ASF/common/services/gfx_mono/gfx_mono_text.o
                0x0000000000001eba                gfx_mono_draw_char
 .text.gfx_mono_draw_string
                0x0000000000001f8e       0x5a ./ASF/common/services/gfx_mono/gfx_mono_text.o
                0x0000000000001f8e                gfx_mono_draw_string
 .text.gfx_mono_draw_progmem_string
                0x0000000000001fe8       0x5e ./ASF/common/services/gfx_mono/gfx_mono_text.o
                0x0000000000001fe8                gfx_mono_draw_progmem_string
 .text.gfx_mono_get_string_bounding_box
                0x0000000000002046       0x3e ./ASF/common/services/gfx_mono/gfx_mono_text.o
                0x0000000000002046                gfx_mono_get_string_bounding_box
 .text.gfx_mono_get_progmem_string_bounding_box
                0x0000000000002084       0x54 ./ASF/common/services/gfx_mono/gfx_mono_text.o
                0x0000000000002084                gfx_mono_get_progmem_string_bounding_box
 .text.__portable_avr_delay_cycles.constprop.2
                0x00000000000020d8        0x2 ./ASF/common/services/gfx_mono/gfx_mono_ug_2832hsweg04.o
 .text.ssd1306_write_command
                0x00000000000020da       0x46 ./ASF/common/services/gfx_mono/gfx_mono_ug_2832hsweg04.o
 .text.ssd1306_set_page_address
                0x0000000000002120        0x8 ./ASF/common/services/gfx_mono/gfx_mono_ug_2832hsweg04.o
 .text.ssd1306_set_column_address
                0x0000000000002128       0x1e ./ASF/common/services/gfx_mono/gfx_mono_ug_2832hsweg04.o
 .text.ssd1306_write_data
                0x0000000000002146       0x46 ./ASF/common/services/gfx_mono/gfx_mono_ug_2832hsweg04.o
 .text.gfx_mono_ssd1306_get_pixel
                0x000000000000218c       0x44 ./ASF/common/services/gfx_mono/gfx_mono_ug_2832hsweg04.o
                0x000000000000218c                gfx_mono_ssd1306_get_pixel
 .text.gfx_mono_ssd1306_put_page
                0x00000000000021d0       0x40 ./ASF/common/services/gfx_mono/gfx_mono_ug_2832hsweg04.o
                0x00000000000021d0                gfx_mono_ssd1306_put_page
 .text.gfx_mono_ssd1306_put_framebuffer
                0x0000000000002210       0x36 ./ASF/common/services/gfx_mono/gfx_mono_ug_2832hsweg04.o
                0x0000000000002210                gfx_mono_ssd1306_put_framebuffer
 .text.gfx_mono_ssd1306_get_page
                0x0000000000002246        0x4 ./ASF/common/services/gfx_mono/gfx_mono_ug_2832hsweg04.o
                0x0000000000002246                gfx_mono_ssd1306_get_page
 .text.gfx_mono_ssd1306_put_byte
                0x000000000000224a       0x42 ./ASF/common/services/gfx_mono/gfx_mono_ug_2832hsweg04.o
                0x000000000000224a                gfx_mono_ssd1306_put_byte
 .text.gfx_mono_ssd1306_init
                0x000000000000228c       0x38 ./ASF/common/services/gfx_mono/gfx_mono_ug_2832hsweg04.o
                0x000000000000228c                gfx_mono_ssd1306_init
 .text.gfx_mono_ssd1306_draw_pixel
                0x00000000000022c4       0x78 ./ASF/common/services/gfx_mono/gfx_mono_ug_2832hsweg04.o
                0x00000000000022c4                gfx_mono_ssd1306_draw_pixel
 .text.gfx_mono_ssd1306_get_byte
                0x000000000000233c        0x4 ./ASF/common/services/gfx_mono/gfx_mono_ug_2832hsweg04.o
                0x000000000000233c                gfx_mono_ssd1306_get_byte
 .text.gfx_mono_ssd1306_mask_byte
                0x0000000000002340       0x4c ./ASF/common/services/gfx_mono/gfx_mono_ug_2832hsweg04.o
                0x0000000000002340                gfx_mono_ssd1306_mask_byte
 .text.sysclk_init
                0x000000000000238c       0x20 ./ASF/common/services/clock/xmega/sysclk.o
                0x000000000000238c                sysclk_init
 .text.sysclk_enable_module
                0x00000000000023ac       0x18 ./ASF/common/services/clock/xmega/sysclk.o
                0x00000000000023ac                sysclk_enable_module
 .text.sysclk_disable_module
                0x00000000000023c4       0x16 ./ASF/common/services/clock/xmega/sysclk.o
                0x00000000000023c4                sysclk_disable_module
 .text.sysclk_enable_usb
                0x00000000000023da       0x3e ./ASF/common/services/clock/xmega/sysclk.o
                0x00000000000023da                sysclk_enable_usb
 .text.sysclk_disable_usb
                0x0000000000002418       0x12 ./ASF/common/services/clock/xmega/sysclk.o
                0x0000000000002418                sysclk_disable_usb
 .text.__portable_avr_delay_cycles
                0x000000000000242a        0xc ./ASF/common/components/display/ssd1306/ssd1306.o
 .text.ssd1306_write_command
                0x0000000000002436       0x4e ./ASF/common/components/display/ssd1306/ssd1306.o
 .text.ssd1306_write_data
                0x0000000000002484       0x4e ./ASF/common/components/display/ssd1306/ssd1306.o
 .text.ssd1306_init
                0x00000000000024d2      0x146 ./ASF/common/components/display/ssd1306/ssd1306.o
                0x00000000000024d2                ssd1306_init
 .text.ssd1306_write_text
                0x0000000000002618       0x56 ./ASF/common/components/display/ssd1306/ssd1306.o
                0x0000000000002618                ssd1306_write_text
 .text.__portable_avr_delay_cycles
                0x000000000000266e        0xc ./main.o
 .text.ssd1306_write_command
                0x000000000000267a       0x4e ./main.o
 .text.ssd1306_clear
                0x00000000000026c8       0x80 ./main.o
 .text.isSelectButtonPressed.5910
                0x0000000000002748       0x24 ./main.o
 .text.InitGlobalVars
                0x000000000000276c       0x28 ./main.o
                0x000000000000276c                InitGlobalVars
 .text.printLogo
                0x0000000000002794       0x30 ./main.o
                0x0000000000002794                printLogo
 .text.writeText
                0x00000000000027c4       0x38 ./main.o
                0x00000000000027c4                writeText
 .text.adc_avg  0x00000000000027fc       0x68 ./main.o
                0x00000000000027fc                adc_avg
 .text.printTest
                0x0000000000002864        0x2 ./main.o
                0x0000000000002864                printTest
 .text.printPower
                0x0000000000002866       0xd2 ./main.o
                0x0000000000002866                printPower
 .text.startup.main
                0x0000000000002938      0x1bc ./main.o
                0x0000000000002938                main
 .text.libgcc.mul
                0x0000000000002af4        0x0 /usr/lib/gcc/avr/4.9.2/avrxmega4/libgcc.a(_udivmodqi4.o)
 .text.libgcc.div
                0x0000000000002af4       0x18 /usr/lib/gcc/avr/4.9.2/avrxmega4/libgcc.a(_udivmodqi4.o)
                0x0000000000002af4                __udivmodqi4
 .text.libgcc   0x0000000000002b0c        0x0 /usr/lib/gcc/avr/4.9.2/avrxmega4/libgcc.a(_udivmodqi4.o)
 .text.libgcc.prologue
                0x0000000000002b0c        0x0 /usr/lib/gcc/avr/4.9.2/avrxmega4/libgcc.a(_udivmodqi4.o)
 .text.libgcc.builtins
                0x0000000000002b0c        0x0 /usr/lib/gcc/avr/4.9.2/avrxmega4/libgcc.a(_udivmodqi4.o)
 .text.libgcc.fmul
                0x0000000000002b0c        0x0 /usr/lib/gcc/avr/4.9.2/avrxmega4/libgcc.a(_udivmodqi4.o)
 .text.libgcc.fixed
                0x0000000000002b0c        0x0 /usr/lib/gcc/avr/4.9.2/avrxmega4/libgcc.a(_udivmodqi4.o)
 .text.libgcc.mul
                0x0000000000002b0c        0x0 /usr/lib/gcc/avr/4.9.2/avrxmega4/libgcc.a(_udivmodsi4.o)
 .text.libgcc.div
                0x0000000000002b0c       0x44 /usr/lib/gcc/avr/4.9.2/avrxmega4/libgcc.a(_udivmodsi4.o)
                0x0000000000002b0c                __udivmodsi4
 .text.libgcc   0x0000000000002b50        0x0 /usr/lib/gcc/avr/4.9.2/avrxmega4/libgcc.a(_udivmodsi4.o)
 .text.libgcc.prologue
                0x0000000000002b50        0x0 /usr/lib/gcc/avr/4.9.2/avrxmega4/libgcc.a(_udivmodsi4.o)
 .text.libgcc.builtins
                0x0000000000002b50        0x0 /usr/lib/gcc/avr/4.9.2/avrxmega4/libgcc.a(_udivmodsi4.o)
 .text.libgcc.fmul
                0x0000000000002b50        0x0 /usr/lib/gcc/avr/4.9.2/avrxmega4/libgcc.a(_udivmodsi4.o)
 .text.libgcc.fixed
                0x0000000000002b50        0x0 /usr/lib/gcc/avr/4.9.2/avrxmega4/libgcc.a(_udivmodsi4.o)
 .text.libgcc.mul
                0x0000000000002b50        0x0 /usr/lib/gcc/avr/4.9.2/avrxmega4/libgcc.a(_divmodsi4.o)
 .text.libgcc.div
                0x0000000000002b50       0x2e /usr/lib/gcc/avr/4.9.2/avrxmega4/libgcc.a(_divmodsi4.o)
                0x0000000000002b50                __divmodsi4
 .text.libgcc   0x0000000000002b7e        0x0 /usr/lib/gcc/avr/4.9.2/avrxmega4/libgcc.a(_divmodsi4.o)
 .text.libgcc.prologue
                0x0000000000002b7e        0x0 /usr/lib/gcc/avr/4.9.2/avrxmega4/libgcc.a(_divmodsi4.o)
 .text.libgcc.builtins
                0x0000000000002b7e        0x0 /usr/lib/gcc/avr/4.9.2/avrxmega4/libgcc.a(_divmodsi4.o)
 .text.libgcc.fmul
                0x0000000000002b7e        0x0 /usr/lib/gcc/avr/4.9.2/avrxmega4/libgcc.a(_divmodsi4.o)
 .text.libgcc.fixed
                0x0000000000002b7e        0x0 /usr/lib/gcc/avr/4.9.2/avrxmega4/libgcc.a(_divmodsi4.o)
 .text.libgcc.mul
                0x0000000000002b7e        0x0 /usr/lib/gcc/avr/4.9.2/avrxmega4/libgcc.a(_negsi2.o)
 .text.libgcc.div
                0x0000000000002b7e       0x10 /usr/lib/gcc/avr/4.9.2/avrxmega4/libgcc.a(_negsi2.o)
                0x0000000000002b7e                __negsi2
 .text.libgcc   0x0000000000002b8e        0x0 /usr/lib/gcc/avr/4.9.2/avrxmega4/libgcc.a(_negsi2.o)
 .text.libgcc.prologue
                0x0000000000002b8e        0x0 /usr/lib/gcc/avr/4.9.2/avrxmega4/libgcc.a(_negsi2.o)
 .text.libgcc.builtins
                0x0000000000002b8e        0x0 /usr/lib/gcc/avr/4.9.2/avrxmega4/libgcc.a(_negsi2.o)
 .text.libgcc.fmul
                0x0000000000002b8e        0x0 /usr/lib/gcc/avr/4.9.2/avrxmega4/libgcc.a(_negsi2.o)
 .text.libgcc.fixed
                0x0000000000002b8e        0x0 /usr/lib/gcc/avr/4.9.2/avrxmega4/libgcc.a(_negsi2.o)
 .text.libgcc.mul
                0x0000000000002b8e        0x0 /usr/lib/gcc/avr/4.9.2/avrxmega4/libgcc.a(_exit.o)
 .text.libgcc.div
                0x0000000000002b8e        0x0 /usr/lib/gcc/avr/4.9.2/avrxmega4/libgcc.a(_exit.o)
 .text.libgcc   0x0000000000002b8e        0x0 /usr/lib/gcc/avr/4.9.2/avrxmega4/libgcc.a(_exit.o)
 .text.libgcc.prologue
                0x0000000000002b8e        0x0 /usr/lib/gcc/avr/4.9.2/avrxmega4/libgcc.a(_exit.o)
 .text.libgcc.builtins
                0x0000000000002b8e        0x0 /usr/lib/gcc/avr/4.9.2/avrxmega4/libgcc.a(_exit.o)
 .text.libgcc.fmul
                0x0000000000002b8e        0x0 /usr/lib/gcc/avr/4.9.2/avrxmega4/libgcc.a(_exit.o)
 .text.libgcc.fixed
                0x0000000000002b8e        0x0 /usr/lib/gcc/avr/4.9.2/avrxmega4/libgcc.a(_exit.o)
 .text.libgcc.mul
                0x0000000000002b8e        0x0 /usr/lib/gcc/avr/4.9.2/avrxmega4/libgcc.a(_copy_data.o)
 .text.libgcc.div
                0x0000000000002b8e        0x0 /usr/lib/gcc/avr/4.9.2/avrxmega4/libgcc.a(_copy_data.o)
 .text.libgcc   0x0000000000002b8e        0x0 /usr/lib/gcc/avr/4.9.2/avrxmega4/libgcc.a(_copy_data.o)
 .text.libgcc.prologue
                0x0000000000002b8e        0x0 /usr/lib/gcc/avr/4.9.2/avrxmega4/libgcc.a(_copy_data.o)
 .text.libgcc.builtins
                0x0000000000002b8e        0x0 /usr/lib/gcc/avr/4.9.2/avrxmega4/libgcc.a(_copy_data.o)
 .text.libgcc.fmul
                0x0000000000002b8e        0x0 /usr/lib/gcc/avr/4.9.2/avrxmega4/libgcc.a(_copy_data.o)
 .text.libgcc.fixed
                0x0000000000002b8e        0x0 /usr/lib/gcc/avr/4.9.2/avrxmega4/libgcc.a(_copy_data.o)
 .text.libgcc.mul
                0x0000000000002b8e        0x0 /usr/lib/gcc/avr/4.9.2/avrxmega4/libgcc.a(_clear_bss.o)
 .text.libgcc.div
                0x0000000000002b8e        0x0 /usr/lib/gcc/avr/4.9.2/avrxmega4/libgcc.a(_clear_bss.o)
 .text.libgcc   0x0000000000002b8e        0x0 /usr/lib/gcc/avr/4.9.2/avrxmega4/libgcc.a(_clear_bss.o)
 .text.libgcc.prologue
                0x0000000000002b8e        0x0 /usr/lib/gcc/avr/4.9.2/avrxmega4/libgcc.a(_clear_bss.o)
 .text.libgcc.builtins
                0x0000000000002b8e        0x0 /usr/lib/gcc/avr/4.9.2/avrxmega4/libgcc.a(_clear_bss.o)
 .text.libgcc.fmul
                0x0000000000002b8e        0x0 /usr/lib/gcc/avr/4.9.2/avrxmega4/libgcc.a(_clear_bss.o)
 .text.libgcc.fixed
                0x0000000000002b8e        0x0 /usr/lib/gcc/avr/4.9.2/avrxmega4/libgcc.a(_clear_bss.o)
 .text.avr-libc.fplib
                0x0000000000002b8e        0xa /usr/lib/gcc/avr/4.9.2/../../../../avr/lib/avrxmega4/libm.a(fixsfsi.o)
                0x0000000000002b8e                __fixsfsi
 .text.avr-libc.fplib
                0x0000000000002b98       0x58 /usr/lib/gcc/avr/4.9.2/../../../../avr/lib/avrxmega4/libm.a(fixunssfsi.o)
                0x0000000000002b98                __fixunssfsi
 .text.avr-libc.fplib
                0x0000000000002bf0       0x7a /usr/lib/gcc/avr/4.9.2/../../../../avr/lib/avrxmega4/libm.a(floatsisf.o)
                0x0000000000002bf0                __floatunsisf
                0x0000000000002bf4                __floatsisf
 .text.avr-libc.fplib
                0x0000000000002c6a       0x44 /usr/lib/gcc/avr/4.9.2/../../../../avr/lib/avrxmega4/libm.a(fp_split3.o)
                0x0000000000002c6a                __fp_split3
                0x0000000000002c7a                __fp_splitA
 .text.avr-libc.fplib
                0x0000000000002cae        0xe /usr/lib/gcc/avr/4.9.2/../../../../avr/lib/avrxmega4/libm.a(fp_zero.o)
                0x0000000000002cae                __fp_zero
                0x0000000000002cb0                __fp_szero
 .text.avr-libc.fplib
                0x0000000000002cbc        0x4 /usr/lib/gcc/avr/4.9.2/../../../../avr/lib/avrxmega4/libm.a(mulsf3.o)
                0x0000000000002cbc                __mulsf3
 .text.avr-libc.fplib
                0x0000000000002cc0       0xc2 /usr/lib/gcc/avr/4.9.2/../../../../avr/lib/avrxmega4/libm.a(mulsf3x.o)
                0x0000000000002cd4                __mulsf3x
                0x0000000000002cd8                __mulsf3_pse
 .text.avr-libc.fplib
                0x0000000000002d82       0x40 /usr/lib/gcc/avr/4.9.2/../../../../avr/lib/avrxmega4/libm.a(round.o)
                0x0000000000002d82                round
 .text.avr-libc.fplib
                0x0000000000002dc2        0xc /usr/lib/gcc/avr/4.9.2/../../../../avr/lib/avrxmega4/libm.a(fp_inf.o)
                0x0000000000002dc2                __fp_inf
 .text.avr-libc.fplib
                0x0000000000002dce       0x36 /usr/lib/gcc/avr/4.9.2/../../../../avr/lib/avrxmega4/libm.a(fp_mintl.o)
                0x0000000000002dce                __fp_mintl
 .text.avr-libc.fplib
                0x0000000000002e04       0x1c /usr/lib/gcc/avr/4.9.2/../../../../avr/lib/avrxmega4/libm.a(fp_mpack.o)
                0x0000000000002e04                __fp_mpack
                0x0000000000002e08                __fp_mpack_finite
 .text.avr-libc.fplib
                0x0000000000002e20        0x6 /usr/lib/gcc/avr/4.9.2/../../../../avr/lib/avrxmega4/libm.a(fp_nan.o)
                0x0000000000002e20                __fp_nan
 .text.avr-libc.fplib
                0x0000000000002e26        0xe /usr/lib/gcc/avr/4.9.2/../../../../avr/lib/avrxmega4/libm.a(fp_pscA.o)
                0x0000000000002e26                __fp_pscA
 .text.avr-libc.fplib
                0x0000000000002e34        0xe /usr/lib/gcc/avr/4.9.2/../../../../avr/lib/avrxmega4/libm.a(fp_pscB.o)
                0x0000000000002e34                __fp_pscB
 .text.avr-libc.fplib
                0x0000000000002e42       0x22 /usr/lib/gcc/avr/4.9.2/../../../../avr/lib/avrxmega4/libm.a(fp_round.o)
                0x0000000000002e42                __fp_round
 .text.avr-libc
                0x0000000000002e64       0x12 /usr/lib/gcc/avr/4.9.2/../../../../avr/lib/avrxmega4/libc.a(memcpy.o)
                0x0000000000002e64                memcpy
 .text.avr-libc
                0x0000000000002e76        0xe /usr/lib/gcc/avr/4.9.2/../../../../avr/lib/avrxmega4/libc.a(strcpy.o)
                0x0000000000002e76                strcpy
 .text.avr-libc
                0x0000000000002e84       0x16 /usr/lib/gcc/avr/4.9.2/../../../../avr/lib/avrxmega4/libc.a(itoa_ncheck.o)
                0x0000000000002e84                __itoa_ncheck
 .text.avr-libc
                0x0000000000002e9a       0x34 /usr/lib/gcc/avr/4.9.2/../../../../avr/lib/avrxmega4/libc.a(utoa_ncheck.o)
                0x0000000000002e9a                __utoa_ncheck
                0x0000000000002e9c                __utoa_common
 .text.avr-libc
                0x0000000000002ece       0x20 /usr/lib/gcc/avr/4.9.2/../../../../avr/lib/avrxmega4/libc.a(strrev.o)
                0x0000000000002ece                strrev
                0x0000000000002eee                . = ALIGN (0x2)
 *(.fini9)
 .fini9         0x0000000000002eee        0x0 /usr/lib/gcc/avr/4.9.2/avrxmega4/libgcc.a(_exit.o)
                0x0000000000002eee                exit
                0x0000000000002eee                _exit
 *(.fini9)
 *(.fini8)
 *(.fini8)
 *(.fini7)
 *(.fini7)
 *(.fini6)
 *(.fini6)
 *(.fini5)
 *(.fini5)
 *(.fini4)
 *(.fini4)
 *(.fini3)
 *(.fini3)
 *(.fini2)
 *(.fini2)
 *(.fini1)
 *(.fini1)
 *(.fini0)
 .fini0         0x0000000000002eee        0x4 /usr/lib/gcc/avr/4.9.2/avrxmega4/libgcc.a(_exit.o)
 *(.fini0)
                0x0000000000002ef2                _etext = .

.BOOT           0x0000000000002ef2       0x44
 .BOOT          0x0000000000002ef2       0x44 ./ASF/xmega/drivers/nvm/nvm_asm.o
                0x0000000000002ef2                nvm_common_spm
                0x0000000000002f10                nvm_flash_load_word_to_buffer

.data           0x0000000000802000      0x4c0 load address 0x0000000000002f36
                0x0000000000802000                PROVIDE (__data_start, .)
 *(.data)
 .data          0x0000000000802000        0x0 /usr/lib/gcc/avr/4.9.2/../../../../avr/lib/avrxmega4/crtx64a3u.o
 .data          0x0000000000802000        0x0 ./ASF/xmega/drivers/spi/spi.o
 .data          0x0000000000802000        0x0 ./ASF/xmega/drivers/nvm/nvm.o
 .data          0x0000000000802000        0x0 ./ASF/xmega/drivers/nvm/nvm_asm.o
 .data          0x0000000000802000        0x0 ./ASF/xmega/drivers/cpu/ccp.o
 .data          0x0000000000802000        0x0 ./ASF/xmega/drivers/adc/xmega_aau/adc_aau.o
 .data          0x0000000000802000        0x0 ./ASF/xmega/drivers/adc/adc.o
 .data          0x0000000000802000        0x0 ./ASF/xmega/boards/stk600/rc064x/init.o
 .data          0x0000000000802000        0x0 ./ASF/common/services/spi/xmega_spi/spi_master.o
 .data          0x0000000000802000        0x0 ./ASF/common/services/sleepmgr/xmega/sleepmgr.o
 .data          0x0000000000802000        0x0 ./ASF/common/services/ioport/xmega/ioport_compat.o
 .data          0x0000000000802000        0x0 ./ASF/common/services/gfx_mono/gfx_mono_framebuffer.o
 .data          0x0000000000802000        0x0 ./ASF/common/services/gfx_mono/gfx_mono_generic.o
 .data          0x0000000000802000        0x0 ./ASF/common/services/gfx_mono/gfx_mono_menu.o
 .data          0x0000000000802000        0x0 ./ASF/common/services/gfx_mono/gfx_mono_text.o
 .data          0x0000000000802000        0x0 ./ASF/common/services/gfx_mono/gfx_mono_ug_2832hsweg04.o
 .data          0x0000000000802000        0x0 ./ASF/common/services/gfx_mono/sysfont.o
 .data          0x0000000000802000        0x0 ./ASF/common/services/clock/xmega/sysclk.o
 .data          0x0000000000802000        0x0 ./ASF/common/components/display/ssd1306/font.o
 .data          0x0000000000802000        0x0 ./ASF/common/components/display/ssd1306/ssd1306.o
 .data          0x0000000000802000        0x0 ./main.o
 .data          0x0000000000802000        0x0 /usr/lib/gcc/avr/4.9.2/avrxmega4/libgcc.a(_udivmodqi4.o)
 .data          0x0000000000802000        0x0 /usr/lib/gcc/avr/4.9.2/avrxmega4/libgcc.a(_udivmodsi4.o)
 .data          0x0000000000802000        0x0 /usr/lib/gcc/avr/4.9.2/avrxmega4/libgcc.a(_divmodsi4.o)
 .data          0x0000000000802000        0x0 /usr/lib/gcc/avr/4.9.2/avrxmega4/libgcc.a(_negsi2.o)
 .data          0x0000000000802000        0x0 /usr/lib/gcc/avr/4.9.2/avrxmega4/libgcc.a(_exit.o)
 .data          0x0000000000802000        0x0 /usr/lib/gcc/avr/4.9.2/avrxmega4/libgcc.a(_copy_data.o)
 .data          0x0000000000802000        0x0 /usr/lib/gcc/avr/4.9.2/avrxmega4/libgcc.a(_clear_bss.o)
 .data          0x0000000000802000        0x0 /usr/lib/gcc/avr/4.9.2/../../../../avr/lib/avrxmega4/libm.a(fixsfsi.o)
 .data          0x0000000000802000        0x0 /usr/lib/gcc/avr/4.9.2/../../../../avr/lib/avrxmega4/libm.a(fixunssfsi.o)
 .data          0x0000000000802000        0x0 /usr/lib/gcc/avr/4.9.2/../../../../avr/lib/avrxmega4/libm.a(floatsisf.o)
 .data          0x0000000000802000        0x0 /usr/lib/gcc/avr/4.9.2/../../../../avr/lib/avrxmega4/libm.a(fp_split3.o)
 .data          0x0000000000802000        0x0 /usr/lib/gcc/avr/4.9.2/../../../../avr/lib/avrxmega4/libm.a(fp_zero.o)
 .data          0x0000000000802000        0x0 /usr/lib/gcc/avr/4.9.2/../../../../avr/lib/avrxmega4/libm.a(mulsf3.o)
 .data          0x0000000000802000        0x0 /usr/lib/gcc/avr/4.9.2/../../../../avr/lib/avrxmega4/libm.a(mulsf3x.o)
 .data          0x0000000000802000        0x0 /usr/lib/gcc/avr/4.9.2/../../../../avr/lib/avrxmega4/libm.a(round.o)
 .data          0x0000000000802000        0x0 /usr/lib/gcc/avr/4.9.2/../../../../avr/lib/avrxmega4/libm.a(fp_inf.o)
 .data          0x0000000000802000        0x0 /usr/lib/gcc/avr/4.9.2/../../../../avr/lib/avrxmega4/libm.a(fp_mintl.o)
 .data          0x0000000000802000        0x0 /usr/lib/gcc/avr/4.9.2/../../../../avr/lib/avrxmega4/libm.a(fp_mpack.o)
 .data          0x0000000000802000        0x0 /usr/lib/gcc/avr/4.9.2/../../../../avr/lib/avrxmega4/libm.a(fp_nan.o)
 .data          0x0000000000802000        0x0 /usr/lib/gcc/avr/4.9.2/../../../../avr/lib/avrxmega4/libm.a(fp_pscA.o)
 .data          0x0000000000802000        0x0 /usr/lib/gcc/avr/4.9.2/../../../../avr/lib/avrxmega4/libm.a(fp_pscB.o)
 .data          0x0000000000802000        0x0 /usr/lib/gcc/avr/4.9.2/../../../../avr/lib/avrxmega4/libm.a(fp_round.o)
 .data          0x0000000000802000        0x0 /usr/lib/gcc/avr/4.9.2/../../../../avr/lib/avrxmega4/libc.a(memcpy.o)
 .data          0x0000000000802000        0x0 /usr/lib/gcc/avr/4.9.2/../../../../avr/lib/avrxmega4/libc.a(strcpy.o)
 .data          0x0000000000802000        0x0 /usr/lib/gcc/avr/4.9.2/../../../../avr/lib/avrxmega4/libc.a(itoa_ncheck.o)
 .data          0x0000000000802000        0x0 /usr/lib/gcc/avr/4.9.2/../../../../avr/lib/avrxmega4/libc.a(utoa_ncheck.o)
 .data          0x0000000000802000        0x0 /usr/lib/gcc/avr/4.9.2/../../../../avr/lib/avrxmega4/libc.a(strrev.o)
 *(.data*)
 .data.sleepmgr_configs
                0x0000000000802000        0x6 ./ASF/common/services/sleepmgr/xmega/sleepmgr.o
                0x0000000000802000                sleepmgr_configs
 .data.menu_bitmap_indicator
                0x0000000000802006        0x5 ./ASF/common/services/gfx_mono/gfx_mono_menu.o
                0x0000000000802006                menu_bitmap_indicator
 .data.sysfont  0x000000000080200b        0x7 ./ASF/common/services/gfx_mono/sysfont.o
                0x000000000080200b                sysfont
 .data.Font08px_126
                0x0000000000802012        0x6 ./ASF/common/components/display/ssd1306/font.o
                0x0000000000802012                Font08px_126
 .data.Font08px_125
                0x0000000000802018        0x4 ./ASF/common/components/display/ssd1306/font.o
                0x0000000000802018                Font08px_125
 .data.Font08px_124
                0x000000000080201c        0x2 ./ASF/common/components/display/ssd1306/font.o
                0x000000000080201c                Font08px_124
 .data.Font08px_123
                0x000000000080201e        0x4 ./ASF/common/components/display/ssd1306/font.o
                0x000000000080201e                Font08px_123
 .data.Font08px_lz
                0x0000000000802022        0x4 ./ASF/common/components/display/ssd1306/font.o
                0x0000000000802022                Font08px_lz
 .data.Font08px_ly
                0x0000000000802026        0x5 ./ASF/common/components/display/ssd1306/font.o
                0x0000000000802026                Font08px_ly
 .data.Font08px_lx
                0x000000000080202b        0x6 ./ASF/common/components/display/ssd1306/font.o
                0x000000000080202b                Font08px_lx
 .data.Font08px_lw
                0x0000000000802031        0x6 ./ASF/common/components/display/ssd1306/font.o
                0x0000000000802031                Font08px_lw
 .data.Font08px_lv
                0x0000000000802037        0x6 ./ASF/common/components/display/ssd1306/font.o
                0x0000000000802037                Font08px_lv
 .data.Font08px_lu
                0x000000000080203d        0x5 ./ASF/common/components/display/ssd1306/font.o
                0x000000000080203d                Font08px_lu
 .data.Font08px_lt
                0x0000000000802042        0x4 ./ASF/common/components/display/ssd1306/font.o
                0x0000000000802042                Font08px_lt
 .data.Font08px_ls
                0x0000000000802046        0x5 ./ASF/common/components/display/ssd1306/font.o
                0x0000000000802046                Font08px_ls
 .data.Font08px_lr
                0x000000000080204b        0x4 ./ASF/common/components/display/ssd1306/font.o
                0x000000000080204b                Font08px_lr
 .data.Font08px_lq
                0x000000000080204f        0x5 ./ASF/common/components/display/ssd1306/font.o
                0x000000000080204f                Font08px_lq
 .data.Font08px_lp
                0x0000000000802054        0x5 ./ASF/common/components/display/ssd1306/font.o
                0x0000000000802054                Font08px_lp
 .data.Font08px_lo
                0x0000000000802059        0x5 ./ASF/common/components/display/ssd1306/font.o
                0x0000000000802059                Font08px_lo
 .data.Font08px_ln
                0x000000000080205e        0x5 ./ASF/common/components/display/ssd1306/font.o
                0x000000000080205e                Font08px_ln
 .data.Font08px_lm
                0x0000000000802063        0x6 ./ASF/common/components/display/ssd1306/font.o
                0x0000000000802063                Font08px_lm
 .data.Font08px_ll
                0x0000000000802069        0x2 ./ASF/common/components/display/ssd1306/font.o
                0x0000000000802069                Font08px_ll
 .data.Font08px_lk
                0x000000000080206b        0x5 ./ASF/common/components/display/ssd1306/font.o
                0x000000000080206b                Font08px_lk
 .data.Font08px_lj
                0x0000000000802070        0x3 ./ASF/common/components/display/ssd1306/font.o
                0x0000000000802070                Font08px_lj
 .data.Font08px_li
                0x0000000000802073        0x2 ./ASF/common/components/display/ssd1306/font.o
                0x0000000000802073                Font08px_li
 .data.Font08px_lh
                0x0000000000802075        0x5 ./ASF/common/components/display/ssd1306/font.o
                0x0000000000802075                Font08px_lh
 .data.Font08px_lg
                0x000000000080207a        0x5 ./ASF/common/components/display/ssd1306/font.o
                0x000000000080207a                Font08px_lg
 .data.Font08px_lf
                0x000000000080207f        0x4 ./ASF/common/components/display/ssd1306/font.o
                0x000000000080207f                Font08px_lf
 .data.Font08px_le
                0x0000000000802083        0x5 ./ASF/common/components/display/ssd1306/font.o
                0x0000000000802083                Font08px_le
 .data.Font08px_ld
                0x0000000000802088        0x5 ./ASF/common/components/display/ssd1306/font.o
                0x0000000000802088                Font08px_ld
 .data.Font08px_lc
                0x000000000080208d        0x5 ./ASF/common/components/display/ssd1306/font.o
                0x000000000080208d                Font08px_lc
 .data.Font08px_lb
                0x0000000000802092        0x5 ./ASF/common/components/display/ssd1306/font.o
                0x0000000000802092                Font08px_lb
 .data.Font08px_la
                0x0000000000802097        0x5 ./ASF/common/components/display/ssd1306/font.o
                0x0000000000802097                Font08px_la
 .data.Font08px_96
                0x000000000080209c        0x3 ./ASF/common/components/display/ssd1306/font.o
                0x000000000080209c                Font08px_96
 .data.Font08px_95
                0x000000000080209f        0x4 ./ASF/common/components/display/ssd1306/font.o
                0x000000000080209f                Font08px_95
 .data.Font08px_94
                0x00000000008020a3        0x4 ./ASF/common/components/display/ssd1306/font.o
                0x00000000008020a3                Font08px_94
 .data.Font08px_93
                0x00000000008020a7        0x4 ./ASF/common/components/display/ssd1306/font.o
                0x00000000008020a7                Font08px_93
 .data.Font08px_92
                0x00000000008020ab        0x4 ./ASF/common/components/display/ssd1306/font.o
                0x00000000008020ab                Font08px_92
 .data.Font08px_91
                0x00000000008020af        0x4 ./ASF/common/components/display/ssd1306/font.o
                0x00000000008020af                Font08px_91
 .data.Font08px_UZ
                0x00000000008020b3        0x6 ./ASF/common/components/display/ssd1306/font.o
                0x00000000008020b3                Font08px_UZ
 .data.Font08px_UY
                0x00000000008020b9        0x6 ./ASF/common/components/display/ssd1306/font.o
                0x00000000008020b9                Font08px_UY
 .data.Font08px_UX
                0x00000000008020bf        0x6 ./ASF/common/components/display/ssd1306/font.o
                0x00000000008020bf                Font08px_UX
 .data.Font08px_UW
                0x00000000008020c5        0x6 ./ASF/common/components/display/ssd1306/font.o
                0x00000000008020c5                Font08px_UW
 .data.Font08px_UV
                0x00000000008020cb        0x6 ./ASF/common/components/display/ssd1306/font.o
                0x00000000008020cb                Font08px_UV
 .data.Font08px_UU
                0x00000000008020d1        0x5 ./ASF/common/components/display/ssd1306/font.o
                0x00000000008020d1                Font08px_UU
 .data.Font08px_UT
                0x00000000008020d6        0x6 ./ASF/common/components/display/ssd1306/font.o
                0x00000000008020d6                Font08px_UT
 .data.Font08px_US
                0x00000000008020dc        0x5 ./ASF/common/components/display/ssd1306/font.o
                0x00000000008020dc                Font08px_US
 .data.Font08px_UR
                0x00000000008020e1        0x5 ./ASF/common/components/display/ssd1306/font.o
                0x00000000008020e1                Font08px_UR
 .data.Font08px_UQ
                0x00000000008020e6        0x6 ./ASF/common/components/display/ssd1306/font.o
                0x00000000008020e6                Font08px_UQ
 .data.Font08px_UP
                0x00000000008020ec        0x5 ./ASF/common/components/display/ssd1306/font.o
                0x00000000008020ec                Font08px_UP
 .data.Font08px_UO
                0x00000000008020f1        0x5 ./ASF/common/components/display/ssd1306/font.o
                0x00000000008020f1                Font08px_UO
 .data.Font08px_UN
                0x00000000008020f6        0x6 ./ASF/common/components/display/ssd1306/font.o
                0x00000000008020f6                Font08px_UN
 .data.Font08px_UM
                0x00000000008020fc        0x6 ./ASF/common/components/display/ssd1306/font.o
                0x00000000008020fc                Font08px_UM
 .data.Font08px_UL
                0x0000000000802102        0x5 ./ASF/common/components/display/ssd1306/font.o
                0x0000000000802102                Font08px_UL
 .data.Font08px_UK
                0x0000000000802107        0x6 ./ASF/common/components/display/ssd1306/font.o
                0x0000000000802107                Font08px_UK
 .data.Font08px_UJ
                0x000000000080210d        0x5 ./ASF/common/components/display/ssd1306/font.o
                0x000000000080210d                Font08px_UJ
 .data.Font08px_UI
                0x0000000000802112        0x4 ./ASF/common/components/display/ssd1306/font.o
                0x0000000000802112                Font08px_UI
 .data.Font08px_UH
                0x0000000000802116        0x5 ./ASF/common/components/display/ssd1306/font.o
                0x0000000000802116                Font08px_UH
 .data.Font08px_UG
                0x000000000080211b        0x6 ./ASF/common/components/display/ssd1306/font.o
                0x000000000080211b                Font08px_UG
 .data.Font08px_UF
                0x0000000000802121        0x5 ./ASF/common/components/display/ssd1306/font.o
                0x0000000000802121                Font08px_UF
 .data.Font08px_UE
                0x0000000000802126        0x5 ./ASF/common/components/display/ssd1306/font.o
                0x0000000000802126                Font08px_UE
 .data.Font08px_UD
                0x000000000080212b        0x5 ./ASF/common/components/display/ssd1306/font.o
                0x000000000080212b                Font08px_UD
 .data.Font08px_UC
                0x0000000000802130        0x5 ./ASF/common/components/display/ssd1306/font.o
                0x0000000000802130                Font08px_UC
 .data.Font08px_UB
                0x0000000000802135        0x5 ./ASF/common/components/display/ssd1306/font.o
                0x0000000000802135                Font08px_UB
 .data.Font08px_UA
                0x000000000080213a        0x6 ./ASF/common/components/display/ssd1306/font.o
                0x000000000080213a                Font08px_UA
 .data.Font08px_64
                0x0000000000802140        0x9 ./ASF/common/components/display/ssd1306/font.o
                0x0000000000802140                Font08px_64
 .data.Font08px_63
                0x0000000000802149        0x6 ./ASF/common/components/display/ssd1306/font.o
                0x0000000000802149                Font08px_63
 .data.Font08px_62
                0x000000000080214f        0x5 ./ASF/common/components/display/ssd1306/font.o
                0x000000000080214f                Font08px_62
 .data.Font08px_61
                0x0000000000802154        0x5 ./ASF/common/components/display/ssd1306/font.o
                0x0000000000802154                Font08px_61
 .data.Font08px_60
                0x0000000000802159        0x5 ./ASF/common/components/display/ssd1306/font.o
                0x0000000000802159                Font08px_60
 .data.Font08px_59
                0x000000000080215e        0x2 ./ASF/common/components/display/ssd1306/font.o
                0x000000000080215e                Font08px_59
 .data.Font08px_58
                0x0000000000802160        0x2 ./ASF/common/components/display/ssd1306/font.o
                0x0000000000802160                Font08px_58
 .data.Font08px_N9
                0x0000000000802162        0x6 ./ASF/common/components/display/ssd1306/font.o
                0x0000000000802162                Font08px_N9
 .data.Font08px_N8
                0x0000000000802168        0x6 ./ASF/common/components/display/ssd1306/font.o
                0x0000000000802168                Font08px_N8
 .data.Font08px_N7
                0x000000000080216e        0x6 ./ASF/common/components/display/ssd1306/font.o
                0x000000000080216e                Font08px_N7
 .data.Font08px_N6
                0x0000000000802174        0x6 ./ASF/common/components/display/ssd1306/font.o
                0x0000000000802174                Font08px_N6
 .data.Font08px_N5
                0x000000000080217a        0x6 ./ASF/common/components/display/ssd1306/font.o
                0x000000000080217a                Font08px_N5
 .data.Font08px_N4
                0x0000000000802180        0x6 ./ASF/common/components/display/ssd1306/font.o
                0x0000000000802180                Font08px_N4
 .data.Font08px_N3
                0x0000000000802186        0x6 ./ASF/common/components/display/ssd1306/font.o
                0x0000000000802186                Font08px_N3
 .data.Font08px_N2
                0x000000000080218c        0x6 ./ASF/common/components/display/ssd1306/font.o
                0x000000000080218c                Font08px_N2
 .data.Font08px_N1
                0x0000000000802192        0x6 ./ASF/common/components/display/ssd1306/font.o
                0x0000000000802192                Font08px_N1
 .data.Font08px_N0
                0x0000000000802198        0x6 ./ASF/common/components/display/ssd1306/font.o
                0x0000000000802198                Font08px_N0
 .data.Font08px_47
                0x000000000080219e        0x4 ./ASF/common/components/display/ssd1306/font.o
                0x000000000080219e                Font08px_47
 .data.Font08px_46
                0x00000000008021a2        0x2 ./ASF/common/components/display/ssd1306/font.o
                0x00000000008021a2                Font08px_46
 .data.Font08px_45
                0x00000000008021a4        0x4 ./ASF/common/components/display/ssd1306/font.o
                0x00000000008021a4                Font08px_45
 .data.Font08px_44
                0x00000000008021a8        0x2 ./ASF/common/components/display/ssd1306/font.o
                0x00000000008021a8                Font08px_44
 .data.Font08px_43
                0x00000000008021aa        0x4 ./ASF/common/components/display/ssd1306/font.o
                0x00000000008021aa                Font08px_43
 .data.Font08px_42
                0x00000000008021ae        0x4 ./ASF/common/components/display/ssd1306/font.o
                0x00000000008021ae                Font08px_42
 .data.Font08px_41
                0x00000000008021b2        0x4 ./ASF/common/components/display/ssd1306/font.o
                0x00000000008021b2                Font08px_41
 .data.Font08px_40
                0x00000000008021b6        0x4 ./ASF/common/components/display/ssd1306/font.o
                0x00000000008021b6                Font08px_40
 .data.Font08px_39
                0x00000000008021ba        0x2 ./ASF/common/components/display/ssd1306/font.o
                0x00000000008021ba                Font08px_39
 .data.Font08px_38
                0x00000000008021bc        0x6 ./ASF/common/components/display/ssd1306/font.o
                0x00000000008021bc                Font08px_38
 .data.Font08px_37
                0x00000000008021c2        0x6 ./ASF/common/components/display/ssd1306/font.o
                0x00000000008021c2                Font08px_37
 .data.Font08px_36
                0x00000000008021c8        0x6 ./ASF/common/components/display/ssd1306/font.o
                0x00000000008021c8                Font08px_36
 .data.Font08px_35
                0x00000000008021ce        0x6 ./ASF/common/components/display/ssd1306/font.o
                0x00000000008021ce                Font08px_35
 .data.Font08px_34
                0x00000000008021d4        0x4 ./ASF/common/components/display/ssd1306/font.o
                0x00000000008021d4                Font08px_34
 .data.Font08px_33
                0x00000000008021d8        0x2 ./ASF/common/components/display/ssd1306/font.o
                0x00000000008021d8                Font08px_33
 .data.Font08px_32
                0x00000000008021da        0x3 ./ASF/common/components/display/ssd1306/font.o
                0x00000000008021da                Font08px_32
 .data.font_table
                0x00000000008021dd       0xbe ./ASF/common/components/display/ssd1306/font.o
                0x00000000008021dd                font_table
 .data.main_menu_strings
                0x000000000080229b        0xc ./main.o
                0x000000000080229b                main_menu_strings
 .data.compulab_new
                0x00000000008022a7      0x200 ./main.o
                0x00000000008022a7                compulab_new
 *(.rodata)
 .rodata        0x00000000008024a7        0x5 ./main.o
 *(.rodata*)
 .rodata.str1.1
                0x00000000008024ac       0x14 ./main.o
 *(.gnu.linkonce.d*)
                0x00000000008024c0                . = ALIGN (0x2)
                0x00000000008024c0                _edata = .
                0x00000000008024c0                PROVIDE (__data_end, .)

.bss            0x00000000008024c0      0x421
                0x00000000008024c0                PROVIDE (__bss_start, .)
 *(.bss)
 .bss           0x00000000008024c0        0x0 /usr/lib/gcc/avr/4.9.2/../../../../avr/lib/avrxmega4/crtx64a3u.o
 .bss           0x00000000008024c0        0x0 ./ASF/xmega/drivers/spi/spi.o
 .bss           0x00000000008024c0        0x0 ./ASF/xmega/drivers/nvm/nvm.o
 .bss           0x00000000008024c0        0x0 ./ASF/xmega/drivers/nvm/nvm_asm.o
 .bss           0x00000000008024c0        0x0 ./ASF/xmega/drivers/cpu/ccp.o
 .bss           0x00000000008024c0        0x0 ./ASF/xmega/drivers/adc/xmega_aau/adc_aau.o
 .bss           0x00000000008024c0        0x0 ./ASF/xmega/drivers/adc/adc.o
 .bss           0x00000000008024c0        0x0 ./ASF/xmega/boards/stk600/rc064x/init.o
 .bss           0x00000000008024c0        0x0 ./ASF/common/services/spi/xmega_spi/spi_master.o
 .bss           0x00000000008024c0        0x0 ./ASF/common/services/sleepmgr/xmega/sleepmgr.o
 .bss           0x00000000008024c0        0x0 ./ASF/common/services/ioport/xmega/ioport_compat.o
 .bss           0x00000000008024c0        0x0 ./ASF/common/services/gfx_mono/gfx_mono_framebuffer.o
 .bss           0x00000000008024c0        0x0 ./ASF/common/services/gfx_mono/gfx_mono_generic.o
 .bss           0x00000000008024c0        0x0 ./ASF/common/services/gfx_mono/gfx_mono_menu.o
 .bss           0x00000000008024c0        0x0 ./ASF/common/services/gfx_mono/gfx_mono_text.o
 .bss           0x00000000008024c0        0x0 ./ASF/common/services/gfx_mono/gfx_mono_ug_2832hsweg04.o
 .bss           0x00000000008024c0        0x0 ./ASF/common/services/gfx_mono/sysfont.o
 .bss           0x00000000008024c0        0x0 ./ASF/common/services/clock/xmega/sysclk.o
 .bss           0x00000000008024c0        0x0 ./ASF/common/components/display/ssd1306/font.o
 .bss           0x00000000008024c0        0x0 ./ASF/common/components/display/ssd1306/ssd1306.o
 .bss           0x00000000008024c0        0x0 ./main.o
 .bss           0x00000000008024c0        0x0 /usr/lib/gcc/avr/4.9.2/avrxmega4/libgcc.a(_udivmodqi4.o)
 .bss           0x00000000008024c0        0x0 /usr/lib/gcc/avr/4.9.2/avrxmega4/libgcc.a(_udivmodsi4.o)
 .bss           0x00000000008024c0        0x0 /usr/lib/gcc/avr/4.9.2/avrxmega4/libgcc.a(_divmodsi4.o)
 .bss           0x00000000008024c0        0x0 /usr/lib/gcc/avr/4.9.2/avrxmega4/libgcc.a(_negsi2.o)
 .bss           0x00000000008024c0        0x0 /usr/lib/gcc/avr/4.9.2/avrxmega4/libgcc.a(_exit.o)
 .bss           0x00000000008024c0        0x0 /usr/lib/gcc/avr/4.9.2/avrxmega4/libgcc.a(_copy_data.o)
 .bss           0x00000000008024c0        0x0 /usr/lib/gcc/avr/4.9.2/avrxmega4/libgcc.a(_clear_bss.o)
 .bss           0x00000000008024c0        0x0 /usr/lib/gcc/avr/4.9.2/../../../../avr/lib/avrxmega4/libm.a(fixsfsi.o)
 .bss           0x00000000008024c0        0x0 /usr/lib/gcc/avr/4.9.2/../../../../avr/lib/avrxmega4/libm.a(fixunssfsi.o)
 .bss           0x00000000008024c0        0x0 /usr/lib/gcc/avr/4.9.2/../../../../avr/lib/avrxmega4/libm.a(floatsisf.o)
 .bss           0x00000000008024c0        0x0 /usr/lib/gcc/avr/4.9.2/../../../../avr/lib/avrxmega4/libm.a(fp_split3.o)
 .bss           0x00000000008024c0        0x0 /usr/lib/gcc/avr/4.9.2/../../../../avr/lib/avrxmega4/libm.a(fp_zero.o)
 .bss           0x00000000008024c0        0x0 /usr/lib/gcc/avr/4.9.2/../../../../avr/lib/avrxmega4/libm.a(mulsf3.o)
 .bss           0x00000000008024c0        0x0 /usr/lib/gcc/avr/4.9.2/../../../../avr/lib/avrxmega4/libm.a(mulsf3x.o)
 .bss           0x00000000008024c0        0x0 /usr/lib/gcc/avr/4.9.2/../../../../avr/lib/avrxmega4/libm.a(round.o)
 .bss           0x00000000008024c0        0x0 /usr/lib/gcc/avr/4.9.2/../../../../avr/lib/avrxmega4/libm.a(fp_inf.o)
 .bss           0x00000000008024c0        0x0 /usr/lib/gcc/avr/4.9.2/../../../../avr/lib/avrxmega4/libm.a(fp_mintl.o)
 .bss           0x00000000008024c0        0x0 /usr/lib/gcc/avr/4.9.2/../../../../avr/lib/avrxmega4/libm.a(fp_mpack.o)
 .bss           0x00000000008024c0        0x0 /usr/lib/gcc/avr/4.9.2/../../../../avr/lib/avrxmega4/libm.a(fp_nan.o)
 .bss           0x00000000008024c0        0x0 /usr/lib/gcc/avr/4.9.2/../../../../avr/lib/avrxmega4/libm.a(fp_pscA.o)
 .bss           0x00000000008024c0        0x0 /usr/lib/gcc/avr/4.9.2/../../../../avr/lib/avrxmega4/libm.a(fp_pscB.o)
 .bss           0x00000000008024c0        0x0 /usr/lib/gcc/avr/4.9.2/../../../../avr/lib/avrxmega4/libm.a(fp_round.o)
 .bss           0x00000000008024c0        0x0 /usr/lib/gcc/avr/4.9.2/../../../../avr/lib/avrxmega4/libc.a(memcpy.o)
 .bss           0x00000000008024c0        0x0 /usr/lib/gcc/avr/4.9.2/../../../../avr/lib/avrxmega4/libc.a(strcpy.o)
 .bss           0x00000000008024c0        0x0 /usr/lib/gcc/avr/4.9.2/../../../../avr/lib/avrxmega4/libc.a(itoa_ncheck.o)
 .bss           0x00000000008024c0        0x0 /usr/lib/gcc/avr/4.9.2/../../../../avr/lib/avrxmega4/libc.a(utoa_ncheck.o)
 .bss           0x00000000008024c0        0x0 /usr/lib/gcc/avr/4.9.2/../../../../avr/lib/avrxmega4/libc.a(strrev.o)
 *(.bss*)
 .bss.adcb_enable_count
                0x00000000008024c0        0x1 ./ASF/xmega/drivers/adc/adc.o
 .bss.adca_enable_count
                0x00000000008024c1        0x1 ./ASF/xmega/drivers/adc/adc.o
 .bss.fbpointer
                0x00000000008024c2        0x2 ./ASF/common/services/gfx_mono/gfx_mono_framebuffer.o
 .bss.redraw_state.4995
                0x00000000008024c4        0x1 ./ASF/common/services/gfx_mono/gfx_mono_menu.o
 .bss.framebuffer
                0x00000000008024c5      0x400 ./ASF/common/services/gfx_mono/gfx_mono_ug_2832hsweg04.o
 *(COMMON)
 COMMON         0x00000000008028c5        0x4 ./ASF/xmega/drivers/adc/adc.o
                0x00000000008028c5                adcb_callback
                0x00000000008028c7                adca_callback
 COMMON         0x00000000008028c9        0x6 ./ASF/common/services/sleepmgr/xmega/sleepmgr.o
                0x00000000008028c9                sleepmgr_locks
 COMMON         0x00000000008028cf       0x12 ./main.o
                0x00000000008028cf                powerstring
                0x00000000008028d4                currentPower
                0x00000000008028d8                power
                0x00000000008028da                buttenLastStatus
                0x00000000008028db                selectButtonStatus
                0x00000000008028dc                menuEnable
                0x00000000008028dd                leftButtonStatus
                0x00000000008028de                rightButtonStatus
                0x00000000008028df                screen_changed
                0x00000000008028e0                buttonStatus
                0x00000000008028e1                PROVIDE (__bss_end, .)
                0x0000000000002f36                __data_load_start = LOADADDR (.data)
                0x00000000000033f6                __data_load_end = (__data_load_start + SIZEOF (.data))

.noinit         0x00000000008028e1        0x0
                0x00000000008028e1                PROVIDE (__noinit_start, .)
 *(.noinit*)
                0x00000000008028e1                PROVIDE (__noinit_end, .)
                0x00000000008028e1                _end = .
                0x00000000008028e1                PROVIDE (__heap_start, .)

.eeprom         0x0000000000810000        0x0
 *(.eeprom*)
                0x0000000000810000                __eeprom_end = .

.fuse
 *(.fuse)
 *(.lfuse)
 *(.hfuse)
 *(.efuse)

.lock
 *(.lock*)

.signature
 *(.signature*)

.stab
 *(.stab)

.stabstr
 *(.stabstr)

.stab.excl
 *(.stab.excl)

.stab.exclstr
 *(.stab.exclstr)

.stab.index
 *(.stab.index)

.stab.indexstr
 *(.stab.indexstr)

.comment        0x0000000000000000       0x27
 *(.comment)
 .comment       0x0000000000000000       0x27 ./ASF/xmega/drivers/spi/spi.o
                                         0x28 (size before relaxing)
 .comment       0x0000000000000027       0x28 ./ASF/xmega/drivers/nvm/nvm.o
 .comment       0x0000000000000027       0x28 ./ASF/xmega/drivers/adc/xmega_aau/adc_aau.o
 .comment       0x0000000000000027       0x28 ./ASF/xmega/drivers/adc/adc.o
 .comment       0x0000000000000027       0x28 ./ASF/xmega/boards/stk600/rc064x/init.o
 .comment       0x0000000000000027       0x28 ./ASF/common/services/spi/xmega_spi/spi_master.o
 .comment       0x0000000000000027       0x28 ./ASF/common/services/sleepmgr/xmega/sleepmgr.o
 .comment       0x0000000000000027       0x28 ./ASF/common/services/ioport/xmega/ioport_compat.o
 .comment       0x0000000000000027       0x28 ./ASF/common/services/gfx_mono/gfx_mono_framebuffer.o
 .comment       0x0000000000000027       0x28 ./ASF/common/services/gfx_mono/gfx_mono_generic.o
 .comment       0x0000000000000027       0x28 ./ASF/common/services/gfx_mono/gfx_mono_menu.o
 .comment       0x0000000000000027       0x28 ./ASF/common/services/gfx_mono/gfx_mono_text.o
 .comment       0x0000000000000027       0x28 ./ASF/common/services/gfx_mono/gfx_mono_ug_2832hsweg04.o
 .comment       0x0000000000000027       0x28 ./ASF/common/services/gfx_mono/sysfont.o
 .comment       0x0000000000000027       0x28 ./ASF/common/services/clock/xmega/sysclk.o
 .comment       0x0000000000000027       0x28 ./ASF/common/components/display/ssd1306/font.o
 .comment       0x0000000000000027       0x28 ./ASF/common/components/display/ssd1306/ssd1306.o
 .comment       0x0000000000000027       0x28 ./main.o

.note.gnu.build-id
 *(.note.gnu.build-id)

.debug
 *(.debug)

.line
 *(.line)

.debug_srcinfo
 *(.debug_srcinfo)

.debug_sfnames
 *(.debug_sfnames)

.debug_aranges
 *(.debug_aranges)

.debug_pubnames
 *(.debug_pubnames)

.debug_info     0x0000000000000000     0x3409
 *(.debug_info .gnu.linkonce.wi.*)
 .debug_info    0x0000000000000000     0x3409 /usr/lib/gcc/avr/4.9.2/../../../../avr/lib/avrxmega4/crtx64a3u.o

.debug_abbrev   0x0000000000000000     0x3148
 *(.debug_abbrev)
 .debug_abbrev  0x0000000000000000     0x3148 /usr/lib/gcc/avr/4.9.2/../../../../avr/lib/avrxmega4/crtx64a3u.o

.debug_line     0x0000000000000000       0x1d
 *(.debug_line .debug_line.* .debug_line_end)
 .debug_line    0x0000000000000000       0x1d /usr/lib/gcc/avr/4.9.2/../../../../avr/lib/avrxmega4/crtx64a3u.o

.debug_frame
 *(.debug_frame)

.debug_str      0x0000000000000000     0x223b
 *(.debug_str)
 .debug_str     0x0000000000000000     0x223b /usr/lib/gcc/avr/4.9.2/../../../../avr/lib/avrxmega4/crtx64a3u.o

.debug_loc
 *(.debug_loc)

.debug_macinfo
 *(.debug_macinfo)

.debug_weaknames
 *(.debug_weaknames)

.debug_funcnames
 *(.debug_funcnames)

.debug_typenames
 *(.debug_typenames)

.debug_varnames
 *(.debug_varnames)

.debug_pubtypes
 *(.debug_pubtypes)

.debug_ranges
 *(.debug_ranges)

.debug_macro
 *(.debug_macro)
OUTPUT(Fp-msh.elf elf32-avr)
LOAD linker stubs
