Archive member included to satisfy reference by file (symbol)

/usr/lib/gcc/avr/5.2.0/avrxmega4/libgcc.a(_udivmodqi4.o)
                              ./ASF/common/services/gfx_mono/gfx_mono_menu.o (__udivmodqi4)
/usr/lib/gcc/avr/5.2.0/avrxmega4/libgcc.a(_udivmodsi4.o)
                              ./ASF/xmega/drivers/spi/spi.o (__udivmodsi4)
/usr/lib/gcc/avr/5.2.0/avrxmega4/libgcc.a(_divmodsi4.o)
                              ./adc/adc.o (__divmodsi4)
/usr/lib/gcc/avr/5.2.0/avrxmega4/libgcc.a(_negsi2.o)
                              /usr/lib/gcc/avr/5.2.0/avrxmega4/libgcc.a(_divmodsi4.o) (__negsi2)
/usr/lib/gcc/avr/5.2.0/avrxmega4/libgcc.a(_exit.o)
                              /usr/lib/gcc/avr/5.2.0/../../../../avr/lib/avrxmega4/crtatxmega64a3u.o (exit)
/usr/lib/gcc/avr/5.2.0/avrxmega4/libgcc.a(_copy_data.o)
                              ./gfx/keypad.o (__do_copy_data)
/usr/lib/gcc/avr/5.2.0/avrxmega4/libgcc.a(_clear_bss.o)
                              ./twi/twi-master.o (__do_clear_bss)
/usr/lib/gcc/avr/5.2.0/../../../../avr/lib/avrxmega4/libm.a(fixsfsi.o)
                              ./adc/adc.o (__fixsfsi)
/usr/lib/gcc/avr/5.2.0/../../../../avr/lib/avrxmega4/libm.a(fixunssfsi.o)
                              /usr/lib/gcc/avr/5.2.0/../../../../avr/lib/avrxmega4/libm.a(fixsfsi.o) (__fixunssfsi)
/usr/lib/gcc/avr/5.2.0/../../../../avr/lib/avrxmega4/libm.a(floatsisf.o)
                              ./adc/adc.o (__floatsisf)
/usr/lib/gcc/avr/5.2.0/../../../../avr/lib/avrxmega4/libm.a(fp_split3.o)
                              /usr/lib/gcc/avr/5.2.0/../../../../avr/lib/avrxmega4/libm.a(fixunssfsi.o) (__fp_splitA)
/usr/lib/gcc/avr/5.2.0/../../../../avr/lib/avrxmega4/libm.a(fp_zero.o)
                              /usr/lib/gcc/avr/5.2.0/../../../../avr/lib/avrxmega4/libm.a(fixunssfsi.o) (__fp_zero)
/usr/lib/gcc/avr/5.2.0/../../../../avr/lib/avrxmega4/libm.a(mulsf3.o)
                              ./adc/adc.o (__mulsf3)
/usr/lib/gcc/avr/5.2.0/../../../../avr/lib/avrxmega4/libm.a(mulsf3x.o)
                              /usr/lib/gcc/avr/5.2.0/../../../../avr/lib/avrxmega4/libm.a(mulsf3.o) (__mulsf3x)
/usr/lib/gcc/avr/5.2.0/../../../../avr/lib/avrxmega4/libm.a(round.o)
                              ./adc/adc.o (round)
/usr/lib/gcc/avr/5.2.0/../../../../avr/lib/avrxmega4/libm.a(fp_inf.o)
                              /usr/lib/gcc/avr/5.2.0/../../../../avr/lib/avrxmega4/libm.a(mulsf3x.o) (__fp_inf)
/usr/lib/gcc/avr/5.2.0/../../../../avr/lib/avrxmega4/libm.a(fp_mintl.o)
                              /usr/lib/gcc/avr/5.2.0/../../../../avr/lib/avrxmega4/libm.a(round.o) (__fp_mintl)
/usr/lib/gcc/avr/5.2.0/../../../../avr/lib/avrxmega4/libm.a(fp_mpack.o)
                              /usr/lib/gcc/avr/5.2.0/../../../../avr/lib/avrxmega4/libm.a(round.o) (__fp_mpack)
/usr/lib/gcc/avr/5.2.0/../../../../avr/lib/avrxmega4/libm.a(fp_nan.o)
                              /usr/lib/gcc/avr/5.2.0/../../../../avr/lib/avrxmega4/libm.a(mulsf3x.o) (__fp_nan)
/usr/lib/gcc/avr/5.2.0/../../../../avr/lib/avrxmega4/libm.a(fp_pscA.o)
                              /usr/lib/gcc/avr/5.2.0/../../../../avr/lib/avrxmega4/libm.a(mulsf3x.o) (__fp_pscA)
/usr/lib/gcc/avr/5.2.0/../../../../avr/lib/avrxmega4/libm.a(fp_pscB.o)
                              /usr/lib/gcc/avr/5.2.0/../../../../avr/lib/avrxmega4/libm.a(mulsf3x.o) (__fp_pscB)
/usr/lib/gcc/avr/5.2.0/../../../../avr/lib/avrxmega4/libm.a(fp_round.o)
                              /usr/lib/gcc/avr/5.2.0/../../../../avr/lib/avrxmega4/libm.a(mulsf3.o) (__fp_round)
/usr/lib/gcc/avr/5.2.0/../../../../avr/lib/avrxmega4/libc.a(memcpy.o)
                              ./ASF/xmega/drivers/nvm/nvm.o (memcpy)
/usr/lib/gcc/avr/5.2.0/../../../../avr/lib/avrxmega4/libc.a(itoa_ncheck.o)
                              ./adc/adc.o (__itoa_ncheck)
/usr/lib/gcc/avr/5.2.0/../../../../avr/lib/avrxmega4/libc.a(utoa_ncheck.o)
                              /usr/lib/gcc/avr/5.2.0/../../../../avr/lib/avrxmega4/libc.a(itoa_ncheck.o) (__utoa_common)
/usr/lib/gcc/avr/5.2.0/../../../../avr/lib/avrxmega4/libc.a(strrev.o)
                              /usr/lib/gcc/avr/5.2.0/../../../../avr/lib/avrxmega4/libc.a(utoa_ncheck.o) (strrev)

Allocating common symbols
Common symbol       size              file

currentPower        0x4               ./adc/adc.o
currentPackage      0x205             ./twi/twi-master.o
adcb_callback       0x2               ./ASF/xmega/drivers/adc/adc.o
debug               0x3               ./twi/twi-slave.o
isExacuting         0x1               ./twi/twi-master.o
presentMenu         0x2               ./gfx/menu-handler.o
sendIndex           0x2               ./twi/twi-master.o
retryingCount       0x2               ./twi/twi-master.o
sleepmgr_locks      0x6               ./ASF/common/services/sleepmgr/xmega/sleepmgr.o
selectedKey         0x1               ./gfx/menu-handler.o
resString           0x7               ./adc/adc.o
adca_callback       0x2               ./ASF/xmega/drivers/adc/adc.o
[...]
Memory Configuration

Name             Origin             Length             Attributes
text             0x0000000000000000 0x0000000000100000 xr
data             0x0000000000802000 0x000000000000ffa0 rw !x
eeprom           0x0000000000810000 0x0000000000010000 rw !x
fuse             0x0000000000820000 0x0000000000000400 rw !x
lock             0x0000000000830000 0x0000000000000400 rw !x
signature        0x0000000000840000 0x0000000000000400 rw !x
*default*        0x0000000000000000 0xffffffffffffffff

Linker script and memory map

LOAD /usr/lib/gcc/avr/5.2.0/../../../../avr/lib/avrxmega4/crtatxmega64a3u.o
LOAD ./twi/eeprom_driver.o
LOAD ./twi/sp_driver.o
LOAD ./twi/testTwi.o
LOAD ./twi/twi-master.o
LOAD ./twi/twi-memory.o
LOAD ./twi/twi-slave.o
LOAD ./timer/tc.o
LOAD ./gfx/gfx_utils.o
LOAD ./gfx/keypad.o
LOAD ./gfx/menu-handler.o
LOAD ./adc/adc.o
LOAD ./action_menu/action_menu_factory.o
LOAD ./action_menu/gfx_action_menu.o
LOAD ./ASF/xmega/drivers/spi/spi.o
LOAD ./ASF/xmega/drivers/nvm/nvm.o
LOAD ./ASF/xmega/drivers/nvm/nvm_asm.o
LOAD ./ASF/xmega/drivers/cpu/ccp.o
LOAD ./ASF/xmega/drivers/adc/xmega_aau/adc_aau.o
LOAD ./ASF/xmega/drivers/adc/adc.o
LOAD ./ASF/xmega/boards/stk600/rc064x/init.o
LOAD ./ASF/common/services/spi/xmega_spi/spi_master.o
LOAD ./ASF/common/services/sleepmgr/xmega/sleepmgr.o
LOAD ./ASF/common/services/ioport/xmega/ioport_compat.o
LOAD ./ASF/common/services/gfx_mono/gfx_mono_framebuffer.o
LOAD ./ASF/common/services/gfx_mono/gfx_mono_generic.o
LOAD ./ASF/common/services/gfx_mono/gfx_mono_menu.o
LOAD ./ASF/common/services/gfx_mono/gfx_mono_text.o
LOAD ./ASF/common/services/gfx_mono/gfx_mono_ug_2832hsweg04.o
LOAD ./ASF/common/services/gfx_mono/sysfont.o
LOAD ./ASF/common/services/clock/xmega/sysclk.o
LOAD ./ASF/common/components/display/ssd1306/font.o
LOAD ./ASF/common/components/display/ssd1306/ssd1306.o
LOAD ./main.o
LOAD ./power-state.o
START GROUP
LOAD /usr/lib/gcc/avr/5.2.0/avrxmega4/libgcc.a
LOAD /usr/lib/gcc/avr/5.2.0/../../../../avr/lib/avrxmega4/libm.a
LOAD /usr/lib/gcc/avr/5.2.0/../../../../avr/lib/avrxmega4/libc.a
LOAD /usr/lib/gcc/avr/5.2.0/../../../../avr/lib/avrxmega4/libatxmega64a3u.a
END GROUP

.hash
 *(.hash)

.dynsym
 *(.dynsym)

.dynstr
 *(.dynstr)

.gnu.version
 *(.gnu.version)

.gnu.version_d
 *(.gnu.version_d)

.gnu.version_r
 *(.gnu.version_r)

.rel.init
 *(.rel.init)

.rela.init
 *(.rela.init)

.rel.text
 *(.rel.text)
 *(.rel.text.*)
 *(.rel.gnu.linkonce.t*)

.rela.text
 *(.rela.text)
 *(.rela.text.*)
 *(.rela.gnu.linkonce.t*)

.rel.fini
 *(.rel.fini)

.rela.fini
 *(.rela.fini)

.rel.rodata
 *(.rel.rodata)
 *(.rel.rodata.*)
 *(.rel.gnu.linkonce.r*)

.rela.rodata
 *(.rela.rodata)
 *(.rela.rodata.*)
 *(.rela.gnu.linkonce.r*)

.rel.data
 *(.rel.data)
 *(.rel.data.*)
 *(.rel.gnu.linkonce.d*)

.rela.data
 *(.rela.data)
 *(.rela.data.*)
 *(.rela.gnu.linkonce.d*)

.rel.ctors
 *(.rel.ctors)

.rela.ctors
 *(.rela.ctors)

.rel.dtors
 *(.rel.dtors)

.rela.dtors
 *(.rela.dtors)

.rel.got
 *(.rel.got)

.rela.got
 *(.rela.got)

.rel.bss
 *(.rel.bss)

.rela.bss
 *(.rela.bss)

.rel.plt
 *(.rel.plt)

.rela.plt
 *(.rela.plt)

.text           0x0000000000000000     0x3d6e
 *(.vectors)
 .vectors       0x0000000000000000      0x1fc /usr/lib/gcc/avr/5.2.0/../../../../avr/lib/avrxmega4/crtatxmega64a3u.o
                0x0000000000000000                __vectors
                0x0000000000000000                __vector_default
 *(.vectors)
 *(.progmem.gcc*)
                0x00000000000001fc                . = ALIGN (0x2)
                0x00000000000001fc                __trampolines_start = .
 *(.trampolines)
 .trampolines   0x00000000000001fc        0x0 linker stubs
 *(.trampolines*)
                0x00000000000001fc                __trampolines_end = .
 *(.progmem*)
 .progmem.data.arrow_right_data
                0x00000000000001fc        0x4 ./ASF/common/services/gfx_mono/gfx_mono_menu.o
                0x00000000000001fc                arrow_right_data
 .progmem.data.sysfont_glyphs
                0x0000000000000200      0x2a0 ./ASF/common/services/gfx_mono/sysfont.o
 .progmem.data.main_menu_title6
                0x00000000000004a0        0x8 ./main.o
                0x00000000000004a0                main_menu_title6
 .progmem.data.main_menu_title3
                0x00000000000004a8        0xb ./main.o
                0x00000000000004a8                main_menu_title3
 .progmem.data.main_menu_title2
                0x00000000000004b3       0x15 ./main.o
                0x00000000000004b3                main_menu_title2
 .progmem.data.main_menu_6
                0x00000000000004c8        0xd ./main.o
                0x00000000000004c8                main_menu_6
 .progmem.data.main_menu_5
                0x00000000000004d5        0xb ./main.o
                0x00000000000004d5                main_menu_5
 .progmem.data.main_menu_4
                0x00000000000004e0        0xf ./main.o
                0x00000000000004e0                main_menu_4
 .progmem.data.main_menu_3
                0x00000000000004ef        0xa ./main.o
                0x00000000000004ef                main_menu_3
 .progmem.data.main_menu_2
                0x00000000000004f9       0x14 ./main.o
                0x00000000000004f9                main_menu_2
 .progmem.data.main_menu_1
                0x000000000000050d       0x13 ./main.o
                0x000000000000050d                main_menu_1
 .progmem.data.main_menu_title
                0x0000000000000520       0x10 ./main.o
                0x0000000000000520                main_menu_title
 .progmem.data.sub_menu_title1
                0x0000000000000530        0xb ./main.o
                0x0000000000000530                sub_menu_title1
 .progmem.data.sub_menu_2
                0x000000000000053b        0xd ./main.o
                0x000000000000053b                sub_menu_2
 .progmem.data.sub_menu_1
                0x0000000000000548        0xa ./main.o
                0x0000000000000548                sub_menu_1
 .progmem.data.sub_menu_title
                0x0000000000000552       0x14 ./main.o
                0x0000000000000552                sub_menu_title
                0x0000000000000566                . = ALIGN (0x2)
 *(.jumptables)
 *(.jumptables*)
 *(.lowtext)
 *(.lowtext*)
                0x0000000000000566                __ctors_start = .
 *(.ctors)
                0x0000000000000566                __ctors_end = .
                0x0000000000000566                __dtors_start = .
 *(.dtors)
                0x0000000000000566                __dtors_end = .
 SORT(*)(.ctors)
 SORT(*)(.dtors)
 *(.init0)
 .init0         0x0000000000000566        0x0 /usr/lib/gcc/avr/5.2.0/../../../../avr/lib/avrxmega4/crtatxmega64a3u.o
                0x0000000000000566                __init
 *(.init0)
 *(.init1)
 *(.init1)
 *(.init2)
 .init2         0x0000000000000566        0xc /usr/lib/gcc/avr/5.2.0/../../../../avr/lib/avrxmega4/crtatxmega64a3u.o
 *(.init2)
 *(.init3)
 *(.init3)
 *(.init4)
 .init4         0x0000000000000572       0x1a /usr/lib/gcc/avr/5.2.0/avrxmega4/libgcc.a(_copy_data.o)
                0x0000000000000572                __do_copy_data
 .init4         0x000000000000058c       0x10 /usr/lib/gcc/avr/5.2.0/avrxmega4/libgcc.a(_clear_bss.o)
                0x000000000000058c                __do_clear_bss
 *(.init4)
 *(.init5)
 *(.init5)
 *(.init6)
 *(.init6)
 *(.init7)
 *(.init7)
 *(.init8)
 *(.init8)
 *(.init9)
 .init9         0x000000000000059c        0x8 /usr/lib/gcc/avr/5.2.0/../../../../avr/lib/avrxmega4/crtatxmega64a3u.o
 *(.init9)
 *(.text)
 .text          0x00000000000005a4        0x4 /usr/lib/gcc/avr/5.2.0/../../../../avr/lib/avrxmega4/crtatxmega64a3u.o
                0x00000000000005a4                __vector_38
                0x00000000000005a4                __vector_22
                0x00000000000005a4                __vector_63
                0x00000000000005a4                __vector_28
                0x00000000000005a4                __vector_67
                0x00000000000005a4                __vector_1
                0x00000000000005a4                __vector_119
                0x00000000000005a4                __vector_32
                0x00000000000005a4                __vector_75
                0x00000000000005a4                __vector_91
                0x00000000000005a4                __vector_34
                0x00000000000005a4                __vector_62
                0x00000000000005a4                __vector_77
                0x00000000000005a4                __vector_102
                0x00000000000005a4                __vector_24
                0x00000000000005a4                __vector_12
                0x00000000000005a4                __vector_55
                0x00000000000005a4                __vector_69
                0x00000000000005a4                __vector_81
                0x00000000000005a4                __vector_90
                0x00000000000005a4                __vector_46
                0x00000000000005a4                __bad_interrupt
                0x00000000000005a4                __vector_122
                0x00000000000005a4                __vector_114
                0x00000000000005a4                __vector_6
                0x00000000000005a4                __vector_110
                0x00000000000005a4                __vector_31
                0x00000000000005a4                __vector_92
                0x00000000000005a4                __vector_35
                0x00000000000005a4                __vector_78
                0x00000000000005a4                __vector_117
                0x00000000000005a4                __vector_107
                0x00000000000005a4                __vector_3
                0x00000000000005a4                __vector_105
                0x00000000000005a4                __vector_98
                0x00000000000005a4                __vector_23
                0x00000000000005a4                __vector_68
                0x00000000000005a4                __vector_30
                0x00000000000005a4                __vector_25
                0x00000000000005a4                __vector_93
                0x00000000000005a4                __vector_61
                0x00000000000005a4                __vector_11
                0x00000000000005a4                __vector_54
                0x00000000000005a4                __vector_99
                0x00000000000005a4                __vector_17
                0x00000000000005a4                __vector_19
                0x00000000000005a4                __vector_56
                0x00000000000005a4                __vector_7
                0x00000000000005a4                __vector_125
                0x00000000000005a4                __vector_49
                0x00000000000005a4                __vector_123
                0x00000000000005a4                __vector_86
                0x00000000000005a4                __vector_100
                0x00000000000005a4                __vector_101
                0x00000000000005a4                __vector_64
                0x00000000000005a4                __vector_88
                0x00000000000005a4                __vector_109
                0x00000000000005a4                __vector_43
                0x00000000000005a4                __vector_27
                0x00000000000005a4                __vector_5
                0x00000000000005a4                __vector_113
                0x00000000000005a4                __vector_33
                0x00000000000005a4                __vector_76
                0x00000000000005a4                __vector_115
                0x00000000000005a4                __vector_47
                0x00000000000005a4                __vector_52
                0x00000000000005a4                __vector_37
                0x00000000000005a4                __vector_95
                0x00000000000005a4                __vector_103
                0x00000000000005a4                __vector_96
                0x00000000000005a4                __vector_89
                0x00000000000005a4                __vector_108
                0x00000000000005a4                __vector_4
                0x00000000000005a4                __vector_44
                0x00000000000005a4                __vector_82
                0x00000000000005a4                __vector_106
                0x00000000000005a4                __vector_118
                0x00000000000005a4                __vector_51
                0x00000000000005a4                __vector_9
                0x00000000000005a4                __vector_2
                0x00000000000005a4                __vector_21
                0x00000000000005a4                __vector_15
                0x00000000000005a4                __vector_66
                0x00000000000005a4                __vector_36
                0x00000000000005a4                __vector_79
                0x00000000000005a4                __vector_58
                0x00000000000005a4                __vector_70
                0x00000000000005a4                __vector_83
                0x00000000000005a4                __vector_29
                0x00000000000005a4                __vector_60
                0x00000000000005a4                __vector_121
                0x00000000000005a4                __vector_85
                0x00000000000005a4                __vector_94
                0x00000000000005a4                __vector_126
                0x00000000000005a4                __vector_8
                0x00000000000005a4                __vector_26
                0x00000000000005a4                __vector_48
                0x00000000000005a4                __vector_124
                0x00000000000005a4                __vector_116
                0x00000000000005a4                __vector_112
                0x00000000000005a4                __vector_111
                0x00000000000005a4                __vector_80
                0x00000000000005a4                __vector_84
                0x00000000000005a4                __vector_57
                0x00000000000005a4                __vector_53
                0x00000000000005a4                __vector_10
                0x00000000000005a4                __vector_50
                0x00000000000005a4                __vector_16
                0x00000000000005a4                __vector_59
                0x00000000000005a4                __vector_18
                0x00000000000005a4                __vector_97
                0x00000000000005a4                __vector_20
                0x00000000000005a4                __vector_87
                0x00000000000005a4                __vector_65
                0x00000000000005a4                __vector_120
 .text          0x00000000000005a8        0x0 ./twi/eeprom_driver.o
 .text          0x00000000000005a8      0x12a ./twi/sp_driver.o
                0x00000000000005a8                SP_ReadByte
                0x00000000000005b4                SP_ReadWord
                0x00000000000005c2                SP_ReadCalibrationByte
                0x00000000000005c6                SP_ReadUserSignatureByte
                0x00000000000005ca                SP_ReadFuseByte
                0x00000000000005e0                SP_WriteLockBits
                0x00000000000005e8                SP_ReadLockBits
                0x00000000000005ee                SP_EraseUserSignatureRow
                0x00000000000005f6                SP_WriteUserSignatureRow
                0x00000000000005fe                SP_EraseApplicationSection
                0x0000000000000606                SP_EraseApplicationPage
                0x0000000000000612                SP_LoadFlashWord
                0x000000000000061c                SP_ReadFlashPage
                0x000000000000063e                SP_WriteApplicationPage
                0x000000000000064a                SP_EraseWriteApplicationPage
                0x0000000000000656                SP_EraseFlashBuffer
                0x000000000000065e                SP_EraseBootPage
                0x000000000000066a                SP_WriteBootPage
                0x0000000000000676                SP_EraseWriteBootPage
                0x0000000000000682                SP_ApplicationCRC
                0x0000000000000686                SP_BootCRC
                0x000000000000068a                SP_LockSPM
                0x0000000000000698                SP_WaitForSPM
 .text          0x00000000000006d2        0x0 ./twi/testTwi.o
 .text          0x00000000000006d2        0x0 ./twi/twi-master.o
 .text          0x00000000000006d2        0x0 ./twi/twi-memory.o
 .text          0x00000000000006d2        0x0 ./twi/twi-slave.o
 .text          0x00000000000006d2        0x0 ./timer/tc.o
 .text          0x00000000000006d2        0x0 ./gfx/gfx_utils.o
 .text          0x00000000000006d2        0x0 ./gfx/keypad.o
 .text          0x00000000000006d2        0x0 ./gfx/menu-handler.o
 .text          0x00000000000006d2        0x0 ./adc/adc.o
 .text          0x00000000000006d2        0x0 ./action_menu/action_menu_factory.o
 .text          0x00000000000006d2        0x0 ./action_menu/gfx_action_menu.o
 .text          0x00000000000006d2        0x0 ./ASF/xmega/drivers/spi/spi.o
 .text          0x00000000000006d2        0x0 ./ASF/xmega/drivers/nvm/nvm.o
 .text          0x00000000000006d2        0x0 ./ASF/xmega/drivers/nvm/nvm_asm.o
 .text          0x00000000000006d2        0x0 ./ASF/xmega/drivers/cpu/ccp.o
 .text          0x00000000000006d2        0x0 ./ASF/xmega/drivers/adc/xmega_aau/adc_aau.o
 .text          0x00000000000006d2        0x0 ./ASF/xmega/drivers/adc/adc.o
 .text          0x00000000000006d2        0x0 ./ASF/xmega/boards/stk600/rc064x/init.o
 .text          0x00000000000006d2        0x0 ./ASF/common/services/spi/xmega_spi/spi_master.o
 .text          0x00000000000006d2        0x0 ./ASF/common/services/sleepmgr/xmega/sleepmgr.o
 .text          0x00000000000006d2        0x0 ./ASF/common/services/ioport/xmega/ioport_compat.o
 .text          0x00000000000006d2        0x0 ./ASF/common/services/gfx_mono/gfx_mono_framebuffer.o
 .text          0x00000000000006d2        0x0 ./ASF/common/services/gfx_mono/gfx_mono_generic.o
 .text          0x00000000000006d2        0x0 ./ASF/common/services/gfx_mono/gfx_mono_menu.o
 .text          0x00000000000006d2        0x0 ./ASF/common/services/gfx_mono/gfx_mono_text.o
 .text          0x00000000000006d2        0x0 ./ASF/common/services/gfx_mono/gfx_mono_ug_2832hsweg04.o
 .text          0x00000000000006d2        0x0 ./ASF/common/services/gfx_mono/sysfont.o
 .text          0x00000000000006d2        0x0 ./ASF/common/services/clock/xmega/sysclk.o
 .text          0x00000000000006d2        0x0 ./ASF/common/components/display/ssd1306/font.o
 .text          0x00000000000006d2        0x0 ./ASF/common/components/display/ssd1306/ssd1306.o
 .text          0x00000000000006d2        0x0 ./main.o
 .text          0x00000000000006d2        0x0 ./power-state.o
 .text          0x00000000000006d2        0x0 /usr/lib/gcc/avr/5.2.0/avrxmega4/libgcc.a(_udivmodqi4.o)
 .text          0x00000000000006d2        0x0 /usr/lib/gcc/avr/5.2.0/avrxmega4/libgcc.a(_udivmodsi4.o)
 .text          0x00000000000006d2        0x0 /usr/lib/gcc/avr/5.2.0/avrxmega4/libgcc.a(_divmodsi4.o)
 .text          0x00000000000006d2        0x0 /usr/lib/gcc/avr/5.2.0/avrxmega4/libgcc.a(_negsi2.o)
 .text          0x00000000000006d2        0x0 /usr/lib/gcc/avr/5.2.0/avrxmega4/libgcc.a(_exit.o)
 .text          0x00000000000006d2        0x0 /usr/lib/gcc/avr/5.2.0/avrxmega4/libgcc.a(_copy_data.o)
 .text          0x00000000000006d2        0x0 /usr/lib/gcc/avr/5.2.0/avrxmega4/libgcc.a(_clear_bss.o)
 .text          0x00000000000006d2        0x0 /usr/lib/gcc/avr/5.2.0/../../../../avr/lib/avrxmega4/libm.a(fixsfsi.o)
 .text          0x00000000000006d2        0x0 /usr/lib/gcc/avr/5.2.0/../../../../avr/lib/avrxmega4/libm.a(fixunssfsi.o)
 .text          0x00000000000006d2        0x0 /usr/lib/gcc/avr/5.2.0/../../../../avr/lib/avrxmega4/libm.a(floatsisf.o)
 .text          0x00000000000006d2        0x0 /usr/lib/gcc/avr/5.2.0/../../../../avr/lib/avrxmega4/libm.a(fp_split3.o)
 .text          0x00000000000006d2        0x0 /usr/lib/gcc/avr/5.2.0/../../../../avr/lib/avrxmega4/libm.a(fp_zero.o)
 .text          0x00000000000006d2        0x0 /usr/lib/gcc/avr/5.2.0/../../../../avr/lib/avrxmega4/libm.a(mulsf3.o)
 .text          0x00000000000006d2        0x0 /usr/lib/gcc/avr/5.2.0/../../../../avr/lib/avrxmega4/libm.a(mulsf3x.o)
 .text          0x00000000000006d2        0x0 /usr/lib/gcc/avr/5.2.0/../../../../avr/lib/avrxmega4/libm.a(round.o)
 .text          0x00000000000006d2        0x0 /usr/lib/gcc/avr/5.2.0/../../../../avr/lib/avrxmega4/libm.a(fp_inf.o)
 .text          0x00000000000006d2        0x0 /usr/lib/gcc/avr/5.2.0/../../../../avr/lib/avrxmega4/libm.a(fp_mintl.o)
 .text          0x00000000000006d2        0x0 /usr/lib/gcc/avr/5.2.0/../../../../avr/lib/avrxmega4/libm.a(fp_mpack.o)
 .text          0x00000000000006d2        0x0 /usr/lib/gcc/avr/5.2.0/../../../../avr/lib/avrxmega4/libm.a(fp_nan.o)
 .text          0x00000000000006d2        0x0 /usr/lib/gcc/avr/5.2.0/../../../../avr/lib/avrxmega4/libm.a(fp_pscA.o)
 .text          0x00000000000006d2        0x0 /usr/lib/gcc/avr/5.2.0/../../../../avr/lib/avrxmega4/libm.a(fp_pscB.o)
 .text          0x00000000000006d2        0x0 /usr/lib/gcc/avr/5.2.0/../../../../avr/lib/avrxmega4/libm.a(fp_round.o)
 .text          0x00000000000006d2        0x0 /usr/lib/gcc/avr/5.2.0/../../../../avr/lib/avrxmega4/libc.a(memcpy.o)
 .text          0x00000000000006d2        0x0 /usr/lib/gcc/avr/5.2.0/../../../../avr/lib/avrxmega4/libc.a(itoa_ncheck.o)
 .text          0x00000000000006d2        0x0 /usr/lib/gcc/avr/5.2.0/../../../../avr/lib/avrxmega4/libc.a(utoa_ncheck.o)
 .text          0x00000000000006d2        0x0 /usr/lib/gcc/avr/5.2.0/../../../../avr/lib/avrxmega4/libc.a(strrev.o)
                0x00000000000006d2                . = ALIGN (0x2)
 *(.text.*)
 .text.EEPROM_WaitForNVM
                0x00000000000006d2        0xa ./twi/eeprom_driver.o
                0x00000000000006d2                EEPROM_WaitForNVM
 .text.EEPROM_ReadByte
                0x00000000000006dc       0x58 ./twi/eeprom_driver.o
                0x00000000000006dc                EEPROM_ReadByte
 .text.EEPROM_FlushBuffer
                0x0000000000000734       0x30 ./twi/eeprom_driver.o
                0x0000000000000734                EEPROM_FlushBuffer
 .text.EEPROM_WriteByte
                0x0000000000000764       0x64 ./twi/eeprom_driver.o
                0x0000000000000764                EEPROM_WriteByte
 .text.EEPROM_LoadByte
                0x00000000000007c8       0x30 ./twi/eeprom_driver.o
                0x00000000000007c8                EEPROM_LoadByte
 .text.EEPROM_LoadPage
                0x00000000000007f8       0x30 ./twi/eeprom_driver.o
                0x00000000000007f8                EEPROM_LoadPage
 .text.EEPROM_AtomicWritePage
                0x0000000000000828       0x4c ./twi/eeprom_driver.o
                0x0000000000000828                EEPROM_AtomicWritePage
 .text.EEPROM_ErasePage
                0x0000000000000874       0x4c ./twi/eeprom_driver.o
                0x0000000000000874                EEPROM_ErasePage
 .text.EEPROM_SplitWritePage
                0x00000000000008c0       0x4c ./twi/eeprom_driver.o
                0x00000000000008c0                EEPROM_SplitWritePage
 .text.EEPROM_EraseAll
                0x000000000000090c       0x28 ./twi/eeprom_driver.o
                0x000000000000090c                EEPROM_EraseAll
 .text.sendWritePackage
                0x0000000000000934       0x62 ./twi/testTwi.o
                0x0000000000000934                sendWritePackage
 .text.sendReadPackage
                0x0000000000000996       0x58 ./twi/testTwi.o
                0x0000000000000996                sendReadPackage
 .text.twi_master_init
                0x00000000000009ee       0x16 ./twi/twi-master.o
                0x00000000000009ee                twi_master_init
 .text.reset    0x0000000000000a04       0x16 ./twi/twi-master.o
                0x0000000000000a04                reset
 .text.sendAddress
                0x0000000000000a1a       0x12 ./twi/twi-master.o
                0x0000000000000a1a                sendAddress
 .text.SendReadRequest
                0x0000000000000a2c       0x14 ./twi/twi-master.o
                0x0000000000000a2c                SendReadRequest
 .text.SendPackage
                0x0000000000000a40       0x26 ./twi/twi-master.o
                0x0000000000000a40                SendPackage
 .text.SendAck  0x0000000000000a66        0x8 ./twi/twi-master.o
                0x0000000000000a66                SendAck
 .text.SendStop
                0x0000000000000a6e        0x8 ./twi/twi-master.o
                0x0000000000000a6e                SendStop
 .text.SendNextData
                0x0000000000000a76       0x2a ./twi/twi-master.o
                0x0000000000000a76                SendNextData
 .text.handleGetData
                0x0000000000000aa0       0x1e ./twi/twi-master.o
                0x0000000000000aa0                handleGetData
 .text.handleSendData
                0x0000000000000abe       0x34 ./twi/twi-master.o
                0x0000000000000abe                handleSendData
 .text.handleError
                0x0000000000000af2       0x1e ./twi/twi-master.o
                0x0000000000000af2                handleError
 .text.handleBusError
                0x0000000000000b10        0x4 ./twi/twi-master.o
                0x0000000000000b10                handleBusError
 .text.handleArbitrationError
                0x0000000000000b14        0x4 ./twi/twi-master.o
                0x0000000000000b14                handleArbitrationError
 .text.handleAddressNotAcknowledged
                0x0000000000000b18        0x2 ./twi/twi-master.o
                0x0000000000000b18                handleAddressNotAcknowledged
 .text.InterruptHandler
                0x0000000000000b1a       0x26 ./twi/twi-master.o
                0x0000000000000b1a                InterruptHandler
 .text.twi_EEPROM_WriteByte
                0x0000000000000b40       0x10 ./twi/twi-memory.o
                0x0000000000000b40                twi_EEPROM_WriteByte
 .text.twi_EEPROM_ReadByte
                0x0000000000000b50        0xe ./twi/twi-memory.o
                0x0000000000000b50                twi_EEPROM_ReadByte
 .text.twi_slave_init
                0x0000000000000b5e       0x12 ./twi/twi-slave.o
                0x0000000000000b5e                twi_slave_init
 .text.clear    0x0000000000000b70        0x2 ./twi/twi-slave.o
                0x0000000000000b70                clear
 .text.clear_addresses
                0x0000000000000b72        0xa ./twi/twi-slave.o
                0x0000000000000b72                clear_addresses
 .text.TWI_ACK  0x0000000000000b7c        0x8 ./twi/twi-slave.o
                0x0000000000000b7c                TWI_ACK
 .text.TWI_NACK
                0x0000000000000b84        0x8 ./twi/twi-slave.o
                0x0000000000000b84                TWI_NACK
 .text.TWI_CLEAR_APIF
                0x0000000000000b8c        0xc ./twi/twi-slave.o
                0x0000000000000b8c                TWI_CLEAR_APIF
 .text.TWI_CLEAR_DIF
                0x0000000000000b98        0xc ./twi/twi-slave.o
                0x0000000000000b98                TWI_CLEAR_DIF
 .text.TWI_EndTransmission
                0x0000000000000ba4        0x2 ./twi/twi-slave.o
                0x0000000000000ba4                TWI_EndTransmission
 .text.handleRead
                0x0000000000000ba6       0x24 ./twi/twi-slave.o
                0x0000000000000ba6                handleRead
 .text.handleWrite
                0x0000000000000bca       0x1e ./twi/twi-slave.o
                0x0000000000000bca                handleWrite
 .text.TWI_SlaveAddressMatchHandler
                0x0000000000000be8       0x3e ./twi/twi-slave.o
                0x0000000000000be8                TWI_SlaveAddressMatchHandler
 .text.TWI_SlaveStopHandler
                0x0000000000000c26        0x4 ./twi/twi-slave.o
                0x0000000000000c26                TWI_SlaveStopHandler
 .text.TWI_SlaveReadDataHandler
                0x0000000000000c2a       0x30 ./twi/twi-slave.o
                0x0000000000000c2a                TWI_SlaveReadDataHandler
 .text.TWI_SlaveWriteDataHandler
                0x0000000000000c5a       0x1a ./twi/twi-slave.o
                0x0000000000000c5a                TWI_SlaveWriteDataHandler
 .text.TWI_SaveAddress
                0x0000000000000c74       0x20 ./twi/twi-slave.o
                0x0000000000000c74                TWI_SaveAddress
 .text.TWI_interrupt_handler
                0x0000000000000c94       0x34 ./twi/twi-slave.o
                0x0000000000000c94                TWI_interrupt_handler
 .text.tc_init  0x0000000000000cc8       0x26 ./timer/tc.o
                0x0000000000000cc8                tc_init
 .text.TC0_ConfigClockSource
                0x0000000000000cee        0xc ./timer/tc.o
                0x0000000000000cee                TC0_ConfigClockSource
 .text.TC1_ConfigClockSource
                0x0000000000000cfa        0xc ./timer/tc.o
                0x0000000000000cfa                TC1_ConfigClockSource
 .text.TC0_ConfigWGM
                0x0000000000000d06        0xc ./timer/tc.o
                0x0000000000000d06                TC0_ConfigWGM
 .text.TC1_ConfigWGM
                0x0000000000000d12        0xc ./timer/tc.o
                0x0000000000000d12                TC1_ConfigWGM
 .text.TC0_ConfigInputCapture
                0x0000000000000d1e        0xe ./timer/tc.o
                0x0000000000000d1e                TC0_ConfigInputCapture
 .text.TC1_ConfigInputCapture
                0x0000000000000d2c        0xe ./timer/tc.o
                0x0000000000000d2c                TC1_ConfigInputCapture
 .text.TC0_EnableCCChannels
                0x0000000000000d3a        0xc ./timer/tc.o
                0x0000000000000d3a                TC0_EnableCCChannels
 .text.TC1_EnableCCChannels
                0x0000000000000d46        0xc ./timer/tc.o
                0x0000000000000d46                TC1_EnableCCChannels
 .text.TC0_DisableCCChannels
                0x0000000000000d52        0xe ./timer/tc.o
                0x0000000000000d52                TC0_DisableCCChannels
 .text.TC1_DisableCCChannels
                0x0000000000000d60        0xe ./timer/tc.o
                0x0000000000000d60                TC1_DisableCCChannels
 .text.TC0_SetOverflowIntLevel
                0x0000000000000d6e        0xc ./timer/tc.o
                0x0000000000000d6e                TC0_SetOverflowIntLevel
 .text.TC1_SetOverflowIntLevel
                0x0000000000000d7a        0xc ./timer/tc.o
                0x0000000000000d7a                TC1_SetOverflowIntLevel
 .text.TC0_SetErrorIntLevel
                0x0000000000000d86        0xc ./timer/tc.o
                0x0000000000000d86                TC0_SetErrorIntLevel
 .text.TC1_SetErrorIntLevel
                0x0000000000000d92        0xc ./timer/tc.o
                0x0000000000000d92                TC1_SetErrorIntLevel
 .text.TC0_SetCCAIntLevel
                0x0000000000000d9e        0xc ./timer/tc.o
                0x0000000000000d9e                TC0_SetCCAIntLevel
 .text.TC1_SetCCAIntLevel
                0x0000000000000daa        0xc ./timer/tc.o
                0x0000000000000daa                TC1_SetCCAIntLevel
 .text.TC0_SetCCBIntLevel
                0x0000000000000db6        0xc ./timer/tc.o
                0x0000000000000db6                TC0_SetCCBIntLevel
 .text.TC1_SetCCBIntLevel
                0x0000000000000dc2        0xc ./timer/tc.o
                0x0000000000000dc2                TC1_SetCCBIntLevel
 .text.TC0_SetCCCIntLevel
                0x0000000000000dce        0xc ./timer/tc.o
                0x0000000000000dce                TC0_SetCCCIntLevel
 .text.TC0_SetCCDIntLevel
                0x0000000000000dda        0xc ./timer/tc.o
                0x0000000000000dda                TC0_SetCCDIntLevel
 .text.TC0_Reset
                0x0000000000000de6        0xe ./timer/tc.o
                0x0000000000000de6                TC0_Reset
 .text.TC1_Reset
                0x0000000000000df4        0xe ./timer/tc.o
                0x0000000000000df4                TC1_Reset
 .text.printHorizontalLine
                0x0000000000000e02       0x10 ./gfx/gfx_utils.o
                0x0000000000000e02                printHorizontalLine
 .text.printVerticalLine
                0x0000000000000e12       0x12 ./gfx/gfx_utils.o
                0x0000000000000e12                printVerticalLine
 .text.gfx_item_draw
                0x0000000000000e24       0x4c ./gfx/gfx_utils.o
                0x0000000000000e24                gfx_item_draw
 .text.gfx_item_init
                0x0000000000000e70       0x1a ./gfx/gfx_utils.o
                0x0000000000000e70                gfx_item_init
 .text.gfx_label_init
                0x0000000000000e8a       0x46 ./gfx/gfx_utils.o
                0x0000000000000e8a                gfx_label_init
 .text.gfx_label_with_font_init
                0x0000000000000ed0       0x2c ./gfx/gfx_utils.o
                0x0000000000000ed0                gfx_label_with_font_init
 .text.gfx_label_draw
                0x0000000000000efc       0x2a ./gfx/gfx_utils.o
                0x0000000000000efc                gfx_label_draw
 .text.gfx_image_init
                0x0000000000000f26       0x28 ./gfx/gfx_utils.o
                0x0000000000000f26                gfx_image_init
 .text.gfx_image_draw
                0x0000000000000f4e       0x1a ./gfx/gfx_utils.o
                0x0000000000000f4e                gfx_image_draw
 .text.getButtonStatus
                0x0000000000000f68       0x3a ./gfx/keypad.o
                0x0000000000000f68                getButtonStatus
 .text.getLeftButtonStatus
                0x0000000000000fa2        0xa ./gfx/keypad.o
                0x0000000000000fa2                getLeftButtonStatus
 .text.getRightButtonStatus
                0x0000000000000fac        0xa ./gfx/keypad.o
                0x0000000000000fac                getRightButtonStatus
 .text.getHoldStatus
                0x0000000000000fb6       0x16 ./gfx/keypad.o
                0x0000000000000fb6                getHoldStatus
 .text.getSelectButtonStatus
                0x0000000000000fcc       0x16 ./gfx/keypad.o
                0x0000000000000fcc                getSelectButtonStatus
 .text.getPressedKey
                0x0000000000000fe2       0x4e ./gfx/keypad.o
                0x0000000000000fe2                getPressedKey
 .text.__portable_avr_delay_cycles.constprop.0
                0x0000000000001030       0x10 ./gfx/menu-handler.o
 .text.enterBootloaderMode
                0x0000000000001040        0xc ./gfx/menu-handler.o
                0x0000000000001040                enterBootloaderMode
 .text.menu_handler
                0x000000000000104c       0x4a ./gfx/menu-handler.o
                0x000000000000104c                menu_handler
 .text.delay    0x0000000000001096        0x4 ./gfx/menu-handler.o
                0x0000000000001096                delay
 .text.isBootloaderState
                0x000000000000109a        0x8 ./gfx/menu-handler.o
                0x000000000000109a                isBootloaderState
 .text.rightButtonPressed
                0x00000000000010a2       0x12 ./gfx/menu-handler.o
                0x00000000000010a2                rightButtonPressed
 .text.handleBack
                0x00000000000010b4       0x22 ./gfx/menu-handler.o
                0x00000000000010b4                handleBack
 .text.selectButtonPressed
                0x00000000000010d6       0x1c ./gfx/menu-handler.o
                0x00000000000010d6                selectButtonPressed
 .text.leftButtonPressed
                0x00000000000010f2       0x12 ./gfx/menu-handler.o
                0x00000000000010f2                leftButtonPressed
 .text.adc_init
                0x0000000000001104       0x7e ./adc/adc.o
                0x0000000000001104                adc_init
 .text.adc_avg  0x0000000000001182       0x68 ./adc/adc.o
                0x0000000000001182                adc_avg
 .text.setPowerString
                0x00000000000011ea       0xae ./adc/adc.o
                0x00000000000011ea                setPowerString
 .text.__portable_avr_delay_cycles.constprop.1
                0x0000000000001298        0x2 ./action_menu/gfx_action_menu.o
 .text.ssd1306_write_command
                0x000000000000129a       0x46 ./action_menu/gfx_action_menu.o
 .text.gfx_action_menu_init
                0x00000000000012e0       0x16 ./action_menu/gfx_action_menu.o
                0x00000000000012e0                gfx_action_menu_init
 .text.showMenu
                0x00000000000012f6       0x1a ./action_menu/gfx_action_menu.o
                0x00000000000012f6                showMenu
 .text.showThisMenu
                0x0000000000001310        0xc ./action_menu/gfx_action_menu.o
                0x0000000000001310                showThisMenu
 .text.writeText
                0x000000000000131c       0x36 ./action_menu/gfx_action_menu.o
                0x000000000000131c                writeText
 .text.showData
                0x0000000000001352       0x2a ./action_menu/gfx_action_menu.o
                0x0000000000001352                showData
 .text.showSplash
                0x000000000000137c        0x8 ./action_menu/gfx_action_menu.o
                0x000000000000137c                showSplash
 .text.updateDataByType
                0x0000000000001384       0x1e ./action_menu/gfx_action_menu.o
                0x0000000000001384                updateDataByType
 .text.gfx_action_menu_process_key
                0x00000000000013a2      0x148 ./action_menu/gfx_action_menu.o
                0x00000000000013a2                gfx_action_menu_process_key
 .text.spi_xmega_set_baud_div
                0x00000000000014ea       0x9c ./ASF/xmega/drivers/spi/spi.o
                0x00000000000014ea                spi_xmega_set_baud_div
 .text.nvm_wait_until_ready
                0x0000000000001586        0xa ./ASF/xmega/drivers/nvm/nvm.o
 .text.nvm_read_production_signature_row
                0x0000000000001590        0xa ./ASF/xmega/drivers/nvm/nvm.o
 .text.nvm_issue_command
                0x000000000000159a       0x22 ./ASF/xmega/drivers/nvm/nvm.o
 .text.nvm_read_device_serial
                0x00000000000015bc       0x64 ./ASF/xmega/drivers/nvm/nvm.o
                0x00000000000015bc                nvm_read_device_serial
 .text.nvm_eeprom_read_byte
                0x0000000000001620       0x24 ./ASF/xmega/drivers/nvm/nvm.o
                0x0000000000001620                nvm_eeprom_read_byte
 .text.nvm_eeprom_read_buffer
                0x0000000000001644       0x5e ./ASF/xmega/drivers/nvm/nvm.o
                0x0000000000001644                nvm_eeprom_read_buffer
 .text.nvm_eeprom_flush_buffer
                0x00000000000016a2       0x1e ./ASF/xmega/drivers/nvm/nvm.o
                0x00000000000016a2                nvm_eeprom_flush_buffer
 .text.nvm_eeprom_load_byte_to_buffer
                0x00000000000016c0       0x38 ./ASF/xmega/drivers/nvm/nvm.o
                0x00000000000016c0                nvm_eeprom_load_byte_to_buffer
 .text.nvm_eeprom_write_byte
                0x00000000000016f8       0x62 ./ASF/xmega/drivers/nvm/nvm.o
                0x00000000000016f8                nvm_eeprom_write_byte
 .text.nvm_eeprom_load_page_to_buffer
                0x000000000000175a       0x28 ./ASF/xmega/drivers/nvm/nvm.o
                0x000000000000175a                nvm_eeprom_load_page_to_buffer
 .text.nvm_eeprom_atomic_write_page
                0x0000000000001782       0x30 ./ASF/xmega/drivers/nvm/nvm.o
                0x0000000000001782                nvm_eeprom_atomic_write_page
 .text.nvm_eeprom_erase_and_write_buffer
                0x00000000000017b2       0x7e ./ASF/xmega/drivers/nvm/nvm.o
                0x00000000000017b2                nvm_eeprom_erase_and_write_buffer
 .text.nvm_eeprom_split_write_page
                0x0000000000001830       0x30 ./ASF/xmega/drivers/nvm/nvm.o
                0x0000000000001830                nvm_eeprom_split_write_page
 .text.nvm_eeprom_fill_buffer_with_value
                0x0000000000001860       0x24 ./ASF/xmega/drivers/nvm/nvm.o
                0x0000000000001860                nvm_eeprom_fill_buffer_with_value
 .text.nvm_eeprom_erase_bytes_in_page
                0x0000000000001884       0x30 ./ASF/xmega/drivers/nvm/nvm.o
                0x0000000000001884                nvm_eeprom_erase_bytes_in_page
 .text.nvm_eeprom_erase_page
                0x00000000000018b4       0x12 ./ASF/xmega/drivers/nvm/nvm.o
                0x00000000000018b4                nvm_eeprom_erase_page
 .text.nvm_eeprom_erase_bytes_in_all_pages
                0x00000000000018c6        0xa ./ASF/xmega/drivers/nvm/nvm.o
                0x00000000000018c6                nvm_eeprom_erase_bytes_in_all_pages
 .text.nvm_eeprom_erase_all
                0x00000000000018d0        0xa ./ASF/xmega/drivers/nvm/nvm.o
                0x00000000000018d0                nvm_eeprom_erase_all
 .text.nvm_issue_flash_range_crc
                0x00000000000018da       0x5a ./ASF/xmega/drivers/nvm/nvm.o
                0x00000000000018da                nvm_issue_flash_range_crc
 .text.nvm_flash_read_buffer
                0x0000000000001934       0x4c ./ASF/xmega/drivers/nvm/nvm.o
                0x0000000000001934                nvm_flash_read_buffer
 .text.nvm_user_sig_read_buffer
                0x0000000000001980       0x40 ./ASF/xmega/drivers/nvm/nvm.o
                0x0000000000001980                nvm_user_sig_read_buffer
 .text.nvm_user_sig_write_buffer
                0x00000000000019c0      0x134 ./ASF/xmega/drivers/nvm/nvm.o
                0x00000000000019c0                nvm_user_sig_write_buffer
 .text.nvm_flash_erase_and_write_buffer
                0x0000000000001af4      0x128 ./ASF/xmega/drivers/nvm/nvm.o
                0x0000000000001af4                nvm_flash_erase_and_write_buffer
 .text.nvm_fuses_read
                0x0000000000001c1c       0x34 ./ASF/xmega/drivers/nvm/nvm.o
                0x0000000000001c1c                nvm_fuses_read
 .text.nvm_read_byte
                0x0000000000001c50       0x14 ./ASF/xmega/drivers/nvm/nvm_asm.o
                0x0000000000001c50                nvm_read_byte
 .text.ccp_write_io
                0x0000000000001c64        0xc ./ASF/xmega/drivers/cpu/ccp.o
                0x0000000000001c64                ccp_write_io
 .text.__vector_71
                0x0000000000001c70       0x64 ./ASF/xmega/drivers/adc/xmega_aau/adc_aau.o
                0x0000000000001c70                __vector_71
 .text.__vector_72
                0x0000000000001cd4       0x64 ./ASF/xmega/drivers/adc/xmega_aau/adc_aau.o
                0x0000000000001cd4                __vector_72
 .text.__vector_73
                0x0000000000001d38       0x64 ./ASF/xmega/drivers/adc/xmega_aau/adc_aau.o
                0x0000000000001d38                __vector_73
 .text.__vector_74
                0x0000000000001d9c       0x64 ./ASF/xmega/drivers/adc/xmega_aau/adc_aau.o
                0x0000000000001d9c                __vector_74
 .text.__vector_39
                0x0000000000001e00       0x64 ./ASF/xmega/drivers/adc/xmega_aau/adc_aau.o
                0x0000000000001e00                __vector_39
 .text.__vector_40
                0x0000000000001e64       0x64 ./ASF/xmega/drivers/adc/xmega_aau/adc_aau.o
                0x0000000000001e64                __vector_40
 .text.__vector_41
                0x0000000000001ec8       0x64 ./ASF/xmega/drivers/adc/xmega_aau/adc_aau.o
                0x0000000000001ec8                __vector_41
 .text.__vector_42
                0x0000000000001f2c       0x64 ./ASF/xmega/drivers/adc/xmega_aau/adc_aau.o
                0x0000000000001f2c                __vector_42
 .text.adc_write_configuration
                0x0000000000001f90       0xbc ./ASF/xmega/drivers/adc/xmega_aau/adc_aau.o
                0x0000000000001f90                adc_write_configuration
 .text.adc_read_configuration
                0x000000000000204c       0x4a ./ASF/xmega/drivers/adc/xmega_aau/adc_aau.o
                0x000000000000204c                adc_read_configuration
 .text.adcch_write_configuration
                0x0000000000002096       0x94 ./ASF/xmega/drivers/adc/xmega_aau/adc_aau.o
                0x0000000000002096                adcch_write_configuration
 .text.adcch_read_configuration
                0x000000000000212a       0x94 ./ASF/xmega/drivers/adc/xmega_aau/adc_aau.o
                0x000000000000212a                adcch_read_configuration
 .text.adc_set_callback
                0x00000000000021be       0x28 ./ASF/xmega/drivers/adc/adc.o
                0x00000000000021be                adc_set_callback
 .text.adc_enable_clock
                0x00000000000021e6       0x3e ./ASF/xmega/drivers/adc/adc.o
                0x00000000000021e6                adc_enable_clock
 .text.adc_disable_clock
                0x0000000000002224       0x3a ./ASF/xmega/drivers/adc/adc.o
                0x0000000000002224                adc_disable_clock
 .text.adc_enable
                0x000000000000225e       0x30 ./ASF/xmega/drivers/adc/adc.o
                0x000000000000225e                adc_enable
 .text.adc_disable
                0x000000000000228e       0x28 ./ASF/xmega/drivers/adc/adc.o
                0x000000000000228e                adc_disable
 .text.adc_is_enabled
                0x00000000000022b6       0x24 ./ASF/xmega/drivers/adc/adc.o
                0x00000000000022b6                adc_is_enabled
 .text.ioport_configure_pin
                0x00000000000022da       0x28 ./ASF/xmega/boards/stk600/rc064x/init.o
 .text.board_init
                0x0000000000002302       0xaa ./ASF/xmega/boards/stk600/rc064x/init.o
                0x0000000000002302                board_init
 .text.spi_master_init
                0x00000000000023ac       0x3e ./ASF/common/services/spi/xmega_spi/spi_master.o
                0x00000000000023ac                spi_master_init
 .text.spi_master_setup_device
                0x00000000000023ea       0x44 ./ASF/common/services/spi/xmega_spi/spi_master.o
                0x00000000000023ea                spi_master_setup_device
 .text.spi_write_packet
                0x000000000000242e       0x24 ./ASF/common/services/spi/xmega_spi/spi_master.o
                0x000000000000242e                spi_write_packet
 .text.spi_read_packet
                0x0000000000002452       0x24 ./ASF/common/services/spi/xmega_spi/spi_master.o
                0x0000000000002452                spi_read_packet
 .text.spi_select_device
                0x0000000000002476       0x2c ./ASF/common/services/spi/xmega_spi/spi_master.o
                0x0000000000002476                spi_select_device
 .text.spi_deselect_device
                0x00000000000024a2       0x2c ./ASF/common/services/spi/xmega_spi/spi_master.o
                0x00000000000024a2                spi_deselect_device
 .text.ioport_configure_port_pin
                0x00000000000024ce       0x48 ./ASF/common/services/ioport/xmega/ioport_compat.o
                0x00000000000024ce                ioport_configure_port_pin
 .text.gfx_mono_set_framebuffer
                0x0000000000002516        0xa ./ASF/common/services/gfx_mono/gfx_mono_framebuffer.o
                0x0000000000002516                gfx_mono_set_framebuffer
 .text.gfx_mono_framebuffer_put_page
                0x0000000000002520       0x2a ./ASF/common/services/gfx_mono/gfx_mono_framebuffer.o
                0x0000000000002520                gfx_mono_framebuffer_put_page
 .text.gfx_mono_framebuffer_get_page
                0x000000000000254a       0x2a ./ASF/common/services/gfx_mono/gfx_mono_framebuffer.o
                0x000000000000254a                gfx_mono_framebuffer_get_page
 .text.gfx_mono_framebuffer_put_byte
                0x0000000000002574       0x1c ./ASF/common/services/gfx_mono/gfx_mono_framebuffer.o
                0x0000000000002574                gfx_mono_framebuffer_put_byte
 .text.gfx_mono_framebuffer_get_byte
                0x0000000000002590       0x1c ./ASF/common/services/gfx_mono/gfx_mono_framebuffer.o
                0x0000000000002590                gfx_mono_framebuffer_get_byte
 .text.gfx_mono_framebuffer_draw_pixel
                0x00000000000025ac       0x88 ./ASF/common/services/gfx_mono/gfx_mono_framebuffer.o
                0x00000000000025ac                gfx_mono_framebuffer_draw_pixel
 .text.gfx_mono_framebuffer_get_pixel
                0x0000000000002634       0x44 ./ASF/common/services/gfx_mono/gfx_mono_framebuffer.o
                0x0000000000002634                gfx_mono_framebuffer_get_pixel
 .text.gfx_mono_framebuffer_mask_byte
                0x0000000000002678       0x4c ./ASF/common/services/gfx_mono/gfx_mono_framebuffer.o
                0x0000000000002678                gfx_mono_framebuffer_mask_byte
 .text.gfx_mono_generic_draw_horizontal_line
                0x00000000000026c4       0xd0 ./ASF/common/services/gfx_mono/gfx_mono_generic.o
                0x00000000000026c4                gfx_mono_generic_draw_horizontal_line
 .text.gfx_mono_generic_draw_vertical_line
                0x0000000000002794       0xc0 ./ASF/common/services/gfx_mono/gfx_mono_generic.o
                0x0000000000002794                gfx_mono_generic_draw_vertical_line
 .text.gfx_mono_generic_draw_line
                0x0000000000002854       0xd0 ./ASF/common/services/gfx_mono/gfx_mono_generic.o
                0x0000000000002854                gfx_mono_generic_draw_line
 .text.gfx_mono_generic_draw_rect
                0x0000000000002924       0x4e ./ASF/common/services/gfx_mono/gfx_mono_generic.o
                0x0000000000002924                gfx_mono_generic_draw_rect
 .text.gfx_mono_generic_draw_filled_rect
                0x0000000000002972       0x36 ./ASF/common/services/gfx_mono/gfx_mono_generic.o
                0x0000000000002972                gfx_mono_generic_draw_filled_rect
 .text.gfx_mono_generic_draw_circle
                0x00000000000029a8      0x172 ./ASF/common/services/gfx_mono/gfx_mono_generic.o
                0x00000000000029a8                gfx_mono_generic_draw_circle
 .text.gfx_mono_generic_draw_filled_circle
                0x0000000000002b1a      0x150 ./ASF/common/services/gfx_mono/gfx_mono_generic.o
                0x0000000000002b1a                gfx_mono_generic_draw_filled_circle
 .text.gfx_mono_generic_put_bitmap
                0x0000000000002c6a       0xb6 ./ASF/common/services/gfx_mono/gfx_mono_generic.o
                0x0000000000002c6a                gfx_mono_generic_put_bitmap
 .text.__portable_avr_delay_cycles.constprop.2
                0x0000000000002d20        0x2 ./ASF/common/services/gfx_mono/gfx_mono_menu.o
 .text.ssd1306_write_data.constprop.1
                0x0000000000002d22       0x40 ./ASF/common/services/gfx_mono/gfx_mono_menu.o
 .text.ssd1306_write_command
                0x0000000000002d62       0x46 ./ASF/common/services/gfx_mono/gfx_mono_menu.o
 .text.menu_draw
                0x0000000000002da8       0xf8 ./ASF/common/services/gfx_mono/gfx_mono_menu.o
 .text.gfx_mono_menu_init
                0x0000000000002ea0       0x54 ./ASF/common/services/gfx_mono/gfx_mono_menu.o
                0x0000000000002ea0                gfx_mono_menu_init
 .text.gfx_mono_menu_process_key
                0x0000000000002ef4       0x52 ./ASF/common/services/gfx_mono/gfx_mono_menu.o
                0x0000000000002ef4                gfx_mono_menu_process_key
 .text.gfx_mono_draw_char
                0x0000000000002f46       0xc2 ./ASF/common/services/gfx_mono/gfx_mono_text.o
                0x0000000000002f46                gfx_mono_draw_char
 .text.gfx_mono_draw_string
                0x0000000000003008       0x5a ./ASF/common/services/gfx_mono/gfx_mono_text.o
                0x0000000000003008                gfx_mono_draw_string
 .text.gfx_mono_draw_progmem_string
                0x0000000000003062       0x5e ./ASF/common/services/gfx_mono/gfx_mono_text.o
                0x0000000000003062                gfx_mono_draw_progmem_string
 .text.gfx_mono_get_string_bounding_box
                0x00000000000030c0       0x3e ./ASF/common/services/gfx_mono/gfx_mono_text.o
                0x00000000000030c0                gfx_mono_get_string_bounding_box
 .text.gfx_mono_get_progmem_string_bounding_box
                0x00000000000030fe       0x54 ./ASF/common/services/gfx_mono/gfx_mono_text.o
                0x00000000000030fe                gfx_mono_get_progmem_string_bounding_box
 .text.__portable_avr_delay_cycles.constprop.0
                0x0000000000003152        0x2 ./ASF/common/services/gfx_mono/gfx_mono_ug_2832hsweg04.o
 .text.ssd1306_write_data
                0x0000000000003154       0x46 ./ASF/common/services/gfx_mono/gfx_mono_ug_2832hsweg04.o
 .text.ssd1306_write_command
                0x000000000000319a       0x46 ./ASF/common/services/gfx_mono/gfx_mono_ug_2832hsweg04.o
 .text.ssd1306_set_page_address
                0x00000000000031e0        0x8 ./ASF/common/services/gfx_mono/gfx_mono_ug_2832hsweg04.o
 .text.ssd1306_set_column_address
                0x00000000000031e8       0x1a ./ASF/common/services/gfx_mono/gfx_mono_ug_2832hsweg04.o
 .text.gfx_mono_ssd1306_get_pixel
                0x0000000000003202       0x44 ./ASF/common/services/gfx_mono/gfx_mono_ug_2832hsweg04.o
                0x0000000000003202                gfx_mono_ssd1306_get_pixel
 .text.gfx_mono_ssd1306_put_page
                0x0000000000003246       0x42 ./ASF/common/services/gfx_mono/gfx_mono_ug_2832hsweg04.o
                0x0000000000003246                gfx_mono_ssd1306_put_page
 .text.gfx_mono_ssd1306_put_framebuffer
                0x0000000000003288       0x36 ./ASF/common/services/gfx_mono/gfx_mono_ug_2832hsweg04.o
                0x0000000000003288                gfx_mono_ssd1306_put_framebuffer
 .text.gfx_mono_ssd1306_get_page
                0x00000000000032be        0x4 ./ASF/common/services/gfx_mono/gfx_mono_ug_2832hsweg04.o
                0x00000000000032be                gfx_mono_ssd1306_get_page
 .text.gfx_mono_ssd1306_put_byte
                0x00000000000032c2       0x42 ./ASF/common/services/gfx_mono/gfx_mono_ug_2832hsweg04.o
                0x00000000000032c2                gfx_mono_ssd1306_put_byte
 .text.gfx_mono_ssd1306_init
                0x0000000000003304       0x38 ./ASF/common/services/gfx_mono/gfx_mono_ug_2832hsweg04.o
                0x0000000000003304                gfx_mono_ssd1306_init
 .text.gfx_mono_ssd1306_draw_pixel
                0x000000000000333c       0x8a ./ASF/common/services/gfx_mono/gfx_mono_ug_2832hsweg04.o
                0x000000000000333c                gfx_mono_ssd1306_draw_pixel
 .text.gfx_mono_ssd1306_get_byte
                0x00000000000033c6        0x4 ./ASF/common/services/gfx_mono/gfx_mono_ug_2832hsweg04.o
                0x00000000000033c6                gfx_mono_ssd1306_get_byte
 .text.gfx_mono_ssd1306_mask_byte
                0x00000000000033ca       0x4c ./ASF/common/services/gfx_mono/gfx_mono_ug_2832hsweg04.o
                0x00000000000033ca                gfx_mono_ssd1306_mask_byte
 .text.sysclk_init
                0x0000000000003416        0x2 ./ASF/common/services/clock/xmega/sysclk.o
                0x0000000000003416                sysclk_init
 .text.sysclk_enable_module
                0x0000000000003418       0x18 ./ASF/common/services/clock/xmega/sysclk.o
                0x0000000000003418                sysclk_enable_module
 .text.sysclk_disable_module
                0x0000000000003430       0x16 ./ASF/common/services/clock/xmega/sysclk.o
                0x0000000000003430                sysclk_disable_module
 .text.sysclk_enable_usb
                0x0000000000003446       0x3e ./ASF/common/services/clock/xmega/sysclk.o
                0x0000000000003446                sysclk_enable_usb
 .text.sysclk_disable_usb
                0x0000000000003484       0x12 ./ASF/common/services/clock/xmega/sysclk.o
                0x0000000000003484                sysclk_disable_usb
 .text.__portable_avr_delay_cycles
                0x0000000000003496        0xc ./ASF/common/components/display/ssd1306/ssd1306.o
 .text.ssd1306_write_command
                0x00000000000034a2       0x4e ./ASF/common/components/display/ssd1306/ssd1306.o
 .text.ssd1306_write_data
                0x00000000000034f0       0x4e ./ASF/common/components/display/ssd1306/ssd1306.o
 .text.ssd1306_init
                0x000000000000353e      0x146 ./ASF/common/components/display/ssd1306/ssd1306.o
                0x000000000000353e                ssd1306_init
 .text.ssd1306_write_text
                0x0000000000003684       0x56 ./ASF/common/components/display/ssd1306/ssd1306.o
                0x0000000000003684                ssd1306_write_text
 .text.updateData
                0x00000000000036da        0x2 ./main.o
                0x00000000000036da                updateData
 .text.__vector_45
                0x00000000000036dc       0x50 ./main.o
                0x00000000000036dc                __vector_45
 .text.__vector_13
                0x000000000000372c       0x50 ./main.o
                0x000000000000372c                __vector_13
 .text.__vector_104
                0x000000000000377c       0x50 ./main.o
                0x000000000000377c                __vector_104
 .text.__vector_14
                0x00000000000037cc       0x50 ./main.o
                0x00000000000037cc                __vector_14
 .text.powerState_interrupts_init
                0x000000000000381c       0x10 ./main.o
                0x000000000000381c                powerState_interrupts_init
 .text.enable_interrupts
                0x000000000000382c       0x12 ./main.o
                0x000000000000382c                enable_interrupts
 .text.printitem
                0x000000000000383e       0x68 ./main.o
                0x000000000000383e                printitem
 .text.power_state_init
                0x00000000000038a6       0x14 ./main.o
                0x00000000000038a6                power_state_init
 .text.init     0x00000000000038ba       0x26 ./main.o
                0x00000000000038ba                init
 .text.testTWI  0x00000000000038e0        0xc ./main.o
                0x00000000000038e0                testTWI
 .text.initMenu
                0x00000000000038ec        0x8 ./main.o
                0x00000000000038ec                initMenu
 .text.startup.main
                0x00000000000038f4        0xa ./main.o
                0x00000000000038f4                main
 .text.changePowerState
                0x00000000000038fe       0x36 ./power-state.o
                0x00000000000038fe                changePowerState
 .text.showState
                0x0000000000003934       0x24 ./power-state.o
                0x0000000000003934                showState
 .text.libgcc.mul
                0x0000000000003958        0x0 /usr/lib/gcc/avr/5.2.0/avrxmega4/libgcc.a(_udivmodqi4.o)
 .text.libgcc.div
                0x0000000000003958       0x18 /usr/lib/gcc/avr/5.2.0/avrxmega4/libgcc.a(_udivmodqi4.o)
                0x0000000000003958                __udivmodqi4
 .text.libgcc   0x0000000000003970        0x0 /usr/lib/gcc/avr/5.2.0/avrxmega4/libgcc.a(_udivmodqi4.o)
 .text.libgcc.prologue
                0x0000000000003970        0x0 /usr/lib/gcc/avr/5.2.0/avrxmega4/libgcc.a(_udivmodqi4.o)
 .text.libgcc.builtins
                0x0000000000003970        0x0 /usr/lib/gcc/avr/5.2.0/avrxmega4/libgcc.a(_udivmodqi4.o)
 .text.libgcc.fmul
                0x0000000000003970        0x0 /usr/lib/gcc/avr/5.2.0/avrxmega4/libgcc.a(_udivmodqi4.o)
 .text.libgcc.fixed
                0x0000000000003970        0x0 /usr/lib/gcc/avr/5.2.0/avrxmega4/libgcc.a(_udivmodqi4.o)
 .text.libgcc.mul
                0x0000000000003970        0x0 /usr/lib/gcc/avr/5.2.0/avrxmega4/libgcc.a(_udivmodsi4.o)
 .text.libgcc.div
                0x0000000000003970       0x44 /usr/lib/gcc/avr/5.2.0/avrxmega4/libgcc.a(_udivmodsi4.o)
                0x0000000000003970                __udivmodsi4
 .text.libgcc   0x00000000000039b4        0x0 /usr/lib/gcc/avr/5.2.0/avrxmega4/libgcc.a(_udivmodsi4.o)
 .text.libgcc.prologue
                0x00000000000039b4        0x0 /usr/lib/gcc/avr/5.2.0/avrxmega4/libgcc.a(_udivmodsi4.o)
 .text.libgcc.builtins
                0x00000000000039b4        0x0 /usr/lib/gcc/avr/5.2.0/avrxmega4/libgcc.a(_udivmodsi4.o)
 .text.libgcc.fmul
                0x00000000000039b4        0x0 /usr/lib/gcc/avr/5.2.0/avrxmega4/libgcc.a(_udivmodsi4.o)
 .text.libgcc.fixed
                0x00000000000039b4        0x0 /usr/lib/gcc/avr/5.2.0/avrxmega4/libgcc.a(_udivmodsi4.o)
 .text.libgcc.mul
                0x00000000000039b4        0x0 /usr/lib/gcc/avr/5.2.0/avrxmega4/libgcc.a(_divmodsi4.o)
 .text.libgcc.div
                0x00000000000039b4       0x2e /usr/lib/gcc/avr/5.2.0/avrxmega4/libgcc.a(_divmodsi4.o)
                0x00000000000039b4                __divmodsi4
 .text.libgcc   0x00000000000039e2        0x0 /usr/lib/gcc/avr/5.2.0/avrxmega4/libgcc.a(_divmodsi4.o)
 .text.libgcc.prologue
                0x00000000000039e2        0x0 /usr/lib/gcc/avr/5.2.0/avrxmega4/libgcc.a(_divmodsi4.o)
 .text.libgcc.builtins
                0x00000000000039e2        0x0 /usr/lib/gcc/avr/5.2.0/avrxmega4/libgcc.a(_divmodsi4.o)
 .text.libgcc.fmul
                0x00000000000039e2        0x0 /usr/lib/gcc/avr/5.2.0/avrxmega4/libgcc.a(_divmodsi4.o)
 .text.libgcc.fixed
                0x00000000000039e2        0x0 /usr/lib/gcc/avr/5.2.0/avrxmega4/libgcc.a(_divmodsi4.o)
 .text.libgcc.mul
                0x00000000000039e2        0x0 /usr/lib/gcc/avr/5.2.0/avrxmega4/libgcc.a(_negsi2.o)
 .text.libgcc.div
                0x00000000000039e2       0x10 /usr/lib/gcc/avr/5.2.0/avrxmega4/libgcc.a(_negsi2.o)
                0x00000000000039e2                __negsi2
 .text.libgcc   0x00000000000039f2        0x0 /usr/lib/gcc/avr/5.2.0/avrxmega4/libgcc.a(_negsi2.o)
 .text.libgcc.prologue
                0x00000000000039f2        0x0 /usr/lib/gcc/avr/5.2.0/avrxmega4/libgcc.a(_negsi2.o)
 .text.libgcc.builtins
                0x00000000000039f2        0x0 /usr/lib/gcc/avr/5.2.0/avrxmega4/libgcc.a(_negsi2.o)
 .text.libgcc.fmul
                0x00000000000039f2        0x0 /usr/lib/gcc/avr/5.2.0/avrxmega4/libgcc.a(_negsi2.o)
 .text.libgcc.fixed
                0x00000000000039f2        0x0 /usr/lib/gcc/avr/5.2.0/avrxmega4/libgcc.a(_negsi2.o)
 .text.libgcc.mul
                0x00000000000039f2        0x0 /usr/lib/gcc/avr/5.2.0/avrxmega4/libgcc.a(_exit.o)
 .text.libgcc.div
                0x00000000000039f2        0x0 /usr/lib/gcc/avr/5.2.0/avrxmega4/libgcc.a(_exit.o)
 .text.libgcc   0x00000000000039f2        0x0 /usr/lib/gcc/avr/5.2.0/avrxmega4/libgcc.a(_exit.o)
 .text.libgcc.prologue
                0x00000000000039f2        0x0 /usr/lib/gcc/avr/5.2.0/avrxmega4/libgcc.a(_exit.o)
 .text.libgcc.builtins
                0x00000000000039f2        0x0 /usr/lib/gcc/avr/5.2.0/avrxmega4/libgcc.a(_exit.o)
 .text.libgcc.fmul
                0x00000000000039f2        0x0 /usr/lib/gcc/avr/5.2.0/avrxmega4/libgcc.a(_exit.o)
 .text.libgcc.fixed
                0x00000000000039f2        0x0 /usr/lib/gcc/avr/5.2.0/avrxmega4/libgcc.a(_exit.o)
 .text.libgcc.mul
                0x00000000000039f2        0x0 /usr/lib/gcc/avr/5.2.0/avrxmega4/libgcc.a(_copy_data.o)
 .text.libgcc.div
                0x00000000000039f2        0x0 /usr/lib/gcc/avr/5.2.0/avrxmega4/libgcc.a(_copy_data.o)
 .text.libgcc   0x00000000000039f2        0x0 /usr/lib/gcc/avr/5.2.0/avrxmega4/libgcc.a(_copy_data.o)
 .text.libgcc.prologue
                0x00000000000039f2        0x0 /usr/lib/gcc/avr/5.2.0/avrxmega4/libgcc.a(_copy_data.o)
 .text.libgcc.builtins
                0x00000000000039f2        0x0 /usr/lib/gcc/avr/5.2.0/avrxmega4/libgcc.a(_copy_data.o)
 .text.libgcc.fmul
                0x00000000000039f2        0x0 /usr/lib/gcc/avr/5.2.0/avrxmega4/libgcc.a(_copy_data.o)
 .text.libgcc.fixed
                0x00000000000039f2        0x0 /usr/lib/gcc/avr/5.2.0/avrxmega4/libgcc.a(_copy_data.o)
 .text.libgcc.mul
                0x00000000000039f2        0x0 /usr/lib/gcc/avr/5.2.0/avrxmega4/libgcc.a(_clear_bss.o)
 .text.libgcc.div
                0x00000000000039f2        0x0 /usr/lib/gcc/avr/5.2.0/avrxmega4/libgcc.a(_clear_bss.o)
 .text.libgcc   0x00000000000039f2        0x0 /usr/lib/gcc/avr/5.2.0/avrxmega4/libgcc.a(_clear_bss.o)
 .text.libgcc.prologue
                0x00000000000039f2        0x0 /usr/lib/gcc/avr/5.2.0/avrxmega4/libgcc.a(_clear_bss.o)
 .text.libgcc.builtins
                0x00000000000039f2        0x0 /usr/lib/gcc/avr/5.2.0/avrxmega4/libgcc.a(_clear_bss.o)
 .text.libgcc.fmul
                0x00000000000039f2        0x0 /usr/lib/gcc/avr/5.2.0/avrxmega4/libgcc.a(_clear_bss.o)
 .text.libgcc.fixed
                0x00000000000039f2        0x0 /usr/lib/gcc/avr/5.2.0/avrxmega4/libgcc.a(_clear_bss.o)
 .text.avr-libc.fplib
                0x00000000000039f2        0xe /usr/lib/gcc/avr/5.2.0/../../../../avr/lib/avrxmega4/libm.a(fixsfsi.o)
                0x00000000000039f2                __fixsfsi
 .text.avr-libc.fplib
                0x0000000000003a00       0x5e /usr/lib/gcc/avr/5.2.0/../../../../avr/lib/avrxmega4/libm.a(fixunssfsi.o)
                0x0000000000003a00                __fixunssfsi
 .text.avr-libc.fplib
                0x0000000000003a5e       0x7a /usr/lib/gcc/avr/5.2.0/../../../../avr/lib/avrxmega4/libm.a(floatsisf.o)
                0x0000000000003a5e                __floatunsisf
                0x0000000000003a62                __floatsisf
 .text.avr-libc.fplib
                0x0000000000003ad8       0x44 /usr/lib/gcc/avr/5.2.0/../../../../avr/lib/avrxmega4/libm.a(fp_split3.o)
                0x0000000000003ad8                __fp_split3
                0x0000000000003ae8                __fp_splitA
 .text.avr-libc.fplib
                0x0000000000003b1c        0xe /usr/lib/gcc/avr/5.2.0/../../../../avr/lib/avrxmega4/libm.a(fp_zero.o)
                0x0000000000003b1c                __fp_zero
                0x0000000000003b1e                __fp_szero
 .text.avr-libc.fplib
                0x0000000000003b2a        0x8 /usr/lib/gcc/avr/5.2.0/../../../../avr/lib/avrxmega4/libm.a(mulsf3.o)
                0x0000000000003b2a                __mulsf3
 .text.avr-libc.fplib
                0x0000000000003b32       0xd2 /usr/lib/gcc/avr/5.2.0/../../../../avr/lib/avrxmega4/libm.a(mulsf3x.o)
                0x0000000000003b50                __mulsf3x
                0x0000000000003b56                __mulsf3_pse
 .text.avr-libc.fplib
                0x0000000000003c04       0x48 /usr/lib/gcc/avr/5.2.0/../../../../avr/lib/avrxmega4/libm.a(round.o)
                0x0000000000003c04                round
 .text.avr-libc.fplib
                0x0000000000003c4c        0xc /usr/lib/gcc/avr/5.2.0/../../../../avr/lib/avrxmega4/libm.a(fp_inf.o)
                0x0000000000003c4c                __fp_inf
 .text.avr-libc.fplib
                0x0000000000003c58       0x36 /usr/lib/gcc/avr/5.2.0/../../../../avr/lib/avrxmega4/libm.a(fp_mintl.o)
                0x0000000000003c58                __fp_mintl
 .text.avr-libc.fplib
                0x0000000000003c8e       0x1c /usr/lib/gcc/avr/5.2.0/../../../../avr/lib/avrxmega4/libm.a(fp_mpack.o)
                0x0000000000003c8e                __fp_mpack
                0x0000000000003c92                __fp_mpack_finite
 .text.avr-libc.fplib
                0x0000000000003caa        0x6 /usr/lib/gcc/avr/5.2.0/../../../../avr/lib/avrxmega4/libm.a(fp_nan.o)
                0x0000000000003caa                __fp_nan
 .text.avr-libc.fplib
                0x0000000000003cb0        0xe /usr/lib/gcc/avr/5.2.0/../../../../avr/lib/avrxmega4/libm.a(fp_pscA.o)
                0x0000000000003cb0                __fp_pscA
 .text.avr-libc.fplib
                0x0000000000003cbe        0xe /usr/lib/gcc/avr/5.2.0/../../../../avr/lib/avrxmega4/libm.a(fp_pscB.o)
                0x0000000000003cbe                __fp_pscB
 .text.avr-libc.fplib
                0x0000000000003ccc       0x22 /usr/lib/gcc/avr/5.2.0/../../../../avr/lib/avrxmega4/libm.a(fp_round.o)
                0x0000000000003ccc                __fp_round
 .text.avr-libc
                0x0000000000003cee       0x12 /usr/lib/gcc/avr/5.2.0/../../../../avr/lib/avrxmega4/libc.a(memcpy.o)
                0x0000000000003cee                memcpy
 .text.avr-libc
                0x0000000000003d00       0x16 /usr/lib/gcc/avr/5.2.0/../../../../avr/lib/avrxmega4/libc.a(itoa_ncheck.o)
                0x0000000000003d00                __itoa_ncheck
 .text.avr-libc
                0x0000000000003d16       0x34 /usr/lib/gcc/avr/5.2.0/../../../../avr/lib/avrxmega4/libc.a(utoa_ncheck.o)
                0x0000000000003d16                __utoa_ncheck
                0x0000000000003d18                __utoa_common
 .text.avr-libc
                0x0000000000003d4a       0x20 /usr/lib/gcc/avr/5.2.0/../../../../avr/lib/avrxmega4/libc.a(strrev.o)
                0x0000000000003d4a                strrev
                0x0000000000003d6a                . = ALIGN (0x2)
 *(.fini9)
 .fini9         0x0000000000003d6a        0x0 /usr/lib/gcc/avr/5.2.0/avrxmega4/libgcc.a(_exit.o)
                0x0000000000003d6a                exit
                0x0000000000003d6a                _exit
 *(.fini9)
 *(.fini8)
 *(.fini8)
 *(.fini7)
 *(.fini7)
 *(.fini6)
 *(.fini6)
 *(.fini5)
 *(.fini5)
 *(.fini4)
 *(.fini4)
 *(.fini3)
 *(.fini3)
 *(.fini2)
 *(.fini2)
 *(.fini1)
 *(.fini1)
 *(.fini0)
 .fini0         0x0000000000003d6a        0x4 /usr/lib/gcc/avr/5.2.0/avrxmega4/libgcc.a(_exit.o)
 *(.fini0)
                0x0000000000003d6e                _etext = .

.BOOT           0x0000000000003d6e       0x7e
 .BOOT          0x0000000000003d6e       0x3a ./twi/sp_driver.o
                0x0000000000003d6e                SP_LoadFlashPage
 .BOOT          0x0000000000003da8       0x44 ./ASF/xmega/drivers/nvm/nvm_asm.o
                0x0000000000003da8                nvm_common_spm
                0x0000000000003dc6                nvm_flash_load_word_to_buffer

.data           0x0000000000802000      0x5ee load address 0x0000000000003dec
                0x0000000000802000                PROVIDE (__data_start, .)
 *(.data)
 .data          0x0000000000802000        0x0 /usr/lib/gcc/avr/5.2.0/../../../../avr/lib/avrxmega4/crtatxmega64a3u.o
 .data          0x0000000000802000        0x0 ./twi/eeprom_driver.o
 .data          0x0000000000802000        0x0 ./twi/sp_driver.o
 .data          0x0000000000802000        0x0 ./twi/testTwi.o
 .data          0x0000000000802000        0x0 ./twi/twi-master.o
 .data          0x0000000000802000        0x0 ./twi/twi-memory.o
 .data          0x0000000000802000        0x0 ./twi/twi-slave.o
 .data          0x0000000000802000        0x0 ./timer/tc.o
 .data          0x0000000000802000        0x0 ./gfx/gfx_utils.o
 .data          0x0000000000802000        0x0 ./gfx/keypad.o
 .data          0x0000000000802000        0x0 ./gfx/menu-handler.o
 .data          0x0000000000802000        0x0 ./adc/adc.o
 .data          0x0000000000802000        0x0 ./action_menu/action_menu_factory.o
 .data          0x0000000000802000        0x0 ./action_menu/gfx_action_menu.o
 .data          0x0000000000802000        0x0 ./ASF/xmega/drivers/spi/spi.o
 .data          0x0000000000802000        0x0 ./ASF/xmega/drivers/nvm/nvm.o
 .data          0x0000000000802000        0x0 ./ASF/xmega/drivers/nvm/nvm_asm.o
 .data          0x0000000000802000        0x0 ./ASF/xmega/drivers/cpu/ccp.o
 .data          0x0000000000802000        0x0 ./ASF/xmega/drivers/adc/xmega_aau/adc_aau.o
 .data          0x0000000000802000        0x0 ./ASF/xmega/drivers/adc/adc.o
 .data          0x0000000000802000        0x0 ./ASF/xmega/boards/stk600/rc064x/init.o
 .data          0x0000000000802000        0x0 ./ASF/common/services/spi/xmega_spi/spi_master.o
 .data          0x0000000000802000        0x0 ./ASF/common/services/sleepmgr/xmega/sleepmgr.o
 .data          0x0000000000802000        0x0 ./ASF/common/services/ioport/xmega/ioport_compat.o
 .data          0x0000000000802000        0x0 ./ASF/common/services/gfx_mono/gfx_mono_framebuffer.o
 .data          0x0000000000802000        0x0 ./ASF/common/services/gfx_mono/gfx_mono_generic.o
 .data          0x0000000000802000        0x0 ./ASF/common/services/gfx_mono/gfx_mono_menu.o
 .data          0x0000000000802000        0x0 ./ASF/common/services/gfx_mono/gfx_mono_text.o
 .data          0x0000000000802000        0x0 ./ASF/common/services/gfx_mono/gfx_mono_ug_2832hsweg04.o
 .data          0x0000000000802000        0x0 ./ASF/common/services/gfx_mono/sysfont.o
 .data          0x0000000000802000        0x0 ./ASF/common/services/clock/xmega/sysclk.o
 .data          0x0000000000802000        0x0 ./ASF/common/components/display/ssd1306/font.o
 .data          0x0000000000802000        0x0 ./ASF/common/components/display/ssd1306/ssd1306.o
 .data          0x0000000000802000        0x0 ./main.o
 .data          0x0000000000802000        0x0 ./power-state.o
 .data          0x0000000000802000        0x0 /usr/lib/gcc/avr/5.2.0/avrxmega4/libgcc.a(_udivmodqi4.o)
 .data          0x0000000000802000        0x0 /usr/lib/gcc/avr/5.2.0/avrxmega4/libgcc.a(_udivmodsi4.o)
 .data          0x0000000000802000        0x0 /usr/lib/gcc/avr/5.2.0/avrxmega4/libgcc.a(_divmodsi4.o)
 .data          0x0000000000802000        0x0 /usr/lib/gcc/avr/5.2.0/avrxmega4/libgcc.a(_negsi2.o)
 .data          0x0000000000802000        0x0 /usr/lib/gcc/avr/5.2.0/avrxmega4/libgcc.a(_exit.o)
 .data          0x0000000000802000        0x0 /usr/lib/gcc/avr/5.2.0/avrxmega4/libgcc.a(_copy_data.o)
 .data          0x0000000000802000        0x0 /usr/lib/gcc/avr/5.2.0/avrxmega4/libgcc.a(_clear_bss.o)
 .data          0x0000000000802000        0x0 /usr/lib/gcc/avr/5.2.0/../../../../avr/lib/avrxmega4/libm.a(fixsfsi.o)
 .data          0x0000000000802000        0x0 /usr/lib/gcc/avr/5.2.0/../../../../avr/lib/avrxmega4/libm.a(fixunssfsi.o)
 .data          0x0000000000802000        0x0 /usr/lib/gcc/avr/5.2.0/../../../../avr/lib/avrxmega4/libm.a(floatsisf.o)
 .data          0x0000000000802000        0x0 /usr/lib/gcc/avr/5.2.0/../../../../avr/lib/avrxmega4/libm.a(fp_split3.o)
 .data          0x0000000000802000        0x0 /usr/lib/gcc/avr/5.2.0/../../../../avr/lib/avrxmega4/libm.a(fp_zero.o)
 .data          0x0000000000802000        0x0 /usr/lib/gcc/avr/5.2.0/../../../../avr/lib/avrxmega4/libm.a(mulsf3.o)
 .data          0x0000000000802000        0x0 /usr/lib/gcc/avr/5.2.0/../../../../avr/lib/avrxmega4/libm.a(mulsf3x.o)
 .data          0x0000000000802000        0x0 /usr/lib/gcc/avr/5.2.0/../../../../avr/lib/avrxmega4/libm.a(round.o)
 .data          0x0000000000802000        0x0 /usr/lib/gcc/avr/5.2.0/../../../../avr/lib/avrxmega4/libm.a(fp_inf.o)
 .data          0x0000000000802000        0x0 /usr/lib/gcc/avr/5.2.0/../../../../avr/lib/avrxmega4/libm.a(fp_mintl.o)
 .data          0x0000000000802000        0x0 /usr/lib/gcc/avr/5.2.0/../../../../avr/lib/avrxmega4/libm.a(fp_mpack.o)
 .data          0x0000000000802000        0x0 /usr/lib/gcc/avr/5.2.0/../../../../avr/lib/avrxmega4/libm.a(fp_nan.o)
 .data          0x0000000000802000        0x0 /usr/lib/gcc/avr/5.2.0/../../../../avr/lib/avrxmega4/libm.a(fp_pscA.o)
 .data          0x0000000000802000        0x0 /usr/lib/gcc/avr/5.2.0/../../../../avr/lib/avrxmega4/libm.a(fp_pscB.o)
 .data          0x0000000000802000        0x0 /usr/lib/gcc/avr/5.2.0/../../../../avr/lib/avrxmega4/libm.a(fp_round.o)
 .data          0x0000000000802000        0x0 /usr/lib/gcc/avr/5.2.0/../../../../avr/lib/avrxmega4/libc.a(memcpy.o)
 .data          0x0000000000802000        0x0 /usr/lib/gcc/avr/5.2.0/../../../../avr/lib/avrxmega4/libc.a(itoa_ncheck.o)
 .data          0x0000000000802000        0x0 /usr/lib/gcc/avr/5.2.0/../../../../avr/lib/avrxmega4/libc.a(utoa_ncheck.o)
 .data          0x0000000000802000        0x0 /usr/lib/gcc/avr/5.2.0/../../../../avr/lib/avrxmega4/libc.a(strrev.o)
 *(.data*)
 .data.debugButtonStatus
                0x0000000000802000        0x1 ./gfx/keypad.o
                0x0000000000802000                debugButtonStatus
 .data.selectButtonStatus
                0x0000000000802001        0x1 ./gfx/keypad.o
                0x0000000000802001                selectButtonStatus
 .data.rightButtonStatus
                0x0000000000802002        0x1 ./gfx/keypad.o
                0x0000000000802002                rightButtonStatus
 .data.leftButtonStatus
                0x0000000000802003        0x1 ./gfx/keypad.o
                0x0000000000802003                leftButtonStatus
 .data.sleepmgr_configs
                0x0000000000802004        0x6 ./ASF/common/services/sleepmgr/xmega/sleepmgr.o
                0x0000000000802004                sleepmgr_configs
 .data.menu_bitmap_indicator
                0x000000000080200a        0x5 ./ASF/common/services/gfx_mono/gfx_mono_menu.o
                0x000000000080200a                menu_bitmap_indicator
 .data.sysfont  0x000000000080200f        0x7 ./ASF/common/services/gfx_mono/sysfont.o
                0x000000000080200f                sysfont
 .data.Font08px_126
                0x0000000000802016        0x6 ./ASF/common/components/display/ssd1306/font.o
                0x0000000000802016                Font08px_126
 .data.Font08px_125
                0x000000000080201c        0x4 ./ASF/common/components/display/ssd1306/font.o
                0x000000000080201c                Font08px_125
 .data.Font08px_124
                0x0000000000802020        0x2 ./ASF/common/components/display/ssd1306/font.o
                0x0000000000802020                Font08px_124
 .data.Font08px_123
                0x0000000000802022        0x4 ./ASF/common/components/display/ssd1306/font.o
                0x0000000000802022                Font08px_123
 .data.Font08px_lz
                0x0000000000802026        0x4 ./ASF/common/components/display/ssd1306/font.o
                0x0000000000802026                Font08px_lz
 .data.Font08px_ly
                0x000000000080202a        0x5 ./ASF/common/components/display/ssd1306/font.o
                0x000000000080202a                Font08px_ly
 .data.Font08px_lx
                0x000000000080202f        0x6 ./ASF/common/components/display/ssd1306/font.o
                0x000000000080202f                Font08px_lx
 .data.Font08px_lw
                0x0000000000802035        0x6 ./ASF/common/components/display/ssd1306/font.o
                0x0000000000802035                Font08px_lw
 .data.Font08px_lv
                0x000000000080203b        0x6 ./ASF/common/components/display/ssd1306/font.o
                0x000000000080203b                Font08px_lv
 .data.Font08px_lu
                0x0000000000802041        0x5 ./ASF/common/components/display/ssd1306/font.o
                0x0000000000802041                Font08px_lu
 .data.Font08px_lt
                0x0000000000802046        0x4 ./ASF/common/components/display/ssd1306/font.o
                0x0000000000802046                Font08px_lt
 .data.Font08px_ls
                0x000000000080204a        0x5 ./ASF/common/components/display/ssd1306/font.o
                0x000000000080204a                Font08px_ls
 .data.Font08px_lr
                0x000000000080204f        0x4 ./ASF/common/components/display/ssd1306/font.o
                0x000000000080204f                Font08px_lr
 .data.Font08px_lq
                0x0000000000802053        0x5 ./ASF/common/components/display/ssd1306/font.o
                0x0000000000802053                Font08px_lq
 .data.Font08px_lp
                0x0000000000802058        0x5 ./ASF/common/components/display/ssd1306/font.o
                0x0000000000802058                Font08px_lp
 .data.Font08px_lo
                0x000000000080205d        0x5 ./ASF/common/components/display/ssd1306/font.o
                0x000000000080205d                Font08px_lo
 .data.Font08px_ln
                0x0000000000802062        0x5 ./ASF/common/components/display/ssd1306/font.o
                0x0000000000802062                Font08px_ln
 .data.Font08px_lm
                0x0000000000802067        0x6 ./ASF/common/components/display/ssd1306/font.o
                0x0000000000802067                Font08px_lm
 .data.Font08px_ll
                0x000000000080206d        0x2 ./ASF/common/components/display/ssd1306/font.o
                0x000000000080206d                Font08px_ll
 .data.Font08px_lk
                0x000000000080206f        0x5 ./ASF/common/components/display/ssd1306/font.o
                0x000000000080206f                Font08px_lk
 .data.Font08px_lj
                0x0000000000802074        0x3 ./ASF/common/components/display/ssd1306/font.o
                0x0000000000802074                Font08px_lj
 .data.Font08px_li
                0x0000000000802077        0x2 ./ASF/common/components/display/ssd1306/font.o
                0x0000000000802077                Font08px_li
 .data.Font08px_lh
                0x0000000000802079        0x5 ./ASF/common/components/display/ssd1306/font.o
                0x0000000000802079                Font08px_lh
 .data.Font08px_lg
                0x000000000080207e        0x5 ./ASF/common/components/display/ssd1306/font.o
                0x000000000080207e                Font08px_lg
 .data.Font08px_lf
                0x0000000000802083        0x4 ./ASF/common/components/display/ssd1306/font.o
                0x0000000000802083                Font08px_lf
 .data.Font08px_le
                0x0000000000802087        0x5 ./ASF/common/components/display/ssd1306/font.o
                0x0000000000802087                Font08px_le
 .data.Font08px_ld
                0x000000000080208c        0x5 ./ASF/common/components/display/ssd1306/font.o
                0x000000000080208c                Font08px_ld
 .data.Font08px_lc
                0x0000000000802091        0x5 ./ASF/common/components/display/ssd1306/font.o
                0x0000000000802091                Font08px_lc
 .data.Font08px_lb
                0x0000000000802096        0x5 ./ASF/common/components/display/ssd1306/font.o
                0x0000000000802096                Font08px_lb
 .data.Font08px_la
                0x000000000080209b        0x5 ./ASF/common/components/display/ssd1306/font.o
                0x000000000080209b                Font08px_la
 .data.Font08px_96
                0x00000000008020a0        0x3 ./ASF/common/components/display/ssd1306/font.o
                0x00000000008020a0                Font08px_96
 .data.Font08px_95
                0x00000000008020a3        0x4 ./ASF/common/components/display/ssd1306/font.o
                0x00000000008020a3                Font08px_95
 .data.Font08px_94
                0x00000000008020a7        0x4 ./ASF/common/components/display/ssd1306/font.o
                0x00000000008020a7                Font08px_94
 .data.Font08px_93
                0x00000000008020ab        0x4 ./ASF/common/components/display/ssd1306/font.o
                0x00000000008020ab                Font08px_93
 .data.Font08px_92
                0x00000000008020af        0x4 ./ASF/common/components/display/ssd1306/font.o
                0x00000000008020af                Font08px_92
 .data.Font08px_91
                0x00000000008020b3        0x4 ./ASF/common/components/display/ssd1306/font.o
                0x00000000008020b3                Font08px_91
 .data.Font08px_UZ
                0x00000000008020b7        0x6 ./ASF/common/components/display/ssd1306/font.o
                0x00000000008020b7                Font08px_UZ
 .data.Font08px_UY
                0x00000000008020bd        0x6 ./ASF/common/components/display/ssd1306/font.o
                0x00000000008020bd                Font08px_UY
 .data.Font08px_UX
                0x00000000008020c3        0x6 ./ASF/common/components/display/ssd1306/font.o
                0x00000000008020c3                Font08px_UX
 .data.Font08px_UW
                0x00000000008020c9        0x6 ./ASF/common/components/display/ssd1306/font.o
                0x00000000008020c9                Font08px_UW
 .data.Font08px_UV
                0x00000000008020cf        0x6 ./ASF/common/components/display/ssd1306/font.o
                0x00000000008020cf                Font08px_UV
 .data.Font08px_UU
                0x00000000008020d5        0x5 ./ASF/common/components/display/ssd1306/font.o
                0x00000000008020d5                Font08px_UU
 .data.Font08px_UT
                0x00000000008020da        0x6 ./ASF/common/components/display/ssd1306/font.o
                0x00000000008020da                Font08px_UT
 .data.Font08px_US
                0x00000000008020e0        0x5 ./ASF/common/components/display/ssd1306/font.o
                0x00000000008020e0                Font08px_US
 .data.Font08px_UR
                0x00000000008020e5        0x5 ./ASF/common/components/display/ssd1306/font.o
                0x00000000008020e5                Font08px_UR
 .data.Font08px_UQ
                0x00000000008020ea        0x6 ./ASF/common/components/display/ssd1306/font.o
                0x00000000008020ea                Font08px_UQ
 .data.Font08px_UP
                0x00000000008020f0        0x5 ./ASF/common/components/display/ssd1306/font.o
                0x00000000008020f0                Font08px_UP
 .data.Font08px_UO
                0x00000000008020f5        0x5 ./ASF/common/components/display/ssd1306/font.o
                0x00000000008020f5                Font08px_UO
 .data.Font08px_UN
                0x00000000008020fa        0x6 ./ASF/common/components/display/ssd1306/font.o
                0x00000000008020fa                Font08px_UN
 .data.Font08px_UM
                0x0000000000802100        0x6 ./ASF/common/components/display/ssd1306/font.o
                0x0000000000802100                Font08px_UM
 .data.Font08px_UL
                0x0000000000802106        0x5 ./ASF/common/components/display/ssd1306/font.o
                0x0000000000802106                Font08px_UL
 .data.Font08px_UK
                0x000000000080210b        0x6 ./ASF/common/components/display/ssd1306/font.o
                0x000000000080210b                Font08px_UK
 .data.Font08px_UJ
                0x0000000000802111        0x5 ./ASF/common/components/display/ssd1306/font.o
                0x0000000000802111                Font08px_UJ
 .data.Font08px_UI
                0x0000000000802116        0x4 ./ASF/common/components/display/ssd1306/font.o
                0x0000000000802116                Font08px_UI
 .data.Font08px_UH
                0x000000000080211a        0x5 ./ASF/common/components/display/ssd1306/font.o
                0x000000000080211a                Font08px_UH
 .data.Font08px_UG
                0x000000000080211f        0x6 ./ASF/common/components/display/ssd1306/font.o
                0x000000000080211f                Font08px_UG
 .data.Font08px_UF
                0x0000000000802125        0x5 ./ASF/common/components/display/ssd1306/font.o
                0x0000000000802125                Font08px_UF
 .data.Font08px_UE
                0x000000000080212a        0x5 ./ASF/common/components/display/ssd1306/font.o
                0x000000000080212a                Font08px_UE
 .data.Font08px_UD
                0x000000000080212f        0x5 ./ASF/common/components/display/ssd1306/font.o
                0x000000000080212f                Font08px_UD
 .data.Font08px_UC
                0x0000000000802134        0x5 ./ASF/common/components/display/ssd1306/font.o
                0x0000000000802134                Font08px_UC
 .data.Font08px_UB
                0x0000000000802139        0x5 ./ASF/common/components/display/ssd1306/font.o
                0x0000000000802139                Font08px_UB
 .data.Font08px_UA
                0x000000000080213e        0x6 ./ASF/common/components/display/ssd1306/font.o
                0x000000000080213e                Font08px_UA
 .data.Font08px_64
                0x0000000000802144        0x9 ./ASF/common/components/display/ssd1306/font.o
                0x0000000000802144                Font08px_64
 .data.Font08px_63
                0x000000000080214d        0x6 ./ASF/common/components/display/ssd1306/font.o
                0x000000000080214d                Font08px_63
 .data.Font08px_62
                0x0000000000802153        0x5 ./ASF/common/components/display/ssd1306/font.o
                0x0000000000802153                Font08px_62
 .data.Font08px_61
                0x0000000000802158        0x5 ./ASF/common/components/display/ssd1306/font.o
                0x0000000000802158                Font08px_61
 .data.Font08px_60
                0x000000000080215d        0x5 ./ASF/common/components/display/ssd1306/font.o
                0x000000000080215d                Font08px_60
 .data.Font08px_59
                0x0000000000802162        0x2 ./ASF/common/components/display/ssd1306/font.o
                0x0000000000802162                Font08px_59
 .data.Font08px_58
                0x0000000000802164        0x2 ./ASF/common/components/display/ssd1306/font.o
                0x0000000000802164                Font08px_58
 .data.Font08px_N9
                0x0000000000802166        0x6 ./ASF/common/components/display/ssd1306/font.o
                0x0000000000802166                Font08px_N9
 .data.Font08px_N8
                0x000000000080216c        0x6 ./ASF/common/components/display/ssd1306/font.o
                0x000000000080216c                Font08px_N8
 .data.Font08px_N7
                0x0000000000802172        0x6 ./ASF/common/components/display/ssd1306/font.o
                0x0000000000802172                Font08px_N7
 .data.Font08px_N6
                0x0000000000802178        0x6 ./ASF/common/components/display/ssd1306/font.o
                0x0000000000802178                Font08px_N6
 .data.Font08px_N5
                0x000000000080217e        0x6 ./ASF/common/components/display/ssd1306/font.o
                0x000000000080217e                Font08px_N5
 .data.Font08px_N4
                0x0000000000802184        0x6 ./ASF/common/components/display/ssd1306/font.o
                0x0000000000802184                Font08px_N4
 .data.Font08px_N3
                0x000000000080218a        0x6 ./ASF/common/components/display/ssd1306/font.o
                0x000000000080218a                Font08px_N3
 .data.Font08px_N2
                0x0000000000802190        0x6 ./ASF/common/components/display/ssd1306/font.o
                0x0000000000802190                Font08px_N2
 .data.Font08px_N1
                0x0000000000802196        0x6 ./ASF/common/components/display/ssd1306/font.o
                0x0000000000802196                Font08px_N1
 .data.Font08px_N0
                0x000000000080219c        0x6 ./ASF/common/components/display/ssd1306/font.o
                0x000000000080219c                Font08px_N0
 .data.Font08px_47
                0x00000000008021a2        0x4 ./ASF/common/components/display/ssd1306/font.o
                0x00000000008021a2                Font08px_47
 .data.Font08px_46
                0x00000000008021a6        0x2 ./ASF/common/components/display/ssd1306/font.o
                0x00000000008021a6                Font08px_46
 .data.Font08px_45
                0x00000000008021a8        0x4 ./ASF/common/components/display/ssd1306/font.o
                0x00000000008021a8                Font08px_45
 .data.Font08px_44
                0x00000000008021ac        0x2 ./ASF/common/components/display/ssd1306/font.o
                0x00000000008021ac                Font08px_44
 .data.Font08px_43
                0x00000000008021ae        0x4 ./ASF/common/components/display/ssd1306/font.o
                0x00000000008021ae                Font08px_43
 .data.Font08px_42
                0x00000000008021b2        0x4 ./ASF/common/components/display/ssd1306/font.o
                0x00000000008021b2                Font08px_42
 .data.Font08px_41
                0x00000000008021b6        0x4 ./ASF/common/components/display/ssd1306/font.o
                0x00000000008021b6                Font08px_41
 .data.Font08px_40
                0x00000000008021ba        0x4 ./ASF/common/components/display/ssd1306/font.o
                0x00000000008021ba                Font08px_40
 .data.Font08px_39
                0x00000000008021be        0x2 ./ASF/common/components/display/ssd1306/font.o
                0x00000000008021be                Font08px_39
 .data.Font08px_38
                0x00000000008021c0        0x6 ./ASF/common/components/display/ssd1306/font.o
                0x00000000008021c0                Font08px_38
 .data.Font08px_37
                0x00000000008021c6        0x6 ./ASF/common/components/display/ssd1306/font.o
                0x00000000008021c6                Font08px_37
 .data.Font08px_36
                0x00000000008021cc        0x6 ./ASF/common/components/display/ssd1306/font.o
                0x00000000008021cc                Font08px_36
 .data.Font08px_35
                0x00000000008021d2        0x6 ./ASF/common/components/display/ssd1306/font.o
                0x00000000008021d2                Font08px_35
 .data.Font08px_34
                0x00000000008021d8        0x4 ./ASF/common/components/display/ssd1306/font.o
                0x00000000008021d8                Font08px_34
 .data.Font08px_33
                0x00000000008021dc        0x2 ./ASF/common/components/display/ssd1306/font.o
                0x00000000008021dc                Font08px_33
 .data.Font08px_32
                0x00000000008021de        0x3 ./ASF/common/components/display/ssd1306/font.o
                0x00000000008021de                Font08px_32
 .data.font_table
                0x00000000008021e1       0xbe ./ASF/common/components/display/ssd1306/font.o
                0x00000000008021e1                font_table
 .data.mainMenu
                0x000000000080229f       0x4b ./main.o
                0x000000000080229f                mainMenu
 .data.testMenu
                0x00000000008022ea        0x7 ./main.o
                0x00000000008022ea                testMenu
 .data.avr_microcontroller
                0x00000000008022f1        0x5 ./main.o
                0x00000000008022f1                avr_microcontroller
 .data.compulab_logo
                0x00000000008022f6        0x5 ./main.o
                0x00000000008022f6                compulab_logo
 .data.main_menu_strings
                0x00000000008022fb        0xc ./main.o