Archive member included to satisfy reference by file (symbol)

/usr/lib/gcc/avr/5.2.0/avrxmega4/libgcc.a(_udivmodqi4.o)
                              ./ASF/common/services/gfx_mono/gfx_mono_menu.o (__udivmodqi4)
/usr/lib/gcc/avr/5.2.0/avrxmega4/libgcc.a(_udivmodsi4.o)
                              ./ASF/xmega/drivers/spi/spi.o (__udivmodsi4)
/usr/lib/gcc/avr/5.2.0/avrxmega4/libgcc.a(_divmodsi4.o)
                              ./adc/adc.o (__divmodsi4)
/usr/lib/gcc/avr/5.2.0/avrxmega4/libgcc.a(_negsi2.o)
                              /usr/lib/gcc/avr/5.2.0/avrxmega4/libgcc.a(_divmodsi4.o) (__negsi2)
/usr/lib/gcc/avr/5.2.0/avrxmega4/libgcc.a(_exit.o)
                              /usr/lib/gcc/avr/5.2.0/../../../../avr/lib/avrxmega4/crtatxmega64a3u.o (exit)
/usr/lib/gcc/avr/5.2.0/avrxmega4/libgcc.a(_copy_data.o)
                              ./power-state/power-state.o (__do_copy_data)
/usr/lib/gcc/avr/5.2.0/avrxmega4/libgcc.a(_clear_bss.o)
                              ./twi/twi-master.o (__do_clear_bss)
/usr/lib/gcc/avr/5.2.0/../../../../avr/lib/avrxmega4/libm.a(fixsfsi.o)
                              ./adc/adc.o (__fixsfsi)
/usr/lib/gcc/avr/5.2.0/../../../../avr/lib/avrxmega4/libm.a(fixunssfsi.o)
                              /usr/lib/gcc/avr/5.2.0/../../../../avr/lib/avrxmega4/libm.a(fixsfsi.o) (__fixunssfsi)
/usr/lib/gcc/avr/5.2.0/../../../../avr/lib/avrxmega4/libm.a(floatsisf.o)
                              ./adc/adc.o (__floatsisf)
/usr/lib/gcc/avr/5.2.0/../../../../avr/lib/avrxmega4/libm.a(fp_split3.o)
                              /usr/lib/gcc/avr/5.2.0/../../../../avr/lib/avrxmega4/libm.a(fixunssfsi.o) (__fp_splitA)
/usr/lib/gcc/avr/5.2.0/../../../../avr/lib/avrxmega4/libm.a(fp_zero.o)
                              /usr/lib/gcc/avr/5.2.0/../../../../avr/lib/avrxmega4/libm.a(fixunssfsi.o) (__fp_zero)
/usr/lib/gcc/avr/5.2.0/../../../../avr/lib/avrxmega4/libm.a(mulsf3.o)
                              ./adc/adc.o (__mulsf3)
/usr/lib/gcc/avr/5.2.0/../../../../avr/lib/avrxmega4/libm.a(mulsf3x.o)
                              /usr/lib/gcc/avr/5.2.0/../../../../avr/lib/avrxmega4/libm.a(mulsf3.o) (__mulsf3x)
/usr/lib/gcc/avr/5.2.0/../../../../avr/lib/avrxmega4/libm.a(round.o)
                              ./adc/adc.o (round)
/usr/lib/gcc/avr/5.2.0/../../../../avr/lib/avrxmega4/libm.a(fp_inf.o)
                              /usr/lib/gcc/avr/5.2.0/../../../../avr/lib/avrxmega4/libm.a(mulsf3x.o) (__fp_inf)
/usr/lib/gcc/avr/5.2.0/../../../../avr/lib/avrxmega4/libm.a(fp_mintl.o)
                              /usr/lib/gcc/avr/5.2.0/../../../../avr/lib/avrxmega4/libm.a(round.o) (__fp_mintl)
/usr/lib/gcc/avr/5.2.0/../../../../avr/lib/avrxmega4/libm.a(fp_mpack.o)
                              /usr/lib/gcc/avr/5.2.0/../../../../avr/lib/avrxmega4/libm.a(round.o) (__fp_mpack)
/usr/lib/gcc/avr/5.2.0/../../../../avr/lib/avrxmega4/libm.a(fp_nan.o)
                              /usr/lib/gcc/avr/5.2.0/../../../../avr/lib/avrxmega4/libm.a(mulsf3x.o) (__fp_nan)
/usr/lib/gcc/avr/5.2.0/../../../../avr/lib/avrxmega4/libm.a(fp_pscA.o)
                              /usr/lib/gcc/avr/5.2.0/../../../../avr/lib/avrxmega4/libm.a(mulsf3x.o) (__fp_pscA)
/usr/lib/gcc/avr/5.2.0/../../../../avr/lib/avrxmega4/libm.a(fp_pscB.o)
                              /usr/lib/gcc/avr/5.2.0/../../../../avr/lib/avrxmega4/libm.a(mulsf3x.o) (__fp_pscB)
/usr/lib/gcc/avr/5.2.0/../../../../avr/lib/avrxmega4/libm.a(fp_round.o)
                              /usr/lib/gcc/avr/5.2.0/../../../../avr/lib/avrxmega4/libm.a(mulsf3.o) (__fp_round)
/usr/lib/gcc/avr/5.2.0/../../../../avr/lib/avrxmega4/libc.a(memcpy.o)
                              ./ASF/xmega/drivers/nvm/nvm.o (memcpy)
/usr/lib/gcc/avr/5.2.0/../../../../avr/lib/avrxmega4/libc.a(itoa_ncheck.o)
                              ./adc/adc.o (__itoa_ncheck)
/usr/lib/gcc/avr/5.2.0/../../../../avr/lib/avrxmega4/libc.a(utoa_ncheck.o)
                              /usr/lib/gcc/avr/5.2.0/../../../../avr/lib/avrxmega4/libc.a(itoa_ncheck.o) (__utoa_common)
/usr/lib/gcc/avr/5.2.0/../../../../avr/lib/avrxmega4/libc.a(strrev.o)
                              /usr/lib/gcc/avr/5.2.0/../../../../avr/lib/avrxmega4/libc.a(utoa_ncheck.o) (strrev)

Allocating common symbols
Common symbol       size              file

currentPower        0x4               ./adc/adc.o
currentPackage      0x25              ./twi/twi-master.o
adcb_callback       0x2               ./ASF/xmega/drivers/adc/adc.o
debug               0x3               ./twi/twi-slave.o
isExacuting         0x1               ./twi/twi-master.o
presentMenu         0x2               ./gfx/action_menu/gfx_action_menu.o
sendIndex           0x2               ./twi/twi-master.o
retryingCount       0x2               ./twi/twi-master.o
sleepmgr_locks      0x6               ./ASF/common/services/sleepmgr/xmega/sleepmgr.o
selectedKey         0x1               ./gfx/menu-handler.o
resString           0x7               ./adc/adc.o
[...]
Memory Configuration

Name             Origin             Length             Attributes
text             0x0000000000000000 0x0000000000100000 xr
data             0x0000000000802000 0x000000000000ffa0 rw !x
eeprom           0x0000000000810000 0x0000000000010000 rw !x
fuse             0x0000000000820000 0x0000000000000400 rw !x
lock             0x0000000000830000 0x0000000000000400 rw !x
signature        0x0000000000840000 0x0000000000000400 rw !x
*default*        0x0000000000000000 0xffffffffffffffff

Linker script and memory map

LOAD /usr/lib/gcc/avr/5.2.0/../../../../avr/lib/avrxmega4/crtatxmega64a3u.o
Address of section .configSec set to 0x803000
LOAD ./twi/eeprom.o
LOAD ./twi/eeprom_driver.o
LOAD ./twi/testTwi.o
LOAD ./twi/twi-master.o
LOAD ./twi/twi-slave.o
LOAD ./timer/tc.o
LOAD ./power-state/power-state.o
LOAD ./gfx/action_menu/action_menu_factory.o
LOAD ./gfx/action_menu/gfx_action_menu.o
LOAD ./gfx/gfx_utils.o
LOAD ./gfx/keypad.o
LOAD ./gfx/menu-handler.o
LOAD ./adc/adc.o
LOAD ./ASF/xmega/drivers/spi/spi.o
LOAD ./ASF/xmega/drivers/nvm/nvm.o
LOAD ./ASF/xmega/drivers/nvm/nvm_asm.o
LOAD ./ASF/xmega/drivers/cpu/ccp.o
LOAD ./ASF/xmega/drivers/adc/xmega_aau/adc_aau.o
LOAD ./ASF/xmega/drivers/adc/adc.o
LOAD ./ASF/xmega/boards/stk600/rc064x/init.o
LOAD ./ASF/common/services/spi/xmega_spi/spi_master.o
LOAD ./ASF/common/services/sleepmgr/xmega/sleepmgr.o
LOAD ./ASF/common/services/ioport/xmega/ioport_compat.o
LOAD ./ASF/common/services/gfx_mono/gfx_mono_framebuffer.o
LOAD ./ASF/common/services/gfx_mono/gfx_mono_generic.o
LOAD ./ASF/common/services/gfx_mono/gfx_mono_menu.o
LOAD ./ASF/common/services/gfx_mono/gfx_mono_text.o
LOAD ./ASF/common/services/gfx_mono/gfx_mono_ug_2832hsweg04.o
LOAD ./ASF/common/services/gfx_mono/sysfont.o
LOAD ./ASF/common/services/clock/xmega/sysclk.o
LOAD ./ASF/common/components/display/ssd1306/font.o
LOAD ./ASF/common/components/display/ssd1306/ssd1306.o
LOAD ./main.o
START GROUP
LOAD /usr/lib/gcc/avr/5.2.0/avrxmega4/libgcc.a
LOAD /usr/lib/gcc/avr/5.2.0/../../../../avr/lib/avrxmega4/libm.a
LOAD /usr/lib/gcc/avr/5.2.0/../../../../avr/lib/avrxmega4/libc.a
LOAD /usr/lib/gcc/avr/5.2.0/../../../../avr/lib/avrxmega4/libatxmega64a3u.a
END GROUP

.hash
 *(.hash)

.dynsym
 *(.dynsym)

.dynstr
 *(.dynstr)

.gnu.version
 *(.gnu.version)

.gnu.version_d
 *(.gnu.version_d)

.gnu.version_r
 *(.gnu.version_r)

.rel.init
 *(.rel.init)

.rela.init
 *(.rela.init)

.rel.text
 *(.rel.text)
 *(.rel.text.*)
 *(.rel.gnu.linkonce.t*)

.rela.text
 *(.rela.text)
 *(.rela.text.*)
 *(.rela.gnu.linkonce.t*)

.rel.fini
 *(.rel.fini)

.rela.fini
 *(.rela.fini)

.rel.rodata
 *(.rel.rodata)
 *(.rel.rodata.*)
 *(.rel.gnu.linkonce.r*)

.rela.rodata
 *(.rela.rodata)
 *(.rela.rodata.*)
 *(.rela.gnu.linkonce.r*)

.rel.data
 *(.rel.data)
 *(.rel.data.*)
 *(.rel.gnu.linkonce.d*)

.rela.data
 *(.rela.data)
 *(.rela.data.*)
 *(.rela.gnu.linkonce.d*)

.rel.ctors
 *(.rel.ctors)

.rela.ctors
 *(.rela.ctors)

.rel.dtors
 *(.rel.dtors)

.rela.dtors
 *(.rela.dtors)

.rel.got
 *(.rel.got)

.rela.got
 *(.rela.got)

.rel.bss
 *(.rel.bss)

.rela.bss
 *(.rela.bss)

.rel.plt
 *(.rel.plt)

.rela.plt
 *(.rela.plt)

.text           0x0000000000000000     0x3cf2
 *(.vectors)
 .vectors       0x0000000000000000      0x1fc /usr/lib/gcc/avr/5.2.0/../../../../avr/lib/avrxmega4/crtatxmega64a3u.o
                0x0000000000000000                __vectors
                0x0000000000000000                __vector_default
 *(.vectors)
 *(.progmem.gcc*)
                0x00000000000001fc                . = ALIGN (0x2)
                0x00000000000001fc                __trampolines_start = .
 *(.trampolines)
 .trampolines   0x00000000000001fc        0x0 linker stubs
 *(.trampolines*)
                0x00000000000001fc                __trampolines_end = .
 *(.progmem*)
 .progmem.data.arrow_right_data
                0x00000000000001fc        0x4 ./ASF/common/services/gfx_mono/gfx_mono_menu.o
                0x00000000000001fc                arrow_right_data
 .progmem.data.sysfont_glyphs
                0x0000000000000200      0x2a0 ./ASF/common/services/gfx_mono/sysfont.o
 .progmem.data.main_menu_title6
                0x00000000000004a0        0x8 ./main.o
                0x00000000000004a0                main_menu_title6
 .progmem.data.main_menu_title3
                0x00000000000004a8        0xb ./main.o
                0x00000000000004a8                main_menu_title3
 .progmem.data.main_menu_title2
                0x00000000000004b3       0x15 ./main.o
                0x00000000000004b3                main_menu_title2
 .progmem.data.main_menu_6
                0x00000000000004c8        0xd ./main.o
                0x00000000000004c8                main_menu_6
 .progmem.data.main_menu_5
                0x00000000000004d5        0xb ./main.o
                0x00000000000004d5                main_menu_5
 .progmem.data.main_menu_4
                0x00000000000004e0        0xf ./main.o
                0x00000000000004e0                main_menu_4
 .progmem.data.main_menu_3
                0x00000000000004ef        0xa ./main.o
                0x00000000000004ef                main_menu_3
 .progmem.data.main_menu_2
                0x00000000000004f9       0x14 ./main.o
                0x00000000000004f9                main_menu_2
 .progmem.data.main_menu_1
                0x000000000000050d       0x13 ./main.o
                0x000000000000050d                main_menu_1
 .progmem.data.main_menu_title
                0x0000000000000520       0x10 ./main.o
                0x0000000000000520                main_menu_title
 .progmem.data.sub_menu_title1
                0x0000000000000530        0xb ./main.o
                0x0000000000000530                sub_menu_title1
 .progmem.data.sub_menu_2
                0x000000000000053b        0xd ./main.o
                0x000000000000053b                sub_menu_2
 .progmem.data.sub_menu_1
                0x0000000000000548        0xa ./main.o
                0x0000000000000548                sub_menu_1
 .progmem.data.sub_menu_title
                0x0000000000000552       0x14 ./main.o
                0x0000000000000552                sub_menu_title
                0x0000000000000566                . = ALIGN (0x2)
 *(.jumptables)
 *(.jumptables*)
 *(.lowtext)
 *(.lowtext*)
                0x0000000000000566                __ctors_start = .
 *(.ctors)
                0x0000000000000566                __ctors_end = .
                0x0000000000000566                __dtors_start = .
 *(.dtors)
                0x0000000000000566                __dtors_end = .
 SORT(*)(.ctors)
 SORT(*)(.dtors)
 *(.init0)
 .init0         0x0000000000000566        0x0 /usr/lib/gcc/avr/5.2.0/../../../../avr/lib/avrxmega4/crtatxmega64a3u.o
                0x0000000000000566                __init
 *(.init0)
 *(.init1)
 *(.init1)
 *(.init2)
 .init2         0x0000000000000566        0xc /usr/lib/gcc/avr/5.2.0/../../../../avr/lib/avrxmega4/crtatxmega64a3u.o
 *(.init2)
 *(.init3)
 *(.init3)
 *(.init4)
 .init4         0x0000000000000572       0x1a /usr/lib/gcc/avr/5.2.0/avrxmega4/libgcc.a(_copy_data.o)
                0x0000000000000572                __do_copy_data
 .init4         0x000000000000058c       0x10 /usr/lib/gcc/avr/5.2.0/avrxmega4/libgcc.a(_clear_bss.o)
                0x000000000000058c                __do_clear_bss
 *(.init4)
 *(.init5)
 *(.init5)
 *(.init6)
 *(.init6)
 *(.init7)
 *(.init7)
 *(.init8)
 *(.init8)
 *(.init9)
 .init9         0x000000000000059c        0x8 /usr/lib/gcc/avr/5.2.0/../../../../avr/lib/avrxmega4/crtatxmega64a3u.o
 *(.init9)
 *(.text)
 .text          0x00000000000005a4        0x4 /usr/lib/gcc/avr/5.2.0/../../../../avr/lib/avrxmega4/crtatxmega64a3u.o
                0x00000000000005a4                __vector_38
                0x00000000000005a4                __vector_22
                0x00000000000005a4                __vector_63
                0x00000000000005a4                __vector_28
                0x00000000000005a4                __vector_67
                0x00000000000005a4                __vector_1
                0x00000000000005a4                __vector_119
                0x00000000000005a4                __vector_32
                0x00000000000005a4                __vector_75
                0x00000000000005a4                __vector_91
                0x00000000000005a4                __vector_34
                0x00000000000005a4                __vector_62
                0x00000000000005a4                __vector_77
                0x00000000000005a4                __vector_102
                0x00000000000005a4                __vector_24
                0x00000000000005a4                __vector_12
                0x00000000000005a4                __vector_55
                0x00000000000005a4                __vector_69
                0x00000000000005a4                __vector_81
                0x00000000000005a4                __vector_90
                0x00000000000005a4                __vector_46
                0x00000000000005a4                __bad_interrupt
                0x00000000000005a4                __vector_122
                0x00000000000005a4                __vector_114
                0x00000000000005a4                __vector_6
                0x00000000000005a4                __vector_110
                0x00000000000005a4                __vector_31
                0x00000000000005a4                __vector_92
                0x00000000000005a4                __vector_35
                0x00000000000005a4                __vector_78
                0x00000000000005a4                __vector_117
                0x00000000000005a4                __vector_107
                0x00000000000005a4                __vector_3
                0x00000000000005a4                __vector_105
                0x00000000000005a4                __vector_98
                0x00000000000005a4                __vector_23
                0x00000000000005a4                __vector_68
                0x00000000000005a4                __vector_30
                0x00000000000005a4                __vector_25
                0x00000000000005a4                __vector_93
                0x00000000000005a4                __vector_61
                0x00000000000005a4                __vector_11
                0x00000000000005a4                __vector_54
                0x00000000000005a4                __vector_99
                0x00000000000005a4                __vector_17
                0x00000000000005a4                __vector_19
                0x00000000000005a4                __vector_56
                0x00000000000005a4                __vector_7
                0x00000000000005a4                __vector_125
                0x00000000000005a4                __vector_49
                0x00000000000005a4                __vector_123
                0x00000000000005a4                __vector_86
                0x00000000000005a4                __vector_100
                0x00000000000005a4                __vector_101
                0x00000000000005a4                __vector_64
                0x00000000000005a4                __vector_88
                0x00000000000005a4                __vector_109
                0x00000000000005a4                __vector_43
                0x00000000000005a4                __vector_27
                0x00000000000005a4                __vector_5
                0x00000000000005a4                __vector_113
                0x00000000000005a4                __vector_33
                0x00000000000005a4                __vector_76
                0x00000000000005a4                __vector_115
                0x00000000000005a4                __vector_47
                0x00000000000005a4                __vector_52
                0x00000000000005a4                __vector_37
                0x00000000000005a4                __vector_95
                0x00000000000005a4                __vector_103
                0x00000000000005a4                __vector_96
                0x00000000000005a4                __vector_89
                0x00000000000005a4                __vector_108
                0x00000000000005a4                __vector_4
                0x00000000000005a4                __vector_44
                0x00000000000005a4                __vector_82
                0x00000000000005a4                __vector_106
                0x00000000000005a4                __vector_118
                0x00000000000005a4                __vector_51
                0x00000000000005a4                __vector_9
                0x00000000000005a4                __vector_2
                0x00000000000005a4                __vector_21
                0x00000000000005a4                __vector_15
                0x00000000000005a4                __vector_66
                0x00000000000005a4                __vector_36
                0x00000000000005a4                __vector_79
                0x00000000000005a4                __vector_58
                0x00000000000005a4                __vector_70
                0x00000000000005a4                __vector_83
                0x00000000000005a4                __vector_29
                0x00000000000005a4                __vector_60
                0x00000000000005a4                __vector_121
                0x00000000000005a4                __vector_85
                0x00000000000005a4                __vector_94
                0x00000000000005a4                __vector_126
                0x00000000000005a4                __vector_8
                0x00000000000005a4                __vector_26
                0x00000000000005a4                __vector_48
                0x00000000000005a4                __vector_124
                0x00000000000005a4                __vector_116
                0x00000000000005a4                __vector_112
                0x00000000000005a4                __vector_111
                0x00000000000005a4                __vector_80
                0x00000000000005a4                __vector_84
                0x00000000000005a4                __vector_57
                0x00000000000005a4                __vector_53
                0x00000000000005a4                __vector_10
                0x00000000000005a4                __vector_50
                0x00000000000005a4                __vector_16
                0x00000000000005a4                __vector_59
                0x00000000000005a4                __vector_18
                0x00000000000005a4                __vector_97
                0x00000000000005a4                __vector_20
                0x00000000000005a4                __vector_87
                0x00000000000005a4                __vector_65
                0x00000000000005a4                __vector_120
 .text          0x00000000000005a8        0x0 ./twi/eeprom.o
 .text          0x00000000000005a8        0x0 ./twi/eeprom_driver.o
 .text          0x00000000000005a8        0x0 ./twi/testTwi.o
 .text          0x00000000000005a8        0x0 ./twi/twi-master.o
 .text          0x00000000000005a8        0x0 ./twi/twi-slave.o
 .text          0x00000000000005a8        0x0 ./timer/tc.o
 .text          0x00000000000005a8        0x0 ./power-state/power-state.o
 .text          0x00000000000005a8        0x0 ./gfx/action_menu/action_menu_factory.o
 .text          0x00000000000005a8        0x0 ./gfx/action_menu/gfx_action_menu.o
 .text          0x00000000000005a8        0x0 ./gfx/gfx_utils.o
 .text          0x00000000000005a8        0x0 ./gfx/keypad.o
 .text          0x00000000000005a8        0x0 ./gfx/menu-handler.o
 .text          0x00000000000005a8        0x0 ./adc/adc.o
 .text          0x00000000000005a8        0x0 ./ASF/xmega/drivers/spi/spi.o
 .text          0x00000000000005a8        0x0 ./ASF/xmega/drivers/nvm/nvm.o
 .text          0x00000000000005a8        0x0 ./ASF/xmega/drivers/nvm/nvm_asm.o
 .text          0x00000000000005a8        0x0 ./ASF/xmega/drivers/cpu/ccp.o
 .text          0x00000000000005a8        0x0 ./ASF/xmega/drivers/adc/xmega_aau/adc_aau.o
 .text          0x00000000000005a8        0x0 ./ASF/xmega/drivers/adc/adc.o
 .text          0x00000000000005a8        0x0 ./ASF/xmega/boards/stk600/rc064x/init.o
 .text          0x00000000000005a8        0x0 ./ASF/common/services/spi/xmega_spi/spi_master.o
 .text          0x00000000000005a8        0x0 ./ASF/common/services/sleepmgr/xmega/sleepmgr.o
 .text          0x00000000000005a8        0x0 ./ASF/common/services/ioport/xmega/ioport_compat.o
 .text          0x00000000000005a8        0x0 ./ASF/common/services/gfx_mono/gfx_mono_framebuffer.o
 .text          0x00000000000005a8        0x0 ./ASF/common/services/gfx_mono/gfx_mono_generic.o
 .text          0x00000000000005a8        0x0 ./ASF/common/services/gfx_mono/gfx_mono_menu.o
 .text          0x00000000000005a8        0x0 ./ASF/common/services/gfx_mono/gfx_mono_text.o
 .text          0x00000000000005a8        0x0 ./ASF/common/services/gfx_mono/gfx_mono_ug_2832hsweg04.o
 .text          0x00000000000005a8        0x0 ./ASF/common/services/gfx_mono/sysfont.o
 .text          0x00000000000005a8        0x0 ./ASF/common/services/clock/xmega/sysclk.o
 .text          0x00000000000005a8        0x0 ./ASF/common/components/display/ssd1306/font.o
 .text          0x00000000000005a8        0x0 ./ASF/common/components/display/ssd1306/ssd1306.o
 .text          0x00000000000005a8        0x0 ./main.o
 .text          0x00000000000005a8        0x0 /usr/lib/gcc/avr/5.2.0/avrxmega4/libgcc.a(_udivmodqi4.o)
 .text          0x00000000000005a8        0x0 /usr/lib/gcc/avr/5.2.0/avrxmega4/libgcc.a(_udivmodsi4.o)
 .text          0x00000000000005a8        0x0 /usr/lib/gcc/avr/5.2.0/avrxmega4/libgcc.a(_divmodsi4.o)
 .text          0x00000000000005a8        0x0 /usr/lib/gcc/avr/5.2.0/avrxmega4/libgcc.a(_negsi2.o)
 .text          0x00000000000005a8        0x0 /usr/lib/gcc/avr/5.2.0/avrxmega4/libgcc.a(_exit.o)
 .text          0x00000000000005a8        0x0 /usr/lib/gcc/avr/5.2.0/avrxmega4/libgcc.a(_copy_data.o)
 .text          0x00000000000005a8        0x0 /usr/lib/gcc/avr/5.2.0/avrxmega4/libgcc.a(_clear_bss.o)
 .text          0x00000000000005a8        0x0 /usr/lib/gcc/avr/5.2.0/../../../../avr/lib/avrxmega4/libm.a(fixsfsi.o)
 .text          0x00000000000005a8        0x0 /usr/lib/gcc/avr/5.2.0/../../../../avr/lib/avrxmega4/libm.a(fixunssfsi.o)
 .text          0x00000000000005a8        0x0 /usr/lib/gcc/avr/5.2.0/../../../../avr/lib/avrxmega4/libm.a(floatsisf.o)
 .text          0x00000000000005a8        0x0 /usr/lib/gcc/avr/5.2.0/../../../../avr/lib/avrxmega4/libm.a(fp_split3.o)
 .text          0x00000000000005a8        0x0 /usr/lib/gcc/avr/5.2.0/../../../../avr/lib/avrxmega4/libm.a(fp_zero.o)
 .text          0x00000000000005a8        0x0 /usr/lib/gcc/avr/5.2.0/../../../../avr/lib/avrxmega4/libm.a(mulsf3.o)
 .text          0x00000000000005a8        0x0 /usr/lib/gcc/avr/5.2.0/../../../../avr/lib/avrxmega4/libm.a(mulsf3x.o)
 .text          0x00000000000005a8        0x0 /usr/lib/gcc/avr/5.2.0/../../../../avr/lib/avrxmega4/libm.a(round.o)
 .text          0x00000000000005a8        0x0 /usr/lib/gcc/avr/5.2.0/../../../../avr/lib/avrxmega4/libm.a(fp_inf.o)
 .text          0x00000000000005a8        0x0 /usr/lib/gcc/avr/5.2.0/../../../../avr/lib/avrxmega4/libm.a(fp_mintl.o)
 .text          0x00000000000005a8        0x0 /usr/lib/gcc/avr/5.2.0/../../../../avr/lib/avrxmega4/libm.a(fp_mpack.o)
 .text          0x00000000000005a8        0x0 /usr/lib/gcc/avr/5.2.0/../../../../avr/lib/avrxmega4/libm.a(fp_nan.o)
 .text          0x00000000000005a8        0x0 /usr/lib/gcc/avr/5.2.0/../../../../avr/lib/avrxmega4/libm.a(fp_pscA.o)
 .text          0x00000000000005a8        0x0 /usr/lib/gcc/avr/5.2.0/../../../../avr/lib/avrxmega4/libm.a(fp_pscB.o)
 .text          0x00000000000005a8        0x0 /usr/lib/gcc/avr/5.2.0/../../../../avr/lib/avrxmega4/libm.a(fp_round.o)
 .text          0x00000000000005a8        0x0 /usr/lib/gcc/avr/5.2.0/../../../../avr/lib/avrxmega4/libc.a(memcpy.o)
 .text          0x00000000000005a8        0x0 /usr/lib/gcc/avr/5.2.0/../../../../avr/lib/avrxmega4/libc.a(itoa_ncheck.o)
 .text          0x00000000000005a8        0x0 /usr/lib/gcc/avr/5.2.0/../../../../avr/lib/avrxmega4/libc.a(utoa_ncheck.o)
 .text          0x00000000000005a8        0x0 /usr/lib/gcc/avr/5.2.0/../../../../avr/lib/avrxmega4/libc.a(strrev.o)
                0x00000000000005a8                . = ALIGN (0x2)
 *(.text.*)
 .text.twi_EEPROM_WriteByte
                0x00000000000005a8       0x10 ./twi/eeprom.o
                0x00000000000005a8                twi_EEPROM_WriteByte
 .text.twi_EEPROM_ReadByte
                0x00000000000005b8        0xe ./twi/eeprom.o
                0x00000000000005b8                twi_EEPROM_ReadByte
 .text.EEPROM_WaitForNVM
                0x00000000000005c6        0xa ./twi/eeprom_driver.o
                0x00000000000005c6                EEPROM_WaitForNVM
 .text.EEPROM_ReadByte
                0x00000000000005d0       0x58 ./twi/eeprom_driver.o
                0x00000000000005d0                EEPROM_ReadByte
 .text.EEPROM_FlushBuffer
                0x0000000000000628       0x30 ./twi/eeprom_driver.o
                0x0000000000000628                EEPROM_FlushBuffer
 .text.EEPROM_WriteByte
                0x0000000000000658       0x64 ./twi/eeprom_driver.o
                0x0000000000000658                EEPROM_WriteByte
 .text.EEPROM_LoadByte
                0x00000000000006bc       0x30 ./twi/eeprom_driver.o
                0x00000000000006bc                EEPROM_LoadByte
 .text.EEPROM_LoadPage
                0x00000000000006ec       0x30 ./twi/eeprom_driver.o
                0x00000000000006ec                EEPROM_LoadPage
 .text.EEPROM_AtomicWritePage
                0x000000000000071c       0x4c ./twi/eeprom_driver.o
                0x000000000000071c                EEPROM_AtomicWritePage
 .text.EEPROM_ErasePage
                0x0000000000000768       0x4c ./twi/eeprom_driver.o
                0x0000000000000768                EEPROM_ErasePage
 .text.EEPROM_SplitWritePage
                0x00000000000007b4       0x4c ./twi/eeprom_driver.o
                0x00000000000007b4                EEPROM_SplitWritePage
 .text.EEPROM_EraseAll
                0x0000000000000800       0x28 ./twi/eeprom_driver.o
                0x0000000000000800                EEPROM_EraseAll
 .text.sendWritePackage
                0x0000000000000828       0x48 ./twi/testTwi.o
                0x0000000000000828                sendWritePackage
 .text.sendReadPackage
                0x0000000000000870       0x3e ./twi/testTwi.o
                0x0000000000000870                sendReadPackage
 .text.twi_master_init
                0x00000000000008ae       0x16 ./twi/twi-master.o
                0x00000000000008ae                twi_master_init
 .text.reset    0x00000000000008c4       0x16 ./twi/twi-master.o
                0x00000000000008c4                reset
 .text.sendAddress
                0x00000000000008da       0x12 ./twi/twi-master.o
                0x00000000000008da                sendAddress
 .text.SendReadRequest
                0x00000000000008ec       0x14 ./twi/twi-master.o
                0x00000000000008ec                SendReadRequest
 .text.SendPackage
                0x0000000000000900       0x22 ./twi/twi-master.o
                0x0000000000000900                SendPackage
 .text.SendAck  0x0000000000000922        0x8 ./twi/twi-master.o
                0x0000000000000922                SendAck
 .text.SendStop
                0x000000000000092a        0x8 ./twi/twi-master.o
                0x000000000000092a                SendStop
 .text.SendNextData
                0x0000000000000932       0x2a ./twi/twi-master.o
                0x0000000000000932                SendNextData
 .text.handleGetData
                0x000000000000095c       0x1e ./twi/twi-master.o
                0x000000000000095c                handleGetData
 .text.handleSendData
                0x000000000000097a       0x34 ./twi/twi-master.o
                0x000000000000097a                handleSendData
 .text.handleError
                0x00000000000009ae       0x1e ./twi/twi-master.o
                0x00000000000009ae                handleError
 .text.handleBusError
                0x00000000000009cc        0x4 ./twi/twi-master.o
                0x00000000000009cc                handleBusError
 .text.handleArbitrationError
                0x00000000000009d0        0x4 ./twi/twi-master.o
                0x00000000000009d0                handleArbitrationError
 .text.handleAddressNotAcknowledged
                0x00000000000009d4        0x2 ./twi/twi-master.o
                0x00000000000009d4                handleAddressNotAcknowledged
 .text.InterruptHandler
                0x00000000000009d6       0x26 ./twi/twi-master.o
                0x00000000000009d6                InterruptHandler
 .text.twi_slave_init
                0x00000000000009fc       0x12 ./twi/twi-slave.o
                0x00000000000009fc                twi_slave_init
 .text.clear    0x0000000000000a0e        0x2 ./twi/twi-slave.o
                0x0000000000000a0e                clear
 .text.clear_addresses
                0x0000000000000a10        0xa ./twi/twi-slave.o
                0x0000000000000a10                clear_addresses
 .text.TWI_ACK  0x0000000000000a1a        0x8 ./twi/twi-slave.o
                0x0000000000000a1a                TWI_ACK
 .text.TWI_NACK
                0x0000000000000a22        0x8 ./twi/twi-slave.o
                0x0000000000000a22                TWI_NACK
 .text.TWI_CLEAR_APIF
                0x0000000000000a2a        0xc ./twi/twi-slave.o
                0x0000000000000a2a                TWI_CLEAR_APIF
 .text.TWI_CLEAR_DIF
                0x0000000000000a36        0xc ./twi/twi-slave.o
                0x0000000000000a36                TWI_CLEAR_DIF
 .text.TWI_EndTransmission
                0x0000000000000a42        0x2 ./twi/twi-slave.o
                0x0000000000000a42                TWI_EndTransmission
 .text.handleRead
                0x0000000000000a44       0x24 ./twi/twi-slave.o
                0x0000000000000a44                handleRead
 .text.handleWrite
                0x0000000000000a68       0x1e ./twi/twi-slave.o
                0x0000000000000a68                handleWrite
 .text.TWI_SlaveAddressMatchHandler
                0x0000000000000a86       0x3e ./twi/twi-slave.o
                0x0000000000000a86                TWI_SlaveAddressMatchHandler
 .text.TWI_SlaveStopHandler
                0x0000000000000ac4        0x4 ./twi/twi-slave.o
                0x0000000000000ac4                TWI_SlaveStopHandler
 .text.TWI_SlaveReadDataHandler
                0x0000000000000ac8       0x30 ./twi/twi-slave.o
                0x0000000000000ac8                TWI_SlaveReadDataHandler
 .text.TWI_SlaveWriteDataHandler
                0x0000000000000af8       0x1a ./twi/twi-slave.o
                0x0000000000000af8                TWI_SlaveWriteDataHandler
 .text.TWI_SaveAddress
                0x0000000000000b12       0x20 ./twi/twi-slave.o
                0x0000000000000b12                TWI_SaveAddress
 .text.TWI_interrupt_handler
                0x0000000000000b32       0x34 ./twi/twi-slave.o
                0x0000000000000b32                TWI_interrupt_handler
 .text.tc_init  0x0000000000000b66       0x26 ./timer/tc.o
                0x0000000000000b66                tc_init
 .text.TC0_ConfigClockSource
                0x0000000000000b8c        0xc ./timer/tc.o
                0x0000000000000b8c                TC0_ConfigClockSource
 .text.TC1_ConfigClockSource
                0x0000000000000b98        0xc ./timer/tc.o
                0x0000000000000b98                TC1_ConfigClockSource
 .text.TC0_ConfigWGM
                0x0000000000000ba4        0xc ./timer/tc.o
                0x0000000000000ba4                TC0_ConfigWGM
 .text.TC1_ConfigWGM
                0x0000000000000bb0        0xc ./timer/tc.o
                0x0000000000000bb0                TC1_ConfigWGM
 .text.TC0_ConfigInputCapture
                0x0000000000000bbc        0xe ./timer/tc.o
                0x0000000000000bbc                TC0_ConfigInputCapture
 .text.TC1_ConfigInputCapture
                0x0000000000000bca        0xe ./timer/tc.o
                0x0000000000000bca                TC1_ConfigInputCapture
 .text.TC0_EnableCCChannels
                0x0000000000000bd8        0xc ./timer/tc.o
                0x0000000000000bd8                TC0_EnableCCChannels
 .text.TC1_EnableCCChannels
                0x0000000000000be4        0xc ./timer/tc.o
                0x0000000000000be4                TC1_EnableCCChannels
 .text.TC0_DisableCCChannels
                0x0000000000000bf0        0xe ./timer/tc.o
                0x0000000000000bf0                TC0_DisableCCChannels
 .text.TC1_DisableCCChannels
                0x0000000000000bfe        0xe ./timer/tc.o
                0x0000000000000bfe                TC1_DisableCCChannels
 .text.TC0_SetOverflowIntLevel
                0x0000000000000c0c        0xc ./timer/tc.o
                0x0000000000000c0c                TC0_SetOverflowIntLevel
 .text.TC1_SetOverflowIntLevel
                0x0000000000000c18        0xc ./timer/tc.o
                0x0000000000000c18                TC1_SetOverflowIntLevel
 .text.TC0_SetErrorIntLevel
                0x0000000000000c24        0xc ./timer/tc.o
                0x0000000000000c24                TC0_SetErrorIntLevel
 .text.TC1_SetErrorIntLevel
                0x0000000000000c30        0xc ./timer/tc.o
                0x0000000000000c30                TC1_SetErrorIntLevel
 .text.TC0_SetCCAIntLevel
                0x0000000000000c3c        0xc ./timer/tc.o
                0x0000000000000c3c                TC0_SetCCAIntLevel
 .text.TC1_SetCCAIntLevel
                0x0000000000000c48        0xc ./timer/tc.o
                0x0000000000000c48                TC1_SetCCAIntLevel
 .text.TC0_SetCCBIntLevel
                0x0000000000000c54        0xc ./timer/tc.o
                0x0000000000000c54                TC0_SetCCBIntLevel
 .text.TC1_SetCCBIntLevel
                0x0000000000000c60        0xc ./timer/tc.o
                0x0000000000000c60                TC1_SetCCBIntLevel
 .text.TC0_SetCCCIntLevel
                0x0000000000000c6c        0xc ./timer/tc.o
                0x0000000000000c6c                TC0_SetCCCIntLevel
 .text.TC0_SetCCDIntLevel
                0x0000000000000c78        0xc ./timer/tc.o
                0x0000000000000c78                TC0_SetCCDIntLevel
 .text.TC0_Reset
                0x0000000000000c84        0xe ./timer/tc.o
                0x0000000000000c84                TC0_Reset
 .text.TC1_Reset
                0x0000000000000c92        0xe ./timer/tc.o
                0x0000000000000c92                TC1_Reset
 .text.changePowerState
                0x0000000000000ca0       0x36 ./power-state/power-state.o
                0x0000000000000ca0                changePowerState
 .text.showState
                0x0000000000000cd6       0x24 ./power-state/power-state.o
                0x0000000000000cd6                showState
 .text.__portable_avr_delay_cycles.constprop.1
                0x0000000000000cfa        0x2 ./gfx/action_menu/gfx_action_menu.o
 .text.ssd1306_write_command
                0x0000000000000cfc       0x46 ./gfx/action_menu/gfx_action_menu.o
 .text.gfx_action_menu_init
                0x0000000000000d42       0x12 ./gfx/action_menu/gfx_action_menu.o
                0x0000000000000d42                gfx_action_menu_init
 .text.showMenu
                0x0000000000000d54       0x1a ./gfx/action_menu/gfx_action_menu.o
                0x0000000000000d54                showMenu
 .text.showThisMenu
                0x0000000000000d6e        0xc ./gfx/action_menu/gfx_action_menu.o
                0x0000000000000d6e                showThisMenu
 .text.writeText
                0x0000000000000d7a       0x36 ./gfx/action_menu/gfx_action_menu.o
                0x0000000000000d7a                writeText
 .text.showData
                0x0000000000000db0       0x2a ./gfx/action_menu/gfx_action_menu.o
                0x0000000000000db0                showData
 .text.showSplash
                0x0000000000000dda        0x8 ./gfx/action_menu/gfx_action_menu.o
                0x0000000000000dda                showSplash
 .text.updateDataByType
                0x0000000000000de2       0x1e ./gfx/action_menu/gfx_action_menu.o
                0x0000000000000de2                updateDataByType
 .text.gfx_action_menu_process_key
                0x0000000000000e00      0x142 ./gfx/action_menu/gfx_action_menu.o
                0x0000000000000e00                gfx_action_menu_process_key
 .text.printHorizontalLine
                0x0000000000000f42       0x10 ./gfx/gfx_utils.o
                0x0000000000000f42                printHorizontalLine
 .text.printVerticalLine
                0x0000000000000f52       0x12 ./gfx/gfx_utils.o
                0x0000000000000f52                printVerticalLine
 .text.gfx_item_draw
                0x0000000000000f64       0x4c ./gfx/gfx_utils.o
                0x0000000000000f64                gfx_item_draw
 .text.gfx_item_init
                0x0000000000000fb0       0x1a ./gfx/gfx_utils.o
                0x0000000000000fb0                gfx_item_init
 .text.gfx_label_init
                0x0000000000000fca       0x46 ./gfx/gfx_utils.o
                0x0000000000000fca                gfx_label_init
 .text.gfx_label_with_font_init
                0x0000000000001010       0x2c ./gfx/gfx_utils.o
                0x0000000000001010                gfx_label_with_font_init
 .text.gfx_label_draw
                0x000000000000103c       0x2a ./gfx/gfx_utils.o
                0x000000000000103c                gfx_label_draw
 .text.gfx_image_init
                0x0000000000001066       0x28 ./gfx/gfx_utils.o
                0x0000000000001066                gfx_image_init
 .text.gfx_image_draw
                0x000000000000108e       0x1a ./gfx/gfx_utils.o
                0x000000000000108e                gfx_image_draw
 .text.getButtonStatus
                0x00000000000010a8       0x3a ./gfx/keypad.o
                0x00000000000010a8                getButtonStatus
 .text.getLeftButtonStatus
                0x00000000000010e2        0xa ./gfx/keypad.o
                0x00000000000010e2                getLeftButtonStatus
 .text.getRightButtonStatus
                0x00000000000010ec        0xa ./gfx/keypad.o
                0x00000000000010ec                getRightButtonStatus
 .text.getHoldStatus
                0x00000000000010f6       0x16 ./gfx/keypad.o
                0x00000000000010f6                getHoldStatus
 .text.getSelectButtonStatus
                0x000000000000110c       0x16 ./gfx/keypad.o
                0x000000000000110c                getSelectButtonStatus
 .text.getPressedKey
                0x0000000000001122       0x4e ./gfx/keypad.o
                0x0000000000001122                getPressedKey
 .text.__portable_avr_delay_cycles.constprop.0
                0x0000000000001170       0x10 ./gfx/menu-handler.o
 .text.enterBootloaderMode
                0x0000000000001180        0xc ./gfx/menu-handler.o
                0x0000000000001180                enterBootloaderMode
 .text.menu_handler
                0x000000000000118c       0x4a ./gfx/menu-handler.o
                0x000000000000118c                menu_handler
 .text.delay    0x00000000000011d6        0x4 ./gfx/menu-handler.o
                0x00000000000011d6                delay
 .text.isBootloaderState
                0x00000000000011da        0x8 ./gfx/menu-handler.o
                0x00000000000011da                isBootloaderState
 .text.rightButtonPressed
                0x00000000000011e2       0x12 ./gfx/menu-handler.o
                0x00000000000011e2                rightButtonPressed
 .text.handleBack
                0x00000000000011f4       0x22 ./gfx/menu-handler.o
                0x00000000000011f4                handleBack
 .text.selectButtonPressed
                0x0000000000001216       0x1c ./gfx/menu-handler.o
                0x0000000000001216                selectButtonPressed
 .text.leftButtonPressed
                0x0000000000001232       0x12 ./gfx/menu-handler.o
                0x0000000000001232                leftButtonPressed
 .text.adc_init
                0x0000000000001244       0x7e ./adc/adc.o
                0x0000000000001244                adc_init
 .text.adc_avg  0x00000000000012c2       0x68 ./adc/adc.o
                0x00000000000012c2                adc_avg
 .text.setPowerString
                0x000000000000132a       0xae ./adc/adc.o
                0x000000000000132a                setPowerString
 .text.spi_xmega_set_baud_div
                0x00000000000013d8       0x9c ./ASF/xmega/drivers/spi/spi.o
                0x00000000000013d8                spi_xmega_set_baud_div
 .text.nvm_wait_until_ready
                0x0000000000001474        0xa ./ASF/xmega/drivers/nvm/nvm.o
 .text.nvm_read_production_signature_row
                0x000000000000147e        0xa ./ASF/xmega/drivers/nvm/nvm.o
 .text.nvm_issue_command
                0x0000000000001488       0x22 ./ASF/xmega/drivers/nvm/nvm.o
 .text.nvm_read_device_serial
                0x00000000000014aa       0x64 ./ASF/xmega/drivers/nvm/nvm.o
                0x00000000000014aa                nvm_read_device_serial
 .text.nvm_eeprom_read_byte
                0x000000000000150e       0x24 ./ASF/xmega/drivers/nvm/nvm.o
                0x000000000000150e                nvm_eeprom_read_byte
 .text.nvm_eeprom_read_buffer
                0x0000000000001532       0x5e ./ASF/xmega/drivers/nvm/nvm.o
                0x0000000000001532                nvm_eeprom_read_buffer
 .text.nvm_eeprom_flush_buffer
                0x0000000000001590       0x1e ./ASF/xmega/drivers/nvm/nvm.o
                0x0000000000001590                nvm_eeprom_flush_buffer
 .text.nvm_eeprom_load_byte_to_buffer
                0x00000000000015ae       0x38 ./ASF/xmega/drivers/nvm/nvm.o
                0x00000000000015ae                nvm_eeprom_load_byte_to_buffer
 .text.nvm_eeprom_write_byte
                0x00000000000015e6       0x62 ./ASF/xmega/drivers/nvm/nvm.o
                0x00000000000015e6                nvm_eeprom_write_byte
 .text.nvm_eeprom_load_page_to_buffer
                0x0000000000001648       0x28 ./ASF/xmega/drivers/nvm/nvm.o
                0x0000000000001648                nvm_eeprom_load_page_to_buffer
 .text.nvm_eeprom_atomic_write_page
                0x0000000000001670       0x30 ./ASF/xmega/drivers/nvm/nvm.o
                0x0000000000001670                nvm_eeprom_atomic_write_page
 .text.nvm_eeprom_erase_and_write_buffer
                0x00000000000016a0       0x7e ./ASF/xmega/drivers/nvm/nvm.o
                0x00000000000016a0                nvm_eeprom_erase_and_write_buffer
 .text.nvm_eeprom_split_write_page
                0x000000000000171e       0x30 ./ASF/xmega/drivers/nvm/nvm.o
                0x000000000000171e                nvm_eeprom_split_write_page
 .text.nvm_eeprom_fill_buffer_with_value
                0x000000000000174e       0x24 ./ASF/xmega/drivers/nvm/nvm.o
                0x000000000000174e                nvm_eeprom_fill_buffer_with_value
 .text.nvm_eeprom_erase_bytes_in_page
                0x0000000000001772       0x30 ./ASF/xmega/drivers/nvm/nvm.o
                0x0000000000001772                nvm_eeprom_erase_bytes_in_page
 .text.nvm_eeprom_erase_page
                0x00000000000017a2       0x12 ./ASF/xmega/drivers/nvm/nvm.o
                0x00000000000017a2                nvm_eeprom_erase_page
 .text.nvm_eeprom_erase_bytes_in_all_pages
                0x00000000000017b4        0xa ./ASF/xmega/drivers/nvm/nvm.o
                0x00000000000017b4                nvm_eeprom_erase_bytes_in_all_pages
 .text.nvm_eeprom_erase_all
                0x00000000000017be        0xa ./ASF/xmega/drivers/nvm/nvm.o
                0x00000000000017be                nvm_eeprom_erase_all
 .text.nvm_issue_flash_range_crc
                0x00000000000017c8       0x5a ./ASF/xmega/drivers/nvm/nvm.o
                0x00000000000017c8                nvm_issue_flash_range_crc
 .text.nvm_flash_read_buffer
                0x0000000000001822       0x4c ./ASF/xmega/drivers/nvm/nvm.o
                0x0000000000001822                nvm_flash_read_buffer
 .text.nvm_user_sig_read_buffer
                0x000000000000186e       0x40 ./ASF/xmega/drivers/nvm/nvm.o
                0x000000000000186e                nvm_user_sig_read_buffer
 .text.nvm_user_sig_write_buffer
                0x00000000000018ae      0x134 ./ASF/xmega/drivers/nvm/nvm.o
                0x00000000000018ae                nvm_user_sig_write_buffer
 .text.nvm_flash_erase_and_write_buffer
                0x00000000000019e2      0x128 ./ASF/xmega/drivers/nvm/nvm.o
                0x00000000000019e2                nvm_flash_erase_and_write_buffer
 .text.nvm_fuses_read
                0x0000000000001b0a       0x34 ./ASF/xmega/drivers/nvm/nvm.o
                0x0000000000001b0a                nvm_fuses_read
 .text.nvm_read_byte
                0x0000000000001b3e       0x14 ./ASF/xmega/drivers/nvm/nvm_asm.o
                0x0000000000001b3e                nvm_read_byte
 .text.ccp_write_io
                0x0000000000001b52        0xc ./ASF/xmega/drivers/cpu/ccp.o
                0x0000000000001b52                ccp_write_io
 .text.__vector_71
                0x0000000000001b5e       0x64 ./ASF/xmega/drivers/adc/xmega_aau/adc_aau.o
                0x0000000000001b5e                __vector_71
 .text.__vector_72
                0x0000000000001bc2       0x64 ./ASF/xmega/drivers/adc/xmega_aau/adc_aau.o
                0x0000000000001bc2                __vector_72
 .text.__vector_73
                0x0000000000001c26       0x64 ./ASF/xmega/drivers/adc/xmega_aau/adc_aau.o
                0x0000000000001c26                __vector_73
 .text.__vector_74
                0x0000000000001c8a       0x64 ./ASF/xmega/drivers/adc/xmega_aau/adc_aau.o
                0x0000000000001c8a                __vector_74
 .text.__vector_39
                0x0000000000001cee       0x64 ./ASF/xmega/drivers/adc/xmega_aau/adc_aau.o
                0x0000000000001cee                __vector_39
 .text.__vector_40
                0x0000000000001d52       0x64 ./ASF/xmega/drivers/adc/xmega_aau/adc_aau.o
                0x0000000000001d52                __vector_40
 .text.__vector_41
                0x0000000000001db6       0x64 ./ASF/xmega/drivers/adc/xmega_aau/adc_aau.o
                0x0000000000001db6                __vector_41
 .text.__vector_42
                0x0000000000001e1a       0x64 ./ASF/xmega/drivers/adc/xmega_aau/adc_aau.o
                0x0000000000001e1a                __vector_42
 .text.adc_write_configuration
                0x0000000000001e7e       0xbc ./ASF/xmega/drivers/adc/xmega_aau/adc_aau.o
                0x0000000000001e7e                adc_write_configuration
 .text.adc_read_configuration
                0x0000000000001f3a       0x4a ./ASF/xmega/drivers/adc/xmega_aau/adc_aau.o
                0x0000000000001f3a                adc_read_configuration
 .text.adcch_write_configuration
                0x0000000000001f84       0x94 ./ASF/xmega/drivers/adc/xmega_aau/adc_aau.o
                0x0000000000001f84                adcch_write_configuration
 .text.adcch_read_configuration
                0x0000000000002018       0x94 ./ASF/xmega/drivers/adc/xmega_aau/adc_aau.o
                0x0000000000002018                adcch_read_configuration
 .text.adc_set_callback
                0x00000000000020ac       0x28 ./ASF/xmega/drivers/adc/adc.o
                0x00000000000020ac                adc_set_callback
 .text.adc_enable_clock
                0x00000000000020d4       0x3e ./ASF/xmega/drivers/adc/adc.o
                0x00000000000020d4                adc_enable_clock
 .text.adc_disable_clock
                0x0000000000002112       0x3a ./ASF/xmega/drivers/adc/adc.o
                0x0000000000002112                adc_disable_clock
 .text.adc_enable
                0x000000000000214c       0x30 ./ASF/xmega/drivers/adc/adc.o
                0x000000000000214c                adc_enable
 .text.adc_disable
                0x000000000000217c       0x28 ./ASF/xmega/drivers/adc/adc.o
                0x000000000000217c                adc_disable
 .text.adc_is_enabled
                0x00000000000021a4       0x24 ./ASF/xmega/drivers/adc/adc.o
                0x00000000000021a4                adc_is_enabled
 .text.ioport_configure_pin
                0x00000000000021c8       0x28 ./ASF/xmega/boards/stk600/rc064x/init.o
 .text.board_init
                0x00000000000021f0       0xaa ./ASF/xmega/boards/stk600/rc064x/init.o
                0x00000000000021f0                board_init
 .text.spi_master_init
                0x000000000000229a       0x3e ./ASF/common/services/spi/xmega_spi/spi_master.o
                0x000000000000229a                spi_master_init
 .text.spi_master_setup_device
                0x00000000000022d8       0x44 ./ASF/common/services/spi/xmega_spi/spi_master.o
                0x00000000000022d8                spi_master_setup_device
 .text.spi_write_packet
                0x000000000000231c       0x24 ./ASF/common/services/spi/xmega_spi/spi_master.o
                0x000000000000231c                spi_write_packet
 .text.spi_read_packet
                0x0000000000002340       0x24 ./ASF/common/services/spi/xmega_spi/spi_master.o
                0x0000000000002340                spi_read_packet
 .text.spi_select_device
                0x0000000000002364       0x2c ./ASF/common/services/spi/xmega_spi/spi_master.o
                0x0000000000002364                spi_select_device
 .text.spi_deselect_device
                0x0000000000002390       0x2c ./ASF/common/services/spi/xmega_spi/spi_master.o
                0x0000000000002390                spi_deselect_device
 .text.ioport_configure_port_pin
                0x00000000000023bc       0x48 ./ASF/common/services/ioport/xmega/ioport_compat.o
                0x00000000000023bc                ioport_configure_port_pin
 .text.gfx_mono_set_framebuffer
                0x0000000000002404        0xa ./ASF/common/services/gfx_mono/gfx_mono_framebuffer.o
                0x0000000000002404                gfx_mono_set_framebuffer
 .text.gfx_mono_framebuffer_put_page
                0x000000000000240e       0x2a ./ASF/common/services/gfx_mono/gfx_mono_framebuffer.o
                0x000000000000240e                gfx_mono_framebuffer_put_page
 .text.gfx_mono_framebuffer_get_page
                0x0000000000002438       0x2a ./ASF/common/services/gfx_mono/gfx_mono_framebuffer.o
                0x0000000000002438                gfx_mono_framebuffer_get_page
 .text.gfx_mono_framebuffer_put_byte
                0x0000000000002462       0x1c ./ASF/common/services/gfx_mono/gfx_mono_framebuffer.o
                0x0000000000002462                gfx_mono_framebuffer_put_byte
 .text.gfx_mono_framebuffer_get_byte
                0x000000000000247e       0x1c ./ASF/common/services/gfx_mono/gfx_mono_framebuffer.o
                0x000000000000247e                gfx_mono_framebuffer_get_byte
 .text.gfx_mono_framebuffer_draw_pixel
                0x000000000000249a       0x88 ./ASF/common/services/gfx_mono/gfx_mono_framebuffer.o
                0x000000000000249a                gfx_mono_framebuffer_draw_pixel
 .text.gfx_mono_framebuffer_get_pixel
                0x0000000000002522       0x44 ./ASF/common/services/gfx_mono/gfx_mono_framebuffer.o
                0x0000000000002522                gfx_mono_framebuffer_get_pixel
 .text.gfx_mono_framebuffer_mask_byte
                0x0000000000002566       0x4c ./ASF/common/services/gfx_mono/gfx_mono_framebuffer.o
                0x0000000000002566                gfx_mono_framebuffer_mask_byte
 .text.gfx_mono_generic_draw_horizontal_line
                0x00000000000025b2       0xd0 ./ASF/common/services/gfx_mono/gfx_mono_generic.o
                0x00000000000025b2                gfx_mono_generic_draw_horizontal_line
 .text.gfx_mono_generic_draw_vertical_line
                0x0000000000002682       0xc0 ./ASF/common/services/gfx_mono/gfx_mono_generic.o
                0x0000000000002682                gfx_mono_generic_draw_vertical_line
 .text.gfx_mono_generic_draw_line
                0x0000000000002742       0xd0 ./ASF/common/services/gfx_mono/gfx_mono_generic.o
                0x0000000000002742                gfx_mono_generic_draw_line
 .text.gfx_mono_generic_draw_rect
                0x0000000000002812       0x4e ./ASF/common/services/gfx_mono/gfx_mono_generic.o
                0x0000000000002812                gfx_mono_generic_draw_rect
 .text.gfx_mono_generic_draw_filled_rect
                0x0000000000002860       0x36 ./ASF/common/services/gfx_mono/gfx_mono_generic.o
                0x0000000000002860                gfx_mono_generic_draw_filled_rect
 .text.gfx_mono_generic_draw_circle
                0x0000000000002896      0x172 ./ASF/common/services/gfx_mono/gfx_mono_generic.o
                0x0000000000002896                gfx_mono_generic_draw_circle
 .text.gfx_mono_generic_draw_filled_circle
                0x0000000000002a08      0x150 ./ASF/common/services/gfx_mono/gfx_mono_generic.o
                0x0000000000002a08                gfx_mono_generic_draw_filled_circle
 .text.gfx_mono_generic_put_bitmap
                0x0000000000002b58       0xb6 ./ASF/common/services/gfx_mono/gfx_mono_generic.o
                0x0000000000002b58                gfx_mono_generic_put_bitmap
 .text.__portable_avr_delay_cycles.constprop.2
                0x0000000000002c0e        0x2 ./ASF/common/services/gfx_mono/gfx_mono_menu.o
 .text.ssd1306_write_data.constprop.1
                0x0000000000002c10       0x40 ./ASF/common/services/gfx_mono/gfx_mono_menu.o
 .text.ssd1306_write_command
                0x0000000000002c50       0x46 ./ASF/common/services/gfx_mono/gfx_mono_menu.o
 .text.menu_draw
                0x0000000000002c96       0xf8 ./ASF/common/services/gfx_mono/gfx_mono_menu.o
 .text.gfx_mono_menu_init
                0x0000000000002d8e       0x54 ./ASF/common/services/gfx_mono/gfx_mono_menu.o
                0x0000000000002d8e                gfx_mono_menu_init
 .text.gfx_mono_menu_process_key
                0x0000000000002de2       0x52 ./ASF/common/services/gfx_mono/gfx_mono_menu.o
                0x0000000000002de2                gfx_mono_menu_process_key
 .text.gfx_mono_draw_char
                0x0000000000002e34       0xc2 ./ASF/common/services/gfx_mono/gfx_mono_text.o
                0x0000000000002e34                gfx_mono_draw_char
 .text.gfx_mono_draw_string
                0x0000000000002ef6       0x5a ./ASF/common/services/gfx_mono/gfx_mono_text.o
                0x0000000000002ef6                gfx_mono_draw_string
 .text.gfx_mono_draw_progmem_string
                0x0000000000002f50       0x5e ./ASF/common/services/gfx_mono/gfx_mono_text.o
                0x0000000000002f50                gfx_mono_draw_progmem_string
 .text.gfx_mono_get_string_bounding_box
                0x0000000000002fae       0x3e ./ASF/common/services/gfx_mono/gfx_mono_text.o
                0x0000000000002fae                gfx_mono_get_string_bounding_box
 .text.gfx_mono_get_progmem_string_bounding_box
                0x0000000000002fec       0x54 ./ASF/common/services/gfx_mono/gfx_mono_text.o
                0x0000000000002fec                gfx_mono_get_progmem_string_bounding_box
 .text.__portable_avr_delay_cycles.constprop.0
                0x0000000000003040        0x2 ./ASF/common/services/gfx_mono/gfx_mono_ug_2832hsweg04.o
 .text.ssd1306_write_data
                0x0000000000003042       0x46 ./ASF/common/services/gfx_mono/gfx_mono_ug_2832hsweg04.o
 .text.ssd1306_write_command
                0x0000000000003088       0x46 ./ASF/common/services/gfx_mono/gfx_mono_ug_2832hsweg04.o
 .text.ssd1306_set_page_address
                0x00000000000030ce        0x8 ./ASF/common/services/gfx_mono/gfx_mono_ug_2832hsweg04.o
 .text.ssd1306_set_column_address
                0x00000000000030d6       0x1a ./ASF/common/services/gfx_mono/gfx_mono_ug_2832hsweg04.o
 .text.gfx_mono_ssd1306_get_pixel
                0x00000000000030f0       0x44 ./ASF/common/services/gfx_mono/gfx_mono_ug_2832hsweg04.o
                0x00000000000030f0                gfx_mono_ssd1306_get_pixel
 .text.gfx_mono_ssd1306_put_page
                0x0000000000003134       0x42 ./ASF/common/services/gfx_mono/gfx_mono_ug_2832hsweg04.o
                0x0000000000003134                gfx_mono_ssd1306_put_page
 .text.gfx_mono_ssd1306_put_framebuffer
                0x0000000000003176       0x36 ./ASF/common/services/gfx_mono/gfx_mono_ug_2832hsweg04.o
                0x0000000000003176                gfx_mono_ssd1306_put_framebuffer
 .text.gfx_mono_ssd1306_get_page
                0x00000000000031ac        0x4 ./ASF/common/services/gfx_mono/gfx_mono_ug_2832hsweg04.o
                0x00000000000031ac                gfx_mono_ssd1306_get_page
 .text.gfx_mono_ssd1306_put_byte
                0x00000000000031b0       0x42 ./ASF/common/services/gfx_mono/gfx_mono_ug_2832hsweg04.o
                0x00000000000031b0                gfx_mono_ssd1306_put_byte
 .text.gfx_mono_ssd1306_init
                0x00000000000031f2       0x38 ./ASF/common/services/gfx_mono/gfx_mono_ug_2832hsweg04.o
                0x00000000000031f2                gfx_mono_ssd1306_init
 .text.gfx_mono_ssd1306_draw_pixel
                0x000000000000322a       0x8a ./ASF/common/services/gfx_mono/gfx_mono_ug_2832hsweg04.o
                0x000000000000322a                gfx_mono_ssd1306_draw_pixel
 .text.gfx_mono_ssd1306_get_byte
                0x00000000000032b4        0x4 ./ASF/common/services/gfx_mono/gfx_mono_ug_2832hsweg04.o
                0x00000000000032b4                gfx_mono_ssd1306_get_byte
 .text.gfx_mono_ssd1306_mask_byte
                0x00000000000032b8       0x4c ./ASF/common/services/gfx_mono/gfx_mono_ug_2832hsweg04.o
                0x00000000000032b8                gfx_mono_ssd1306_mask_byte
 .text.sysclk_init
                0x0000000000003304        0x2 ./ASF/common/services/clock/xmega/sysclk.o
                0x0000000000003304                sysclk_init
 .text.sysclk_enable_module
                0x0000000000003306       0x18 ./ASF/common/services/clock/xmega/sysclk.o
                0x0000000000003306                sysclk_enable_module
 .text.sysclk_disable_module
                0x000000000000331e       0x16 ./ASF/common/services/clock/xmega/sysclk.o
                0x000000000000331e                sysclk_disable_module
 .text.sysclk_enable_usb
                0x0000000000003334       0x3e ./ASF/common/services/clock/xmega/sysclk.o
                0x0000000000003334                sysclk_enable_usb
 .text.sysclk_disable_usb
                0x0000000000003372       0x12 ./ASF/common/services/clock/xmega/sysclk.o
                0x0000000000003372                sysclk_disable_usb
 .text.__portable_avr_delay_cycles
                0x0000000000003384        0xc ./ASF/common/components/display/ssd1306/ssd1306.o
 .text.ssd1306_write_command
                0x0000000000003390       0x4e ./ASF/common/components/display/ssd1306/ssd1306.o
 .text.ssd1306_write_data
                0x00000000000033de       0x4e ./ASF/common/components/display/ssd1306/ssd1306.o
 .text.ssd1306_init
                0x000000000000342c      0x146 ./ASF/common/components/display/ssd1306/ssd1306.o
                0x000000000000342c                ssd1306_init
 .text.ssd1306_write_text
                0x0000000000003572       0x56 ./ASF/common/components/display/ssd1306/ssd1306.o
                0x0000000000003572                ssd1306_write_text
 .text.__portable_avr_delay_cycles.constprop.1
                0x00000000000035c8        0x2 ./main.o
 .text.ssd1306_write_command
                0x00000000000035ca       0x46 ./main.o
 .text.updateData
                0x0000000000003610       0x92 ./main.o
                0x0000000000003610                updateData
 .text.__vector_45
                0x00000000000036a2       0x50 ./main.o
                0x00000000000036a2                __vector_45
 .text.__vector_13
                0x00000000000036f2       0x50 ./main.o
                0x00000000000036f2                __vector_13
 .text.__vector_104
                0x0000000000003742       0x50 ./main.o
                0x0000000000003742                __vector_104
 .text.__vector_14
                0x0000000000003792       0x50 ./main.o
                0x0000000000003792                __vector_14
 .text.powerState_interrupts_init
                0x00000000000037e2       0x10 ./main.o
                0x00000000000037e2                powerState_interrupts_init
 .text.enable_interrupts
                0x00000000000037f2       0x12 ./main.o
                0x00000000000037f2                enable_interrupts
 .text.printitem
                0x0000000000003804       0x80 ./main.o
                0x0000000000003804                printitem
 .text.power_state_init
                0x0000000000003884       0x14 ./main.o
                0x0000000000003884                power_state_init
 .text.init     0x0000000000003898       0x26 ./main.o
                0x0000000000003898                init
 .text.testTWI  0x00000000000038be        0xc ./main.o
                0x00000000000038be                testTWI
 .text.initMenu
                0x00000000000038ca        0x8 ./main.o
                0x00000000000038ca                initMenu
 .text.startup.main
                0x00000000000038d2        0xa ./main.o
                0x00000000000038d2                main
 .text.libgcc.mul
                0x00000000000038dc        0x0 /usr/lib/gcc/avr/5.2.0/avrxmega4/libgcc.a(_udivmodqi4.o)
 .text.libgcc.div
                0x00000000000038dc       0x18 /usr/lib/gcc/avr/5.2.0/avrxmega4/libgcc.a(_udivmodqi4.o)
                0x00000000000038dc                __udivmodqi4
 .text.libgcc   0x00000000000038f4        0x0 /usr/lib/gcc/avr/5.2.0/avrxmega4/libgcc.a(_udivmodqi4.o)
 .text.libgcc.prologue
                0x00000000000038f4        0x0 /usr/lib/gcc/avr/5.2.0/avrxmega4/libgcc.a(_udivmodqi4.o)
 .text.libgcc.builtins
                0x00000000000038f4        0x0 /usr/lib/gcc/avr/5.2.0/avrxmega4/libgcc.a(_udivmodqi4.o)
 .text.libgcc.fmul
                0x00000000000038f4        0x0 /usr/lib/gcc/avr/5.2.0/avrxmega4/libgcc.a(_udivmodqi4.o)
 .text.libgcc.fixed
                0x00000000000038f4        0x0 /usr/lib/gcc/avr/5.2.0/avrxmega4/libgcc.a(_udivmodqi4.o)
 .text.libgcc.mul
                0x00000000000038f4        0x0 /usr/lib/gcc/avr/5.2.0/avrxmega4/libgcc.a(_udivmodsi4.o)
 .text.libgcc.div
                0x00000000000038f4       0x44 /usr/lib/gcc/avr/5.2.0/avrxmega4/libgcc.a(_udivmodsi4.o)
                0x00000000000038f4                __udivmodsi4
 .text.libgcc   0x0000000000003938        0x0 /usr/lib/gcc/avr/5.2.0/avrxmega4/libgcc.a(_udivmodsi4.o)
 .text.libgcc.prologue
                0x0000000000003938        0x0 /usr/lib/gcc/avr/5.2.0/avrxmega4/libgcc.a(_udivmodsi4.o)
 .text.libgcc.builtins
                0x0000000000003938        0x0 /usr/lib/gcc/avr/5.2.0/avrxmega4/libgcc.a(_udivmodsi4.o)
 .text.libgcc.fmul
                0x0000000000003938        0x0 /usr/lib/gcc/avr/5.2.0/avrxmega4/libgcc.a(_udivmodsi4.o)
 .text.libgcc.fixed
                0x0000000000003938        0x0 /usr/lib/gcc/avr/5.2.0/avrxmega4/libgcc.a(_udivmodsi4.o)
 .text.libgcc.mul
                0x0000000000003938        0x0 /usr/lib/gcc/avr/5.2.0/avrxmega4/libgcc.a(_divmodsi4.o)
 .text.libgcc.div
                0x0000000000003938       0x2e /usr/lib/gcc/avr/5.2.0/avrxmega4/libgcc.a(_divmodsi4.o)
                0x0000000000003938                __divmodsi4
 .text.libgcc   0x0000000000003966        0x0 /usr/lib/gcc/avr/5.2.0/avrxmega4/libgcc.a(_divmodsi4.o)
 .text.libgcc.prologue
                0x0000000000003966        0x0 /usr/lib/gcc/avr/5.2.0/avrxmega4/libgcc.a(_divmodsi4.o)
 .text.libgcc.builtins
                0x0000000000003966        0x0 /usr/lib/gcc/avr/5.2.0/avrxmega4/libgcc.a(_divmodsi4.o)
 .text.libgcc.fmul
                0x0000000000003966        0x0 /usr/lib/gcc/avr/5.2.0/avrxmega4/libgcc.a(_divmodsi4.o)
 .text.libgcc.fixed
                0x0000000000003966        0x0 /usr/lib/gcc/avr/5.2.0/avrxmega4/libgcc.a(_divmodsi4.o)
 .text.libgcc.mul
                0x0000000000003966        0x0 /usr/lib/gcc/avr/5.2.0/avrxmega4/libgcc.a(_negsi2.o)
 .text.libgcc.div
                0x0000000000003966       0x10 /usr/lib/gcc/avr/5.2.0/avrxmega4/libgcc.a(_negsi2.o)
                0x0000000000003966                __negsi2
 .text.libgcc   0x0000000000003976        0x0 /usr/lib/gcc/avr/5.2.0/avrxmega4/libgcc.a(_negsi2.o)
 .text.libgcc.prologue
                0x0000000000003976        0x0 /usr/lib/gcc/avr/5.2.0/avrxmega4/libgcc.a(_negsi2.o)
 .text.libgcc.builtins
                0x0000000000003976        0x0 /usr/lib/gcc/avr/5.2.0/avrxmega4/libgcc.a(_negsi2.o)
 .text.libgcc.fmul
                0x0000000000003976        0x0 /usr/lib/gcc/avr/5.2.0/avrxmega4/libgcc.a(_negsi2.o)
 .text.libgcc.fixed
                0x0000000000003976        0x0 /usr/lib/gcc/avr/5.2.0/avrxmega4/libgcc.a(_negsi2.o)
 .text.libgcc.mul
                0x0000000000003976        0x0 /usr/lib/gcc/avr/5.2.0/avrxmega4/libgcc.a(_exit.o)
 .text.libgcc.div
                0x0000000000003976        0x0 /usr/lib/gcc/avr/5.2.0/avrxmega4/libgcc.a(_exit.o)
 .text.libgcc   0x0000000000003976        0x0 /usr/lib/gcc/avr/5.2.0/avrxmega4/libgcc.a(_exit.o)
 .text.libgcc.prologue
                0x0000000000003976        0x0 /usr/lib/gcc/avr/5.2.0/avrxmega4/libgcc.a(_exit.o)
 .text.libgcc.builtins
                0x0000000000003976        0x0 /usr/lib/gcc/avr/5.2.0/avrxmega4/libgcc.a(_exit.o)
 .text.libgcc.fmul
                0x0000000000003976        0x0 /usr/lib/gcc/avr/5.2.0/avrxmega4/libgcc.a(_exit.o)
 .text.libgcc.fixed
                0x0000000000003976        0x0 /usr/lib/gcc/avr/5.2.0/avrxmega4/libgcc.a(_exit.o)
 .text.libgcc.mul
                0x0000000000003976        0x0 /usr/lib/gcc/avr/5.2.0/avrxmega4/libgcc.a(_copy_data.o)
 .text.libgcc.div
                0x0000000000003976        0x0 /usr/lib/gcc/avr/5.2.0/avrxmega4/libgcc.a(_copy_data.o)
 .text.libgcc   0x0000000000003976        0x0 /usr/lib/gcc/avr/5.2.0/avrxmega4/libgcc.a(_copy_data.o)
 .text.libgcc.prologue
                0x0000000000003976        0x0 /usr/lib/gcc/avr/5.2.0/avrxmega4/libgcc.a(_copy_data.o)
 .text.libgcc.builtins
                0x0000000000003976        0x0 /usr/lib/gcc/avr/5.2.0/avrxmega4/libgcc.a(_copy_data.o)
 .text.libgcc.fmul
                0x0000000000003976        0x0 /usr/lib/gcc/avr/5.2.0/avrxmega4/libgcc.a(_copy_data.o)
 .text.libgcc.fixed
                0x0000000000003976        0x0 /usr/lib/gcc/avr/5.2.0/avrxmega4/libgcc.a(_copy_data.o)
 .text.libgcc.mul
                0x0000000000003976        0x0 /usr/lib/gcc/avr/5.2.0/avrxmega4/libgcc.a(_clear_bss.o)
 .text.libgcc.div
                0x0000000000003976        0x0 /usr/lib/gcc/avr/5.2.0/avrxmega4/libgcc.a(_clear_bss.o)
 .text.libgcc   0x0000000000003976        0x0 /usr/lib/gcc/avr/5.2.0/avrxmega4/libgcc.a(_clear_bss.o)
 .text.libgcc.prologue
                0x0000000000003976        0x0 /usr/lib/gcc/avr/5.2.0/avrxmega4/libgcc.a(_clear_bss.o)
 .text.libgcc.builtins
                0x0000000000003976        0x0 /usr/lib/gcc/avr/5.2.0/avrxmega4/libgcc.a(_clear_bss.o)
 .text.libgcc.fmul
                0x0000000000003976        0x0 /usr/lib/gcc/avr/5.2.0/avrxmega4/libgcc.a(_clear_bss.o)
 .text.libgcc.fixed
                0x0000000000003976        0x0 /usr/lib/gcc/avr/5.2.0/avrxmega4/libgcc.a(_clear_bss.o)
 .text.avr-libc.fplib
                0x0000000000003976        0xe /usr/lib/gcc/avr/5.2.0/../../../../avr/lib/avrxmega4/libm.a(fixsfsi.o)
                0x0000000000003976                __fixsfsi
 .text.avr-libc.fplib
                0x0000000000003984       0x5e /usr/lib/gcc/avr/5.2.0/../../../../avr/lib/avrxmega4/libm.a(fixunssfsi.o)
                0x0000000000003984                __fixunssfsi
 .text.avr-libc.fplib
                0x00000000000039e2       0x7a /usr/lib/gcc/avr/5.2.0/../../../../avr/lib/avrxmega4/libm.a(floatsisf.o)
                0x00000000000039e2                __floatunsisf
                0x00000000000039e6                __floatsisf
 .text.avr-libc.fplib
                0x0000000000003a5c       0x44 /usr/lib/gcc/avr/5.2.0/../../../../avr/lib/avrxmega4/libm.a(fp_split3.o)
                0x0000000000003a5c                __fp_split3
                0x0000000000003a6c                __fp_splitA
 .text.avr-libc.fplib
                0x0000000000003aa0        0xe /usr/lib/gcc/avr/5.2.0/../../../../avr/lib/avrxmega4/libm.a(fp_zero.o)
                0x0000000000003aa0                __fp_zero
                0x0000000000003aa2                __fp_szero
 .text.avr-libc.fplib
                0x0000000000003aae        0x8 /usr/lib/gcc/avr/5.2.0/../../../../avr/lib/avrxmega4/libm.a(mulsf3.o)
                0x0000000000003aae                __mulsf3
 .text.avr-libc.fplib
                0x0000000000003ab6       0xd2 /usr/lib/gcc/avr/5.2.0/../../../../avr/lib/avrxmega4/libm.a(mulsf3x.o)
                0x0000000000003ad4                __mulsf3x
                0x0000000000003ada                __mulsf3_pse
 .text.avr-libc.fplib
                0x0000000000003b88       0x48 /usr/lib/gcc/avr/5.2.0/../../../../avr/lib/avrxmega4/libm.a(round.o)
                0x0000000000003b88                round
 .text.avr-libc.fplib
                0x0000000000003bd0        0xc /usr/lib/gcc/avr/5.2.0/../../../../avr/lib/avrxmega4/libm.a(fp_inf.o)
                0x0000000000003bd0                __fp_inf
 .text.avr-libc.fplib
                0x0000000000003bdc       0x36 /usr/lib/gcc/avr/5.2.0/../../../../avr/lib/avrxmega4/libm.a(fp_mintl.o)
                0x0000000000003bdc                __fp_mintl
 .text.avr-libc.fplib
                0x0000000000003c12       0x1c /usr/lib/gcc/avr/5.2.0/../../../../avr/lib/avrxmega4/libm.a(fp_mpack.o)
                0x0000000000003c12                __fp_mpack
                0x0000000000003c16                __fp_mpack_finite
 .text.avr-libc.fplib
                0x0000000000003c2e        0x6 /usr/lib/gcc/avr/5.2.0/../../../../avr/lib/avrxmega4/libm.a(fp_nan.o)
                0x0000000000003c2e                __fp_nan
 .text.avr-libc.fplib
                0x0000000000003c34        0xe /usr/lib/gcc/avr/5.2.0/../../../../avr/lib/avrxmega4/libm.a(fp_pscA.o)
                0x0000000000003c34                __fp_pscA
 .text.avr-libc.fplib
                0x0000000000003c42        0xe /usr/lib/gcc/avr/5.2.0/../../../../avr/lib/avrxmega4/libm.a(fp_pscB.o)
                0x0000000000003c42                __fp_pscB
 .text.avr-libc.fplib
                0x0000000000003c50       0x22 /usr/lib/gcc/avr/5.2.0/../../../../avr/lib/avrxmega4/libm.a(fp_round.o)
                0x0000000000003c50                __fp_round
 .text.avr-libc
                0x0000000000003c72       0x12 /usr/lib/gcc/avr/5.2.0/../../../../avr/lib/avrxmega4/libc.a(memcpy.o)
                0x0000000000003c72                memcpy
 .text.avr-libc
                0x0000000000003c84       0x16 /usr/lib/gcc/avr/5.2.0/../../../../avr/lib/avrxmega4/libc.a(itoa_ncheck.o)
                0x0000000000003c84                __itoa_ncheck
 .text.avr-libc
                0x0000000000003c9a       0x34 /usr/lib/gcc/avr/5.2.0/../../../../avr/lib/avrxmega4/libc.a(utoa_ncheck.o)
                0x0000000000003c9a                __utoa_ncheck
                0x0000000000003c9c                __utoa_common
 .text.avr-libc
                0x0000000000003cce       0x20 /usr/lib/gcc/avr/5.2.0/../../../../avr/lib/avrxmega4/libc.a(strrev.o)
                0x0000000000003cce                strrev
                0x0000000000003cee                . = ALIGN (0x2)
 *(.fini9)
 .fini9         0x0000000000003cee        0x0 /usr/lib/gcc/avr/5.2.0/avrxmega4/libgcc.a(_exit.o)
                0x0000000000003cee                exit
                0x0000000000003cee                _exit
 *(.fini9)
 *(.fini8)
 *(.fini8)
 *(.fini7)
 *(.fini7)
 *(.fini6)
 *(.fini6)
 *(.fini5)
 *(.fini5)
 *(.fini4)
 *(.fini4)
 *(.fini3)
 *(.fini3)
 *(.fini2)
 *(.fini2)
 *(.fini1)
 *(.fini1)
 *(.fini0)
 .fini0         0x0000000000003cee        0x4 /usr/lib/gcc/avr/5.2.0/avrxmega4/libgcc.a(_exit.o)
 *(.fini0)
                0x0000000000003cf2                _etext = .

.BOOT           0x0000000000003cf2       0x44
 .BOOT          0x0000000000003cf2       0x44 ./ASF/xmega/drivers/nvm/nvm_asm.o
                0x0000000000003cf2                nvm_common_spm
                0x0000000000003d10                nvm_flash_load_word_to_buffer

.data           0x0000000000802000      0x630 load address 0x0000000000003d36
                0x0000000000802000                PROVIDE (__data_start, .)
 *(.data)
 .data          0x0000000000802000        0x0 /usr/lib/gcc/avr/5.2.0/../../../../avr/lib/avrxmega4/crtatxmega64a3u.o
 .data          0x0000000000802000        0x0 ./twi/eeprom.o
 .data          0x0000000000802000        0x0 ./twi/eeprom_driver.o
 .data          0x0000000000802000        0x0 ./twi/testTwi.o
 .data          0x0000000000802000        0x0 ./twi/twi-master.o
 .data          0x0000000000802000        0x0 ./twi/twi-slave.o
 .data          0x0000000000802000        0x0 ./timer/tc.o
 .data          0x0000000000802000        0x0 ./power-state/power-state.o
 .data          0x0000000000802000        0x0 ./gfx/action_menu/action_menu_factory.o
 .data          0x0000000000802000        0x0 ./gfx/action_menu/gfx_action_menu.o
 .data          0x0000000000802000        0x0 ./gfx/gfx_utils.o
 .data          0x0000000000802000        0x0 ./gfx/keypad.o
 .data          0x0000000000802000        0x0 ./gfx/menu-handler.o
 .data          0x0000000000802000        0x0 ./adc/adc.o
 .data          0x0000000000802000        0x0 ./ASF/xmega/drivers/spi/spi.o
 .data          0x0000000000802000        0x0 ./ASF/xmega/drivers/nvm/nvm.o
 .data          0x0000000000802000        0x0 ./ASF/xmega/drivers/nvm/nvm_asm.o
 .data          0x0000000000802000        0x0 ./ASF/xmega/drivers/cpu/ccp.o
 .data          0x0000000000802000        0x0 ./ASF/xmega/drivers/adc/xmega_aau/adc_aau.o
 .data          0x0000000000802000        0x0 ./ASF/xmega/drivers/adc/adc.o
 .data          0x0000000000802000        0x0 ./ASF/xmega/boards/stk600/rc064x/init.o
 .data          0x0000000000802000        0x0 ./ASF/common/services/spi/xmega_spi/spi_master.o
 .data          0x0000000000802000        0x0 ./ASF/common/services/sleepmgr/xmega/sleepmgr.o
 .data          0x0000000000802000        0x0 ./ASF/common/services/ioport/xmega/ioport_compat.o
 .data          0x0000000000802000        0x0 ./ASF/common/services/gfx_mono/gfx_mono_framebuffer.o
 .data          0x0000000000802000        0x0 ./ASF/common/services/gfx_mono/gfx_mono_generic.o
 .data          0x0000000000802000        0x0 ./ASF/common/services/gfx_mono/gfx_mono_menu.o
 .data          0x0000000000802000        0x0 ./ASF/common/services/gfx_mono/gfx_mono_text.o
 .data          0x0000000000802000        0x0 ./ASF/common/services/gfx_mono/gfx_mono_ug_2832hsweg04.o
 .data          0x0000000000802000        0x0 ./ASF/common/services/gfx_mono/sysfont.o
 .data          0x0000000000802000        0x0 ./ASF/common/services/clock/xmega/sysclk.o
 .data          0x0000000000802000        0x0 ./ASF/common/components/display/ssd1306/font.o
 .data          0x0000000000802000        0x0 ./ASF/common/components/display/ssd1306/ssd1306.o
 .data          0x0000000000802000        0x0 ./main.o
 .data          0x0000000000802000        0x0 /usr/lib/gcc/avr/5.2.0/avrxmega4/libgcc.a(_udivmodqi4.o)
 .data          0x0000000000802000        0x0 /usr/lib/gcc/avr/5.2.0/avrxmega4/libgcc.a(_udivmodsi4.o)
 .data          0x0000000000802000        0x0 /usr/lib/gcc/avr/5.2.0/avrxmega4/libgcc.a(_divmodsi4.o)
 .data          0x0000000000802000        0x0 /usr/lib/gcc/avr/5.2.0/avrxmega4/libgcc.a(_negsi2.o)
 .data          0x0000000000802000        0x0 /usr/lib/gcc/avr/5.2.0/avrxmega4/libgcc.a(_exit.o)
 .data          0x0000000000802000        0x0 /usr/lib/gcc/avr/5.2.0/avrxmega4/libgcc.a(_copy_data.o)
 .data          0x0000000000802000        0x0 /usr/lib/gcc/avr/5.2.0/avrxmega4/libgcc.a(_clear_bss.o)
 .data          0x0000000000802000        0x0 /usr/lib/gcc/avr/5.2.0/../../../../avr/lib/avrxmega4/libm.a(fixsfsi.o)
 .data          0x0000000000802000        0x0 /usr/lib/gcc/avr/5.2.0/../../../../avr/lib/avrxmega4/libm.a(fixunssfsi.o)
 .data          0x0000000000802000        0x0 /usr/lib/gcc/avr/5.2.0/../../../../avr/lib/avrxmega4/libm.a(floatsisf.o)
 .data          0x0000000000802000        0x0 /usr/lib/gcc/avr/5.2.0/../../../../avr/lib/avrxmega4/libm.a(fp_split3.o)
 .data          0x0000000000802000        0x0 /usr/lib/gcc/avr/5.2.0/../../../../avr/lib/avrxmega4/libm.a(fp_zero.o)
 .data          0x0000000000802000        0x0 /usr/lib/gcc/avr/5.2.0/../../../../avr/lib/avrxmega4/libm.a(mulsf3.o)
 .data          0x0000000000802000        0x0 /usr/lib/gcc/avr/5.2.0/../../../../avr/lib/avrxmega4/libm.a(mulsf3x.o)
 .data          0x0000000000802000        0x0 /usr/lib/gcc/avr/5.2.0/../../../../avr/lib/avrxmega4/libm.a(round.o)
 .data          0x0000000000802000        0x0 /usr/lib/gcc/avr/5.2.0/../../../../avr/lib/avrxmega4/libm.a(fp_inf.o)
 .data          0x0000000000802000        0x0 /usr/lib/gcc/avr/5.2.0/../../../../avr/lib/avrxmega4/libm.a(fp_mintl.o)
 .data          0x0000000000802000        0x0 /usr/lib/gcc/avr/5.2.0/../../../../avr/lib/avrxmega4/libm.a(fp_mpack.o)
 .data          0x0000000000802000        0x0 /usr/lib/gcc/avr/5.2.0/../../../../avr/lib/avrxmega4/libm.a(fp_nan.o)
 .data          0x0000000000802000        0x0 /usr/lib/gcc/avr/5.2.0/../../../../avr/lib/avrxmega4/libm.a(fp_pscA.o)
 .data          0x0000000000802000        0x0 /usr/lib/gcc/avr/5.2.0/../../../../avr/lib/avrxmega4/libm.a(fp_pscB.o)
 .data          0x0000000000802000        0x0 /usr/lib/gcc/avr/5.2.0/../../../../avr/lib/avrxmega4/libm.a(fp_round.o)
 .data          0x0000000000802000        0x0 /usr/lib/gcc/avr/5.2.0/../../../../avr/lib/avrxmega4/libc.a(memcpy.o)
 .data          0x0000000000802000        0x0 /usr/lib/gcc/avr/5.2.0/../../../../avr/lib/avrxmega4/libc.a(itoa_ncheck.o)
 .data          0x0000000000802000        0x0 /usr/lib/gcc/avr/5.2.0/../../../../avr/lib/avrxmega4/libc.a(utoa_ncheck.o)
 .data          0x0000000000802000        0x0 /usr/lib/gcc/avr/5.2.0/../../../../avr/lib/avrxmega4/libc.a(strrev.o)
 *(.data*)
 .data.debugButtonStatus
                0x0000000000802000        0x1 ./gfx/keypad.o
                0x0000000000802000                debugButtonStatus
 .data.selectButtonStatus
                0x0000000000802001        0x1 ./gfx/keypad.o
                0x0000000000802001                selectButtonStatus
 .data.rightButtonStatus
                0x0000000000802002        0x1 ./gfx/keypad.o
                0x0000000000802002                rightButtonStatus
 .data.leftButtonStatus
                0x0000000000802003        0x1 ./gfx/keypad.o
                0x0000000000802003                leftButtonStatus
 .data.sleepmgr_configs
                0x0000000000802004        0x6 ./ASF/common/services/sleepmgr/xmega/sleepmgr.o
                0x0000000000802004                sleepmgr_configs
 .data.menu_bitmap_indicator
                0x000000000080200a        0x5 ./ASF/common/services/gfx_mono/gfx_mono_menu.o
                0x000000000080200a                menu_bitmap_indicator
 .data.sysfont  0x000000000080200f        0x7 ./ASF/common/services/gfx_mono/sysfont.o
                0x000000000080200f                sysfont
 .data.Font08px_126
                0x0000000000802016        0x6 ./ASF/common/components/display/ssd1306/font.o
                0x0000000000802016                Font08px_126
 .data.Font08px_125
                0x000000000080201c        0x4 ./ASF/common/components/display/ssd1306/font.o
                0x000000000080201c                Font08px_125
 .data.Font08px_124
                0x0000000000802020        0x2 ./ASF/common/components/display/ssd1306/font.o
                0x0000000000802020                Font08px_124
 .data.Font08px_123
                0x0000000000802022        0x4 ./ASF/common/components/display/ssd1306/font.o
                0x0000000000802022                Font08px_123
 .data.Font08px_lz
                0x0000000000802026        0x4 ./ASF/common/components/display/ssd1306/font.o
                0x0000000000802026                Font08px_lz
 .data.Font08px_ly
                0x000000000080202a        0x5 ./ASF/common/components/display/ssd1306/font.o
                0x000000000080202a                Font08px_ly
 .data.Font08px_lx
                0x000000000080202f        0x6 ./ASF/common/components/display/ssd1306/font.o
                0x000000000080202f                Font08px_lx
 .data.Font08px_lw
                0x0000000000802035        0x6 ./ASF/common/components/display/ssd1306/font.o
                0x0000000000802035                Font08px_lw
 .data.Font08px_lv
                0x000000000080203b        0x6 ./ASF/common/components/display/ssd1306/font.o
                0x000000000080203b                Font08px_lv
 .data.Font08px_lu
                0x0000000000802041        0x5 ./ASF/common/components/display/ssd1306/font.o
                0x0000000000802041                Font08px_lu
 .data.Font08px_lt
                0x0000000000802046        0x4 ./ASF/common/components/display/ssd1306/font.o
                0x0000000000802046                Font08px_lt
 .data.Font08px_ls
                0x000000000080204a        0x5 ./ASF/common/components/display/ssd1306/font.o
                0x000000000080204a                Font08px_ls
 .data.Font08px_lr
                0x000000000080204f        0x4 ./ASF/common/components/display/ssd1306/font.o
                0x000000000080204f                Font08px_lr
 .data.Font08px_lq
                0x0000000000802053        0x5 ./ASF/common/components/display/ssd1306/font.o
                0x0000000000802053                Font08px_lq
 .data.Font08px_lp
                0x0000000000802058        0x5 ./ASF/common/components/display/ssd1306/font.o
                0x0000000000802058                Font08px_lp
 .data.Font08px_lo
                0x000000000080205d        0x5 ./ASF/common/components/display/ssd1306/font.o
                0x000000000080205d                Font08px_lo
 .data.Font08px_ln
                0x0000000000802062        0x5 ./ASF/common/components/display/ssd1306/font.o
                0x0000000000802062                Font08px_ln
 .data.Font08px_lm
                0x0000000000802067        0x6 ./ASF/common/components/display/ssd1306/font.o
                0x0000000000802067                Font08px_lm
 .data.Font08px_ll
                0x000000000080206d        0x2 ./ASF/common/components/display/ssd1306/font.o
                0x000000000080206d                Font08px_ll
 .data.Font08px_lk
                0x000000000080206f        0x5 ./ASF/common/components/display/ssd1306/font.o
                0x000000000080206f                Font08px_lk
 .data.Font08px_lj
                0x0000000000802074        0x3 ./ASF/common/components/display/ssd1306/font.o
                0x0000000000802074                Font08px_lj
 .data.Font08px_li
                0x0000000000802077        0x2 ./ASF/common/components/display/ssd1306/font.o
                0x0000000000802077                Font08px_li
 .data.Font08px_lh
                0x0000000000802079        0x5 ./ASF/common/components/display/ssd1306/font.o
                0x0000000000802079                Font08px_lh
 .data.Font08px_lg
                0x000000000080207e        0x5 ./ASF/common/components/display/ssd1306/font.o
                0x000000000080207e                Font08px_lg
 .data.Font08px_lf
                0x0000000000802083        0x4 ./ASF/common/components/display/ssd1306/font.o
                0x0000000000802083                Font08px_lf
 .data.Font08px_le
                0x0000000000802087        0x5 ./ASF/common/components/display/ssd1306/font.o
                0x0000000000802087                Font08px_le
 .data.Font08px_ld
                0x000000000080208c        0x5 ./ASF/common/components/display/ssd1306/font.o
                0x000000000080208c                Font08px_ld
 .data.Font08px_lc
                0x0000000000802091        0x5 ./ASF/common/components/display/ssd1306/font.o
                0x0000000000802091                Font08px_lc
 .data.Font08px_lb
                0x0000000000802096        0x5 ./ASF/common/components/display/ssd1306/font.o
                0x0000000000802096                Font08px_lb
 .data.Font08px_la
                0x000000000080209b        0x5 ./ASF/common/components/display/ssd1306/font.o
                0x000000000080209b                Font08px_la
 .data.Font08px_96
                0x00000000008020a0        0x3 ./ASF/common/components/display/ssd1306/font.o
                0x00000000008020a0                Font08px_96
 .data.Font08px_95
                0x00000000008020a3        0x4 ./ASF/common/components/display/ssd1306/font.o
                0x00000000008020a3                Font08px_95
 .data.Font08px_94
                0x00000000008020a7        0x4 ./ASF/common/components/display/ssd1306/font.o
                0x00000000008020a7                Font08px_94
 .data.Font08px_93
                0x00000000008020ab        0x4 ./ASF/common/components/display/ssd1306/font.o
                0x00000000008020ab                Font08px_93
 .data.Font08px_92
                0x00000000008020af        0x4 ./ASF/common/components/display/ssd1306/font.o
                0x00000000008020af                Font08px_92
 .data.Font08px_91
                0x00000000008020b3        0x4 ./ASF/common/components/display/ssd1306/font.o
                0x00000000008020b3                Font08px_91
 .data.Font08px_UZ
                0x00000000008020b7        0x6 ./ASF/common/components/display/ssd1306/font.o
                0x00000000008020b7                Font08px_UZ
 .data.Font08px_UY
                0x00000000008020bd        0x6 ./ASF/common/components/display/ssd1306/font.o
                0x00000000008020bd                Font08px_UY
 .data.Font08px_UX
                0x00000000008020c3        0x6 ./ASF/common/components/display/ssd1306/font.o
                0x00000000008020c3                Font08px_UX
 .data.Font08px_UW
                0x00000000008020c9        0x6 ./ASF/common/components/display/ssd1306/font.o
                0x00000000008020c9                Font08px_UW
 .data.Font08px_UV
                0x00000000008020cf        0x6 ./ASF/common/components/display/ssd1306/font.o
                0x00000000008020cf                Font08px_UV
 .data.Font08px_UU
                0x00000000008020d5        0x5 ./ASF/common/components/display/ssd1306/font.o
                0x00000000008020d5                Font08px_UU
 .data.Font08px_UT
                0x00000000008020da        0x6 ./ASF/common/components/display/ssd1306/font.o
                0x00000000008020da                Font08px_UT
 .data.Font08px_US
                0x00000000008020e0        0x5 ./ASF/common/components/display/ssd1306/font.o
                0x00000000008020e0                Font08px_US
 .data.Font08px_UR
                0x00000000008020e5        0x5 ./ASF/common/components/display/ssd1306/font.o
                0x00000000008020e5                Font08px_UR
 .data.Font08px_UQ
                0x00000000008020ea        0x6 ./ASF/common/components/display/ssd1306/font.o
                0x00000000008020ea                Font08px_UQ
 .data.Font08px_UP
                0x00000000008020f0        0x5 ./ASF/common/components/display/ssd1306/font.o
                0x00000000008020f0                Font08px_UP
 .data.Font08px_UO
                0x00000000008020f5        0x5 ./ASF/common/components/display/ssd1306/font.o
                0x00000000008020f5                Font08px_UO
 .data.Font08px_UN
                0x00000000008020fa        0x6 ./ASF/common/components/display/ssd1306/font.o
                0x00000000008020fa                Font08px_UN
 .data.Font08px_UM
                0x0000000000802100        0x6 ./ASF/common/components/display/ssd1306/font.o
                0x0000000000802100                Font08px_UM
 .data.Font08px_UL
                0x0000000000802106        0x5 ./ASF/common/components/display/ssd1306/font.o
                0x0000000000802106                Font08px_UL
 .data.Font08px_UK
                0x000000000080210b        0x6 ./ASF/common/components/display/ssd1306/font.o
                0x000000000080210b                Font08px_UK
 .data.Font08px_UJ
                0x0000000000802111        0x5 ./ASF/common/components/display/ssd1306/font.o
                0x0000000000802111                Font08px_UJ
 .data.Font08px_UI
                0x0000000000802116        0x4 ./ASF/common/components/display/ssd1306/font.o
                0x0000000000802116                Font08px_UI
 .data.Font08px_UH
                0x000000000080211a        0x5 ./ASF/common/components/display/ssd1306/font.o
                0x000000000080211a                Font08px_UH
 .data.Font08px_UG
                0x000000000080211f        0x6 ./ASF/common/components/display/ssd1306/font.o
                0x000000000080211f                Font08px_UG
 .data.Font08px_UF
                0x0000000000802125        0x5 ./ASF/common/components/display/ssd1306/font.o
                0x0000000000802125                Font08px_UF
 .data.Font08px_UE
                0x000000000080212a        0x5 ./ASF/common/components/display/ssd1306/font.o
                0x000000000080212a                Font08px_UE
 .data.Font08px_UD
                0x000000000080212f        0x5 ./ASF/common/components/display/ssd1306/font.o
                0x000000000080212f                Font08px_UD
 .data.Font08px_UC
                0x0000000000802134        0x5 ./ASF/common/components/display/ssd1306/font.o
                0x0000000000802134                Font08px_UC
 .data.Font08px_UB
                0x0000000000802139        0x5 ./ASF/common/components/display/ssd1306/font.o
                0x0000000000802139                Font08px_UB
 .data.Font08px_UA
                0x000000000080213e        0x6 ./ASF/common/components/display/ssd1306/font.o
                0x000000000080213e                Font08px_UA
 .data.Font08px_64
                0x0000000000802144        0x9 ./ASF/common/components/display/ssd1306/font.o
                0x0000000000802144                Font08px_64
 .data.Font08px_63
                0x000000000080214d        0x6 ./ASF/common/components/display/ssd1306/font.o
                0x000000000080214d                Font08px_63
 .data.Font08px_62
                0x0000000000802153        0x5 ./ASF/common/components/display/ssd1306/font.o
                0x0000000000802153                Font08px_62
 .data.Font08px_61
                0x0000000000802158        0x5 ./ASF/common/components/display/ssd1306/font.o
                0x0000000000802158                Font08px_61
 .data.Font08px_60
                0x000000000080215d        0x5 ./ASF/common/components/display/ssd1306/font.o
                0x000000000080215d                Font08px_60
 .data.Font08px_59
                0x0000000000802162        0x2 ./ASF/common/components/display/ssd1306/font.o
                0x0000000000802162                Font08px_59
 .data.Font08px_58
                0x0000000000802164        0x2 ./ASF/common/components/display/ssd1306/font.o
                0x0000000000802164                Font08px_58
 .data.Font08px_N9
                0x0000000000802166        0x6 ./ASF/common/components/display/ssd1306/font.o
                0x0000000000802166                Font08px_N9
 .data.Font08px_N8
                0x000000000080216c        0x6 ./ASF/common/components/display/ssd1306/font.o
                0x000000000080216c                Font08px_N8
 .data.Font08px_N7
                0x0000000000802172        0x6 ./ASF/common/components/display/ssd1306/font.o
                0x0000000000802172                Font08px_N7
 .data.Font08px_N6
                0x0000000000802178        0x6 ./ASF/common/components/display/ssd1306/font.o
                0x0000000000802178                Font08px_N6
 .data.Font08px_N5
                0x000000000080217e        0x6 ./ASF/common/components/display/ssd1306/font.o
                0x000000000080217e                Font08px_N5
 .data.Font08px_N4
                0x0000000000802184        0x6 ./ASF/common/components/display/ssd1306/font.o
                0x0000000000802184                Font08px_N4
 .data.Font08px_N3
                0x000000000080218a        0x6 ./ASF/common/components/display/ssd1306/font.o
                0x000000000080218a                Font08px_N3
 .data.Font08px_N2
                0x0000000000802190        0x6 ./ASF/common/components/display/ssd1306/font.o
                0x0000000000802190                Font08px_N2
 .data.Font08px_N1
                0x0000000000802196        0x6 ./ASF/common/components/display/ssd1306/font.o
                0x0000000000802196                Font08px_N1
 .data.Font08px_N0
                0x000000000080219c        0x6 ./ASF/common/components/display/ssd1306/font.o
                0x000000000080219c                Font08px_N0
 .data.Font08px_47
                0x00000000008021a2        0x4 ./ASF/common/components/display/ssd1306/font.o
                0x00000000008021a2                Font08px_47
 .data.Font08px_46
                0x00000000008021a6        0x2 ./ASF/common/components/display/ssd1306/font.o
                0x00000000008021a6                Font08px_46
 .data.Font08px_45
                0x00000000008021a8        0x4 ./ASF/common/components/display/ssd1306/font.o
                0x00000000008021a8                Font08px_45
 .data.Font08px_44
                0x00000000008021ac        0x2 ./ASF/common/components/display/ssd1306/font.o
                0x00000000008021ac                Font08px_44
 .data.Font08px_43
                0x00000000008021ae        0x4 ./ASF/common/components/display/ssd1306/font.o
                0x00000000008021ae                Font08px_43
 .data.Font08px_42
                0x00000000008021b2        0x4 ./ASF/common/components/display/ssd1306/font.o
                0x00000000008021b2                Font08px_42
 .data.Font08px_41
                0x00000000008021b6        0x4 ./ASF/common/components/display/ssd1306/font.o
                0x00000000008021b6                Font08px_41
 .data.Font08px_40
                0x00000000008021ba        0x4 ./ASF/common/components/display/ssd1306/font.o
                0x00000000008021ba                Font08px_40
 .data.Font08px_39
                0x00000000008021be        0x2 ./ASF/common/components/display/ssd1306/font.o
                0x00000000008021be                Font08px_39
 .data.Font08px_38
                0x00000000008021c0        0x6 ./ASF/common/components/display/ssd1306/font.o
                0x00000000008021c0                Font08px_38
 .data.Font08px_37
                0x00000000008021c6        0x6 ./ASF/common/components/display/ssd1306/font.o
                0x00000000008021c6                Font08px_37
 .data.Font08px_36
                0x00000000008021cc        0x6 ./ASF/common/components/display/ssd1306/font.o
                0x00000000008021cc                Font08px_36
 .data.Font08px_35
                0x00000000008021d2        0x6 ./ASF/common/components/display/ssd1306/font.o
                0x00000000008021d2                Font08px_35
 .data.Font08px_34
                0x00000000008021d8        0x4 ./ASF/common/components/display/ssd1306/font.o
                0x00000000008021d8                Font08px_34
 .data.Font08px_33
                0x00000000008021dc        0x2 ./ASF/common/components/display/ssd1306/font.o
                0x00000000008021dc                Font08px_33
 .data.Font08px_32
                0x00000000008021de        0x3 ./ASF/common/components/display/ssd1306/font.o
                0x00000000008021de                Font08px_32
 .data.font_table
                0x00000000008021e1       0xbe ./ASF/common/components/display/ssd1306/font.o
                0x00000000008021e1                font_table
 .data.testMenu
                0x000000000080229f        0x7 ./main.o
                0x000000000080229f                testMenu
 .data.avr_microcontroller
                0x00000000008022a6        0x5 ./main.o
                0x00000000008022a6                avr_microcontroller
 .data.voltage  0x00000000008022ab        0x5 ./main.o
                0x00000000008022ab                voltage
 .data.compulab_logo
                0x00000000008022b0        0x5 ./main.o
                0x00000000008022b0                compulab_logo
 .data.main_menu_strings
                0x00000000008022b5        0xc ./main.o
                0x00000000008022b5                main_menu_strings
 .data.subMenu  0x00000000008022c1       0x4b ./main.o
                0x00000000008022c1                subMenu
 .data.subTestMenu
                0x000000000080230c        0x7 ./main.o
                0x000000000080230c                subTestMenu
 .data.sub_menu_strings
                0x0000000000802313        0x4 ./main.o
                0x0000000000802313                sub_menu_strings
 .data.avr_icon
                0x0000000000802317       0x20 ./main.o
                0x0000000000802317                avr_icon
 .data.compulab_new
                0x0000000000802337      0x200 ./main.o
                0x0000000000802337                compulab_new
 .data.voltage_icon
                0x0000000000802537       0x80 ./main.o
                0x0000000000802537                voltage_icon
 *(.rodata)
 *(.rodata*)
 .rodata.str1.1
                0x00000000008025b7       0x36 ./power-state/power-state.o
                                         0x37 (size before relaxing)
 .rodata.CSWTCH.9
                0x00000000008025ed        0x8 ./power-state/power-state.o
 .rodata.str1.1
                0x00000000008025f5       0x3b ./main.o
 *(.gnu.linkonce.d*)
                0x0000000000802630                . = ALIGN (0x2)
                0x0000000000802630                _edata = .
                0x0000000000802630                PROVIDE (__data_end, .)

configSec       0x0000000000802630       0x4b load address 0x0000000000004366