Archive member included to satisfy reference by file (symbol)

/usr/lib/gcc/avr/4.9.2/avrxmega4/libgcc.a(_udivmodqi4.o)
                              ./ASF/common/services/gfx_mono/gfx_mono_menu.o (__udivmodqi4)
/usr/lib/gcc/avr/4.9.2/avrxmega4/libgcc.a(_udivmodsi4.o)
                              ./ASF/xmega/drivers/spi/spi.o (__udivmodsi4)
/usr/lib/gcc/avr/4.9.2/avrxmega4/libgcc.a(_divmodsi4.o)
                              ./main.o (__divmodsi4)
/usr/lib/gcc/avr/4.9.2/avrxmega4/libgcc.a(_negsi2.o)
                              /usr/lib/gcc/avr/4.9.2/avrxmega4/libgcc.a(_divmodsi4.o) (__negsi2)
/usr/lib/gcc/avr/4.9.2/avrxmega4/libgcc.a(_exit.o)
                              /usr/lib/gcc/avr/4.9.2/../../../../avr/lib/avrxmega4/crtx64a3u.o (exit)
/usr/lib/gcc/avr/4.9.2/avrxmega4/libgcc.a(_copy_data.o)
                              ./gfx/logos.o (__do_copy_data)
/usr/lib/gcc/avr/4.9.2/avrxmega4/libgcc.a(_clear_bss.o)
                              ./twi/twi-master.o (__do_clear_bss)
/usr/lib/gcc/avr/4.9.2/../../../../avr/lib/avrxmega4/libm.a(fixsfsi.o)
                              ./main.o (__fixsfsi)
/usr/lib/gcc/avr/4.9.2/../../../../avr/lib/avrxmega4/libm.a(fixunssfsi.o)
                              /usr/lib/gcc/avr/4.9.2/../../../../avr/lib/avrxmega4/libm.a(fixsfsi.o) (__fixunssfsi)
/usr/lib/gcc/avr/4.9.2/../../../../avr/lib/avrxmega4/libm.a(floatsisf.o)
                              ./main.o (__floatsisf)
/usr/lib/gcc/avr/4.9.2/../../../../avr/lib/avrxmega4/libm.a(fp_split3.o)
                              /usr/lib/gcc/avr/4.9.2/../../../../avr/lib/avrxmega4/libm.a(fixunssfsi.o) (__fp_splitA)
/usr/lib/gcc/avr/4.9.2/../../../../avr/lib/avrxmega4/libm.a(fp_zero.o)
                              /usr/lib/gcc/avr/4.9.2/../../../../avr/lib/avrxmega4/libm.a(fixunssfsi.o) (__fp_zero)
/usr/lib/gcc/avr/4.9.2/../../../../avr/lib/avrxmega4/libm.a(mulsf3.o)
                              ./main.o (__mulsf3)
/usr/lib/gcc/avr/4.9.2/../../../../avr/lib/avrxmega4/libm.a(mulsf3x.o)
                              /usr/lib/gcc/avr/4.9.2/../../../../avr/lib/avrxmega4/libm.a(mulsf3.o) (__mulsf3x)
/usr/lib/gcc/avr/4.9.2/../../../../avr/lib/avrxmega4/libm.a(round.o)
                              ./main.o (round)
/usr/lib/gcc/avr/4.9.2/../../../../avr/lib/avrxmega4/libm.a(fp_inf.o)
                              /usr/lib/gcc/avr/4.9.2/../../../../avr/lib/avrxmega4/libm.a(mulsf3x.o) (__fp_inf)
/usr/lib/gcc/avr/4.9.2/../../../../avr/lib/avrxmega4/libm.a(fp_mintl.o)
                              /usr/lib/gcc/avr/4.9.2/../../../../avr/lib/avrxmega4/libm.a(round.o) (__fp_mintl)
/usr/lib/gcc/avr/4.9.2/../../../../avr/lib/avrxmega4/libm.a(fp_mpack.o)
                              /usr/lib/gcc/avr/4.9.2/../../../../avr/lib/avrxmega4/libm.a(round.o) (__fp_mpack)
/usr/lib/gcc/avr/4.9.2/../../../../avr/lib/avrxmega4/libm.a(fp_nan.o)
                              /usr/lib/gcc/avr/4.9.2/../../../../avr/lib/avrxmega4/libm.a(mulsf3x.o) (__fp_nan)
/usr/lib/gcc/avr/4.9.2/../../../../avr/lib/avrxmega4/libm.a(fp_pscA.o)
                              /usr/lib/gcc/avr/4.9.2/../../../../avr/lib/avrxmega4/libm.a(mulsf3x.o) (__fp_pscA)
/usr/lib/gcc/avr/4.9.2/../../../../avr/lib/avrxmega4/libm.a(fp_pscB.o)
                              /usr/lib/gcc/avr/4.9.2/../../../../avr/lib/avrxmega4/libm.a(mulsf3x.o) (__fp_pscB)
/usr/lib/gcc/avr/4.9.2/../../../../avr/lib/avrxmega4/libm.a(fp_round.o)
                              /usr/lib/gcc/avr/4.9.2/../../../../avr/lib/avrxmega4/libm.a(mulsf3.o) (__fp_round)
/usr/lib/gcc/avr/4.9.2/../../../../avr/lib/avrxmega4/libc.a(malloc.o)
                              ./action_menu/action_menu_factory.o (malloc)
/usr/lib/gcc/avr/4.9.2/../../../../avr/lib/avrxmega4/libc.a(memcpy.o)
                              ./ASF/xmega/drivers/nvm/nvm.o (memcpy)
/usr/lib/gcc/avr/4.9.2/../../../../avr/lib/avrxmega4/libc.a(strcpy.o)
                              ./main.o (strcpy)
/usr/lib/gcc/avr/4.9.2/../../../../avr/lib/avrxmega4/libc.a(itoa_ncheck.o)
                              ./main.o (__itoa_ncheck)
/usr/lib/gcc/avr/4.9.2/../../../../avr/lib/avrxmega4/libc.a(utoa_ncheck.o)
                              /usr/lib/gcc/avr/4.9.2/../../../../avr/lib/avrxmega4/libc.a(itoa_ncheck.o) (__utoa_common)
/usr/lib/gcc/avr/4.9.2/../../../../avr/lib/avrxmega4/libc.a(strrev.o)
                              /usr/lib/gcc/avr/4.9.2/../../../../avr/lib/avrxmega4/libc.a(utoa_ncheck.o) (strrev)

Allocating common symbols
Common symbol       size              file

powerstring         0x5               ./main.o
currentPower        0x4               ./main.o
power               0x2               ./main.o
currentPackage      0x205             ./twi/twi-master.o
adcb_callback       0x2               ./ASF/xmega/drivers/adc/adc.o
debug               0x3               ./twi/twi-slave.o
selectButtonStatus  0x1               ./main.o
menuEnable          0x1               ./main.o
[...]
Memory Configuration

Name             Origin             Length             Attributes
text             0x0000000000000000 0x0000000000100000 xr
data             0x0000000000802000 0x000000000000ffa0 rw !x
eeprom           0x0000000000810000 0x0000000000010000 rw !x
fuse             0x0000000000820000 0x0000000000000400 rw !x
lock             0x0000000000830000 0x0000000000000400 rw !x
signature        0x0000000000840000 0x0000000000000400 rw !x
*default*        0x0000000000000000 0xffffffffffffffff

Linker script and memory map

LOAD /usr/lib/gcc/avr/4.9.2/../../../../avr/lib/avrxmega4/crtx64a3u.o
LOAD ./twi/eeprom_driver.o
LOAD ./twi/sp_driver.o
LOAD ./twi/twi-master.o
LOAD ./twi/twi-memory.o
LOAD ./twi/twi-slave.o
LOAD ./gfx/keypad.o
LOAD ./gfx/logos.o
LOAD ./gfx/menu-handler.o
LOAD ./gfx/menu.o
LOAD ./gfx/testMenu.o
LOAD ./action_menu/action_menu_factory.o
LOAD ./action_menu/gfx_action_menu.o
LOAD ./action_menu/sampleMenu.o
LOAD ./ASF/xmega/drivers/spi/spi.o
LOAD ./ASF/xmega/drivers/nvm/nvm.o
LOAD ./ASF/xmega/drivers/nvm/nvm_asm.o
LOAD ./ASF/xmega/drivers/cpu/ccp.o
LOAD ./ASF/xmega/drivers/adc/xmega_aau/adc_aau.o
LOAD ./ASF/xmega/drivers/adc/adc.o
LOAD ./ASF/xmega/boards/stk600/rc064x/init.o
LOAD ./ASF/common/services/spi/xmega_spi/spi_master.o
LOAD ./ASF/common/services/sleepmgr/xmega/sleepmgr.o
LOAD ./ASF/common/services/ioport/xmega/ioport_compat.o
LOAD ./ASF/common/services/gfx_mono/gfx_mono_framebuffer.o
LOAD ./ASF/common/services/gfx_mono/gfx_mono_generic.o
LOAD ./ASF/common/services/gfx_mono/gfx_mono_menu.o
LOAD ./ASF/common/services/gfx_mono/gfx_mono_text.o
LOAD ./ASF/common/services/gfx_mono/gfx_mono_ug_2832hsweg04.o
LOAD ./ASF/common/services/gfx_mono/sysfont.o
LOAD ./ASF/common/services/clock/xmega/sysclk.o
LOAD ./ASF/common/components/display/ssd1306/font.o
LOAD ./ASF/common/components/display/ssd1306/ssd1306.o
LOAD ./main.o
START GROUP
LOAD /usr/lib/gcc/avr/4.9.2/avrxmega4/libgcc.a
LOAD /usr/lib/gcc/avr/4.9.2/../../../../avr/lib/avrxmega4/libm.a
LOAD /usr/lib/gcc/avr/4.9.2/../../../../avr/lib/avrxmega4/libc.a
END GROUP

.hash
 *(.hash)

.dynsym
 *(.dynsym)

.dynstr
 *(.dynstr)

.gnu.version
 *(.gnu.version)

.gnu.version_d
 *(.gnu.version_d)

.gnu.version_r
 *(.gnu.version_r)

.rel.init
 *(.rel.init)

.rela.init
 *(.rela.init)

.rel.text
 *(.rel.text)
 *(.rel.text.*)
 *(.rel.gnu.linkonce.t*)

.rela.text
 *(.rela.text)
 *(.rela.text.*)
 *(.rela.gnu.linkonce.t*)

.rel.fini
 *(.rel.fini)

.rela.fini
 *(.rela.fini)

.rel.rodata
 *(.rel.rodata)
 *(.rel.rodata.*)
 *(.rel.gnu.linkonce.r*)

.rela.rodata
 *(.rela.rodata)
 *(.rela.rodata.*)
 *(.rela.gnu.linkonce.r*)

.rel.data
 *(.rel.data)
 *(.rel.data.*)
 *(.rel.gnu.linkonce.d*)

.rela.data
 *(.rela.data)
 *(.rela.data.*)
 *(.rela.gnu.linkonce.d*)

.rel.ctors
 *(.rel.ctors)

.rela.ctors
 *(.rela.ctors)

.rel.dtors
 *(.rel.dtors)

.rela.dtors
 *(.rela.dtors)

.rel.got
 *(.rel.got)

.rela.got
 *(.rela.got)

.rel.bss
 *(.rel.bss)

.rela.bss
 *(.rela.bss)

.rel.plt
 *(.rel.plt)

.rela.plt
 *(.rela.plt)

.text           0x0000000000000000     0x3c58
 *(.vectors)
 .vectors       0x0000000000000000      0x1fc /usr/lib/gcc/avr/4.9.2/../../../../avr/lib/avrxmega4/crtx64a3u.o
                0x0000000000000000                __vectors
                0x0000000000000000                __vector_default
 *(.vectors)
 *(.progmem.gcc*)
                0x00000000000001fc                . = ALIGN (0x2)
                0x00000000000001fc                __trampolines_start = .
 *(.trampolines)
 .trampolines   0x00000000000001fc        0x0 linker stubs
 *(.trampolines*)
                0x00000000000001fc                __trampolines_end = .
 *(.progmem*)
 .progmem.data.main_menu_6
                0x00000000000001fc        0xd ./gfx/menu.o
                0x00000000000001fc                main_menu_6
 .progmem.data.main_menu_5
                0x0000000000000209        0xb ./gfx/menu.o
                0x0000000000000209                main_menu_5
 .progmem.data.main_menu_4
                0x0000000000000214        0xb ./gfx/menu.o
                0x0000000000000214                main_menu_4
 .progmem.data.main_menu_3
                0x000000000000021f        0xb ./gfx/menu.o
                0x000000000000021f                main_menu_3
 .progmem.data.main_menu_2
                0x000000000000022a        0xb ./gfx/menu.o
                0x000000000000022a                main_menu_2
 .progmem.data.main_menu_1
                0x0000000000000235       0x13 ./gfx/menu.o
                0x0000000000000235                main_menu_1
 .progmem.data.main_menu_title
                0x0000000000000248       0x10 ./gfx/menu.o
                0x0000000000000248                main_menu_title
 .progmem.data.arrow_right_data
                0x0000000000000258        0x4 ./ASF/common/services/gfx_mono/gfx_mono_menu.o
                0x0000000000000258                arrow_right_data
 .progmem.data.sysfont_glyphs
                0x000000000000025c      0x2a0 ./ASF/common/services/gfx_mono/sysfont.o
                0x00000000000004fc                . = ALIGN (0x2)
 *(.jumptables)
 *(.jumptables*)
 *(.lowtext)
 *(.lowtext*)
                0x00000000000004fc                __ctors_start = .
 *(.ctors)
                0x00000000000004fc                __ctors_end = .
                0x00000000000004fc                __dtors_start = .
 *(.dtors)
                0x00000000000004fc                __dtors_end = .
 SORT(*)(.ctors)
 SORT(*)(.dtors)
 *(.init0)
 .init0         0x00000000000004fc        0x0 /usr/lib/gcc/avr/4.9.2/../../../../avr/lib/avrxmega4/crtx64a3u.o
                0x00000000000004fc                __init
 *(.init0)
 *(.init1)
 *(.init1)
 *(.init2)
 .init2         0x00000000000004fc        0xc /usr/lib/gcc/avr/4.9.2/../../../../avr/lib/avrxmega4/crtx64a3u.o
 *(.init2)
 *(.init3)
 *(.init3)
 *(.init4)
 .init4         0x0000000000000508       0x1a /usr/lib/gcc/avr/4.9.2/avrxmega4/libgcc.a(_copy_data.o)
                0x0000000000000508                __do_copy_data
 .init4         0x0000000000000522       0x10 /usr/lib/gcc/avr/4.9.2/avrxmega4/libgcc.a(_clear_bss.o)
                0x0000000000000522                __do_clear_bss
 *(.init4)
 *(.init5)
 *(.init5)
 *(.init6)
 *(.init6)
 *(.init7)
 *(.init7)
 *(.init8)
 *(.init8)
 *(.init9)
 .init9         0x0000000000000532        0x8 /usr/lib/gcc/avr/4.9.2/../../../../avr/lib/avrxmega4/crtx64a3u.o
 *(.init9)
 *(.text)
 .text          0x000000000000053a        0x4 /usr/lib/gcc/avr/4.9.2/../../../../avr/lib/avrxmega4/crtx64a3u.o
                0x000000000000053a                __vector_38
                0x000000000000053a                __vector_104
                0x000000000000053a                __vector_22
                0x000000000000053a                __vector_63
                0x000000000000053a                __vector_28
                0x000000000000053a                __vector_67
                0x000000000000053a                __vector_1
                0x000000000000053a                __vector_119
                0x000000000000053a                __vector_32
                0x000000000000053a                __vector_75
                0x000000000000053a                __vector_91
                0x000000000000053a                __vector_34
                0x000000000000053a                __vector_62
                0x000000000000053a                __vector_77
                0x000000000000053a                __vector_102
                0x000000000000053a                __vector_24
                0x000000000000053a                __vector_55
                0x000000000000053a                __vector_69
                0x000000000000053a                __vector_81
                0x000000000000053a                __vector_90
                0x000000000000053a                __bad_interrupt
                0x000000000000053a                __vector_122
                0x000000000000053a                __vector_114
                0x000000000000053a                __vector_6
                0x000000000000053a                __vector_110
                0x000000000000053a                __vector_31
                0x000000000000053a                __vector_92
                0x000000000000053a                __vector_35
                0x000000000000053a                __vector_78
                0x000000000000053a                __vector_117
                0x000000000000053a                __vector_107
                0x000000000000053a                __vector_3
                0x000000000000053a                __vector_105
                0x000000000000053a                __vector_98
                0x000000000000053a                __vector_23
                0x000000000000053a                __vector_68
                0x000000000000053a                __vector_30
                0x000000000000053a                __vector_45
                0x000000000000053a                __vector_25
                0x000000000000053a                __vector_93
                0x000000000000053a                __vector_61
                0x000000000000053a                __vector_11
                0x000000000000053a                __vector_54
                0x000000000000053a                __vector_99
                0x000000000000053a                __vector_13
                0x000000000000053a                __vector_17
                0x000000000000053a                __vector_19
                0x000000000000053a                __vector_56
                0x000000000000053a                __vector_7
                0x000000000000053a                __vector_125
                0x000000000000053a                __vector_49
                0x000000000000053a                __vector_123
                0x000000000000053a                __vector_86
                0x000000000000053a                __vector_100
                0x000000000000053a                __vector_101
                0x000000000000053a                __vector_64
                0x000000000000053a                __vector_88
                0x000000000000053a                __vector_109
                0x000000000000053a                __vector_43
                0x000000000000053a                __vector_27
                0x000000000000053a                __vector_5
                0x000000000000053a                __vector_113
                0x000000000000053a                __vector_33
                0x000000000000053a                __vector_76
                0x000000000000053a                __vector_115
                0x000000000000053a                __vector_47
                0x000000000000053a                __vector_52
                0x000000000000053a                __vector_37
                0x000000000000053a                __vector_95
                0x000000000000053a                __vector_103
                0x000000000000053a                __vector_96
                0x000000000000053a                __vector_89
                0x000000000000053a                __vector_108
                0x000000000000053a                __vector_4
                0x000000000000053a                __vector_44
                0x000000000000053a                __vector_82
                0x000000000000053a                __vector_106
                0x000000000000053a                __vector_118
                0x000000000000053a                __vector_51
                0x000000000000053a                __vector_9
                0x000000000000053a                __vector_2
                0x000000000000053a                __vector_21
                0x000000000000053a                __vector_15
                0x000000000000053a                __vector_66
                0x000000000000053a                __vector_36
                0x000000000000053a                __vector_79
                0x000000000000053a                __vector_58
                0x000000000000053a                __vector_70
                0x000000000000053a                __vector_83
                0x000000000000053a                __vector_29
                0x000000000000053a                __vector_60
                0x000000000000053a                __vector_121
                0x000000000000053a                __vector_85
                0x000000000000053a                __vector_94
                0x000000000000053a                __vector_126
                0x000000000000053a                __vector_8
                0x000000000000053a                __vector_26
                0x000000000000053a                __vector_48
                0x000000000000053a                __vector_124
                0x000000000000053a                __vector_116
                0x000000000000053a                __vector_112
                0x000000000000053a                __vector_111
                0x000000000000053a                __vector_80
                0x000000000000053a                __vector_14
                0x000000000000053a                __vector_84
                0x000000000000053a                __vector_57
                0x000000000000053a                __vector_53
                0x000000000000053a                __vector_10
                0x000000000000053a                __vector_50
                0x000000000000053a                __vector_16
                0x000000000000053a                __vector_59
                0x000000000000053a                __vector_18
                0x000000000000053a                __vector_97
                0x000000000000053a                __vector_20
                0x000000000000053a                __vector_87
                0x000000000000053a                __vector_65
                0x000000000000053a                __vector_120
 .text          0x000000000000053e        0x0 ./twi/eeprom_driver.o
 .text          0x000000000000053e      0x12a ./twi/sp_driver.o
                0x000000000000053e                SP_ReadByte
                0x000000000000054a                SP_ReadWord
                0x0000000000000558                SP_ReadCalibrationByte
                0x000000000000055c                SP_ReadUserSignatureByte
                0x0000000000000560                SP_ReadFuseByte
                0x0000000000000576                SP_WriteLockBits
                0x000000000000057e                SP_ReadLockBits
                0x0000000000000584                SP_EraseUserSignatureRow
                0x000000000000058c                SP_WriteUserSignatureRow
                0x0000000000000594                SP_EraseApplicationSection
                0x000000000000059c                SP_EraseApplicationPage
                0x00000000000005a8                SP_LoadFlashWord
                0x00000000000005b2                SP_ReadFlashPage
                0x00000000000005d4                SP_WriteApplicationPage
                0x00000000000005e0                SP_EraseWriteApplicationPage
                0x00000000000005ec                SP_EraseFlashBuffer
                0x00000000000005f4                SP_EraseBootPage
                0x0000000000000600                SP_WriteBootPage
                0x000000000000060c                SP_EraseWriteBootPage
                0x0000000000000618                SP_ApplicationCRC
                0x000000000000061c                SP_BootCRC
                0x0000000000000620                SP_LockSPM
                0x000000000000062e                SP_WaitForSPM
 .text          0x0000000000000668        0x0 ./twi/twi-master.o
 .text          0x0000000000000668        0x0 ./twi/twi-memory.o
 .text          0x0000000000000668        0x0 ./twi/twi-slave.o
 .text          0x0000000000000668        0x0 ./gfx/keypad.o
 .text          0x0000000000000668        0x0 ./gfx/logos.o
 .text          0x0000000000000668        0x0 ./gfx/menu-handler.o
 .text          0x0000000000000668        0x0 ./gfx/menu.o
 .text          0x0000000000000668        0x0 ./gfx/testMenu.o
 .text          0x0000000000000668        0x0 ./action_menu/action_menu_factory.o
 .text          0x0000000000000668        0x0 ./action_menu/gfx_action_menu.o
 .text          0x0000000000000668        0x0 ./action_menu/sampleMenu.o
 .text          0x0000000000000668        0x0 ./ASF/xmega/drivers/spi/spi.o
 .text          0x0000000000000668        0x0 ./ASF/xmega/drivers/nvm/nvm.o
 .text          0x0000000000000668        0x0 ./ASF/xmega/drivers/nvm/nvm_asm.o
 .text          0x0000000000000668        0x0 ./ASF/xmega/drivers/cpu/ccp.o
 .text          0x0000000000000668        0x0 ./ASF/xmega/drivers/adc/xmega_aau/adc_aau.o
 .text          0x0000000000000668        0x0 ./ASF/xmega/drivers/adc/adc.o
 .text          0x0000000000000668        0x0 ./ASF/xmega/boards/stk600/rc064x/init.o
 .text          0x0000000000000668        0x0 ./ASF/common/services/spi/xmega_spi/spi_master.o
 .text          0x0000000000000668        0x0 ./ASF/common/services/sleepmgr/xmega/sleepmgr.o
 .text          0x0000000000000668        0x0 ./ASF/common/services/ioport/xmega/ioport_compat.o
 .text          0x0000000000000668        0x0 ./ASF/common/services/gfx_mono/gfx_mono_framebuffer.o
 .text          0x0000000000000668        0x0 ./ASF/common/services/gfx_mono/gfx_mono_generic.o
 .text          0x0000000000000668        0x0 ./ASF/common/services/gfx_mono/gfx_mono_menu.o
 .text          0x0000000000000668        0x0 ./ASF/common/services/gfx_mono/gfx_mono_text.o
 .text          0x0000000000000668        0x0 ./ASF/common/services/gfx_mono/gfx_mono_ug_2832hsweg04.o
 .text          0x0000000000000668        0x0 ./ASF/common/services/gfx_mono/sysfont.o
 .text          0x0000000000000668        0x0 ./ASF/common/services/clock/xmega/sysclk.o
 .text          0x0000000000000668        0x0 ./ASF/common/components/display/ssd1306/font.o
 .text          0x0000000000000668        0x0 ./ASF/common/components/display/ssd1306/ssd1306.o
 .text          0x0000000000000668        0x0 ./main.o
 .text          0x0000000000000668        0x0 /usr/lib/gcc/avr/4.9.2/avrxmega4/libgcc.a(_udivmodqi4.o)
 .text          0x0000000000000668        0x0 /usr/lib/gcc/avr/4.9.2/avrxmega4/libgcc.a(_udivmodsi4.o)
 .text          0x0000000000000668        0x0 /usr/lib/gcc/avr/4.9.2/avrxmega4/libgcc.a(_divmodsi4.o)
 .text          0x0000000000000668        0x0 /usr/lib/gcc/avr/4.9.2/avrxmega4/libgcc.a(_negsi2.o)
 .text          0x0000000000000668        0x0 /usr/lib/gcc/avr/4.9.2/avrxmega4/libgcc.a(_exit.o)
 .text          0x0000000000000668        0x0 /usr/lib/gcc/avr/4.9.2/avrxmega4/libgcc.a(_copy_data.o)
 .text          0x0000000000000668        0x0 /usr/lib/gcc/avr/4.9.2/avrxmega4/libgcc.a(_clear_bss.o)
 .text          0x0000000000000668        0x0 /usr/lib/gcc/avr/4.9.2/../../../../avr/lib/avrxmega4/libm.a(fixsfsi.o)
 .text          0x0000000000000668        0x0 /usr/lib/gcc/avr/4.9.2/../../../../avr/lib/avrxmega4/libm.a(fixunssfsi.o)
 .text          0x0000000000000668        0x0 /usr/lib/gcc/avr/4.9.2/../../../../avr/lib/avrxmega4/libm.a(floatsisf.o)
 .text          0x0000000000000668        0x0 /usr/lib/gcc/avr/4.9.2/../../../../avr/lib/avrxmega4/libm.a(fp_split3.o)
 .text          0x0000000000000668        0x0 /usr/lib/gcc/avr/4.9.2/../../../../avr/lib/avrxmega4/libm.a(fp_zero.o)
 .text          0x0000000000000668        0x0 /usr/lib/gcc/avr/4.9.2/../../../../avr/lib/avrxmega4/libm.a(mulsf3.o)
 .text          0x0000000000000668        0x0 /usr/lib/gcc/avr/4.9.2/../../../../avr/lib/avrxmega4/libm.a(mulsf3x.o)
 .text          0x0000000000000668        0x0 /usr/lib/gcc/avr/4.9.2/../../../../avr/lib/avrxmega4/libm.a(round.o)
 .text          0x0000000000000668        0x0 /usr/lib/gcc/avr/4.9.2/../../../../avr/lib/avrxmega4/libm.a(fp_inf.o)
 .text          0x0000000000000668        0x0 /usr/lib/gcc/avr/4.9.2/../../../../avr/lib/avrxmega4/libm.a(fp_mintl.o)
 .text          0x0000000000000668        0x0 /usr/lib/gcc/avr/4.9.2/../../../../avr/lib/avrxmega4/libm.a(fp_mpack.o)
 .text          0x0000000000000668        0x0 /usr/lib/gcc/avr/4.9.2/../../../../avr/lib/avrxmega4/libm.a(fp_nan.o)
 .text          0x0000000000000668        0x0 /usr/lib/gcc/avr/4.9.2/../../../../avr/lib/avrxmega4/libm.a(fp_pscA.o)
 .text          0x0000000000000668        0x0 /usr/lib/gcc/avr/4.9.2/../../../../avr/lib/avrxmega4/libm.a(fp_pscB.o)
 .text          0x0000000000000668        0x0 /usr/lib/gcc/avr/4.9.2/../../../../avr/lib/avrxmega4/libm.a(fp_round.o)
 .text          0x0000000000000668        0x0 /usr/lib/gcc/avr/4.9.2/../../../../avr/lib/avrxmega4/libc.a(malloc.o)
 .text          0x0000000000000668        0x0 /usr/lib/gcc/avr/4.9.2/../../../../avr/lib/avrxmega4/libc.a(memcpy.o)
 .text          0x0000000000000668        0x0 /usr/lib/gcc/avr/4.9.2/../../../../avr/lib/avrxmega4/libc.a(strcpy.o)
 .text          0x0000000000000668        0x0 /usr/lib/gcc/avr/4.9.2/../../../../avr/lib/avrxmega4/libc.a(itoa_ncheck.o)
 .text          0x0000000000000668        0x0 /usr/lib/gcc/avr/4.9.2/../../../../avr/lib/avrxmega4/libc.a(utoa_ncheck.o)
 .text          0x0000000000000668        0x0 /usr/lib/gcc/avr/4.9.2/../../../../avr/lib/avrxmega4/libc.a(strrev.o)
                0x0000000000000668                . = ALIGN (0x2)
 *(.text.*)
 .text.EEPROM_WaitForNVM
                0x0000000000000668        0xa ./twi/eeprom_driver.o
                0x0000000000000668                EEPROM_WaitForNVM
 .text.EEPROM_ReadByte
                0x0000000000000672       0x58 ./twi/eeprom_driver.o
                0x0000000000000672                EEPROM_ReadByte
 .text.EEPROM_FlushBuffer
                0x00000000000006ca       0x30 ./twi/eeprom_driver.o
                0x00000000000006ca                EEPROM_FlushBuffer
 .text.EEPROM_WriteByte
                0x00000000000006fa       0x64 ./twi/eeprom_driver.o
                0x00000000000006fa                EEPROM_WriteByte
 .text.EEPROM_LoadByte
                0x000000000000075e       0x30 ./twi/eeprom_driver.o
                0x000000000000075e                EEPROM_LoadByte
 .text.EEPROM_LoadPage
                0x000000000000078e       0x30 ./twi/eeprom_driver.o
                0x000000000000078e                EEPROM_LoadPage
 .text.EEPROM_AtomicWritePage
                0x00000000000007be       0x4c ./twi/eeprom_driver.o
                0x00000000000007be                EEPROM_AtomicWritePage
 .text.EEPROM_ErasePage
                0x000000000000080a       0x4c ./twi/eeprom_driver.o
                0x000000000000080a                EEPROM_ErasePage
 .text.EEPROM_SplitWritePage
                0x0000000000000856       0x4c ./twi/eeprom_driver.o
                0x0000000000000856                EEPROM_SplitWritePage
 .text.EEPROM_EraseAll
                0x00000000000008a2       0x28 ./twi/eeprom_driver.o
                0x00000000000008a2                EEPROM_EraseAll
 .text.twi_master_init
                0x00000000000008ca       0x16 ./twi/twi-master.o
                0x00000000000008ca                twi_master_init
 .text.reset    0x00000000000008e0       0x16 ./twi/twi-master.o
                0x00000000000008e0                reset
 .text.sendAddress
                0x00000000000008f6       0x12 ./twi/twi-master.o
                0x00000000000008f6                sendAddress
 .text.SendReadPackage
                0x0000000000000908       0x14 ./twi/twi-master.o
                0x0000000000000908                SendReadPackage
 .text.SendPackage
                0x000000000000091c       0x26 ./twi/twi-master.o
                0x000000000000091c                SendPackage
 .text.SendAck  0x0000000000000942        0x8 ./twi/twi-master.o
                0x0000000000000942                SendAck
 .text.SendStop
                0x000000000000094a        0x8 ./twi/twi-master.o
                0x000000000000094a                SendStop
 .text.SendNextData
                0x0000000000000952       0x2a ./twi/twi-master.o
                0x0000000000000952                SendNextData
 .text.handleGetData
                0x000000000000097c       0x1e ./twi/twi-master.o
                0x000000000000097c                handleGetData
 .text.handleSendData
                0x000000000000099a       0x34 ./twi/twi-master.o
                0x000000000000099a                handleSendData
 .text.handleError
                0x00000000000009ce       0x1e ./twi/twi-master.o
                0x00000000000009ce                handleError
 .text.handleBusError
                0x00000000000009ec        0x4 ./twi/twi-master.o
                0x00000000000009ec                handleBusError
 .text.handleArbitrationError
                0x00000000000009f0        0x4 ./twi/twi-master.o
                0x00000000000009f0                handleArbitrationError
 .text.handleAddressNotAcknowledged
                0x00000000000009f4        0x2 ./twi/twi-master.o
                0x00000000000009f4                handleAddressNotAcknowledged
 .text.InterruptHandler
                0x00000000000009f6       0x26 ./twi/twi-master.o
                0x00000000000009f6                InterruptHandler
 .text.twi_EEPROM_WriteByte
                0x0000000000000a1c       0x10 ./twi/twi-memory.o
                0x0000000000000a1c                twi_EEPROM_WriteByte
 .text.twi_EEPROM_ReadByte
                0x0000000000000a2c        0xe ./twi/twi-memory.o
                0x0000000000000a2c                twi_EEPROM_ReadByte
 .text.twi_slave_init
                0x0000000000000a3a       0x12 ./twi/twi-slave.o
                0x0000000000000a3a                twi_slave_init
 .text.clear    0x0000000000000a4c        0xa ./twi/twi-slave.o
                0x0000000000000a4c                clear
 .text.clear_addresses
                0x0000000000000a56        0xa ./twi/twi-slave.o
                0x0000000000000a56                clear_addresses
 .text.TWI_ACK  0x0000000000000a60        0x8 ./twi/twi-slave.o
                0x0000000000000a60                TWI_ACK
 .text.TWI_NACK
                0x0000000000000a68        0x8 ./twi/twi-slave.o
                0x0000000000000a68                TWI_NACK
 .text.TWI_CLEAR_APIF
                0x0000000000000a70        0xc ./twi/twi-slave.o
                0x0000000000000a70                TWI_CLEAR_APIF
 .text.TWI_CLEAR_DIF
                0x0000000000000a7c        0xc ./twi/twi-slave.o
                0x0000000000000a7c                TWI_CLEAR_DIF
 .text.TWI_EndTransmission
                0x0000000000000a88        0xa ./twi/twi-slave.o
                0x0000000000000a88                TWI_EndTransmission
 .text.handleRead
                0x0000000000000a92       0x24 ./twi/twi-slave.o
                0x0000000000000a92                handleRead
 .text.handleWrite
                0x0000000000000ab6       0x1e ./twi/twi-slave.o
                0x0000000000000ab6                handleWrite
 .text.TWI_SlaveAddressMatchHandler
                0x0000000000000ad4       0x38 ./twi/twi-slave.o
                0x0000000000000ad4                TWI_SlaveAddressMatchHandler
 .text.TWI_SlaveStopHandler
                0x0000000000000b0c        0xc ./twi/twi-slave.o
                0x0000000000000b0c                TWI_SlaveStopHandler
 .text.TWI_SlaveReadDataHandler
                0x0000000000000b18       0x30 ./twi/twi-slave.o
                0x0000000000000b18                TWI_SlaveReadDataHandler
 .text.TWI_SlaveWriteDataHandler
                0x0000000000000b48       0x1a ./twi/twi-slave.o
                0x0000000000000b48                TWI_SlaveWriteDataHandler
 .text.TWI_SaveAddress
                0x0000000000000b62       0x20 ./twi/twi-slave.o
                0x0000000000000b62                TWI_SaveAddress
 .text.TWI_interrupt_handler
                0x0000000000000b82       0x3e ./twi/twi-slave.o
                0x0000000000000b82                TWI_interrupt_handler
 .text.item_data_init
                0x0000000000000bc0       0x28 ./action_menu/action_menu_factory.o
                0x0000000000000bc0                item_data_init
 .text.reset_item_action
                0x0000000000000be8       0x26 ./action_menu/action_menu_factory.o
                0x0000000000000be8                reset_item_action
 .text.item_none_action_init
                0x0000000000000c0e        0x6 ./action_menu/action_menu_factory.o
                0x0000000000000c0e                item_none_action_init
 .text.item_menu_action_init
                0x0000000000000c14        0xc ./action_menu/action_menu_factory.o
                0x0000000000000c14                item_menu_action_init
 .text.item_data_action_init
                0x0000000000000c20       0x1c ./action_menu/action_menu_factory.o
                0x0000000000000c20                item_data_action_init
 .text.item_data_function_action_init
                0x0000000000000c3c       0x2c ./action_menu/action_menu_factory.o
                0x0000000000000c3c                item_data_function_action_init
 .text.item_splash_action_init
                0x0000000000000c68        0xc ./action_menu/action_menu_factory.o
                0x0000000000000c68                item_splash_action_init
 .text.__portable_avr_delay_cycles.constprop.2
                0x0000000000000c74        0x2 ./action_menu/gfx_action_menu.o
 .text.ssd1306_write_command
                0x0000000000000c76       0x46 ./action_menu/gfx_action_menu.o
 .text.gfx_action_menu_init
                0x0000000000000cbc       0x16 ./action_menu/gfx_action_menu.o
                0x0000000000000cbc                gfx_action_menu_init
 .text.showMenu
                0x0000000000000cd2        0x4 ./action_menu/gfx_action_menu.o
                0x0000000000000cd2                showMenu
 .text.writeText
                0x0000000000000cd6       0x38 ./action_menu/gfx_action_menu.o
                0x0000000000000cd6                writeText
 .text.showData
                0x0000000000000d0e       0x2a ./action_menu/gfx_action_menu.o
                0x0000000000000d0e                showData
 .text.showSplash
                0x0000000000000d38        0x8 ./action_menu/gfx_action_menu.o
                0x0000000000000d38                showSplash
 .text.gfx_action_menu_process_key
                0x0000000000000d40      0x154 ./action_menu/gfx_action_menu.o
                0x0000000000000d40                gfx_action_menu_process_key
 .text.sampleDataFunc
                0x0000000000000e94        0xc ./action_menu/sampleMenu.o
                0x0000000000000e94                sampleDataFunc
 .text.sampleMenu
                0x0000000000000ea0       0x7c ./action_menu/sampleMenu.o
                0x0000000000000ea0                sampleMenu
 .text.spi_xmega_set_baud_div
                0x0000000000000f1c       0x9c ./ASF/xmega/drivers/spi/spi.o
                0x0000000000000f1c                spi_xmega_set_baud_div
 .text.nvm_wait_until_ready
                0x0000000000000fb8        0xa ./ASF/xmega/drivers/nvm/nvm.o
 .text.nvm_read_production_signature_row
                0x0000000000000fc2        0xa ./ASF/xmega/drivers/nvm/nvm.o
 .text.nvm_issue_command
                0x0000000000000fcc       0x22 ./ASF/xmega/drivers/nvm/nvm.o
 .text.nvm_read_device_serial
                0x0000000000000fee       0x64 ./ASF/xmega/drivers/nvm/nvm.o
                0x0000000000000fee                nvm_read_device_serial
 .text.nvm_eeprom_read_byte
                0x0000000000001052       0x24 ./ASF/xmega/drivers/nvm/nvm.o
                0x0000000000001052                nvm_eeprom_read_byte
 .text.nvm_eeprom_read_buffer
                0x0000000000001076       0x5e ./ASF/xmega/drivers/nvm/nvm.o
                0x0000000000001076                nvm_eeprom_read_buffer
 .text.nvm_eeprom_flush_buffer
                0x00000000000010d4       0x1e ./ASF/xmega/drivers/nvm/nvm.o
                0x00000000000010d4                nvm_eeprom_flush_buffer
 .text.nvm_eeprom_load_byte_to_buffer
                0x00000000000010f2       0x38 ./ASF/xmega/drivers/nvm/nvm.o
                0x00000000000010f2                nvm_eeprom_load_byte_to_buffer
 .text.nvm_eeprom_write_byte
                0x000000000000112a       0x62 ./ASF/xmega/drivers/nvm/nvm.o
                0x000000000000112a                nvm_eeprom_write_byte
 .text.nvm_eeprom_load_page_to_buffer
                0x000000000000118c       0x28 ./ASF/xmega/drivers/nvm/nvm.o
                0x000000000000118c                nvm_eeprom_load_page_to_buffer
 .text.nvm_eeprom_atomic_write_page
                0x00000000000011b4       0x30 ./ASF/xmega/drivers/nvm/nvm.o
                0x00000000000011b4                nvm_eeprom_atomic_write_page
 .text.nvm_eeprom_erase_and_write_buffer
                0x00000000000011e4       0x7e ./ASF/xmega/drivers/nvm/nvm.o
                0x00000000000011e4                nvm_eeprom_erase_and_write_buffer
 .text.nvm_eeprom_split_write_page
                0x0000000000001262       0x30 ./ASF/xmega/drivers/nvm/nvm.o
                0x0000000000001262                nvm_eeprom_split_write_page
 .text.nvm_eeprom_fill_buffer_with_value
                0x0000000000001292       0x24 ./ASF/xmega/drivers/nvm/nvm.o
                0x0000000000001292                nvm_eeprom_fill_buffer_with_value
 .text.nvm_eeprom_erase_bytes_in_page
                0x00000000000012b6       0x30 ./ASF/xmega/drivers/nvm/nvm.o
                0x00000000000012b6                nvm_eeprom_erase_bytes_in_page
 .text.nvm_eeprom_erase_page
                0x00000000000012e6       0x12 ./ASF/xmega/drivers/nvm/nvm.o
                0x00000000000012e6                nvm_eeprom_erase_page
 .text.nvm_eeprom_erase_bytes_in_all_pages
                0x00000000000012f8        0xa ./ASF/xmega/drivers/nvm/nvm.o
                0x00000000000012f8                nvm_eeprom_erase_bytes_in_all_pages
 .text.nvm_eeprom_erase_all
                0x0000000000001302        0xa ./ASF/xmega/drivers/nvm/nvm.o
                0x0000000000001302                nvm_eeprom_erase_all
 .text.nvm_issue_flash_range_crc
                0x000000000000130c       0x5a ./ASF/xmega/drivers/nvm/nvm.o
                0x000000000000130c                nvm_issue_flash_range_crc
 .text.nvm_flash_read_buffer
                0x0000000000001366       0x4c ./ASF/xmega/drivers/nvm/nvm.o
                0x0000000000001366                nvm_flash_read_buffer
 .text.nvm_user_sig_read_buffer
                0x00000000000013b2       0x40 ./ASF/xmega/drivers/nvm/nvm.o
                0x00000000000013b2                nvm_user_sig_read_buffer
 .text.nvm_user_sig_write_buffer
                0x00000000000013f2      0x12c ./ASF/xmega/drivers/nvm/nvm.o
                0x00000000000013f2                nvm_user_sig_write_buffer
 .text.nvm_flash_erase_and_write_buffer
                0x000000000000151e      0x12e ./ASF/xmega/drivers/nvm/nvm.o
                0x000000000000151e                nvm_flash_erase_and_write_buffer
 .text.nvm_fuses_read
                0x000000000000164c       0x34 ./ASF/xmega/drivers/nvm/nvm.o
                0x000000000000164c                nvm_fuses_read
 .text.nvm_read_byte
                0x0000000000001680       0x14 ./ASF/xmega/drivers/nvm/nvm_asm.o
                0x0000000000001680                nvm_read_byte
 .text.ccp_write_io
                0x0000000000001694        0xc ./ASF/xmega/drivers/cpu/ccp.o
                0x0000000000001694                ccp_write_io
 .text.__vector_71
                0x00000000000016a0       0x64 ./ASF/xmega/drivers/adc/xmega_aau/adc_aau.o
                0x00000000000016a0                __vector_71
 .text.__vector_72
                0x0000000000001704       0x64 ./ASF/xmega/drivers/adc/xmega_aau/adc_aau.o
                0x0000000000001704                __vector_72
 .text.__vector_73
                0x0000000000001768       0x64 ./ASF/xmega/drivers/adc/xmega_aau/adc_aau.o
                0x0000000000001768                __vector_73
 .text.__vector_74
                0x00000000000017cc       0x64 ./ASF/xmega/drivers/adc/xmega_aau/adc_aau.o
                0x00000000000017cc                __vector_74
 .text.__vector_39
                0x0000000000001830       0x64 ./ASF/xmega/drivers/adc/xmega_aau/adc_aau.o
                0x0000000000001830                __vector_39
 .text.__vector_40
                0x0000000000001894       0x64 ./ASF/xmega/drivers/adc/xmega_aau/adc_aau.o
                0x0000000000001894                __vector_40
 .text.__vector_41
                0x00000000000018f8       0x64 ./ASF/xmega/drivers/adc/xmega_aau/adc_aau.o
                0x00000000000018f8                __vector_41
 .text.__vector_42
                0x000000000000195c       0x64 ./ASF/xmega/drivers/adc/xmega_aau/adc_aau.o
                0x000000000000195c                __vector_42
 .text.adc_write_configuration
                0x00000000000019c0       0xbc ./ASF/xmega/drivers/adc/xmega_aau/adc_aau.o
                0x00000000000019c0                adc_write_configuration
 .text.adc_read_configuration
                0x0000000000001a7c       0x4a ./ASF/xmega/drivers/adc/xmega_aau/adc_aau.o
                0x0000000000001a7c                adc_read_configuration
 .text.adcch_write_configuration
                0x0000000000001ac6       0x96 ./ASF/xmega/drivers/adc/xmega_aau/adc_aau.o
                0x0000000000001ac6                adcch_write_configuration
 .text.adcch_read_configuration
                0x0000000000001b5c       0x96 ./ASF/xmega/drivers/adc/xmega_aau/adc_aau.o
                0x0000000000001b5c                adcch_read_configuration
 .text.adc_set_callback
                0x0000000000001bf2       0x28 ./ASF/xmega/drivers/adc/adc.o
                0x0000000000001bf2                adc_set_callback
 .text.adc_enable_clock
                0x0000000000001c1a       0x3e ./ASF/xmega/drivers/adc/adc.o
                0x0000000000001c1a                adc_enable_clock
 .text.adc_disable_clock
                0x0000000000001c58       0x3a ./ASF/xmega/drivers/adc/adc.o
                0x0000000000001c58                adc_disable_clock
 .text.adc_enable
                0x0000000000001c92       0x30 ./ASF/xmega/drivers/adc/adc.o
                0x0000000000001c92                adc_enable
 .text.adc_disable
                0x0000000000001cc2       0x28 ./ASF/xmega/drivers/adc/adc.o
                0x0000000000001cc2                adc_disable
 .text.adc_is_enabled
                0x0000000000001cea       0x24 ./ASF/xmega/drivers/adc/adc.o
                0x0000000000001cea                adc_is_enabled
 .text.ioport_configure_pin
                0x0000000000001d0e       0x28 ./ASF/xmega/boards/stk600/rc064x/init.o
 .text.board_init
                0x0000000000001d36       0x8c ./ASF/xmega/boards/stk600/rc064x/init.o
                0x0000000000001d36                board_init
 .text.spi_master_init
                0x0000000000001dc2       0x3e ./ASF/common/services/spi/xmega_spi/spi_master.o
                0x0000000000001dc2                spi_master_init
 .text.spi_master_setup_device
                0x0000000000001e00       0x44 ./ASF/common/services/spi/xmega_spi/spi_master.o
                0x0000000000001e00                spi_master_setup_device
 .text.spi_write_packet
                0x0000000000001e44       0x24 ./ASF/common/services/spi/xmega_spi/spi_master.o
                0x0000000000001e44                spi_write_packet
 .text.spi_read_packet
                0x0000000000001e68       0x2e ./ASF/common/services/spi/xmega_spi/spi_master.o
                0x0000000000001e68                spi_read_packet
 .text.spi_select_device
                0x0000000000001e96       0x2c ./ASF/common/services/spi/xmega_spi/spi_master.o
                0x0000000000001e96                spi_select_device
 .text.spi_deselect_device
                0x0000000000001ec2       0x2c ./ASF/common/services/spi/xmega_spi/spi_master.o
                0x0000000000001ec2                spi_deselect_device
 .text.ioport_configure_port_pin
                0x0000000000001eee       0x44 ./ASF/common/services/ioport/xmega/ioport_compat.o
                0x0000000000001eee                ioport_configure_port_pin
 .text.gfx_mono_set_framebuffer
                0x0000000000001f32        0xa ./ASF/common/services/gfx_mono/gfx_mono_framebuffer.o
                0x0000000000001f32                gfx_mono_set_framebuffer
 .text.gfx_mono_framebuffer_put_page
                0x0000000000001f3c       0x2c ./ASF/common/services/gfx_mono/gfx_mono_framebuffer.o
                0x0000000000001f3c                gfx_mono_framebuffer_put_page
 .text.gfx_mono_framebuffer_get_page
                0x0000000000001f68       0x2a ./ASF/common/services/gfx_mono/gfx_mono_framebuffer.o
                0x0000000000001f68                gfx_mono_framebuffer_get_page
 .text.gfx_mono_framebuffer_put_byte
                0x0000000000001f92       0x1c ./ASF/common/services/gfx_mono/gfx_mono_framebuffer.o
                0x0000000000001f92                gfx_mono_framebuffer_put_byte
 .text.gfx_mono_framebuffer_get_byte
                0x0000000000001fae       0x1c ./ASF/common/services/gfx_mono/gfx_mono_framebuffer.o
                0x0000000000001fae                gfx_mono_framebuffer_get_byte
 .text.gfx_mono_framebuffer_draw_pixel
                0x0000000000001fca       0x76 ./ASF/common/services/gfx_mono/gfx_mono_framebuffer.o
                0x0000000000001fca                gfx_mono_framebuffer_draw_pixel
 .text.gfx_mono_framebuffer_get_pixel
                0x0000000000002040       0x44 ./ASF/common/services/gfx_mono/gfx_mono_framebuffer.o
                0x0000000000002040                gfx_mono_framebuffer_get_pixel
 .text.gfx_mono_framebuffer_mask_byte
                0x0000000000002084       0x4c ./ASF/common/services/gfx_mono/gfx_mono_framebuffer.o
                0x0000000000002084                gfx_mono_framebuffer_mask_byte
 .text.gfx_mono_generic_draw_horizontal_line
                0x00000000000020d0       0xd2 ./ASF/common/services/gfx_mono/gfx_mono_generic.o
                0x00000000000020d0                gfx_mono_generic_draw_horizontal_line
 .text.gfx_mono_generic_draw_vertical_line
                0x00000000000021a2       0xbc ./ASF/common/services/gfx_mono/gfx_mono_generic.o
                0x00000000000021a2                gfx_mono_generic_draw_vertical_line
 .text.gfx_mono_generic_draw_line
                0x000000000000225e       0xd0 ./ASF/common/services/gfx_mono/gfx_mono_generic.o
                0x000000000000225e                gfx_mono_generic_draw_line
 .text.gfx_mono_generic_draw_rect
                0x000000000000232e       0x4e ./ASF/common/services/gfx_mono/gfx_mono_generic.o
                0x000000000000232e                gfx_mono_generic_draw_rect
 .text.gfx_mono_generic_draw_filled_rect
                0x000000000000237c       0x36 ./ASF/common/services/gfx_mono/gfx_mono_generic.o
                0x000000000000237c                gfx_mono_generic_draw_filled_rect
 .text.gfx_mono_generic_draw_circle
                0x00000000000023b2      0x172 ./ASF/common/services/gfx_mono/gfx_mono_generic.o
                0x00000000000023b2                gfx_mono_generic_draw_circle
 .text.gfx_mono_generic_draw_filled_circle
                0x0000000000002524      0x150 ./ASF/common/services/gfx_mono/gfx_mono_generic.o
                0x0000000000002524                gfx_mono_generic_draw_filled_circle
 .text.gfx_mono_generic_put_bitmap
                0x0000000000002674       0xb6 ./ASF/common/services/gfx_mono/gfx_mono_generic.o
                0x0000000000002674                gfx_mono_generic_put_bitmap
 .text.__portable_avr_delay_cycles.constprop.3
                0x000000000000272a        0x2 ./ASF/common/services/gfx_mono/gfx_mono_menu.o
 .text.ssd1306_write_command
                0x000000000000272c       0x46 ./ASF/common/services/gfx_mono/gfx_mono_menu.o
 .text.ssd1306_write_data.constprop.1
                0x0000000000002772       0x40 ./ASF/common/services/gfx_mono/gfx_mono_menu.o
 .text.menu_draw
                0x00000000000027b2       0xfa ./ASF/common/services/gfx_mono/gfx_mono_menu.o
 .text.gfx_mono_menu_init
                0x00000000000028ac       0x54 ./ASF/common/services/gfx_mono/gfx_mono_menu.o
                0x00000000000028ac                gfx_mono_menu_init
 .text.gfx_mono_menu_process_key
                0x0000000000002900       0x52 ./ASF/common/services/gfx_mono/gfx_mono_menu.o
                0x0000000000002900                gfx_mono_menu_process_key
 .text.gfx_mono_draw_char
                0x0000000000002952       0xd4 ./ASF/common/services/gfx_mono/gfx_mono_text.o
                0x0000000000002952                gfx_mono_draw_char
 .text.gfx_mono_draw_string
                0x0000000000002a26       0x5a ./ASF/common/services/gfx_mono/gfx_mono_text.o
                0x0000000000002a26                gfx_mono_draw_string
 .text.gfx_mono_draw_progmem_string
                0x0000000000002a80       0x5e ./ASF/common/services/gfx_mono/gfx_mono_text.o
                0x0000000000002a80                gfx_mono_draw_progmem_string
 .text.gfx_mono_get_string_bounding_box
                0x0000000000002ade       0x3e ./ASF/common/services/gfx_mono/gfx_mono_text.o
                0x0000000000002ade                gfx_mono_get_string_bounding_box
 .text.gfx_mono_get_progmem_string_bounding_box
                0x0000000000002b1c       0x54 ./ASF/common/services/gfx_mono/gfx_mono_text.o
                0x0000000000002b1c                gfx_mono_get_progmem_string_bounding_box
 .text.__portable_avr_delay_cycles.constprop.2
                0x0000000000002b70        0x2 ./ASF/common/services/gfx_mono/gfx_mono_ug_2832hsweg04.o
 .text.ssd1306_write_command
                0x0000000000002b72       0x46 ./ASF/common/services/gfx_mono/gfx_mono_ug_2832hsweg04.o
 .text.ssd1306_set_page_address
                0x0000000000002bb8        0x8 ./ASF/common/services/gfx_mono/gfx_mono_ug_2832hsweg04.o
 .text.ssd1306_set_column_address
                0x0000000000002bc0       0x1e ./ASF/common/services/gfx_mono/gfx_mono_ug_2832hsweg04.o
 .text.ssd1306_write_data
                0x0000000000002bde       0x46 ./ASF/common/services/gfx_mono/gfx_mono_ug_2832hsweg04.o
 .text.gfx_mono_ssd1306_get_pixel
                0x0000000000002c24       0x44 ./ASF/common/services/gfx_mono/gfx_mono_ug_2832hsweg04.o
                0x0000000000002c24                gfx_mono_ssd1306_get_pixel
 .text.gfx_mono_ssd1306_put_page
                0x0000000000002c68       0x40 ./ASF/common/services/gfx_mono/gfx_mono_ug_2832hsweg04.o
                0x0000000000002c68                gfx_mono_ssd1306_put_page
 .text.gfx_mono_ssd1306_put_framebuffer
                0x0000000000002ca8       0x36 ./ASF/common/services/gfx_mono/gfx_mono_ug_2832hsweg04.o
                0x0000000000002ca8                gfx_mono_ssd1306_put_framebuffer
 .text.gfx_mono_ssd1306_get_page
                0x0000000000002cde        0x4 ./ASF/common/services/gfx_mono/gfx_mono_ug_2832hsweg04.o
                0x0000000000002cde                gfx_mono_ssd1306_get_page
 .text.gfx_mono_ssd1306_put_byte
                0x0000000000002ce2       0x42 ./ASF/common/services/gfx_mono/gfx_mono_ug_2832hsweg04.o
                0x0000000000002ce2                gfx_mono_ssd1306_put_byte
 .text.gfx_mono_ssd1306_init
                0x0000000000002d24       0x38 ./ASF/common/services/gfx_mono/gfx_mono_ug_2832hsweg04.o
                0x0000000000002d24                gfx_mono_ssd1306_init
 .text.gfx_mono_ssd1306_draw_pixel
                0x0000000000002d5c       0x78 ./ASF/common/services/gfx_mono/gfx_mono_ug_2832hsweg04.o
                0x0000000000002d5c                gfx_mono_ssd1306_draw_pixel
 .text.gfx_mono_ssd1306_get_byte
                0x0000000000002dd4        0x4 ./ASF/common/services/gfx_mono/gfx_mono_ug_2832hsweg04.o
                0x0000000000002dd4                gfx_mono_ssd1306_get_byte
 .text.gfx_mono_ssd1306_mask_byte
                0x0000000000002dd8       0x4c ./ASF/common/services/gfx_mono/gfx_mono_ug_2832hsweg04.o
                0x0000000000002dd8                gfx_mono_ssd1306_mask_byte
 .text.sysclk_init
                0x0000000000002e24       0x20 ./ASF/common/services/clock/xmega/sysclk.o
                0x0000000000002e24                sysclk_init
 .text.sysclk_enable_module
                0x0000000000002e44       0x18 ./ASF/common/services/clock/xmega/sysclk.o
                0x0000000000002e44                sysclk_enable_module
 .text.sysclk_disable_module
                0x0000000000002e5c       0x16 ./ASF/common/services/clock/xmega/sysclk.o
                0x0000000000002e5c                sysclk_disable_module
 .text.sysclk_enable_usb
                0x0000000000002e72       0x3e ./ASF/common/services/clock/xmega/sysclk.o
                0x0000000000002e72                sysclk_enable_usb
 .text.sysclk_disable_usb
                0x0000000000002eb0       0x12 ./ASF/common/services/clock/xmega/sysclk.o
                0x0000000000002eb0                sysclk_disable_usb
 .text.__portable_avr_delay_cycles
                0x0000000000002ec2        0xc ./ASF/common/components/display/ssd1306/ssd1306.o
 .text.ssd1306_write_command
                0x0000000000002ece       0x4e ./ASF/common/components/display/ssd1306/ssd1306.o
 .text.ssd1306_write_data
                0x0000000000002f1c       0x4e ./ASF/common/components/display/ssd1306/ssd1306.o
 .text.ssd1306_init
                0x0000000000002f6a      0x146 ./ASF/common/components/display/ssd1306/ssd1306.o
                0x0000000000002f6a                ssd1306_init
 .text.ssd1306_write_text
                0x00000000000030b0       0x56 ./ASF/common/components/display/ssd1306/ssd1306.o
                0x00000000000030b0                ssd1306_write_text
 .text.__portable_avr_delay_cycles
                0x0000000000003106        0xc ./main.o
 .text.updateData
                0x0000000000003112        0x2 ./main.o
                0x0000000000003112                updateData
 .text.ssd1306_write_command
                0x0000000000003114       0x4e ./main.o
 .text.ssd1306_clear
                0x0000000000003162       0x80 ./main.o
 .text.InitGlobalVars
                0x00000000000031e2       0x14 ./main.o
                0x00000000000031e2                InitGlobalVars
 .text.printLogo
                0x00000000000031f6       0x30 ./main.o
                0x00000000000031f6                printLogo
 .text.adc_avg  0x0000000000003226       0x68 ./main.o
                0x0000000000003226                adc_avg
 .text.__vector_12
                0x000000000000328e       0x50 ./main.o
                0x000000000000328e                __vector_12
 .text.enable_interrupts
                0x00000000000032de        0xe ./main.o
                0x00000000000032de                enable_interrupts
 .text.printPower
                0x00000000000032ec       0x7a ./main.o
                0x00000000000032ec                printPower
 .text.__vector_46
                0x0000000000003366       0x50 ./main.o
                0x0000000000003366                __vector_46
 .text.sendWritePackage
                0x00000000000033b6       0x62 ./main.o
                0x00000000000033b6                sendWritePackage
 .text.sendReadPackage
                0x0000000000003418       0x5a ./main.o
                0x0000000000003418                sendReadPackage
 .text.init     0x0000000000003472       0x88 ./main.o
                0x0000000000003472                init
 .text.isButtonPressed
                0x00000000000034fa       0x42 ./main.o
                0x00000000000034fa                isButtonPressed
 .text.isLeftButtonPressed
                0x000000000000353c        0xa ./main.o
                0x000000000000353c                isLeftButtonPressed
 .text.isRightButtonPressed
                0x0000000000003546        0xa ./main.o
                0x0000000000003546                isRightButtonPressed
 .text.isSelectButtonPressed
                0x0000000000003550        0xa ./main.o
                0x0000000000003550                isSelectButtonPressed
 .text.startup.main
                0x000000000000355a       0xa6 ./main.o
                0x000000000000355a                main
 .text.libgcc.mul
                0x0000000000003600        0x0 /usr/lib/gcc/avr/4.9.2/avrxmega4/libgcc.a(_udivmodqi4.o)
 .text.libgcc.div
                0x0000000000003600       0x18 /usr/lib/gcc/avr/4.9.2/avrxmega4/libgcc.a(_udivmodqi4.o)
                0x0000000000003600                __udivmodqi4
 .text.libgcc   0x0000000000003618        0x0 /usr/lib/gcc/avr/4.9.2/avrxmega4/libgcc.a(_udivmodqi4.o)
 .text.libgcc.prologue
                0x0000000000003618        0x0 /usr/lib/gcc/avr/4.9.2/avrxmega4/libgcc.a(_udivmodqi4.o)
 .text.libgcc.builtins
                0x0000000000003618        0x0 /usr/lib/gcc/avr/4.9.2/avrxmega4/libgcc.a(_udivmodqi4.o)
 .text.libgcc.fmul
                0x0000000000003618        0x0 /usr/lib/gcc/avr/4.9.2/avrxmega4/libgcc.a(_udivmodqi4.o)
 .text.libgcc.fixed
                0x0000000000003618        0x0 /usr/lib/gcc/avr/4.9.2/avrxmega4/libgcc.a(_udivmodqi4.o)
 .text.libgcc.mul
                0x0000000000003618        0x0 /usr/lib/gcc/avr/4.9.2/avrxmega4/libgcc.a(_udivmodsi4.o)
 .text.libgcc.div
                0x0000000000003618       0x44 /usr/lib/gcc/avr/4.9.2/avrxmega4/libgcc.a(_udivmodsi4.o)
                0x0000000000003618                __udivmodsi4
 .text.libgcc   0x000000000000365c        0x0 /usr/lib/gcc/avr/4.9.2/avrxmega4/libgcc.a(_udivmodsi4.o)
 .text.libgcc.prologue
                0x000000000000365c        0x0 /usr/lib/gcc/avr/4.9.2/avrxmega4/libgcc.a(_udivmodsi4.o)
 .text.libgcc.builtins
                0x000000000000365c        0x0 /usr/lib/gcc/avr/4.9.2/avrxmega4/libgcc.a(_udivmodsi4.o)
 .text.libgcc.fmul
                0x000000000000365c        0x0 /usr/lib/gcc/avr/4.9.2/avrxmega4/libgcc.a(_udivmodsi4.o)
 .text.libgcc.fixed
                0x000000000000365c        0x0 /usr/lib/gcc/avr/4.9.2/avrxmega4/libgcc.a(_udivmodsi4.o)
 .text.libgcc.mul
                0x000000000000365c        0x0 /usr/lib/gcc/avr/4.9.2/avrxmega4/libgcc.a(_divmodsi4.o)
 .text.libgcc.div
                0x000000000000365c       0x2e /usr/lib/gcc/avr/4.9.2/avrxmega4/libgcc.a(_divmodsi4.o)
                0x000000000000365c                __divmodsi4
 .text.libgcc   0x000000000000368a        0x0 /usr/lib/gcc/avr/4.9.2/avrxmega4/libgcc.a(_divmodsi4.o)
 .text.libgcc.prologue
                0x000000000000368a        0x0 /usr/lib/gcc/avr/4.9.2/avrxmega4/libgcc.a(_divmodsi4.o)
 .text.libgcc.builtins
                0x000000000000368a        0x0 /usr/lib/gcc/avr/4.9.2/avrxmega4/libgcc.a(_divmodsi4.o)
 .text.libgcc.fmul
                0x000000000000368a        0x0 /usr/lib/gcc/avr/4.9.2/avrxmega4/libgcc.a(_divmodsi4.o)
 .text.libgcc.fixed
                0x000000000000368a        0x0 /usr/lib/gcc/avr/4.9.2/avrxmega4/libgcc.a(_divmodsi4.o)
 .text.libgcc.mul
                0x000000000000368a        0x0 /usr/lib/gcc/avr/4.9.2/avrxmega4/libgcc.a(_negsi2.o)
 .text.libgcc.div
                0x000000000000368a       0x10 /usr/lib/gcc/avr/4.9.2/avrxmega4/libgcc.a(_negsi2.o)
                0x000000000000368a                __negsi2
 .text.libgcc   0x000000000000369a        0x0 /usr/lib/gcc/avr/4.9.2/avrxmega4/libgcc.a(_negsi2.o)
 .text.libgcc.prologue
                0x000000000000369a        0x0 /usr/lib/gcc/avr/4.9.2/avrxmega4/libgcc.a(_negsi2.o)
 .text.libgcc.builtins
                0x000000000000369a        0x0 /usr/lib/gcc/avr/4.9.2/avrxmega4/libgcc.a(_negsi2.o)
 .text.libgcc.fmul
                0x000000000000369a        0x0 /usr/lib/gcc/avr/4.9.2/avrxmega4/libgcc.a(_negsi2.o)
 .text.libgcc.fixed
                0x000000000000369a        0x0 /usr/lib/gcc/avr/4.9.2/avrxmega4/libgcc.a(_negsi2.o)
 .text.libgcc.mul
                0x000000000000369a        0x0 /usr/lib/gcc/avr/4.9.2/avrxmega4/libgcc.a(_exit.o)
 .text.libgcc.div
                0x000000000000369a        0x0 /usr/lib/gcc/avr/4.9.2/avrxmega4/libgcc.a(_exit.o)
 .text.libgcc   0x000000000000369a        0x0 /usr/lib/gcc/avr/4.9.2/avrxmega4/libgcc.a(_exit.o)
 .text.libgcc.prologue
                0x000000000000369a        0x0 /usr/lib/gcc/avr/4.9.2/avrxmega4/libgcc.a(_exit.o)
 .text.libgcc.builtins
                0x000000000000369a        0x0 /usr/lib/gcc/avr/4.9.2/avrxmega4/libgcc.a(_exit.o)
 .text.libgcc.fmul
                0x000000000000369a        0x0 /usr/lib/gcc/avr/4.9.2/avrxmega4/libgcc.a(_exit.o)
 .text.libgcc.fixed
                0x000000000000369a        0x0 /usr/lib/gcc/avr/4.9.2/avrxmega4/libgcc.a(_exit.o)
 .text.libgcc.mul
                0x000000000000369a        0x0 /usr/lib/gcc/avr/4.9.2/avrxmega4/libgcc.a(_copy_data.o)
 .text.libgcc.div
                0x000000000000369a        0x0 /usr/lib/gcc/avr/4.9.2/avrxmega4/libgcc.a(_copy_data.o)
 .text.libgcc   0x000000000000369a        0x0 /usr/lib/gcc/avr/4.9.2/avrxmega4/libgcc.a(_copy_data.o)
 .text.libgcc.prologue
                0x000000000000369a        0x0 /usr/lib/gcc/avr/4.9.2/avrxmega4/libgcc.a(_copy_data.o)
 .text.libgcc.builtins
                0x000000000000369a        0x0 /usr/lib/gcc/avr/4.9.2/avrxmega4/libgcc.a(_copy_data.o)
 .text.libgcc.fmul
                0x000000000000369a        0x0 /usr/lib/gcc/avr/4.9.2/avrxmega4/libgcc.a(_copy_data.o)
 .text.libgcc.fixed
                0x000000000000369a        0x0 /usr/lib/gcc/avr/4.9.2/avrxmega4/libgcc.a(_copy_data.o)
 .text.libgcc.mul
                0x000000000000369a        0x0 /usr/lib/gcc/avr/4.9.2/avrxmega4/libgcc.a(_clear_bss.o)
 .text.libgcc.div
                0x000000000000369a        0x0 /usr/lib/gcc/avr/4.9.2/avrxmega4/libgcc.a(_clear_bss.o)
 .text.libgcc   0x000000000000369a        0x0 /usr/lib/gcc/avr/4.9.2/avrxmega4/libgcc.a(_clear_bss.o)
 .text.libgcc.prologue
                0x000000000000369a        0x0 /usr/lib/gcc/avr/4.9.2/avrxmega4/libgcc.a(_clear_bss.o)
 .text.libgcc.builtins
                0x000000000000369a        0x0 /usr/lib/gcc/avr/4.9.2/avrxmega4/libgcc.a(_clear_bss.o)
 .text.libgcc.fmul
                0x000000000000369a        0x0 /usr/lib/gcc/avr/4.9.2/avrxmega4/libgcc.a(_clear_bss.o)
 .text.libgcc.fixed
                0x000000000000369a        0x0 /usr/lib/gcc/avr/4.9.2/avrxmega4/libgcc.a(_clear_bss.o)
 .text.avr-libc.fplib
                0x000000000000369a        0xa /usr/lib/gcc/avr/4.9.2/../../../../avr/lib/avrxmega4/libm.a(fixsfsi.o)
                0x000000000000369a                __fixsfsi
 .text.avr-libc.fplib
                0x00000000000036a4       0x58 /usr/lib/gcc/avr/4.9.2/../../../../avr/lib/avrxmega4/libm.a(fixunssfsi.o)
                0x00000000000036a4                __fixunssfsi
 .text.avr-libc.fplib
                0x00000000000036fc       0x7a /usr/lib/gcc/avr/4.9.2/../../../../avr/lib/avrxmega4/libm.a(floatsisf.o)
                0x00000000000036fc                __floatunsisf
                0x0000000000003700                __floatsisf
 .text.avr-libc.fplib
                0x0000000000003776       0x44 /usr/lib/gcc/avr/4.9.2/../../../../avr/lib/avrxmega4/libm.a(fp_split3.o)
                0x0000000000003776                __fp_split3
                0x0000000000003786                __fp_splitA
 .text.avr-libc.fplib
                0x00000000000037ba        0xe /usr/lib/gcc/avr/4.9.2/../../../../avr/lib/avrxmega4/libm.a(fp_zero.o)
                0x00000000000037ba                __fp_zero
                0x00000000000037bc                __fp_szero
 .text.avr-libc.fplib
                0x00000000000037c8        0x4 /usr/lib/gcc/avr/4.9.2/../../../../avr/lib/avrxmega4/libm.a(mulsf3.o)
                0x00000000000037c8                __mulsf3
 .text.avr-libc.fplib
                0x00000000000037cc       0xc2 /usr/lib/gcc/avr/4.9.2/../../../../avr/lib/avrxmega4/libm.a(mulsf3x.o)
                0x00000000000037e0                __mulsf3x
                0x00000000000037e4                __mulsf3_pse
 .text.avr-libc.fplib
                0x000000000000388e       0x40 /usr/lib/gcc/avr/4.9.2/../../../../avr/lib/avrxmega4/libm.a(round.o)
                0x000000000000388e                round
 .text.avr-libc.fplib
                0x00000000000038ce        0xc /usr/lib/gcc/avr/4.9.2/../../../../avr/lib/avrxmega4/libm.a(fp_inf.o)
                0x00000000000038ce                __fp_inf
 .text.avr-libc.fplib
                0x00000000000038da       0x36 /usr/lib/gcc/avr/4.9.2/../../../../avr/lib/avrxmega4/libm.a(fp_mintl.o)
                0x00000000000038da                __fp_mintl
 .text.avr-libc.fplib
                0x0000000000003910       0x1c /usr/lib/gcc/avr/4.9.2/../../../../avr/lib/avrxmega4/libm.a(fp_mpack.o)
                0x0000000000003910                __fp_mpack
                0x0000000000003914                __fp_mpack_finite
 .text.avr-libc.fplib
                0x000000000000392c        0x6 /usr/lib/gcc/avr/4.9.2/../../../../avr/lib/avrxmega4/libm.a(fp_nan.o)
                0x000000000000392c                __fp_nan
 .text.avr-libc.fplib
                0x0000000000003932        0xe /usr/lib/gcc/avr/4.9.2/../../../../avr/lib/avrxmega4/libm.a(fp_pscA.o)
                0x0000000000003932                __fp_pscA
 .text.avr-libc.fplib
                0x0000000000003940        0xe /usr/lib/gcc/avr/4.9.2/../../../../avr/lib/avrxmega4/libm.a(fp_pscB.o)
                0x0000000000003940                __fp_pscB
 .text.avr-libc.fplib
                0x000000000000394e       0x22 /usr/lib/gcc/avr/4.9.2/../../../../avr/lib/avrxmega4/libm.a(fp_round.o)
                0x000000000000394e                __fp_round
 .text.avr-libc
                0x0000000000003970      0x25a /usr/lib/gcc/avr/4.9.2/../../../../avr/lib/avrxmega4/libc.a(malloc.o)
                0x0000000000003970                malloc
                0x0000000000003a9a                free
 .text.avr-libc
                0x0000000000003bca       0x12 /usr/lib/gcc/avr/4.9.2/../../../../avr/lib/avrxmega4/libc.a(memcpy.o)
                0x0000000000003bca                memcpy
 .text.avr-libc
                0x0000000000003bdc        0xe /usr/lib/gcc/avr/4.9.2/../../../../avr/lib/avrxmega4/libc.a(strcpy.o)
                0x0000000000003bdc                strcpy
 .text.avr-libc
                0x0000000000003bea       0x16 /usr/lib/gcc/avr/4.9.2/../../../../avr/lib/avrxmega4/libc.a(itoa_ncheck.o)
                0x0000000000003bea                __itoa_ncheck
 .text.avr-libc
                0x0000000000003c00       0x34 /usr/lib/gcc/avr/4.9.2/../../../../avr/lib/avrxmega4/libc.a(utoa_ncheck.o)
                0x0000000000003c00                __utoa_ncheck
                0x0000000000003c02                __utoa_common
 .text.avr-libc
                0x0000000000003c34       0x20 /usr/lib/gcc/avr/4.9.2/../../../../avr/lib/avrxmega4/libc.a(strrev.o)
                0x0000000000003c34                strrev
                0x0000000000003c54                . = ALIGN (0x2)
 *(.fini9)
 .fini9         0x0000000000003c54        0x0 /usr/lib/gcc/avr/4.9.2/avrxmega4/libgcc.a(_exit.o)
                0x0000000000003c54                exit
                0x0000000000003c54                _exit
 *(.fini9)
 *(.fini8)
 *(.fini8)
 *(.fini7)
 *(.fini7)
 *(.fini6)
 *(.fini6)
 *(.fini5)
 *(.fini5)
 *(.fini4)
 *(.fini4)
 *(.fini3)
 *(.fini3)
 *(.fini2)
 *(.fini2)
 *(.fini1)
 *(.fini1)
 *(.fini0)
 .fini0         0x0000000000003c54        0x4 /usr/lib/gcc/avr/4.9.2/avrxmega4/libgcc.a(_exit.o)
 *(.fini0)
                0x0000000000003c58                _etext = .

.BOOT           0x0000000000003c58       0x7e
 .BOOT          0x0000000000003c58       0x3a ./twi/sp_driver.o
                0x0000000000003c58                SP_LoadFlashPage
 .BOOT          0x0000000000003c92       0x44 ./ASF/xmega/drivers/nvm/nvm_asm.o
                0x0000000000003c92                nvm_common_spm
                0x0000000000003cb0                nvm_flash_load_word_to_buffer

.data           0x0000000000802000      0x4d4 load address 0x0000000000003cd6
                0x0000000000802000                PROVIDE (__data_start, .)
 *(.data)
 .data          0x0000000000802000        0x0 /usr/lib/gcc/avr/4.9.2/../../../../avr/lib/avrxmega4/crtx64a3u.o
 .data          0x0000000000802000        0x0 ./twi/eeprom_driver.o
 .data          0x0000000000802000        0x0 ./twi/sp_driver.o
 .data          0x0000000000802000        0x0 ./twi/twi-master.o
 .data          0x0000000000802000        0x0 ./twi/twi-memory.o
 .data          0x0000000000802000        0x0 ./twi/twi-slave.o
 .data          0x0000000000802000        0x0 ./gfx/keypad.o
 .data          0x0000000000802000        0x0 ./gfx/logos.o
 .data          0x0000000000802000        0x0 ./gfx/menu-handler.o
 .data          0x0000000000802000        0x0 ./gfx/menu.o
 .data          0x0000000000802000        0x0 ./gfx/testMenu.o
 .data          0x0000000000802000        0x0 ./action_menu/action_menu_factory.o
 .data          0x0000000000802000        0x0 ./action_menu/gfx_action_menu.o
 .data          0x0000000000802000        0x0 ./action_menu/sampleMenu.o
 .data          0x0000000000802000        0x0 ./ASF/xmega/drivers/spi/spi.o
 .data          0x0000000000802000        0x0 ./ASF/xmega/drivers/nvm/nvm.o
 .data          0x0000000000802000        0x0 ./ASF/xmega/drivers/nvm/nvm_asm.o
 .data          0x0000000000802000        0x0 ./ASF/xmega/drivers/cpu/ccp.o
 .data          0x0000000000802000        0x0 ./ASF/xmega/drivers/adc/xmega_aau/adc_aau.o
 .data          0x0000000000802000        0x0 ./ASF/xmega/drivers/adc/adc.o
 .data          0x0000000000802000        0x0 ./ASF/xmega/boards/stk600/rc064x/init.o
 .data          0x0000000000802000        0x0 ./ASF/common/services/spi/xmega_spi/spi_master.o
 .data          0x0000000000802000        0x0 ./ASF/common/services/sleepmgr/xmega/sleepmgr.o
 .data          0x0000000000802000        0x0 ./ASF/common/services/ioport/xmega/ioport_compat.o
 .data          0x0000000000802000        0x0 ./ASF/common/services/gfx_mono/gfx_mono_framebuffer.o
 .data          0x0000000000802000        0x0 ./ASF/common/services/gfx_mono/gfx_mono_generic.o
 .data          0x0000000000802000        0x0 ./ASF/common/services/gfx_mono/gfx_mono_menu.o
 .data          0x0000000000802000        0x0 ./ASF/common/services/gfx_mono/gfx_mono_text.o
 .data          0x0000000000802000        0x0 ./ASF/common/services/gfx_mono/gfx_mono_ug_2832hsweg04.o
 .data          0x0000000000802000        0x0 ./ASF/common/services/gfx_mono/sysfont.o
 .data          0x0000000000802000        0x0 ./ASF/common/services/clock/xmega/sysclk.o
 .data          0x0000000000802000        0x0 ./ASF/common/components/display/ssd1306/font.o
 .data          0x0000000000802000        0x0 ./ASF/common/components/display/ssd1306/ssd1306.o
 .data          0x0000000000802000        0x0 ./main.o
 .data          0x0000000000802000        0x0 /usr/lib/gcc/avr/4.9.2/avrxmega4/libgcc.a(_udivmodqi4.o)
 .data          0x0000000000802000        0x0 /usr/lib/gcc/avr/4.9.2/avrxmega4/libgcc.a(_udivmodsi4.o)
 .data          0x0000000000802000        0x0 /usr/lib/gcc/avr/4.9.2/avrxmega4/libgcc.a(_divmodsi4.o)
 .data          0x0000000000802000        0x0 /usr/lib/gcc/avr/4.9.2/avrxmega4/libgcc.a(_negsi2.o)
 .data          0x0000000000802000        0x0 /usr/lib/gcc/avr/4.9.2/avrxmega4/libgcc.a(_exit.o)
 .data          0x0000000000802000        0x0 /usr/lib/gcc/avr/4.9.2/avrxmega4/libgcc.a(_copy_data.o)
 .data          0x0000000000802000        0x0 /usr/lib/gcc/avr/4.9.2/avrxmega4/libgcc.a(_clear_bss.o)
 .data          0x0000000000802000        0x0 /usr/lib/gcc/avr/4.9.2/../../../../avr/lib/avrxmega4/libm.a(fixsfsi.o)
 .data          0x0000000000802000        0x0 /usr/lib/gcc/avr/4.9.2/../../../../avr/lib/avrxmega4/libm.a(fixunssfsi.o)
 .data          0x0000000000802000        0x0 /usr/lib/gcc/avr/4.9.2/../../../../avr/lib/avrxmega4/libm.a(floatsisf.o)
 .data          0x0000000000802000        0x0 /usr/lib/gcc/avr/4.9.2/../../../../avr/lib/avrxmega4/libm.a(fp_split3.o)
 .data          0x0000000000802000        0x0 /usr/lib/gcc/avr/4.9.2/../../../../avr/lib/avrxmega4/libm.a(fp_zero.o)
 .data          0x0000000000802000        0x0 /usr/lib/gcc/avr/4.9.2/../../../../avr/lib/avrxmega4/libm.a(mulsf3.o)
 .data          0x0000000000802000        0x0 /usr/lib/gcc/avr/4.9.2/../../../../avr/lib/avrxmega4/libm.a(mulsf3x.o)
 .data          0x0000000000802000        0x0 /usr/lib/gcc/avr/4.9.2/../../../../avr/lib/avrxmega4/libm.a(round.o)
 .data          0x0000000000802000        0x0 /usr/lib/gcc/avr/4.9.2/../../../../avr/lib/avrxmega4/libm.a(fp_inf.o)
 .data          0x0000000000802000        0x0 /usr/lib/gcc/avr/4.9.2/../../../../avr/lib/avrxmega4/libm.a(fp_mintl.o)
 .data          0x0000000000802000        0x0 /usr/lib/gcc/avr/4.9.2/../../../../avr/lib/avrxmega4/libm.a(fp_mpack.o)
 .data          0x0000000000802000        0x0 /usr/lib/gcc/avr/4.9.2/../../../../avr/lib/avrxmega4/libm.a(fp_nan.o)
 .data          0x0000000000802000        0x0 /usr/lib/gcc/avr/4.9.2/../../../../avr/lib/avrxmega4/libm.a(fp_pscA.o)
 .data          0x0000000000802000        0x0 /usr/lib/gcc/avr/4.9.2/../../../../avr/lib/avrxmega4/libm.a(fp_pscB.o)
 .data          0x0000000000802000        0x0 /usr/lib/gcc/avr/4.9.2/../../../../avr/lib/avrxmega4/libm.a(fp_round.o)
 .data          0x0000000000802000        0x6 /usr/lib/gcc/avr/4.9.2/../../../../avr/lib/avrxmega4/libc.a(malloc.o)
                0x0000000000802000                __malloc_heap_end
                0x0000000000802002                __malloc_heap_start
                0x0000000000802004                __malloc_margin
 .data          0x0000000000802006        0x0 /usr/lib/gcc/avr/4.9.2/../../../../avr/lib/avrxmega4/libc.a(memcpy.o)
 .data          0x0000000000802006        0x0 /usr/lib/gcc/avr/4.9.2/../../../../avr/lib/avrxmega4/libc.a(strcpy.o)
 .data          0x0000000000802006        0x0 /usr/lib/gcc/avr/4.9.2/../../../../avr/lib/avrxmega4/libc.a(itoa_ncheck.o)
 .data          0x0000000000802006        0x0 /usr/lib/gcc/avr/4.9.2/../../../../avr/lib/avrxmega4/libc.a(utoa_ncheck.o)
 .data          0x0000000000802006        0x0 /usr/lib/gcc/avr/4.9.2/../../../../avr/lib/avrxmega4/libc.a(strrev.o)
 *(.data*)
 .data.compulab_new
                0x0000000000802006      0x200 ./gfx/logos.o
                0x0000000000802006                compulab_new
 .data.testMenu
                0x0000000000802206        0x7 ./gfx/menu.o
                0x0000000000802206                testMenu
 .data.compulab_logo
                0x000000000080220d        0x5 ./gfx/menu.o
                0x000000000080220d                compulab_logo
 .data.main_menu_strings
                0x0000000000802212        0xc ./gfx/menu.o
                0x0000000000802212                main_menu_strings
 .data.sleepmgr_configs
                0x000000000080221e        0x6 ./ASF/common/services/sleepmgr/xmega/sleepmgr.o
                0x000000000080221e                sleepmgr_configs
 .data.menu_bitmap_indicator
                0x0000000000802224        0x5 ./ASF/common/services/gfx_mono/gfx_mono_menu.o
                0x0000000000802224                menu_bitmap_indicator
 .data.sysfont  0x0000000000802229        0x7 ./ASF/common/services/gfx_mono/sysfont.o
                0x0000000000802229                sysfont
 .data.Font08px_126
                0x0000000000802230        0x6 ./ASF/common/components/display/ssd1306/font.o
                0x0000000000802230                Font08px_126
 .data.Font08px_125
                0x0000000000802236        0x4 ./ASF/common/components/display/ssd1306/font.o
                0x0000000000802236                Font08px_125
 .data.Font08px_124
                0x000000000080223a        0x2 ./ASF/common/components/display/ssd1306/font.o
                0x000000000080223a                Font08px_124
 .data.Font08px_123
                0x000000000080223c        0x4 ./ASF/common/components/display/ssd1306/font.o
                0x000000000080223c                Font08px_123
 .data.Font08px_lz
                0x0000000000802240        0x4 ./ASF/common/components/display/ssd1306/font.o
                0x0000000000802240                Font08px_lz
 .data.Font08px_ly
                0x0000000000802244        0x5 ./ASF/common/components/display/ssd1306/font.o
                0x0000000000802244                Font08px_ly
 .data.Font08px_lx
                0x0000000000802249        0x6 ./ASF/common/components/display/ssd1306/font.o
                0x0000000000802249                Font08px_lx
 .data.Font08px_lw
                0x000000000080224f        0x6 ./ASF/common/components/display/ssd1306/font.o
                0x000000000080224f                Font08px_lw
 .data.Font08px_lv
                0x0000000000802255        0x6 ./ASF/common/components/display/ssd1306/font.o
                0x0000000000802255                Font08px_lv
 .data.Font08px_lu
                0x000000000080225b        0x5 ./ASF/common/components/display/ssd1306/font.o
                0x000000000080225b                Font08px_lu
 .data.Font08px_lt
                0x0000000000802260        0x4 ./ASF/common/components/display/ssd1306/font.o
                0x0000000000802260                Font08px_lt
 .data.Font08px_ls
                0x0000000000802264        0x5 ./ASF/common/components/display/ssd1306/font.o
                0x0000000000802264                Font08px_ls
 .data.Font08px_lr
                0x0000000000802269        0x4 ./ASF/common/components/display/ssd1306/font.o
                0x0000000000802269                Font08px_lr
 .data.Font08px_lq
                0x000000000080226d        0x5 ./ASF/common/components/display/ssd1306/font.o
                0x000000000080226d                Font08px_lq
 .data.Font08px_lp
                0x0000000000802272        0x5 ./ASF/common/components/display/ssd1306/font.o
                0x0000000000802272                Font08px_lp
 .data.Font08px_lo
                0x0000000000802277        0x5 ./ASF/common/components/display/ssd1306/font.o
                0x0000000000802277                Font08px_lo
 .data.Font08px_ln
                0x000000000080227c        0x5 ./ASF/common/components/display/ssd1306/font.o
                0x000000000080227c                Font08px_ln
 .data.Font08px_lm
                0x0000000000802281        0x6 ./ASF/common/components/display/ssd1306/font.o
                0x0000000000802281                Font08px_lm
 .data.Font08px_ll
                0x0000000000802287        0x2 ./ASF/common/components/display/ssd1306/font.o
                0x0000000000802287                Font08px_ll
 .data.Font08px_lk
                0x0000000000802289        0x5 ./ASF/common/components/display/ssd1306/font.o
                0x0000000000802289                Font08px_lk
 .data.Font08px_lj
                0x000000000080228e        0x3 ./ASF/common/components/display/ssd1306/font.o
                0x000000000080228e                Font08px_lj
 .data.Font08px_li
                0x0000000000802291        0x2 ./ASF/common/components/display/ssd1306/font.o
                0x0000000000802291                Font08px_li
 .data.Font08px_lh
                0x0000000000802293        0x5 ./ASF/common/components/display/ssd1306/font.o
                0x0000000000802293                Font08px_lh
 .data.Font08px_lg
                0x0000000000802298        0x5 ./ASF/common/components/display/ssd1306/font.o
                0x0000000000802298                Font08px_lg
 .data.Font08px_lf
                0x000000000080229d        0x4 ./ASF/common/components/display/ssd1306/font.o
                0x000000000080229d                Font08px_lf
 .data.Font08px_le
                0x00000000008022a1        0x5 ./ASF/common/components/display/ssd1306/font.o
                0x00000000008022a1                Font08px_le
 .data.Font08px_ld
                0x00000000008022a6        0x5 ./ASF/common/components/display/ssd1306/font.o
                0x00000000008022a6                Font08px_ld
 .data.Font08px_lc
                0x00000000008022ab        0x5 ./ASF/common/components/display/ssd1306/font.o
                0x00000000008022ab                Font08px_lc
 .data.Font08px_lb
                0x00000000008022b0        0x5 ./ASF/common/components/display/ssd1306/font.o
                0x00000000008022b0                Font08px_lb
 .data.Font08px_la
                0x00000000008022b5        0x5 ./ASF/common/components/display/ssd1306/font.o
                0x00000000008022b5                Font08px_la
 .data.Font08px_96
                0x00000000008022ba        0x3 ./ASF/common/components/display/ssd1306/font.o
                0x00000000008022ba                Font08px_96
 .data.Font08px_95
                0x00000000008022bd        0x4 ./ASF/common/components/display/ssd1306/font.o
                0x00000000008022bd                Font08px_95
 .data.Font08px_94
                0x00000000008022c1        0x4 ./ASF/common/components/display/ssd1306/font.o
                0x00000000008022c1                Font08px_94
 .data.Font08px_93
                0x00000000008022c5        0x4 ./ASF/common/components/display/ssd1306/font.o
                0x00000000008022c5                Font08px_93
 .data.Font08px_92
                0x00000000008022c9        0x4 ./ASF/common/components/display/ssd1306/font.o
                0x00000000008022c9                Font08px_92
 .data.Font08px_91
                0x00000000008022cd        0x4 ./ASF/common/components/display/ssd1306/font.o
                0x00000000008022cd                Font08px_91
 .data.Font08px_UZ
                0x00000000008022d1        0x6 ./ASF/common/components/display/ssd1306/font.o
                0x00000000008022d1                Font08px_UZ
 .data.Font08px_UY
                0x00000000008022d7        0x6 ./ASF/common/components/display/ssd1306/font.o
                0x00000000008022d7                Font08px_UY
 .data.Font08px_UX
                0x00000000008022dd        0x6 ./ASF/common/components/display/ssd1306/font.o
                0x00000000008022dd                Font08px_UX
 .data.Font08px_UW
                0x00000000008022e3        0x6 ./ASF/common/components/display/ssd1306/font.o
                0x00000000008022e3                Font08px_UW
 .data.Font08px_UV
                0x00000000008022e9        0x6 ./ASF/common/components/display/ssd1306/font.o
                0x00000000008022e9                Font08px_UV
 .data.Font08px_UU
                0x00000000008022ef        0x5 ./ASF/common/components/display/ssd1306/font.o
                0x00000000008022ef                Font08px_UU
 .data.Font08px_UT
                0x00000000008022f4        0x6 ./ASF/common/components/display/ssd1306/font.o
                0x00000000008022f4                Font08px_UT
 .data.Font08px_US
                0x00000000008022fa        0x5 ./ASF/common/components/display/ssd1306/font.o
                0x00000000008022fa                Font08px_US
 .data.Font08px_UR
                0x00000000008022ff        0x5 ./ASF/common/components/display/ssd1306/font.o
                0x00000000008022ff                Font08px_UR
 .data.Font08px_UQ
                0x0000000000802304        0x6 ./ASF/common/components/display/ssd1306/font.o
                0x0000000000802304                Font08px_UQ
 .data.Font08px_UP
                0x000000000080230a        0x5 ./ASF/common/components/display/ssd1306/font.o
                0x000000000080230a                Font08px_UP
 .data.Font08px_UO
                0x000000000080230f        0x5 ./ASF/common/components/display/ssd1306/font.o
                0x000000000080230f                Font08px_UO
 .data.Font08px_UN
                0x0000000000802314        0x6 ./ASF/common/components/display/ssd1306/font.o
                0x0000000000802314                Font08px_UN
 .data.Font08px_UM
                0x000000000080231a        0x6 ./ASF/common/components/display/ssd1306/font.o
                0x000000000080231a                Font08px_UM
 .data.Font08px_UL
                0x0000000000802320        0x5 ./ASF/common/components/display/ssd1306/font.o
                0x0000000000802320                Font08px_UL
 .data.Font08px_UK
                0x0000000000802325        0x6 ./ASF/common/components/display/ssd1306/font.o
                0x0000000000802325                Font08px_UK
 .data.Font08px_UJ
                0x000000000080232b        0x5 ./ASF/common/components/display/ssd1306/font.o
                0x000000000080232b                Font08px_UJ
 .data.Font08px_UI
                0x0000000000802330        0x4 ./ASF/common/components/display/ssd1306/font.o
                0x0000000000802330                Font08px_UI
 .data.Font08px_UH
                0x0000000000802334        0x5 ./ASF/common/components/display/ssd1306/font.o
                0x0000000000802334                Font08px_UH
 .data.Font08px_UG
                0x0000000000802339        0x6 ./ASF/common/components/display/ssd1306/font.o
                0x0000000000802339                Font08px_UG
 .data.Font08px_UF
                0x000000000080233f        0x5 ./ASF/common/components/display/ssd1306/font.o
                0x000000000080233f                Font08px_UF
 .data.Font08px_UE
                0x0000000000802344        0x5 ./ASF/common/components/display/ssd1306/font.o
                0x0000000000802344                Font08px_UE
 .data.Font08px_UD
                0x0000000000802349        0x5 ./ASF/common/components/display/ssd1306/font.o
                0x0000000000802349                Font08px_UD
 .data.Font08px_UC
                0x000000000080234e        0x5 ./ASF/common/components/display/ssd1306/font.o
                0x000000000080234e                Font08px_UC
 .data.Font08px_UB
                0x0000000000802353        0x5 ./ASF/common/components/display/ssd1306/font.o
                0x0000000000802353                Font08px_UB
 .data.Font08px_UA
                0x0000000000802358        0x6 ./ASF/common/components/display/ssd1306/font.o
                0x0000000000802358                Font08px_UA
 .data.Font08px_64
                0x000000000080235e        0x9 ./ASF/common/components/display/ssd1306/font.o
                0x000000000080235e                Font08px_64
 .data.Font08px_63
                0x0000000000802367        0x6 ./ASF/common/components/display/ssd1306/font.o
                0x0000000000802367                Font08px_63
 .data.Font08px_62
                0x000000000080236d        0x5 ./ASF/common/components/display/ssd1306/font.o
                0x000000000080236d                Font08px_62
 .data.Font08px_61
                0x0000000000802372        0x5 ./ASF/common/components/display/ssd1306/font.o
                0x0000000000802372                Font08px_61
 .data.Font08px_60
                0x0000000000802377        0x5 ./ASF/common/components/display/ssd1306/font.o
                0x0000000000802377                Font08px_60
 .data.Font08px_59
                0x000000000080237c        0x2 ./ASF/common/components/display/ssd1306/font.o
                0x000000000080237c                Font08px_59
 .data.Font08px_58
                0x000000000080237e        0x2 ./ASF/common/components/display/ssd1306/font.o
                0x000000000080237e                Font08px_58
 .data.Font08px_N9
                0x0000000000802380        0x6 ./ASF/common/components/display/ssd1306/font.o
                0x0000000000802380                Font08px_N9
 .data.Font08px_N8
                0x0000000000802386        0x6 ./ASF/common/components/display/ssd1306/font.o
                0x0000000000802386                Font08px_N8
 .data.Font08px_N7
                0x000000000080238c        0x6 ./ASF/common/components/display/ssd1306/font.o
                0x000000000080238c                Font08px_N7
 .data.Font08px_N6
                0x0000000000802392        0x6 ./ASF/common/components/display/ssd1306/font.o
                0x0000000000802392                Font08px_N6
 .data.Font08px_N5
                0x0000000000802398        0x6 ./ASF/common/components/display/ssd1306/font.o
                0x0000000000802398                Font08px_N5
 .data.Font08px_N4
                0x000000000080239e        0x6 ./ASF/common/components/display/ssd1306/font.o
                0x000000000080239e                Font08px_N4
 .data.Font08px_N3
                0x00000000008023a4        0x6 ./ASF/common/components/display/ssd1306/font.o
                0x00000000008023a4                Font08px_N3
 .data.Font08px_N2
                0x00000000008023aa        0x6 ./ASF/common/components/display/ssd1306/font.o
                0x00000000008023aa                Font08px_N2
 .data.Font08px_N1
                0x00000000008023b0        0x6 ./ASF/common/components/display/ssd1306/font.o
                0x00000000008023b0                Font08px_N1
 .data.Font08px_N0
                0x00000000008023b6        0x6 ./ASF/common/components/display/ssd1306/font.o
                0x00000000008023b6                Font08px_N0
 .data.Font08px_47
                0x00000000008023bc        0x4 ./ASF/common/components/display/ssd1306/font.o
                0x00000000008023bc                Font08px_47
 .data.Font08px_46
                0x00000000008023c0        0x2 ./ASF/common/components/display/ssd1306/font.o
                0x00000000008023c0                Font08px_46
 .data.Font08px_45
                0x00000000008023c2        0x4 ./ASF/common/components/display/ssd1306/font.o
                0x00000000008023c2                Font08px_45
 .data.Font08px_44
                0x00000000008023c6        0x2 ./ASF/common/components/display/ssd1306/font.o
                0x00000000008023c6                Font08px_44
 .data.Font08px_43
                0x00000000008023c8        0x4 ./ASF/common/components/display/ssd1306/font.o
                0x00000000008023c8                Font08px_43
 .data.Font08px_42
                0x00000000008023cc        0x4 ./ASF/common/components/display/ssd1306/font.o
                0x00000000008023cc                Font08px_42
 .data.Font08px_41
                0x00000000008023d0        0x4 ./ASF/common/components/display/ssd1306/font.o
                0x00000000008023d0                Font08px_41
 .data.Font08px_40
                0x00000000008023d4        0x4 ./ASF/common/components/display/ssd1306/font.o
                0x00000000008023d4                Font08px_40
 .data.Font08px_39
                0x00000000008023d8        0x2 ./ASF/common/components/display/ssd1306/font.o
                0x00000000008023d8                Font08px_39
 .data.Font08px_38
                0x00000000008023da        0x6 ./ASF/common/components/display/ssd1306/font.o
                0x00000000008023da                Font08px_38
 .data.Font08px_37
                0x00000000008023e0        0x6 ./ASF/common/components/display/ssd1306/font.o
                0x00000000008023e0                Font08px_37
 .data.Font08px_36
                0x00000000008023e6        0x6 ./ASF/common/components/display/ssd1306/font.o
                0x00000000008023e6                Font08px_36
 .data.Font08px_35
                0x00000000008023ec        0x6 ./ASF/common/components/display/ssd1306/font.o
                0x00000000008023ec                Font08px_35
 .data.Font08px_34
                0x00000000008023f2        0x4 ./ASF/common/components/display/ssd1306/font.o
                0x00000000008023f2                Font08px_34
 .data.Font08px_33
                0x00000000008023f6        0x2 ./ASF/common/components/display/ssd1306/font.o
                0x00000000008023f6                Font08px_33
 .data.Font08px_32
                0x00000000008023f8        0x3 ./ASF/common/components/display/ssd1306/font.o
                0x00000000008023f8                Font08px_32
 .data.font_table
                0x00000000008023fb       0xbe ./ASF/common/components/display/ssd1306/font.o
                0x00000000008023fb                font_table
 *(.rodata)
 *(.rodata*)
 .rodata.str1.1
                0x00000000008024b9        0x0 ./action_menu/action_menu_factory.o
                                          0x1 (size before relaxing)
 .rodata.str1.1
                0x00000000008024b9       0x1a ./action_menu/sampleMenu.o
 *(.gnu.linkonce.d*)
                0x00000000008024d4                . = ALIGN (0x2)
 *fill*         0x00000000008024d3        0x1 
                0x00000000008024d4                _edata = .
                0x00000000008024d4                PROVIDE (__data_end, .)

.bss            0x00000000008024d4      0x638
                0x00000000008024d4                PROVIDE (__bss_start, .)
 *(.bss)
 .bss           0x00000000008024d4        0x0 /usr/lib/gcc/avr/4.9.2/../../../../avr/lib/avrxmega4/crtx64a3u.o
 .bss           0x00000000008024d4        0x0 ./twi/eeprom_driver.o
 .bss           0x00000000008024d4        0x0 ./twi/sp_driver.o
 .bss           0x00000000008024d4        0x0 ./twi/twi-master.o
 .bss           0x00000000008024d4        0x0 ./twi/twi-memory.o
 .bss           0x00000000008024d4        0x0 ./twi/twi-slave.o
 .bss           0x00000000008024d4        0x0 ./gfx/keypad.o
 .bss           0x00000000008024d4        0x0 ./gfx/logos.o
 .bss           0x00000000008024d4        0x0 ./gfx/menu-handler.o
 .bss           0x00000000008024d4        0x0 ./gfx/menu.o
 .bss           0x00000000008024d4        0x0 ./gfx/testMenu.o
 .bss           0x00000000008024d4        0x0 ./action_menu/action_menu_factory.o
 .bss           0x00000000008024d4        0x0 ./action_menu/gfx_action_menu.o
 .bss           0x00000000008024d4        0x0 ./action_menu/sampleMenu.o
 .bss           0x00000000008024d4        0x0 ./ASF/xmega/drivers/spi/spi.o
 .bss           0x00000000008024d4        0x0 ./ASF/xmega/drivers/nvm/nvm.o
 .bss           0x00000000008024d4        0x0 ./ASF/xmega/drivers/nvm/nvm_asm.o
 .bss           0x00000000008024d4        0x0 ./ASF/xmega/drivers/cpu/ccp.o
 .bss           0x00000000008024d4        0x0 ./ASF/xmega/drivers/adc/xmega_aau/adc_aau.o
 .bss           0x00000000008024d4        0x0 ./ASF/xmega/drivers/adc/adc.o
 .bss           0x00000000008024d4        0x0 ./ASF/xmega/boards/stk600/rc064x/init.o
 .bss           0x00000000008024d4        0x0 ./ASF/common/services/spi/xmega_spi/spi_master.o
 .bss           0x00000000008024d4        0x0 ./ASF/common/services/sleepmgr/xmega/sleepmgr.o
 .bss           0x00000000008024d4        0x0 ./ASF/common/services/ioport/xmega/ioport_compat.o
 .bss           0x00000000008024d4        0x0 ./ASF/common/services/gfx_mono/gfx_mono_framebuffer.o
 .bss           0x00000000008024d4        0x0 ./ASF/common/services/gfx_mono/gfx_mono_generic.o
 .bss           0x00000000008024d4        0x0 ./ASF/common/services/gfx_mono/gfx_mono_menu.o
 .bss           0x00000000008024d4        0x0 ./ASF/common/services/gfx_mono/gfx_mono_text.o
 .bss           0x00000000008024d4        0x0 ./ASF/common/services/gfx_mono/gfx_mono_ug_2832hsweg04.o
 .bss           0x00000000008024d4        0x0 ./ASF/common/services/gfx_mono/sysfont.o
 .bss           0x00000000008024d4        0x0 ./ASF/common/services/clock/xmega/sysclk.o
 .bss           0x00000000008024d4        0x0 ./ASF/common/components/display/ssd1306/font.o
 .bss           0x00000000008024d4        0x0 ./ASF/common/components/display/ssd1306/ssd1306.o
 .bss           0x00000000008024d4        0x0 ./main.o
 .bss           0x00000000008024d4        0x0 /usr/lib/gcc/avr/4.9.2/avrxmega4/libgcc.a(_udivmodqi4.o)
 .bss           0x00000000008024d4        0x0 /usr/lib/gcc/avr/4.9.2/avrxmega4/libgcc.a(_udivmodsi4.o)
 .bss           0x00000000008024d4        0x0 /usr/lib/gcc/avr/4.9.2/avrxmega4/libgcc.a(_divmodsi4.o)
 .bss           0x00000000008024d4        0x0 /usr/lib/gcc/avr/4.9.2/avrxmega4/libgcc.a(_negsi2.o)
 .bss           0x00000000008024d4        0x0 /usr/lib/gcc/avr/4.9.2/avrxmega4/libgcc.a(_exit.o)
 .bss           0x00000000008024d4        0x0 /usr/lib/gcc/avr/4.9.2/avrxmega4/libgcc.a(_copy_data.o)
 .bss           0x00000000008024d4        0x0 /usr/lib/gcc/avr/4.9.2/avrxmega4/libgcc.a(_clear_bss.o)
 .bss           0x00000000008024d4        0x0 /usr/lib/gcc/avr/4.9.2/../../../../avr/lib/avrxmega4/libm.a(fixsfsi.o)
 .bss           0x00000000008024d4        0x0 /usr/lib/gcc/avr/4.9.2/../../../../avr/lib/avrxmega4/libm.a(fixunssfsi.o)
 .bss           0x00000000008024d4        0x0 /usr/lib/gcc/avr/4.9.2/../../../../avr/lib/avrxmega4/libm.a(floatsisf.o)
 .bss           0x00000000008024d4        0x0 /usr/lib/gcc/avr/4.9.2/../../../../avr/lib/avrxmega4/libm.a(fp_split3.o)
 .bss           0x00000000008024d4        0x0 /usr/lib/gcc/avr/4.9.2/../../../../avr/lib/avrxmega4/libm.a(fp_zero.o)
 .bss           0x00000000008024d4        0x0 /usr/lib/gcc/avr/4.9.2/../../../../avr/lib/avrxmega4/libm.a(mulsf3.o)
 .bss           0x00000000008024d4        0x0 /usr/lib/gcc/avr/4.9.2/../../../../avr/lib/avrxmega4/libm.a(mulsf3x.o)
 .bss           0x00000000008024d4        0x0 /usr/lib/gcc/avr/4.9.2/../../../../avr/lib/avrxmega4/libm.a(round.o)
 .bss           0x00000000008024d4        0x0 /usr/lib/gcc/avr/4.9.2/../../../../avr/lib/avrxmega4/libm.a(fp_inf.o)
 .bss           0x00000000008024d4        0x0 /usr/lib/gcc/avr/4.9.2/../../../../avr/lib/avrxmega4/libm.a(fp_mintl.o)
 .bss           0x00000000008024d4        0x0 /usr/lib/gcc/avr/4.9.2/../../../../avr/lib/avrxmega4/libm.a(fp_mpack.o)
 .bss           0x00000000008024d4        0x0 /usr/lib/gcc/avr/4.9.2/../../../../avr/lib/avrxmega4/libm.a(fp_nan.o)
 .bss           0x00000000008024d4        0x0 /usr/lib/gcc/avr/4.9.2/../../../../avr/lib/avrxmega4/libm.a(fp_pscA.o)
 .bss           0x00000000008024d4        0x0 /usr/lib/gcc/avr/4.9.2/../../../../avr/lib/avrxmega4/libm.a(fp_pscB.o)
 .bss           0x00000000008024d4        0x0 /usr/lib/gcc/avr/4.9.2/../../../../avr/lib/avrxmega4/libm.a(fp_round.o)
 .bss           0x00000000008024d4        0x0 /usr/lib/gcc/avr/4.9.2/../../../../avr/lib/avrxmega4/libc.a(malloc.o)
 .bss           0x00000000008024d4        0x0 /usr/lib/gcc/avr/4.9.2/../../../../avr/lib/avrxmega4/libc.a(memcpy.o)
 .bss           0x00000000008024d4        0x0 /usr/lib/gcc/avr/4.9.2/../../../../avr/lib/avrxmega4/libc.a(strcpy.o)
 .bss           0x00000000008024d4        0x0 /usr/lib/gcc/avr/4.9.2/../../../../avr/lib/avrxmega4/libc.a(itoa_ncheck.o)
 .bss           0x00000000008024d4        0x0 /usr/lib/gcc/avr/4.9.2/../../../../avr/lib/avrxmega4/libc.a(utoa_ncheck.o)
 .bss           0x00000000008024d4        0x0 /usr/lib/gcc/avr/4.9.2/../../../../avr/lib/avrxmega4/libc.a(strrev.o)
 *(.bss*)
 .bss.isReadRequest
                0x00000000008024d4        0x1 ./twi/twi-slave.o
 .bss.data_sent
                0x00000000008024d5        0x1 ./twi/twi-slave.o
 .bss.reg_address
                0x00000000008024d6        0x1 ./twi/twi-slave.o
 .bss.slave_address